Archive member included to satisfy reference by file (symbol)

obj_cooja/mtype179.a(dtls.o)  sensor.co (dtls_init)
obj_cooja/mtype179.a(tinydtls-crypto)
                              obj_cooja/mtype179.a(dtls.o) (dtls_crypto_init)
obj_cooja/mtype179.a(hmac.o)  obj_cooja/mtype179.a(dtls.o) (dtls_hmac_update)
obj_cooja/mtype179.a(netq.o)  obj_cooja/mtype179.a(dtls.o) (netq_init)
obj_cooja/mtype179.a(dtls_time.o)
                              obj_cooja/mtype179.a(dtls.o) (dtls_clock_init)
obj_cooja/mtype179.a(peer.o)  obj_cooja/mtype179.a(dtls.o) (peer_init)
obj_cooja/mtype179.a(session.o)
                              obj_cooja/mtype179.a(dtls.o) (dtls_session_equals)
obj_cooja/mtype179.a(rijndael.o)
                              obj_cooja/mtype179.a(tinydtls-crypto) (rijndael_set_key_enc_only)
obj_cooja/mtype179.a(tinydtls-ccm.o)
                              obj_cooja/mtype179.a(tinydtls-crypto) (dtls_ccm_encrypt_message)
obj_cooja/mtype179.a(sha2.o)  obj_cooja/mtype179.a(dtls.o) (SHA256_Init)
obj_cooja/mtype179.a(debug.o)
                              sensor.co (dtls_set_log_level)
obj_cooja/mtype179.a(simEnvChange.o)
                              obj_cooja/mtype179.o (simDontFallAsleep)
obj_cooja/mtype179.a(cooja_mt.o)
                              obj_cooja/mtype179.o (cooja_mt_start)
obj_cooja/mtype179.a(cooja_mtarch.o)
                              obj_cooja/mtype179.a(cooja_mt.o) (cooja_mtarch_init)
obj_cooja/mtype179.a(rtimer-arch.o)
                              obj_cooja/mtype179.o (rtimer_arch_check)
obj_cooja/mtype179.a(beep.o)  obj_cooja/mtype179.o (beep_interface)
obj_cooja/mtype179.a(button-sensor.o)
                              obj_cooja/mtype179.o (button_interface)
obj_cooja/mtype179.a(leds-arch.o)
                              obj_cooja/mtype179.o (leds_interface)
obj_cooja/mtype179.a(moteid.o)
                              obj_cooja/mtype179.o (moteid_interface)
obj_cooja/mtype179.a(pir-sensor.o)
                              obj_cooja/mtype179.o (pir_interface)
obj_cooja/mtype179.a(rs232.o)
                              obj_cooja/mtype179.o (rs232_interface)
obj_cooja/mtype179.a(vib-sensor.o)
                              obj_cooja/mtype179.o (vib_interface)
obj_cooja/mtype179.a(clock.o)
                              obj_cooja/mtype179.o (clock_interface)
obj_cooja/mtype179.a(log.o)   obj_cooja/mtype179.o (simlog_interface)
obj_cooja/mtype179.a(cfs-cooja.o)
                              obj_cooja/mtype179.o (cfs_interface)
obj_cooja/mtype179.a(cooja-radio.o)
                              obj_cooja/mtype179.o (radio_interface)
obj_cooja/mtype179.a(eeprom.o)
                              obj_cooja/mtype179.o (eeprom_interface)
obj_cooja/mtype179.a(random.o)
                              obj_cooja/mtype179.a(moteid.o) (random_init)
obj_cooja/mtype179.a(sensors.o)
                              obj_cooja/mtype179.o (sensors_process)
obj_cooja/mtype179.a(autostart.o)
                              obj_cooja/mtype179.o (autostart_start)
obj_cooja/mtype179.a(ctimer.o)
                              obj_cooja/mtype179.o (ctimer_init)
obj_cooja/mtype179.a(etimer.o)
                              obj_cooja/mtype179.o (etimer_process)
obj_cooja/mtype179.a(process.o)
                              obj_cooja/mtype179.a(dtls.o) (process_current)
obj_cooja/mtype179.a(rtimer.o)
                              obj_cooja/mtype179.a(rtimer-arch.o) (rtimer_run_next)
obj_cooja/mtype179.a(timer.o)
                              obj_cooja/mtype179.a(button-sensor.o) (timer_set)
obj_cooja/mtype179.a(serial-line.o)
                              obj_cooja/mtype179.a(rs232.o) (serial_line_input_byte)
obj_cooja/mtype179.a(assert.o)
                              obj_cooja/mtype179.a(dtls.o) (_xassert)
obj_cooja/mtype179.a(list.o)  obj_cooja/mtype179.a(dtls.o) (list_init)
obj_cooja/mtype179.a(memb.o)  obj_cooja/mtype179.a(tinydtls-crypto) (memb_init)
obj_cooja/mtype179.a(ringbuf.o)
                              obj_cooja/mtype179.a(serial-line.o) (ringbuf_init)
obj_cooja/mtype179.a(sicslowpan.o)
                              obj_cooja/mtype179.o (sicslowpan_driver)
obj_cooja/mtype179.a(uip-ds6-nbr.o)
                              obj_cooja/mtype179.a(sicslowpan.o) (uip_ds6_link_neighbor_callback)
obj_cooja/mtype179.a(uip-ds6-route.o)
                              obj_cooja/mtype179.a(uip-ds6-nbr.o) (uip_ds6_defrt_lookup)
obj_cooja/mtype179.a(uip-ds6.o)
                              sensor.co (uip_ds6_if)
obj_cooja/mtype179.a(uip-nd6.o)
                              obj_cooja/mtype179.a(uip-ds6-nbr.o) (uip_nd6_ns_output)
obj_cooja/mtype179.a(uip6.o)  obj_cooja/mtype179.o (uip_lladdr)
obj_cooja/mtype179.a(tcpip.o)
                              sensor.co (tcpip_event)
obj_cooja/mtype179.a(uip-debug.o)
                              sensor.co (uip_debug_ipaddr_print)
obj_cooja/mtype179.a(uip-packetqueue)
                              obj_cooja/mtype179.a(uip-ds6-nbr.o) (uip_packetqueue_new)
obj_cooja/mtype179.a(uip-udp-packet.)
[...]
Memory Configuration

Name             Origin             Length             Attributes
*default*        0x0000000000000000 0xffffffffffffffff

Linker script and memory map

LOAD /usr/lib/gcc/i686-linux-gnu/4.8/../../../i386-linux-gnu/crti.o
LOAD /usr/lib/gcc/i686-linux-gnu/4.8/crtbeginS.o
LOAD sensor.co
LOAD obj_cooja/mtype179.o
LOAD obj_cooja/mtype179.a
LOAD /usr/lib/gcc/i686-linux-gnu/4.8/libgcc.a
LOAD /usr/lib/gcc/i686-linux-gnu/4.8/libgcc_s.so
LOAD /usr/lib/gcc/i686-linux-gnu/4.8/../../../i386-linux-gnu/libc.so
START GROUP
LOAD /lib/i386-linux-gnu/libc.so.6
LOAD /usr/lib/i386-linux-gnu/libc_nonshared.a
LOAD /lib/i386-linux-gnu/ld-linux.so.2
END GROUP
LOAD /usr/lib/gcc/i686-linux-gnu/4.8/libgcc.a
LOAD /usr/lib/gcc/i686-linux-gnu/4.8/libgcc_s.so
LOAD /usr/lib/gcc/i686-linux-gnu/4.8/crtendS.o
LOAD /usr/lib/gcc/i686-linux-gnu/4.8/../../../i386-linux-gnu/crtn.o
                0x0000000000000114                . = (0x0 + SIZEOF_HEADERS)

.note.gnu.build-id
                0x0000000000000114       0x24
 *(.note.gnu.build-id)
 .note.gnu.build-id
                0x0000000000000114       0x24 /usr/lib/gcc/i686-linux-gnu/4.8/../../../i386-linux-gnu/crti.o

.hash
 *(.hash)

.gnu.hash       0x0000000000000138     0x13a0
 *(.gnu.hash)
 .gnu.hash      0x0000000000000138     0x13a0 /usr/lib/gcc/i686-linux-gnu/4.8/../../../i386-linux-gnu/crti.o

.dynsym         0x00000000000014d8     0x26d0
 *(.dynsym)
 .dynsym        0x00000000000014d8     0x26d0 /usr/lib/gcc/i686-linux-gnu/4.8/../../../i386-linux-gnu/crti.o

.dynstr         0x0000000000003ba8     0x2832
 *(.dynstr)
 .dynstr        0x0000000000003ba8     0x2832 /usr/lib/gcc/i686-linux-gnu/4.8/../../../i386-linux-gnu/crti.o

.gnu.version    0x00000000000063da      0x4da
 *(.gnu.version)
 .gnu.version   0x00000000000063da      0x4da /usr/lib/gcc/i686-linux-gnu/4.8/../../../i386-linux-gnu/crti.o

.gnu.version_d  0x00000000000068b4        0x0
 *(.gnu.version_d)
 .gnu.version_d
                0x0000000000000000        0x0 /usr/lib/gcc/i686-linux-gnu/4.8/../../../i386-linux-gnu/crti.o

.gnu.version_r  0x00000000000068b4       0x40
 *(.gnu.version_r)
 .gnu.version_r
                0x00000000000068b4       0x40 /usr/lib/gcc/i686-linux-gnu/4.8/../../../i386-linux-gnu/crti.o

.rel.dyn        0x00000000000068f4     0xa398
 *(.rel.init)
 .rel.init      0x0000000000000000        0x0 /usr/lib/gcc/i686-linux-gnu/4.8/../../../i386-linux-gnu/crti.o
 *(.rel.text .rel.text.* .rel.gnu.linkonce.t.*)
 .rel.text      0x0000000000000000        0x0 /usr/lib/gcc/i686-linux-gnu/4.8/../../../i386-linux-gnu/crti.o
 .rel.text.read_from_peer
                0x00000000000068f4       0xd0 /usr/lib/gcc/i686-linux-gnu/4.8/../../../i386-linux-gnu/crti.o
 .rel.text.send_to_peer
                0x00000000000069c4       0x48 /usr/lib/gcc/i686-linux-gnu/4.8/../../../i386-linux-gnu/crti.o
 .rel.text.get_psk_info
                0x0000000000006a0c       0x50 /usr/lib/gcc/i686-linux-gnu/4.8/../../../i386-linux-gnu/crti.o
 .rel.text.print_local_addresses
                0x0000000000006a5c       0x40 /usr/lib/gcc/i686-linux-gnu/4.8/../../../i386-linux-gnu/crti.o
 .rel.text.dtls_handle_read
                0x0000000000006a9c       0x80 /usr/lib/gcc/i686-linux-gnu/4.8/../../../i386-linux-gnu/crti.o
 .rel.text.cfs_prepare_data
                0x0000000000006b1c       0xc8 /usr/lib/gcc/i686-linux-gnu/4.8/../../../i386-linux-gnu/crti.o
 .rel.text.dtls_complete
                0x0000000000006be4       0x38 /usr/lib/gcc/i686-linux-gnu/4.8/../../../i386-linux-gnu/crti.o
 .rel.text.init_dtls
                0x0000000000006c1c       0x50 /usr/lib/gcc/i686-linux-gnu/4.8/../../../i386-linux-gnu/crti.o
 .rel.text.prepare_mcast
                0x0000000000006c6c       0x18 /usr/lib/gcc/i686-linux-gnu/4.8/../../../i386-linux-gnu/crti.o
 .rel.text.process_thread_udp_server_process
                0x0000000000006c84       0xb8 /usr/lib/gcc/i686-linux-gnu/4.8/../../../i386-linux-gnu/crti.o
 .rel.text.print_processes
                0x0000000000006d3c       0x28 /usr/lib/gcc/i686-linux-gnu/4.8/../../../i386-linux-gnu/crti.o
 .rel.text.rtimer_thread_loop
                0x0000000000006d64       0x10 /usr/lib/gcc/i686-linux-gnu/4.8/../../../i386-linux-gnu/crti.o
 .rel.text.set_rime_addr
                0x0000000000006d74       0x58 /usr/lib/gcc/i686-linux-gnu/4.8/../../../i386-linux-gnu/crti.o
 .rel.text.contiki_init
                0x0000000000006dcc      0x1d0 /usr/lib/gcc/i686-linux-gnu/4.8/../../../i386-linux-gnu/crti.o
 .rel.text.process_run_thread_loop
                0x0000000000006f9c       0x70 /usr/lib/gcc/i686-linux-gnu/4.8/../../../i386-linux-gnu/crti.o
 .rel.text.Java_org_contikios_cooja_corecomm_Lib1_init
                0x000000000000700c       0x30 /usr/lib/gcc/i686-linux-gnu/4.8/../../../i386-linux-gnu/crti.o
 .rel.text.Java_org_contikios_cooja_corecomm_Lib1_getMemory
                0x000000000000703c        0x8 /usr/lib/gcc/i686-linux-gnu/4.8/../../../i386-linux-gnu/crti.o
 .rel.text.Java_org_contikios_cooja_corecomm_Lib1_setMemory
                0x0000000000007044       0x10 /usr/lib/gcc/i686-linux-gnu/4.8/../../../i386-linux-gnu/crti.o
 .rel.text.Java_org_contikios_cooja_corecomm_Lib1_tick
                0x0000000000007054       0x70 /usr/lib/gcc/i686-linux-gnu/4.8/../../../i386-linux-gnu/crti.o
 .rel.text.Java_org_contikios_cooja_corecomm_Lib1_setReferenceAddress
                0x00000000000070c4       0x10 /usr/lib/gcc/i686-linux-gnu/4.8/../../../i386-linux-gnu/crti.o
 .rel.text.dtls_hash_init
                0x00000000000070d4       0x18 /usr/lib/gcc/i686-linux-gnu/4.8/../../../i386-linux-gnu/crti.o
 .rel.text.dtls_hash_update
                0x00000000000070ec       0x10 /usr/lib/gcc/i686-linux-gnu/4.8/../../../i386-linux-gnu/crti.o
 .rel.text.dtls_hash_finalize
                0x00000000000070fc       0x10 /usr/lib/gcc/i686-linux-gnu/4.8/../../../i386-linux-gnu/crti.o
 .rel.text.dtls_security_params_next
                0x000000000000710c       0x10 /usr/lib/gcc/i686-linux-gnu/4.8/../../../i386-linux-gnu/crti.o
 .rel.text.dtls_security_params_free_other
                0x000000000000711c        0x8 /usr/lib/gcc/i686-linux-gnu/4.8/../../../i386-linux-gnu/crti.o
 .rel.text.dtls_prng
                0x0000000000007124       0x18 /usr/lib/gcc/i686-linux-gnu/4.8/../../../i386-linux-gnu/crti.o
 .rel.text.malloc_context
                0x000000000000713c        0x8 /usr/lib/gcc/i686-linux-gnu/4.8/../../../i386-linux-gnu/crti.o
 .rel.text.dtls_init
                0x0000000000007144       0x20 /usr/lib/gcc/i686-linux-gnu/4.8/../../../i386-linux-gnu/crti.o
 .rel.text.dtls_get_peer
                0x0000000000007164       0x18 /usr/lib/gcc/i686-linux-gnu/4.8/../../../i386-linux-gnu/crti.o
 .rel.text.dtls_add_peer
                0x000000000000717c        0x8 /usr/lib/gcc/i686-linux-gnu/4.8/../../../i386-linux-gnu/crti.o
 .rel.text.dtls_write
                0x0000000000007184       0x20 /usr/lib/gcc/i686-linux-gnu/4.8/../../../i386-linux-gnu/crti.o
 .rel.text.dtls_create_cookie
                0x00000000000071a4       0x40 /usr/lib/gcc/i686-linux-gnu/4.8/../../../i386-linux-gnu/crti.o
 .rel.text.dtls_set_record_header
                0x00000000000071e4       0x10 /usr/lib/gcc/i686-linux-gnu/4.8/../../../i386-linux-gnu/crti.o
 .rel.text.dtls_set_handshake_header
                0x00000000000071f4        0x8 /usr/lib/gcc/i686-linux-gnu/4.8/../../../i386-linux-gnu/crti.o
 .rel.text.dtls_debug_keyblock
                0x00000000000071fc       0x70 /usr/lib/gcc/i686-linux-gnu/4.8/../../../i386-linux-gnu/crti.o
 .rel.text.dtls_handshake_type_to_name
                0x000000000000726c       0x68 /usr/lib/gcc/i686-linux-gnu/4.8/../../../i386-linux-gnu/crti.o
 .rel.text.calculate_key_block
                0x00000000000072d4       0xb8 /usr/lib/gcc/i686-linux-gnu/4.8/../../../i386-linux-gnu/crti.o
 .rel.text.dtls_check_tls_extension
                0x000000000000738c       0x30 /usr/lib/gcc/i686-linux-gnu/4.8/../../../i386-linux-gnu/crti.o
 .rel.text.dtls_update_parameters
                0x00000000000073bc       0x48 /usr/lib/gcc/i686-linux-gnu/4.8/../../../i386-linux-gnu/crti.o
 .rel.text.check_client_keyexchange
                0x0000000000007404       0x38 /usr/lib/gcc/i686-linux-gnu/4.8/../../../i386-linux-gnu/crti.o
 .rel.text.update_hs_hash
                0x000000000000743c       0x10 /usr/lib/gcc/i686-linux-gnu/4.8/../../../i386-linux-gnu/crti.o
 .rel.text.copy_hs_hash
                0x000000000000744c        0x8 /usr/lib/gcc/i686-linux-gnu/4.8/../../../i386-linux-gnu/crti.o
 .rel.text.clear_hs_hash
                0x0000000000007454       0x20 /usr/lib/gcc/i686-linux-gnu/4.8/../../../i386-linux-gnu/crti.o
 .rel.text.check_finished
                0x0000000000007474       0x58 /usr/lib/gcc/i686-linux-gnu/4.8/../../../i386-linux-gnu/crti.o
 .rel.text.dtls_prepare_record
                0x00000000000074cc      0x130 /usr/lib/gcc/i686-linux-gnu/4.8/../../../i386-linux-gnu/crti.o
 .rel.text.dtls_send_handshake_msg_hash
                0x00000000000075fc       0x18 /usr/lib/gcc/i686-linux-gnu/4.8/../../../i386-linux-gnu/crti.o
 .rel.text.dtls_encrypt_data
                0x0000000000007614       0x20 /usr/lib/gcc/i686-linux-gnu/4.8/../../../i386-linux-gnu/crti.o
 .rel.text.dtls_encrypt_x
                0x0000000000007634       0x10 /usr/lib/gcc/i686-linux-gnu/4.8/../../../i386-linux-gnu/crti.o
 .rel.text.dtls_prepare_record_x
                0x0000000000007644       0x80 /usr/lib/gcc/i686-linux-gnu/4.8/../../../i386-linux-gnu/crti.o
 .rel.text.dtls_send_multi
                0x00000000000076c4       0x98 /usr/lib/gcc/i686-linux-gnu/4.8/../../../i386-linux-gnu/crti.o
 .rel.text.dtls_close
                0x000000000000775c       0x30 /usr/lib/gcc/i686-linux-gnu/4.8/../../../i386-linux-gnu/crti.o
 .rel.text.dtls_destroy_peer
                0x000000000000778c       0x28 /usr/lib/gcc/i686-linux-gnu/4.8/../../../i386-linux-gnu/crti.o
 .rel.text.dtls_verify_peer
                0x00000000000077b4       0xa0 /usr/lib/gcc/i686-linux-gnu/4.8/../../../i386-linux-gnu/crti.o
 .rel.text.dtls_send_server_hello
                0x0000000000007854       0x30 /usr/lib/gcc/i686-linux-gnu/4.8/../../../i386-linux-gnu/crti.o
 .rel.text.dtls_send_server_key_exchange_psk
                0x0000000000007884       0x40 /usr/lib/gcc/i686-linux-gnu/4.8/../../../i386-linux-gnu/crti.o
 .rel.text.dtls_send_server_hello_msgs
                0x00000000000078c4       0x48 /usr/lib/gcc/i686-linux-gnu/4.8/../../../i386-linux-gnu/crti.o
 .rel.text.dtls_send_client_key_exchange
                0x000000000000790c       0x60 /usr/lib/gcc/i686-linux-gnu/4.8/../../../i386-linux-gnu/crti.o
 .rel.text.dtls_send_finished
                0x000000000000796c       0x38 /usr/lib/gcc/i686-linux-gnu/4.8/../../../i386-linux-gnu/crti.o
 .rel.text.dtls_send_client_hello
                0x00000000000079a4       0x50 /usr/lib/gcc/i686-linux-gnu/4.8/../../../i386-linux-gnu/crti.o
 .rel.text.check_server_hello
                0x00000000000079f4       0x38 /usr/lib/gcc/i686-linux-gnu/4.8/../../../i386-linux-gnu/crti.o
 .rel.text.check_server_hello_verify_request
                0x0000000000007a2c       0x10 /usr/lib/gcc/i686-linux-gnu/4.8/../../../i386-linux-gnu/crti.o
 .rel.text.check_server_key_exchange_psk
                0x0000000000007a3c       0x48 /usr/lib/gcc/i686-linux-gnu/4.8/../../../i386-linux-gnu/crti.o
 .rel.text.check_certificate_request
                0x0000000000007a84       0x60 /usr/lib/gcc/i686-linux-gnu/4.8/../../../i386-linux-gnu/crti.o
 .rel.text.check_server_hellodone
                0x0000000000007ae4       0x28 /usr/lib/gcc/i686-linux-gnu/4.8/../../../i386-linux-gnu/crti.o
 .rel.text.decrypt_verify
                0x0000000000007b0c       0xc8 /usr/lib/gcc/i686-linux-gnu/4.8/../../../i386-linux-gnu/crti.o
 .rel.text.dtls_renegotiate
                0x0000000000007bd4       0x20 /usr/lib/gcc/i686-linux-gnu/4.8/../../../i386-linux-gnu/crti.o
 .rel.text.handle_handshake_msg
                0x0000000000007bf4      0x150 /usr/lib/gcc/i686-linux-gnu/4.8/../../../i386-linux-gnu/crti.o
 .rel.text.handle_handshake
                0x0000000000007d44       0xe8 /usr/lib/gcc/i686-linux-gnu/4.8/../../../i386-linux-gnu/crti.o
 .rel.text.handle_ccs
                0x0000000000007e2c       0x10 /usr/lib/gcc/i686-linux-gnu/4.8/../../../i386-linux-gnu/crti.o
 .rel.text.handle_alert
                0x0000000000007e3c       0x48 /usr/lib/gcc/i686-linux-gnu/4.8/../../../i386-linux-gnu/crti.o
 .rel.text.dtls_alert_send_from_err
                0x0000000000007e84       0x10 /usr/lib/gcc/i686-linux-gnu/4.8/../../../i386-linux-gnu/crti.o
 .rel.text.dtls_handle_message
                0x0000000000007e94      0x180 /usr/lib/gcc/i686-linux-gnu/4.8/../../../i386-linux-gnu/crti.o
 .rel.text.dtls_new_context
                0x0000000000008014       0x70 /usr/lib/gcc/i686-linux-gnu/4.8/../../../i386-linux-gnu/crti.o
 .rel.text.dtls_free_context
                0x0000000000008084       0x20 /usr/lib/gcc/i686-linux-gnu/4.8/../../../i386-linux-gnu/crti.o
 .rel.text.dtls_connect_peer
                0x00000000000080a4       0x50 /usr/lib/gcc/i686-linux-gnu/4.8/../../../i386-linux-gnu/crti.o
 .rel.text.dtls_connect
                0x00000000000080f4       0x38 /usr/lib/gcc/i686-linux-gnu/4.8/../../../i386-linux-gnu/crti.o
 .rel.text.dtls_retransmit
                0x000000000000812c       0x98 /usr/lib/gcc/i686-linux-gnu/4.8/../../../i386-linux-gnu/crti.o
 .rel.text.dtls_stop_retransmission
                0x00000000000081c4       0x30 /usr/lib/gcc/i686-linux-gnu/4.8/../../../i386-linux-gnu/crti.o
 .rel.text.dtls_check_retransmit
                0x00000000000081f4       0x20 /usr/lib/gcc/i686-linux-gnu/4.8/../../../i386-linux-gnu/crti.o
 .rel.text.process_thread_dtls_retransmit_process
                0x0000000000008214       0xb0 /usr/lib/gcc/i686-linux-gnu/4.8/../../../i386-linux-gnu/crti.o
 .rel.text.dtls_cipher_context_get
                0x00000000000082c4        0x8 /usr/lib/gcc/i686-linux-gnu/4.8/../../../i386-linux-gnu/crti.o
 .rel.text.dtls_crypto_init
                0x00000000000082cc       0x20 /usr/lib/gcc/i686-linux-gnu/4.8/../../../i386-linux-gnu/crti.o
 .rel.text.dtls_handshake_malloc
                0x00000000000082ec       0x10 /usr/lib/gcc/i686-linux-gnu/4.8/../../../i386-linux-gnu/crti.o
 .rel.text.dtls_handshake_dealloc
                0x00000000000082fc       0x10 /usr/lib/gcc/i686-linux-gnu/4.8/../../../i386-linux-gnu/crti.o
 .rel.text.dtls_security_malloc
                0x000000000000830c       0x10 /usr/lib/gcc/i686-linux-gnu/4.8/../../../i386-linux-gnu/crti.o
 .rel.text.dtls_security_dealloc
                0x000000000000831c       0x10 /usr/lib/gcc/i686-linux-gnu/4.8/../../../i386-linux-gnu/crti.o
 .rel.text.dtls_handshake_new
                0x000000000000832c       0x28 /usr/lib/gcc/i686-linux-gnu/4.8/../../../i386-linux-gnu/crti.o
 .rel.text.dtls_handshake_free
                0x0000000000008354        0x8 /usr/lib/gcc/i686-linux-gnu/4.8/../../../i386-linux-gnu/crti.o
 .rel.text.dtls_security_new
                0x000000000000835c       0x18 /usr/lib/gcc/i686-linux-gnu/4.8/../../../i386-linux-gnu/crti.o
 .rel.text.dtls_p_hash
                0x0000000000008374       0xd0 /usr/lib/gcc/i686-linux-gnu/4.8/../../../i386-linux-gnu/crti.o
 .rel.text.dtls_prf
                0x0000000000008444       0x10 /usr/lib/gcc/i686-linux-gnu/4.8/../../../i386-linux-gnu/crti.o
 .rel.text.dtls_prf_custom
                0x0000000000008454       0x18 /usr/lib/gcc/i686-linux-gnu/4.8/../../../i386-linux-gnu/crti.o
 .rel.text.dtls_mac
                0x000000000000846c       0x38 /usr/lib/gcc/i686-linux-gnu/4.8/../../../i386-linux-gnu/crti.o
 .rel.text.dtls_ccm_encrypt
                0x00000000000084a4       0x18 /usr/lib/gcc/i686-linux-gnu/4.8/../../../i386-linux-gnu/crti.o
 .rel.text.dtls_ccm_decrypt
                0x00000000000084bc       0x18 /usr/lib/gcc/i686-linux-gnu/4.8/../../../i386-linux-gnu/crti.o
 .rel.text.dtls_psk_pre_master_secret
                0x00000000000084d4       0x18 /usr/lib/gcc/i686-linux-gnu/4.8/../../../i386-linux-gnu/crti.o
 .rel.text.dtls_encrypt
                0x00000000000084ec       0x20 /usr/lib/gcc/i686-linux-gnu/4.8/../../../i386-linux-gnu/crti.o
 .rel.text.dtls_decrypt
                0x000000000000850c       0x20 /usr/lib/gcc/i686-linux-gnu/4.8/../../../i386-linux-gnu/crti.o
 .rel.text.dtls_hmac_context_new
                0x000000000000852c       0x10 /usr/lib/gcc/i686-linux-gnu/4.8/../../../i386-linux-gnu/crti.o
 .rel.text.dtls_hmac_context_free
                0x000000000000853c       0x10 /usr/lib/gcc/i686-linux-gnu/4.8/../../../i386-linux-gnu/crti.o
 .rel.text.dtls_hmac_storage_init
                0x000000000000854c       0x10 /usr/lib/gcc/i686-linux-gnu/4.8/../../../i386-linux-gnu/crti.o
 .rel.text.dtls_hmac_update
                0x000000000000855c       0x10 /usr/lib/gcc/i686-linux-gnu/4.8/../../../i386-linux-gnu/crti.o
 .rel.text.dtls_hmac_new
                0x000000000000856c        0x8 /usr/lib/gcc/i686-linux-gnu/4.8/../../../i386-linux-gnu/crti.o
 .rel.text.dtls_hmac_init
                0x0000000000008574       0x28 /usr/lib/gcc/i686-linux-gnu/4.8/../../../i386-linux-gnu/crti.o
 .rel.text.dtls_hmac_finalize
                0x000000000000859c       0x28 /usr/lib/gcc/i686-linux-gnu/4.8/../../../i386-linux-gnu/crti.o
 .rel.text.netq_malloc_node
                0x00000000000085c4       0x10 /usr/lib/gcc/i686-linux-gnu/4.8/../../../i386-linux-gnu/crti.o
 .rel.text.netq_free_node
                0x00000000000085d4       0x10 /usr/lib/gcc/i686-linux-gnu/4.8/../../../i386-linux-gnu/crti.o
 .rel.text.netq_init
                0x00000000000085e4       0x10 /usr/lib/gcc/i686-linux-gnu/4.8/../../../i386-linux-gnu/crti.o
 .rel.text.netq_insert_node
                0x00000000000085f4       0x48 /usr/lib/gcc/i686-linux-gnu/4.8/../../../i386-linux-gnu/crti.o
 .rel.text.netq_head
                0x000000000000863c        0x8 /usr/lib/gcc/i686-linux-gnu/4.8/../../../i386-linux-gnu/crti.o
 .rel.text.netq_next
                0x0000000000008644        0x8 /usr/lib/gcc/i686-linux-gnu/4.8/../../../i386-linux-gnu/crti.o
 .rel.text.netq_remove
                0x000000000000864c        0x8 /usr/lib/gcc/i686-linux-gnu/4.8/../../../i386-linux-gnu/crti.o
 .rel.text.netq_pop_first
                0x0000000000008654        0x8 /usr/lib/gcc/i686-linux-gnu/4.8/../../../i386-linux-gnu/crti.o
 .rel.text.netq_node_new
                0x000000000000865c       0x18 /usr/lib/gcc/i686-linux-gnu/4.8/../../../i386-linux-gnu/crti.o
 .rel.text.netq_delete_all
                0x0000000000008674        0x8 /usr/lib/gcc/i686-linux-gnu/4.8/../../../i386-linux-gnu/crti.o
 .rel.text.dtls_clock_init
                0x000000000000867c       0x10 /usr/lib/gcc/i686-linux-gnu/4.8/../../../i386-linux-gnu/crti.o
 .rel.text.dtls_ticks
                0x000000000000868c        0x8 /usr/lib/gcc/i686-linux-gnu/4.8/../../../i386-linux-gnu/crti.o
 .rel.text.peer_init
                0x0000000000008694       0x10 /usr/lib/gcc/i686-linux-gnu/4.8/../../../i386-linux-gnu/crti.o
 .rel.text.dtls_malloc_peer
                0x00000000000086a4       0x10 /usr/lib/gcc/i686-linux-gnu/4.8/../../../i386-linux-gnu/crti.o
 .rel.text.dtls_free_peer
                0x00000000000086b4       0x28 /usr/lib/gcc/i686-linux-gnu/4.8/../../../i386-linux-gnu/crti.o
 .rel.text.dtls_new_peer
                0x00000000000086dc       0x30 /usr/lib/gcc/i686-linux-gnu/4.8/../../../i386-linux-gnu/crti.o
 .rel.text.dtls_session_init
                0x000000000000870c       0x18 /usr/lib/gcc/i686-linux-gnu/4.8/../../../i386-linux-gnu/crti.o
 .rel.text.dtls_session_equals
                0x0000000000008724       0x28 /usr/lib/gcc/i686-linux-gnu/4.8/../../../i386-linux-gnu/crti.o
 .rel.text.rijndaelKeySetupEnc
                0x000000000000874c       0x98 /usr/lib/gcc/i686-linux-gnu/4.8/../../../i386-linux-gnu/crti.o
 .rel.text.rijndaelEncrypt
                0x00000000000087e4      0x180 /usr/lib/gcc/i686-linux-gnu/4.8/../../../i386-linux-gnu/crti.o
 .rel.text.rijndael_set_key_enc_only
                0x0000000000008964        0x8 /usr/lib/gcc/i686-linux-gnu/4.8/../../../i386-linux-gnu/crti.o
 .rel.text.rijndael_encrypt
                0x000000000000896c        0x8 /usr/lib/gcc/i686-linux-gnu/4.8/../../../i386-linux-gnu/crti.o
 .rel.text.block0
                0x0000000000008974        0x8 /usr/lib/gcc/i686-linux-gnu/4.8/../../../i386-linux-gnu/crti.o
 .rel.text.add_auth_data
                0x000000000000897c       0x50 /usr/lib/gcc/i686-linux-gnu/4.8/../../../i386-linux-gnu/crti.o
 .rel.text.encrypt
                0x00000000000089cc       0x38 /usr/lib/gcc/i686-linux-gnu/4.8/../../../i386-linux-gnu/crti.o
 .rel.text.mac  0x0000000000008a04        0x8 /usr/lib/gcc/i686-linux-gnu/4.8/../../../i386-linux-gnu/crti.o
 .rel.text.dtls_ccm_encrypt_message
                0x0000000000008a0c       0x28 /usr/lib/gcc/i686-linux-gnu/4.8/../../../i386-linux-gnu/crti.o
 .rel.text.dtls_ccm_decrypt_message
                0x0000000000008a34       0x28 /usr/lib/gcc/i686-linux-gnu/4.8/../../../i386-linux-gnu/crti.o
 .rel.text.SHA256_Init
                0x0000000000008a5c       0x18 /usr/lib/gcc/i686-linux-gnu/4.8/../../../i386-linux-gnu/crti.o
 .rel.text.SHA256_Transform
                0x0000000000008a74       0x10 /usr/lib/gcc/i686-linux-gnu/4.8/../../../i386-linux-gnu/crti.o
 .rel.text.SHA256_Update
                0x0000000000008a84       0x38 /usr/lib/gcc/i686-linux-gnu/4.8/../../../i386-linux-gnu/crti.o
 .rel.text.SHA256_Final
                0x0000000000008abc       0x48 /usr/lib/gcc/i686-linux-gnu/4.8/../../../i386-linux-gnu/crti.o
 .rel.text.SHA256_End
                0x0000000000008b04       0x40 /usr/lib/gcc/i686-linux-gnu/4.8/../../../i386-linux-gnu/crti.o
 .rel.text.SHA256_Data
                0x0000000000008b44       0x20 /usr/lib/gcc/i686-linux-gnu/4.8/../../../i386-linux-gnu/crti.o
 .rel.text.dtls_package_name
                0x0000000000008b64        0x8 /usr/lib/gcc/i686-linux-gnu/4.8/../../../i386-linux-gnu/crti.o
 .rel.text.dtls_package_version
                0x0000000000008b6c        0x8 /usr/lib/gcc/i686-linux-gnu/4.8/../../../i386-linux-gnu/crti.o
 .rel.text.dtls_get_log_level
                0x0000000000008b74        0x8 /usr/lib/gcc/i686-linux-gnu/4.8/../../../i386-linux-gnu/crti.o
 .rel.text.dtls_set_log_level
                0x0000000000008b7c        0x8 /usr/lib/gcc/i686-linux-gnu/4.8/../../../i386-linux-gnu/crti.o
 .rel.text.dsrv_print_addr
                0x0000000000008b84       0x20 /usr/lib/gcc/i686-linux-gnu/4.8/../../../i386-linux-gnu/crti.o
 .rel.text.hexdump
                0x0000000000008ba4       0x40 /usr/lib/gcc/i686-linux-gnu/4.8/../../../i386-linux-gnu/crti.o
 .rel.text.dump
                0x0000000000008be4       0x10 /usr/lib/gcc/i686-linux-gnu/4.8/../../../i386-linux-gnu/crti.o
 .rel.text.dtls_dsrv_log_addr
                0x0000000000008bf4       0x18 /usr/lib/gcc/i686-linux-gnu/4.8/../../../i386-linux-gnu/crti.o
 .rel.text.dtls_dsrv_hexdump_log
                0x0000000000008c0c       0xc8 /usr/lib/gcc/i686-linux-gnu/4.8/../../../i386-linux-gnu/crti.o
 .rel.text.doActionsBeforeTick
                0x0000000000008cd4       0x10 /usr/lib/gcc/i686-linux-gnu/4.8/../../../i386-linux-gnu/crti.o
 .rel.text.doActionsAfterTick
                0x0000000000008ce4       0x10 /usr/lib/gcc/i686-linux-gnu/4.8/../../../i386-linux-gnu/crti.o
 .rel.text.cooja_mt_init
                0x0000000000008cf4        0x8 /usr/lib/gcc/i686-linux-gnu/4.8/../../../i386-linux-gnu/crti.o
 .rel.text.cooja_mt_remove
                0x0000000000008cfc        0x8 /usr/lib/gcc/i686-linux-gnu/4.8/../../../i386-linux-gnu/crti.o
 .rel.text.cooja_mt_start
                0x0000000000008d04        0x8 /usr/lib/gcc/i686-linux-gnu/4.8/../../../i386-linux-gnu/crti.o
 .rel.text.cooja_mt_exec
                0x0000000000008d0c       0x10 /usr/lib/gcc/i686-linux-gnu/4.8/../../../i386-linux-gnu/crti.o
 .rel.text.cooja_mt_exit
                0x0000000000008d1c       0x18 /usr/lib/gcc/i686-linux-gnu/4.8/../../../i386-linux-gnu/crti.o
 .rel.text.cooja_mt_yield
                0x0000000000008d34       0x18 /usr/lib/gcc/i686-linux-gnu/4.8/../../../i386-linux-gnu/crti.o
 .rel.text.cooja_mtarch_start
                0x0000000000008d4c        0x8 /usr/lib/gcc/i686-linux-gnu/4.8/../../../i386-linux-gnu/crti.o
 .rel.text.cooja_sw
                0x0000000000008d54        0x8 /usr/lib/gcc/i686-linux-gnu/4.8/../../../i386-linux-gnu/crti.o
 .rel.text.cooja_mtarch_exec
                0x0000000000008d5c       0x18 /usr/lib/gcc/i686-linux-gnu/4.8/../../../i386-linux-gnu/crti.o
 .rel.text.cooja_mtarch_yield
                0x0000000000008d74        0x8 /usr/lib/gcc/i686-linux-gnu/4.8/../../../i386-linux-gnu/crti.o
 .rel.text.rtimer_arch_init
                0x0000000000008d7c       0x18 /usr/lib/gcc/i686-linux-gnu/4.8/../../../i386-linux-gnu/crti.o
 .rel.text.rtimer_arch_schedule
                0x0000000000008d94       0x18 /usr/lib/gcc/i686-linux-gnu/4.8/../../../i386-linux-gnu/crti.o
 .rel.text.rtimer_arch_next
                0x0000000000008dac       0x10 /usr/lib/gcc/i686-linux-gnu/4.8/../../../i386-linux-gnu/crti.o
 .rel.text.rtimer_arch_pending
                0x0000000000008dbc        0x8 /usr/lib/gcc/i686-linux-gnu/4.8/../../../i386-linux-gnu/crti.o
 .rel.text.rtimer_arch_check
                0x0000000000008dc4       0x30 /usr/lib/gcc/i686-linux-gnu/4.8/../../../i386-linux-gnu/crti.o
 .rel.text.rtimer_arch_now
                0x0000000000008df4       0x10 /usr/lib/gcc/i686-linux-gnu/4.8/../../../i386-linux-gnu/crti.o
 .rel.text.beep_alarm
                0x0000000000008e04        0x8 /usr/lib/gcc/i686-linux-gnu/4.8/../../../i386-linux-gnu/crti.o
 .rel.text.beep_beep
                0x0000000000008e0c        0x8 /usr/lib/gcc/i686-linux-gnu/4.8/../../../i386-linux-gnu/crti.o
 .rel.text.beep
                0x0000000000008e14        0x8 /usr/lib/gcc/i686-linux-gnu/4.8/../../../i386-linux-gnu/crti.o
 .rel.text.beep_down
                0x0000000000008e1c        0x8 /usr/lib/gcc/i686-linux-gnu/4.8/../../../i386-linux-gnu/crti.o
 .rel.text.beep_on
                0x0000000000008e24        0x8 /usr/lib/gcc/i686-linux-gnu/4.8/../../../i386-linux-gnu/crti.o
 .rel.text.beep_off
                0x0000000000008e2c        0x8 /usr/lib/gcc/i686-linux-gnu/4.8/../../../i386-linux-gnu/crti.o
 .rel.text.beep_spinup
                0x0000000000008e34        0x8 /usr/lib/gcc/i686-linux-gnu/4.8/../../../i386-linux-gnu/crti.o
 .rel.text.beep_quick
                0x0000000000008e3c        0x8 /usr/lib/gcc/i686-linux-gnu/4.8/../../../i386-linux-gnu/crti.o
 .rel.text.beep_long
                0x0000000000008e44        0x8 /usr/lib/gcc/i686-linux-gnu/4.8/../../../i386-linux-gnu/crti.o
 .rel.text.value
                0x0000000000008e4c       0x28 /usr/lib/gcc/i686-linux-gnu/4.8/../../../i386-linux-gnu/crti.o
 .rel.text.configure
                0x0000000000008e74       0x40 /usr/lib/gcc/i686-linux-gnu/4.8/../../../i386-linux-gnu/crti.o
 .rel.text.status
                0x0000000000008eb4       0x18 /usr/lib/gcc/i686-linux-gnu/4.8/../../../i386-linux-gnu/crti.o
 .rel.text.doInterfaceActionsBeforeTick
                0x0000000000008ecc      0x188 /usr/lib/gcc/i686-linux-gnu/4.8/../../../i386-linux-gnu/crti.o
 .rel.text.leds_arch_init
                0x0000000000009054        0x8 /usr/lib/gcc/i686-linux-gnu/4.8/../../../i386-linux-gnu/crti.o
 .rel.text.leds_arch_get
                0x000000000000905c        0x8 /usr/lib/gcc/i686-linux-gnu/4.8/../../../i386-linux-gnu/crti.o
 .rel.text.leds_arch_set
                0x0000000000009064       0x10 /usr/lib/gcc/i686-linux-gnu/4.8/../../../i386-linux-gnu/crti.o
 .rel.text.rs232_set_input
                0x0000000000009074        0x8 /usr/lib/gcc/i686-linux-gnu/4.8/../../../i386-linux-gnu/crti.o
 .rel.text.rs232_send
                0x000000000000907c       0x10 /usr/lib/gcc/i686-linux-gnu/4.8/../../../i386-linux-gnu/crti.o
 .rel.text.rs232_print
                0x000000000000908c       0x10 /usr/lib/gcc/i686-linux-gnu/4.8/../../../i386-linux-gnu/crti.o
 .rel.text.slip_arch_writeb
                0x000000000000909c        0x8 /usr/lib/gcc/i686-linux-gnu/4.8/../../../i386-linux-gnu/crti.o
 .rel.text.clock_time
                0x00000000000090a4        0x8 /usr/lib/gcc/i686-linux-gnu/4.8/../../../i386-linux-gnu/crti.o
 .rel.text.clock_seconds
                0x00000000000090ac        0x8 /usr/lib/gcc/i686-linux-gnu/4.8/../../../i386-linux-gnu/crti.o
 .rel.text.simlog_char
                0x00000000000090b4       0x30 /usr/lib/gcc/i686-linux-gnu/4.8/../../../i386-linux-gnu/crti.o
 .rel.text.simlog
                0x00000000000090e4       0x50 /usr/lib/gcc/i686-linux-gnu/4.8/../../../i386-linux-gnu/crti.o
 .rel.text.log_message
                0x0000000000009134       0x10 /usr/lib/gcc/i686-linux-gnu/4.8/../../../i386-linux-gnu/crti.o
 .rel.text.log_set_putchar_with_slip
                0x0000000000009144        0x8 /usr/lib/gcc/i686-linux-gnu/4.8/../../../i386-linux-gnu/crti.o
 .rel.text.putchar
                0x000000000000914c       0x50 /usr/lib/gcc/i686-linux-gnu/4.8/../../../i386-linux-gnu/crti.o
 .rel.text.puts
                0x000000000000919c       0x10 /usr/lib/gcc/i686-linux-gnu/4.8/../../../i386-linux-gnu/crti.o
 .rel.text.printf
                0x00000000000091ac       0x20 /usr/lib/gcc/i686-linux-gnu/4.8/../../../i386-linux-gnu/crti.o
 .rel.text.cfs_open
                0x00000000000091cc       0x48 /usr/lib/gcc/i686-linux-gnu/4.8/../../../i386-linux-gnu/crti.o
 .rel.text.cfs_close
                0x0000000000009214        0x8 /usr/lib/gcc/i686-linux-gnu/4.8/../../../i386-linux-gnu/crti.o
 .rel.text.cfs_read
                0x000000000000921c       0x70 /usr/lib/gcc/i686-linux-gnu/4.8/../../../i386-linux-gnu/crti.o
 .rel.text.cfs_write
                0x000000000000928c       0xb0 /usr/lib/gcc/i686-linux-gnu/4.8/../../../i386-linux-gnu/crti.o
 .rel.text.cfs_seek
                0x000000000000933c       0x68 /usr/lib/gcc/i686-linux-gnu/4.8/../../../i386-linux-gnu/crti.o
 .rel.text.cfs_remove
                0x00000000000093a4       0x10 /usr/lib/gcc/i686-linux-gnu/4.8/../../../i386-linux-gnu/crti.o
 .rel.text.packetbuf_set_attr
                0x00000000000093b4       0x30 /usr/lib/gcc/i686-linux-gnu/4.8/../../../i386-linux-gnu/crti.o
 .rel.text.set_send_on_cca
                0x00000000000093e4        0x8 /usr/lib/gcc/i686-linux-gnu/4.8/../../../i386-linux-gnu/crti.o
 .rel.text.set_frame_filtering
                0x00000000000093ec        0x8 /usr/lib/gcc/i686-linux-gnu/4.8/../../../i386-linux-gnu/crti.o
 .rel.text.set_auto_ack
                0x00000000000093f4        0x8 /usr/lib/gcc/i686-linux-gnu/4.8/../../../i386-linux-gnu/crti.o
 .rel.text.set_poll_mode
                0x00000000000093fc        0x8 /usr/lib/gcc/i686-linux-gnu/4.8/../../../i386-linux-gnu/crti.o
 .rel.text.radio_set_channel
                0x0000000000009404        0x8 /usr/lib/gcc/i686-linux-gnu/4.8/../../../i386-linux-gnu/crti.o
 .rel.text.radio_set_txpower
                0x000000000000940c        0x8 /usr/lib/gcc/i686-linux-gnu/4.8/../../../i386-linux-gnu/crti.o
 .rel.text.radio_signal_strength_last
                0x0000000000009414        0x8 /usr/lib/gcc/i686-linux-gnu/4.8/../../../i386-linux-gnu/crti.o
 .rel.text.radio_signal_strength_current
                0x000000000000941c        0x8 /usr/lib/gcc/i686-linux-gnu/4.8/../../../i386-linux-gnu/crti.o
 .rel.text.radio_LQI
                0x0000000000009424        0x8 /usr/lib/gcc/i686-linux-gnu/4.8/../../../i386-linux-gnu/crti.o
 .rel.text.radio_on
                0x000000000000942c        0x8 /usr/lib/gcc/i686-linux-gnu/4.8/../../../i386-linux-gnu/crti.o
 .rel.text.radio_off
                0x0000000000009434        0x8 /usr/lib/gcc/i686-linux-gnu/4.8/../../../i386-linux-gnu/crti.o
 .rel.text.radio_read
                0x000000000000943c       0x68 /usr/lib/gcc/i686-linux-gnu/4.8/../../../i386-linux-gnu/crti.o
 .rel.text.channel_clear
                0x00000000000094a4        0x8 /usr/lib/gcc/i686-linux-gnu/4.8/../../../i386-linux-gnu/crti.o
 .rel.text.radio_send
                0x00000000000094ac       0x78 /usr/lib/gcc/i686-linux-gnu/4.8/../../../i386-linux-gnu/crti.o
 .rel.text.prepare_packet
                0x0000000000009524        0x8 /usr/lib/gcc/i686-linux-gnu/4.8/../../../i386-linux-gnu/crti.o
 .rel.text.transmit_packet
                0x000000000000952c       0x10 /usr/lib/gcc/i686-linux-gnu/4.8/../../../i386-linux-gnu/crti.o
 .rel.text.receiving_packet
                0x000000000000953c        0x8 /usr/lib/gcc/i686-linux-gnu/4.8/../../../i386-linux-gnu/crti.o
 .rel.text.pending_packet
                0x0000000000009544       0x10 /usr/lib/gcc/i686-linux-gnu/4.8/../../../i386-linux-gnu/crti.o
 .rel.text.process_thread_cooja_radio_process
                0x0000000000009554       0x28 /usr/lib/gcc/i686-linux-gnu/4.8/../../../i386-linux-gnu/crti.o
 .rel.text.init
                0x000000000000957c       0x40 /usr/lib/gcc/i686-linux-gnu/4.8/../../../i386-linux-gnu/crti.o
 .rel.text.get_value
                0x00000000000095bc       0x30 /usr/lib/gcc/i686-linux-gnu/4.8/../../../i386-linux-gnu/crti.o
 .rel.text.set_value
                0x00000000000095ec        0x8 /usr/lib/gcc/i686-linux-gnu/4.8/../../../i386-linux-gnu/crti.o
 .rel.text.get_object
                0x00000000000095f4       0x10 /usr/lib/gcc/i686-linux-gnu/4.8/../../../i386-linux-gnu/crti.o
 .rel.text.eeprom_read
                0x0000000000009604       0x28 /usr/lib/gcc/i686-linux-gnu/4.8/../../../i386-linux-gnu/crti.o
 .rel.text.eeprom_write
                0x000000000000962c       0x28 /usr/lib/gcc/i686-linux-gnu/4.8/../../../i386-linux-gnu/crti.o
 .rel.text.random_init
                0x0000000000009654        0x8 /usr/lib/gcc/i686-linux-gnu/4.8/../../../i386-linux-gnu/crti.o
 .rel.text.random_rand
                0x000000000000965c        0x8 /usr/lib/gcc/i686-linux-gnu/4.8/../../../i386-linux-gnu/crti.o
 .rel.text.get_sensor_index
                0x0000000000009664       0x10 /usr/lib/gcc/i686-linux-gnu/4.8/../../../i386-linux-gnu/crti.o
 .rel.text.sensors_first
                0x0000000000009674        0x8 /usr/lib/gcc/i686-linux-gnu/4.8/../../../i386-linux-gnu/crti.o
 .rel.text.sensors_next
                0x000000000000967c        0x8 /usr/lib/gcc/i686-linux-gnu/4.8/../../../i386-linux-gnu/crti.o
 .rel.text.sensors_changed
                0x0000000000009684       0x20 /usr/lib/gcc/i686-linux-gnu/4.8/../../../i386-linux-gnu/crti.o
 .rel.text.sensors_find
                0x00000000000096a4       0x28 /usr/lib/gcc/i686-linux-gnu/4.8/../../../i386-linux-gnu/crti.o
 .rel.text.process_thread_sensors_process
                0x00000000000096cc      0x108 /usr/lib/gcc/i686-linux-gnu/4.8/../../../i386-linux-gnu/crti.o
 .rel.text.autostart_start
                0x00000000000097d4        0x8 /usr/lib/gcc/i686-linux-gnu/4.8/../../../i386-linux-gnu/crti.o
 .rel.text.autostart_exit
                0x00000000000097dc        0x8 /usr/lib/gcc/i686-linux-gnu/4.8/../../../i386-linux-gnu/crti.o
 .rel.text.process_thread_ctimer_process
                0x00000000000097e4       0x58 /usr/lib/gcc/i686-linux-gnu/4.8/../../../i386-linux-gnu/crti.o
 .rel.text.ctimer_init
                0x000000000000983c       0x28 /usr/lib/gcc/i686-linux-gnu/4.8/../../../i386-linux-gnu/crti.o
 .rel.text.ctimer_set
                0x0000000000009864       0x10 /usr/lib/gcc/i686-linux-gnu/4.8/../../../i386-linux-gnu/crti.o
 .rel.text.ctimer_set_with_process
                0x0000000000009874       0x40 /usr/lib/gcc/i686-linux-gnu/4.8/../../../i386-linux-gnu/crti.o
 .rel.text.ctimer_reset
                0x00000000000098b4       0x40 /usr/lib/gcc/i686-linux-gnu/4.8/../../../i386-linux-gnu/crti.o
 .rel.text.ctimer_restart
                0x00000000000098f4       0x40 /usr/lib/gcc/i686-linux-gnu/4.8/../../../i386-linux-gnu/crti.o
 .rel.text.ctimer_stop
                0x0000000000009934       0x20 /usr/lib/gcc/i686-linux-gnu/4.8/../../../i386-linux-gnu/crti.o
 .rel.text.ctimer_expired
                0x0000000000009954       0x20 /usr/lib/gcc/i686-linux-gnu/4.8/../../../i386-linux-gnu/crti.o
 .rel.text.update_time
                0x0000000000009974       0x28 /usr/lib/gcc/i686-linux-gnu/4.8/../../../i386-linux-gnu/crti.o
 .rel.text.process_thread_etimer_process
                0x000000000000999c       0x60 /usr/lib/gcc/i686-linux-gnu/4.8/../../../i386-linux-gnu/crti.o
 .rel.text.etimer_request_poll
                0x00000000000099fc       0x10 /usr/lib/gcc/i686-linux-gnu/4.8/../../../i386-linux-gnu/crti.o
 .rel.text.add_timer
                0x0000000000009a0c       0x30 /usr/lib/gcc/i686-linux-gnu/4.8/../../../i386-linux-gnu/crti.o
 .rel.text.etimer_set
                0x0000000000009a3c        0x8 /usr/lib/gcc/i686-linux-gnu/4.8/../../../i386-linux-gnu/crti.o
 .rel.text.etimer_reset_with_new_interval
                0x0000000000009a44        0x8 /usr/lib/gcc/i686-linux-gnu/4.8/../../../i386-linux-gnu/crti.o
 .rel.text.etimer_reset
                0x0000000000009a4c        0x8 /usr/lib/gcc/i686-linux-gnu/4.8/../../../i386-linux-gnu/crti.o
 .rel.text.etimer_restart
                0x0000000000009a54        0x8 /usr/lib/gcc/i686-linux-gnu/4.8/../../../i386-linux-gnu/crti.o
 .rel.text.etimer_pending
                0x0000000000009a5c        0x8 /usr/lib/gcc/i686-linux-gnu/4.8/../../../i386-linux-gnu/crti.o
 .rel.text.etimer_next_expiration_time
                0x0000000000009a64       0x10 /usr/lib/gcc/i686-linux-gnu/4.8/../../../i386-linux-gnu/crti.o
 .rel.text.etimer_stop
                0x0000000000009a74       0x20 /usr/lib/gcc/i686-linux-gnu/4.8/../../../i386-linux-gnu/crti.o
 .rel.text.process_alloc_event
                0x0000000000009a94       0x10 /usr/lib/gcc/i686-linux-gnu/4.8/../../../i386-linux-gnu/crti.o
 .rel.text.process_start
                0x0000000000009aa4       0x20 /usr/lib/gcc/i686-linux-gnu/4.8/../../../i386-linux-gnu/crti.o
 .rel.text.exit_process
                0x0000000000009ac4       0x50 /usr/lib/gcc/i686-linux-gnu/4.8/../../../i386-linux-gnu/crti.o
 .rel.text.call_process
                0x0000000000009b14        0x8 /usr/lib/gcc/i686-linux-gnu/4.8/../../../i386-linux-gnu/crti.o
 .rel.text.process_exit
                0x0000000000009b1c        0x8 /usr/lib/gcc/i686-linux-gnu/4.8/../../../i386-linux-gnu/crti.o
 .rel.text.process_init
                0x0000000000009b24       0x38 /usr/lib/gcc/i686-linux-gnu/4.8/../../../i386-linux-gnu/crti.o
 .rel.text.do_poll
                0x0000000000009b5c       0x10 /usr/lib/gcc/i686-linux-gnu/4.8/../../../i386-linux-gnu/crti.o
 .rel.text.do_event
                0x0000000000009b6c       0x68 /usr/lib/gcc/i686-linux-gnu/4.8/../../../i386-linux-gnu/crti.o
 .rel.text.process_run
                0x0000000000009bd4       0x18 /usr/lib/gcc/i686-linux-gnu/4.8/../../../i386-linux-gnu/crti.o
 .rel.text.process_nevents
                0x0000000000009bec       0x10 /usr/lib/gcc/i686-linux-gnu/4.8/../../../i386-linux-gnu/crti.o
 .rel.text.process_post
                0x0000000000009bfc       0x40 /usr/lib/gcc/i686-linux-gnu/4.8/../../../i386-linux-gnu/crti.o
 .rel.text.process_post_synch
                0x0000000000009c3c       0x10 /usr/lib/gcc/i686-linux-gnu/4.8/../../../i386-linux-gnu/crti.o
 .rel.text.process_poll
                0x0000000000009c4c        0x8 /usr/lib/gcc/i686-linux-gnu/4.8/../../../i386-linux-gnu/crti.o
 .rel.text.rtimer_init
                0x0000000000009c54        0x8 /usr/lib/gcc/i686-linux-gnu/4.8/../../../i386-linux-gnu/crti.o
 .rel.text.rtimer_set
                0x0000000000009c5c       0x18 /usr/lib/gcc/i686-linux-gnu/4.8/../../../i386-linux-gnu/crti.o
 .rel.text.rtimer_run_next
                0x0000000000009c74       0x30 /usr/lib/gcc/i686-linux-gnu/4.8/../../../i386-linux-gnu/crti.o
 .rel.text.timer_set
                0x0000000000009ca4        0x8 /usr/lib/gcc/i686-linux-gnu/4.8/../../../i386-linux-gnu/crti.o
 .rel.text.timer_restart
                0x0000000000009cac        0x8 /usr/lib/gcc/i686-linux-gnu/4.8/../../../i386-linux-gnu/crti.o
 .rel.text.timer_expired
                0x0000000000009cb4        0x8 /usr/lib/gcc/i686-linux-gnu/4.8/../../../i386-linux-gnu/crti.o
 .rel.text.timer_remaining
                0x0000000000009cbc        0x8 /usr/lib/gcc/i686-linux-gnu/4.8/../../../i386-linux-gnu/crti.o
 .rel.text.serial_line_input_byte
                0x0000000000009cc4       0x48 /usr/lib/gcc/i686-linux-gnu/4.8/../../../i386-linux-gnu/crti.o
 .rel.text.process_thread_serial_line_process
                0x0000000000009d0c       0x90 /usr/lib/gcc/i686-linux-gnu/4.8/../../../i386-linux-gnu/crti.o
 .rel.text.serial_line_init
                0x0000000000009d9c       0x28 /usr/lib/gcc/i686-linux-gnu/4.8/../../../i386-linux-gnu/crti.o
 .rel.text._xassert
                0x0000000000009dc4       0x10 /usr/lib/gcc/i686-linux-gnu/4.8/../../../i386-linux-gnu/crti.o
 .rel.text.list_add
                0x0000000000009dd4       0x10 /usr/lib/gcc/i686-linux-gnu/4.8/../../../i386-linux-gnu/crti.o
 .rel.text.list_push
                0x0000000000009de4        0x8 /usr/lib/gcc/i686-linux-gnu/4.8/../../../i386-linux-gnu/crti.o
 .rel.text.list_insert
                0x0000000000009dec        0x8 /usr/lib/gcc/i686-linux-gnu/4.8/../../../i386-linux-gnu/crti.o
 .rel.text.memb_init
                0x0000000000009df4       0x10 /usr/lib/gcc/i686-linux-gnu/4.8/../../../i386-linux-gnu/crti.o
 .rel.text.packetbuf_attr
                0x0000000000009e04       0x28 /usr/lib/gcc/i686-linux-gnu/4.8/../../../i386-linux-gnu/crti.o
 .rel.text.packetbuf_set_addr
                0x0000000000009e2c       0x30 /usr/lib/gcc/i686-linux-gnu/4.8/../../../i386-linux-gnu/crti.o
 .rel.text.packetbuf_addr
                0x0000000000009e5c       0x40 /usr/lib/gcc/i686-linux-gnu/4.8/../../../i386-linux-gnu/crti.o
 .rel.text.clear_fragments
                0x0000000000009e9c       0x20 /usr/lib/gcc/i686-linux-gnu/4.8/../../../i386-linux-gnu/crti.o
 .rel.text.timeout_fragments
                0x0000000000009ebc       0x18 /usr/lib/gcc/i686-linux-gnu/4.8/../../../i386-linux-gnu/crti.o
 .rel.text.store_fragment
                0x0000000000009ed4       0x68 /usr/lib/gcc/i686-linux-gnu/4.8/../../../i386-linux-gnu/crti.o
 .rel.text.add_fragment
                0x0000000000009f3c       0x80 /usr/lib/gcc/i686-linux-gnu/4.8/../../../i386-linux-gnu/crti.o
 .rel.text.copy_frags2uip
                0x0000000000009fbc       0x58 /usr/lib/gcc/i686-linux-gnu/4.8/../../../i386-linux-gnu/crti.o
 .rel.text.rime_sniffer_add
                0x000000000000a014        0x8 /usr/lib/gcc/i686-linux-gnu/4.8/../../../i386-linux-gnu/crti.o
 .rel.text.rime_sniffer_remove
                0x000000000000a01c        0x8 /usr/lib/gcc/i686-linux-gnu/4.8/../../../i386-linux-gnu/crti.o
 .rel.text.set_packet_attrs
                0x000000000000a024       0x60 /usr/lib/gcc/i686-linux-gnu/4.8/../../../i386-linux-gnu/crti.o
 .rel.text.addr_context_lookup_by_prefix
                0x000000000000a084       0x20 /usr/lib/gcc/i686-linux-gnu/4.8/../../../i386-linux-gnu/crti.o
 .rel.text.addr_context_lookup_by_number
                0x000000000000a0a4       0x18 /usr/lib/gcc/i686-linux-gnu/4.8/../../../i386-linux-gnu/crti.o
 .rel.text.compress_addr_64
                0x000000000000a0bc       0x40 /usr/lib/gcc/i686-linux-gnu/4.8/../../../i386-linux-gnu/crti.o
 .rel.text.uncompress_addr
                0x000000000000a0fc       0x38 /usr/lib/gcc/i686-linux-gnu/4.8/../../../i386-linux-gnu/crti.o
 .rel.text.compress_hdr_iphc
                0x000000000000a134      0x5f8 /usr/lib/gcc/i686-linux-gnu/4.8/../../../i386-linux-gnu/crti.o
 .rel.text.uncompress_hdr_iphc
                0x000000000000a72c      0x2f0 /usr/lib/gcc/i686-linux-gnu/4.8/../../../i386-linux-gnu/crti.o
 .rel.text.compress_hdr_ipv6
                0x000000000000aa1c       0x58 /usr/lib/gcc/i686-linux-gnu/4.8/../../../i386-linux-gnu/crti.o
 .rel.text.packet_sent
                0x000000000000aa74       0x38 /usr/lib/gcc/i686-linux-gnu/4.8/../../../i386-linux-gnu/crti.o
 .rel.text.send_packet
                0x000000000000aaac      0x120 /usr/lib/gcc/i686-linux-gnu/4.8/../../../i386-linux-gnu/crti.o
 .rel.text.output
                0x000000000000abcc      0x2c8 /usr/lib/gcc/i686-linux-gnu/4.8/../../../i386-linux-gnu/crti.o
 .rel.text.input
                0x000000000000ae94      0x200 /usr/lib/gcc/i686-linux-gnu/4.8/../../../i386-linux-gnu/crti.o
 .rel.text.sicslowpan_init
                0x000000000000b094       0x38 /usr/lib/gcc/i686-linux-gnu/4.8/../../../i386-linux-gnu/crti.o
 .rel.text.sicslowpan_get_last_rssi
                0x000000000000b0cc        0x8 /usr/lib/gcc/i686-linux-gnu/4.8/../../../i386-linux-gnu/crti.o
 .rel.text.uip_ds6_neighbors_init
                0x000000000000b0d4       0x20 /usr/lib/gcc/i686-linux-gnu/4.8/../../../i386-linux-gnu/crti.o
 .rel.text.uip_ds6_nbr_add
                0x000000000000b0f4       0x38 /usr/lib/gcc/i686-linux-gnu/4.8/../../../i386-linux-gnu/crti.o
 .rel.text.uip_ds6_nbr_rm
                0x000000000000b12c       0x20 /usr/lib/gcc/i686-linux-gnu/4.8/../../../i386-linux-gnu/crti.o
 .rel.text.uip_ds6_nbr_get_ll
                0x000000000000b14c       0x10 /usr/lib/gcc/i686-linux-gnu/4.8/../../../i386-linux-gnu/crti.o
 .rel.text.uip_ds6_nbr_num
                0x000000000000b15c       0x20 /usr/lib/gcc/i686-linux-gnu/4.8/../../../i386-linux-gnu/crti.o
 .rel.text.uip_ds6_nbr_lookup
                0x000000000000b17c       0x28 /usr/lib/gcc/i686-linux-gnu/4.8/../../../i386-linux-gnu/crti.o
 .rel.text.uip_ds6_nbr_ll_lookup
                0x000000000000b1a4       0x10 /usr/lib/gcc/i686-linux-gnu/4.8/../../../i386-linux-gnu/crti.o
 .rel.text.uip_ds6_nbr_ipaddr_from_lladdr
                0x000000000000b1b4        0x8 /usr/lib/gcc/i686-linux-gnu/4.8/../../../i386-linux-gnu/crti.o
 .rel.text.uip_ds6_nbr_lladdr_from_ipaddr
                0x000000000000b1bc       0x10 /usr/lib/gcc/i686-linux-gnu/4.8/../../../i386-linux-gnu/crti.o
 .rel.text.uip_ds6_link_neighbor_callback
                0x000000000000b1cc       0x20 /usr/lib/gcc/i686-linux-gnu/4.8/../../../i386-linux-gnu/crti.o
 .rel.text.uip_ds6_neighbor_periodic
                0x000000000000b1ec       0xb8 /usr/lib/gcc/i686-linux-gnu/4.8/../../../i386-linux-gnu/crti.o
 .rel.text.uip_ds6_nbr_refresh_reachable_state
                0x000000000000b2a4       0x10 /usr/lib/gcc/i686-linux-gnu/4.8/../../../i386-linux-gnu/crti.o
 .rel.text.uip_ds6_get_least_lifetime_neighbor
                0x000000000000b2b4       0x30 /usr/lib/gcc/i686-linux-gnu/4.8/../../../i386-linux-gnu/crti.o
 .rel.text.call_route_callback
                0x000000000000b2e4       0x30 /usr/lib/gcc/i686-linux-gnu/4.8/../../../i386-linux-gnu/crti.o
 .rel.text.uip_ds6_notification_add
                0x000000000000b314       0x10 /usr/lib/gcc/i686-linux-gnu/4.8/../../../i386-linux-gnu/crti.o
 .rel.text.uip_ds6_notification_rm
                0x000000000000b324       0x10 /usr/lib/gcc/i686-linux-gnu/4.8/../../../i386-linux-gnu/crti.o
 .rel.text.uip_ds6_route_init
                0x000000000000b334       0x68 /usr/lib/gcc/i686-linux-gnu/4.8/../../../i386-linux-gnu/crti.o
 .rel.text.uip_ds6_route_nexthop_lladdr
                0x000000000000b39c       0x10 /usr/lib/gcc/i686-linux-gnu/4.8/../../../i386-linux-gnu/crti.o
 .rel.text.uip_ds6_route_nexthop
                0x000000000000b3ac        0x8 /usr/lib/gcc/i686-linux-gnu/4.8/../../../i386-linux-gnu/crti.o
 .rel.text.uip_ds6_route_head
                0x000000000000b3b4       0x10 /usr/lib/gcc/i686-linux-gnu/4.8/../../../i386-linux-gnu/crti.o
 .rel.text.uip_ds6_route_next
                0x000000000000b3c4        0x8 /usr/lib/gcc/i686-linux-gnu/4.8/../../../i386-linux-gnu/crti.o
 .rel.text.uip_ds6_route_is_nexthop
                0x000000000000b3cc       0x18 /usr/lib/gcc/i686-linux-gnu/4.8/../../../i386-linux-gnu/crti.o
 .rel.text.uip_ds6_route_num_routes
                0x000000000000b3e4        0x8 /usr/lib/gcc/i686-linux-gnu/4.8/../../../i386-linux-gnu/crti.o
 .rel.text.uip_ds6_route_lookup
                0x000000000000b3ec       0x48 /usr/lib/gcc/i686-linux-gnu/4.8/../../../i386-linux-gnu/crti.o
 .rel.text.uip_ds6_route_add
                0x000000000000b434       0xd0 /usr/lib/gcc/i686-linux-gnu/4.8/../../../i386-linux-gnu/crti.o
 .rel.text.uip_ds6_route_rm
                0x000000000000b504       0x80 /usr/lib/gcc/i686-linux-gnu/4.8/../../../i386-linux-gnu/crti.o
 .rel.text.rm_routelist
                0x000000000000b584       0x28 /usr/lib/gcc/i686-linux-gnu/4.8/../../../i386-linux-gnu/crti.o
 .rel.text.uip_ds6_route_rm_by_nexthop
                0x000000000000b5ac       0x18 /usr/lib/gcc/i686-linux-gnu/4.8/../../../i386-linux-gnu/crti.o
 .rel.text.uip_ds6_defrt_head
                0x000000000000b5c4       0x10 /usr/lib/gcc/i686-linux-gnu/4.8/../../../i386-linux-gnu/crti.o
 .rel.text.uip_ds6_defrt_add
                0x000000000000b5d4       0x30 /usr/lib/gcc/i686-linux-gnu/4.8/../../../i386-linux-gnu/crti.o
 .rel.text.uip_ds6_defrt_rm
                0x000000000000b604       0x38 /usr/lib/gcc/i686-linux-gnu/4.8/../../../i386-linux-gnu/crti.o
 .rel.text.uip_ds6_defrt_lookup
                0x000000000000b63c       0x20 /usr/lib/gcc/i686-linux-gnu/4.8/../../../i386-linux-gnu/crti.o
 .rel.text.uip_ds6_defrt_choose
                0x000000000000b65c       0x20 /usr/lib/gcc/i686-linux-gnu/4.8/../../../i386-linux-gnu/crti.o
 .rel.text.uip_ds6_defrt_periodic
                0x000000000000b67c       0x38 /usr/lib/gcc/i686-linux-gnu/4.8/../../../i386-linux-gnu/crti.o
 .rel.text.uip_ds6_init
                0x000000000000b6b4      0x180 /usr/lib/gcc/i686-linux-gnu/4.8/../../../i386-linux-gnu/crti.o
 .rel.text.uip_ds6_periodic
                0x000000000000b834       0x80 /usr/lib/gcc/i686-linux-gnu/4.8/../../../i386-linux-gnu/crti.o
 .rel.text.uip_ds6_list_loop
                0x000000000000b8b4        0x8 /usr/lib/gcc/i686-linux-gnu/4.8/../../../i386-linux-gnu/crti.o
 .rel.text.uip_ds6_prefix_add
                0x000000000000b8bc       0x58 /usr/lib/gcc/i686-linux-gnu/4.8/../../../i386-linux-gnu/crti.o
 .rel.text.uip_ds6_prefix_lookup
                0x000000000000b914       0x20 /usr/lib/gcc/i686-linux-gnu/4.8/../../../i386-linux-gnu/crti.o
 .rel.text.uip_ds6_is_addr_onlink
                0x000000000000b934       0x50 /usr/lib/gcc/i686-linux-gnu/4.8/../../../i386-linux-gnu/crti.o
 .rel.text.uip_ds6_addr_add
                0x000000000000b984       0xc8 /usr/lib/gcc/i686-linux-gnu/4.8/../../../i386-linux-gnu/crti.o
 .rel.text.uip_ds6_addr_rm
                0x000000000000ba4c       0x88 /usr/lib/gcc/i686-linux-gnu/4.8/../../../i386-linux-gnu/crti.o
 .rel.text.uip_ds6_addr_lookup
                0x000000000000bad4       0x20 /usr/lib/gcc/i686-linux-gnu/4.8/../../../i386-linux-gnu/crti.o
 .rel.text.uip_ds6_get_link_local
                0x000000000000baf4       0x58 /usr/lib/gcc/i686-linux-gnu/4.8/../../../i386-linux-gnu/crti.o
 .rel.text.uip_ds6_get_global
                0x000000000000bb4c       0x58 /usr/lib/gcc/i686-linux-gnu/4.8/../../../i386-linux-gnu/crti.o
 .rel.text.uip_ds6_maddr_add
                0x000000000000bba4       0x30 /usr/lib/gcc/i686-linux-gnu/4.8/../../../i386-linux-gnu/crti.o
 .rel.text.uip_ds6_maddr_lookup
                0x000000000000bbd4       0x20 /usr/lib/gcc/i686-linux-gnu/4.8/../../../i386-linux-gnu/crti.o
 .rel.text.uip_ds6_aaddr_add
                0x000000000000bbf4       0x30 /usr/lib/gcc/i686-linux-gnu/4.8/../../../i386-linux-gnu/crti.o
 .rel.text.uip_ds6_aaddr_lookup
                0x000000000000bc24       0x20 /usr/lib/gcc/i686-linux-gnu/4.8/../../../i386-linux-gnu/crti.o
 .rel.text.uip_ds6_select_src
                0x000000000000bc44       0x70 /usr/lib/gcc/i686-linux-gnu/4.8/../../../i386-linux-gnu/crti.o
 .rel.text.uip_ds6_set_addr_iid
                0x000000000000bcb4        0x8 /usr/lib/gcc/i686-linux-gnu/4.8/../../../i386-linux-gnu/crti.o
 .rel.text.uip_ds6_compute_reachable_time
                0x000000000000bcbc       0x30 /usr/lib/gcc/i686-linux-gnu/4.8/../../../i386-linux-gnu/crti.o
 .rel.text.extract_lladdr_from_llao_aligned
                0x000000000000bcec       0x18 /usr/lib/gcc/i686-linux-gnu/4.8/../../../i386-linux-gnu/crti.o
 .rel.text.create_llao
                0x000000000000bd04       0x18 /usr/lib/gcc/i686-linux-gnu/4.8/../../../i386-linux-gnu/crti.o
 .rel.text.ns_input
                0x000000000000bd1c      0x388 /usr/lib/gcc/i686-linux-gnu/4.8/../../../i386-linux-gnu/crti.o
 .rel.text.uip_nd6_ns_output
                0x000000000000c0a4      0x1e8 /usr/lib/gcc/i686-linux-gnu/4.8/../../../i386-linux-gnu/crti.o
 .rel.text.na_input
                0x000000000000c28c      0x280 /usr/lib/gcc/i686-linux-gnu/4.8/../../../i386-linux-gnu/crti.o
 .rel.text.uip_nd6_init
                0x000000000000c50c       0x20 /usr/lib/gcc/i686-linux-gnu/4.8/../../../i386-linux-gnu/crti.o
 .rel.text.uip_add32
                0x000000000000c52c       0x98 /usr/lib/gcc/i686-linux-gnu/4.8/../../../i386-linux-gnu/crti.o
 .rel.text.uip_chksum
                0x000000000000c5c4        0x8 /usr/lib/gcc/i686-linux-gnu/4.8/../../../i386-linux-gnu/crti.o
 .rel.text.upper_layer_chksum
                0x000000000000c5cc       0x38 /usr/lib/gcc/i686-linux-gnu/4.8/../../../i386-linux-gnu/crti.o
 .rel.text.uip_init
                0x000000000000c604       0x38 /usr/lib/gcc/i686-linux-gnu/4.8/../../../i386-linux-gnu/crti.o
 .rel.text.uip_connect
                0x000000000000c63c       0x70 /usr/lib/gcc/i686-linux-gnu/4.8/../../../i386-linux-gnu/crti.o
 .rel.text.remove_ext_hdr
                0x000000000000c6ac       0x98 /usr/lib/gcc/i686-linux-gnu/4.8/../../../i386-linux-gnu/crti.o
 .rel.text.uip_udp_new
                0x000000000000c744       0x68 /usr/lib/gcc/i686-linux-gnu/4.8/../../../i386-linux-gnu/crti.o
 .rel.text.uip_unlisten
                0x000000000000c7ac       0x10 /usr/lib/gcc/i686-linux-gnu/4.8/../../../i386-linux-gnu/crti.o
 .rel.text.uip_listen
                0x000000000000c7bc       0x10 /usr/lib/gcc/i686-linux-gnu/4.8/../../../i386-linux-gnu/crti.o
 .rel.text.uip_add_rcv_nxt
                0x000000000000c7cc       0x50 /usr/lib/gcc/i686-linux-gnu/4.8/../../../i386-linux-gnu/crti.o
 .rel.text.ext_hdr_options_process
                0x000000000000c81c      0x108 /usr/lib/gcc/i686-linux-gnu/4.8/../../../i386-linux-gnu/crti.o
 .rel.text.uip_process
                0x000000000000c924      0xf70 /usr/lib/gcc/i686-linux-gnu/4.8/../../../i386-linux-gnu/crti.o
 .rel.text.uip_send
                0x000000000000d894       0x60 /usr/lib/gcc/i686-linux-gnu/4.8/../../../i386-linux-gnu/crti.o
 .rel.text.tcpip_output
                0x000000000000d8f4       0x10 /usr/lib/gcc/i686-linux-gnu/4.8/../../../i386-linux-gnu/crti.o
 .rel.text.tcpip_set_outputfunc
                0x000000000000d904        0x8 /usr/lib/gcc/i686-linux-gnu/4.8/../../../i386-linux-gnu/crti.o
 .rel.text.start_periodic_tcp_timer
                0x000000000000d90c       0x20 /usr/lib/gcc/i686-linux-gnu/4.8/../../../i386-linux-gnu/crti.o
 .rel.text.check_for_tcp_syn
                0x000000000000d92c       0x10 /usr/lib/gcc/i686-linux-gnu/4.8/../../../i386-linux-gnu/crti.o
 .rel.text.packet_input
                0x000000000000d93c       0x98 /usr/lib/gcc/i686-linux-gnu/4.8/../../../i386-linux-gnu/crti.o
 .rel.text.tcp_connect
                0x000000000000d9d4       0x18 /usr/lib/gcc/i686-linux-gnu/4.8/../../../i386-linux-gnu/crti.o
 .rel.text.tcp_unlisten
                0x000000000000d9ec       0x18 /usr/lib/gcc/i686-linux-gnu/4.8/../../../i386-linux-gnu/crti.o
 .rel.text.tcp_listen
                0x000000000000da04       0x18 /usr/lib/gcc/i686-linux-gnu/4.8/../../../i386-linux-gnu/crti.o
 .rel.text.tcp_attach
                0x000000000000da1c        0x8 /usr/lib/gcc/i686-linux-gnu/4.8/../../../i386-linux-gnu/crti.o
 .rel.text.udp_attach
                0x000000000000da24        0x8 /usr/lib/gcc/i686-linux-gnu/4.8/../../../i386-linux-gnu/crti.o
 .rel.text.udp_new
                0x000000000000da2c       0x10 /usr/lib/gcc/i686-linux-gnu/4.8/../../../i386-linux-gnu/crti.o
 .rel.text.udp_broadcast_new
                0x000000000000da3c       0x10 /usr/lib/gcc/i686-linux-gnu/4.8/../../../i386-linux-gnu/crti.o
 .rel.text.eventhandler
                0x000000000000da4c       0xd8 /usr/lib/gcc/i686-linux-gnu/4.8/../../../i386-linux-gnu/crti.o
 .rel.text.tcpip_input
                0x000000000000db24       0x20 /usr/lib/gcc/i686-linux-gnu/4.8/../../../i386-linux-gnu/crti.o
 .rel.text.tcpip_ipv6_output
                0x000000000000db44      0x290 /usr/lib/gcc/i686-linux-gnu/4.8/../../../i386-linux-gnu/crti.o
 .rel.text.tcpip_poll_udp
                0x000000000000ddd4       0x10 /usr/lib/gcc/i686-linux-gnu/4.8/../../../i386-linux-gnu/crti.o
 .rel.text.tcpip_poll_tcp
                0x000000000000dde4       0x10 /usr/lib/gcc/i686-linux-gnu/4.8/../../../i386-linux-gnu/crti.o
 .rel.text.tcpip_uipcall
                0x000000000000ddf4       0x40 /usr/lib/gcc/i686-linux-gnu/4.8/../../../i386-linux-gnu/crti.o
 .rel.text.process_thread_tcpip_process
                0x000000000000de34       0x48 /usr/lib/gcc/i686-linux-gnu/4.8/../../../i386-linux-gnu/crti.o
 .rel.text.uip_debug_ipaddr_print
                0x000000000000de7c       0x50 /usr/lib/gcc/i686-linux-gnu/4.8/../../../i386-linux-gnu/crti.o
 .rel.text.packet_timedout
                0x000000000000decc       0x10 /usr/lib/gcc/i686-linux-gnu/4.8/../../../i386-linux-gnu/crti.o
 .rel.text.uip_packetqueue_alloc
                0x000000000000dedc       0x20 /usr/lib/gcc/i686-linux-gnu/4.8/../../../i386-linux-gnu/crti.o
 .rel.text.uip_packetqueue_free
                0x000000000000defc       0x18 /usr/lib/gcc/i686-linux-gnu/4.8/../../../i386-linux-gnu/crti.o
 .rel.text.uip_udp_packet_send
                0x000000000000df14       0x38 /usr/lib/gcc/i686-linux-gnu/4.8/../../../i386-linux-gnu/crti.o
 .rel.text.uip_udp_packet_sendto
                0x000000000000df4c       0x10 /usr/lib/gcc/i686-linux-gnu/4.8/../../../i386-linux-gnu/crti.o
 .rel.text.rpl_print_neighbor_list
                0x000000000000df5c       0xc8 /usr/lib/gcc/i686-linux-gnu/4.8/../../../i386-linux-gnu/crti.o
 .rel.text.rpl_get_nbr
                0x000000000000e024       0x18 /usr/lib/gcc/i686-linux-gnu/4.8/../../../i386-linux-gnu/crti.o
 .rel.text.nbr_callback
                0x000000000000e03c        0x8 /usr/lib/gcc/i686-linux-gnu/4.8/../../../i386-linux-gnu/crti.o
 .rel.text.rpl_dag_init
                0x000000000000e044       0x18 /usr/lib/gcc/i686-linux-gnu/4.8/../../../i386-linux-gnu/crti.o
 .rel.text.rpl_get_parent
                0x000000000000e05c       0x10 /usr/lib/gcc/i686-linux-gnu/4.8/../../../i386-linux-gnu/crti.o
 .rel.text.rpl_get_parent_rank
                0x000000000000e06c       0x10 /usr/lib/gcc/i686-linux-gnu/4.8/../../../i386-linux-gnu/crti.o
 .rel.text.rpl_get_parent_lladdr
                0x000000000000e07c       0x10 /usr/lib/gcc/i686-linux-gnu/4.8/../../../i386-linux-gnu/crti.o
 .rel.text.rpl_get_parent_ipaddr
                0x000000000000e08c       0x10 /usr/lib/gcc/i686-linux-gnu/4.8/../../../i386-linux-gnu/crti.o
 .rel.text.rpl_get_parent_link_stats
                0x000000000000e09c       0x10 /usr/lib/gcc/i686-linux-gnu/4.8/../../../i386-linux-gnu/crti.o
 .rel.text.rpl_parent_is_fresh
                0x000000000000e0ac       0x10 /usr/lib/gcc/i686-linux-gnu/4.8/../../../i386-linux-gnu/crti.o
 .rel.text.rpl_parent_is_reachable
                0x000000000000e0bc       0x10 /usr/lib/gcc/i686-linux-gnu/4.8/../../../i386-linux-gnu/crti.o
 .rel.text.rpl_set_preferred_parent
                0x000000000000e0cc       0x20 /usr/lib/gcc/i686-linux-gnu/4.8/../../../i386-linux-gnu/crti.o
 .rel.text.remove_parents
                0x000000000000e0ec       0x28 /usr/lib/gcc/i686-linux-gnu/4.8/../../../i386-linux-gnu/crti.o
 .rel.text.nullify_parents
                0x000000000000e114       0x28 /usr/lib/gcc/i686-linux-gnu/4.8/../../../i386-linux-gnu/crti.o
 .rel.text.get_dag
                0x000000000000e13c       0x10 /usr/lib/gcc/i686-linux-gnu/4.8/../../../i386-linux-gnu/crti.o
 .rel.text.rpl_set_root
                0x000000000000e14c       0x48 /usr/lib/gcc/i686-linux-gnu/4.8/../../../i386-linux-gnu/crti.o
 .rel.text.rpl_repair_root
                0x000000000000e194       0x10 /usr/lib/gcc/i686-linux-gnu/4.8/../../../i386-linux-gnu/crti.o
 .rel.text.set_ip_from_prefix
                0x000000000000e1a4       0x20 /usr/lib/gcc/i686-linux-gnu/4.8/../../../i386-linux-gnu/crti.o
 .rel.text.check_prefix
                0x000000000000e1c4       0x30 /usr/lib/gcc/i686-linux-gnu/4.8/../../../i386-linux-gnu/crti.o
 .rel.text.rpl_set_prefix
                0x000000000000e1f4       0x20 /usr/lib/gcc/i686-linux-gnu/4.8/../../../i386-linux-gnu/crti.o
 .rel.text.rpl_set_default_route
                0x000000000000e214       0x10 /usr/lib/gcc/i686-linux-gnu/4.8/../../../i386-linux-gnu/crti.o
 .rel.text.rpl_alloc_instance
                0x000000000000e224       0x18 /usr/lib/gcc/i686-linux-gnu/4.8/../../../i386-linux-gnu/crti.o
 .rel.text.rpl_alloc_dag
                0x000000000000e23c       0x18 /usr/lib/gcc/i686-linux-gnu/4.8/../../../i386-linux-gnu/crti.o
 .rel.text.rpl_set_default_instance
                0x000000000000e254        0x8 /usr/lib/gcc/i686-linux-gnu/4.8/../../../i386-linux-gnu/crti.o
 .rel.text.rpl_get_default_instance
                0x000000000000e25c        0x8 /usr/lib/gcc/i686-linux-gnu/4.8/../../../i386-linux-gnu/crti.o
 .rel.text.rpl_free_instance
                0x000000000000e264       0x40 /usr/lib/gcc/i686-linux-gnu/4.8/../../../i386-linux-gnu/crti.o
 .rel.text.rpl_free_dag
                0x000000000000e2a4        0x8 /usr/lib/gcc/i686-linux-gnu/4.8/../../../i386-linux-gnu/crti.o
 .rel.text.rpl_add_parent
                0x000000000000e2ac       0x18 /usr/lib/gcc/i686-linux-gnu/4.8/../../../i386-linux-gnu/crti.o
 .rel.text.find_parent_any_dag_any_instance
                0x000000000000e2c4       0x20 /usr/lib/gcc/i686-linux-gnu/4.8/../../../i386-linux-gnu/crti.o
 .rel.text.rpl_select_dag
                0x000000000000e2e4       0x48 /usr/lib/gcc/i686-linux-gnu/4.8/../../../i386-linux-gnu/crti.o
 .rel.text.best_parent
                0x000000000000e32c       0x30 /usr/lib/gcc/i686-linux-gnu/4.8/../../../i386-linux-gnu/crti.o
 .rel.text.rpl_select_parent
                0x000000000000e35c       0x18 /usr/lib/gcc/i686-linux-gnu/4.8/../../../i386-linux-gnu/crti.o
 .rel.text.rpl_remove_parent
                0x000000000000e374       0x18 /usr/lib/gcc/i686-linux-gnu/4.8/../../../i386-linux-gnu/crti.o
 .rel.text.rpl_nullify_parent
                0x000000000000e38c       0x10 /usr/lib/gcc/i686-linux-gnu/4.8/../../../i386-linux-gnu/crti.o
 .rel.text.rpl_move_parent
                0x000000000000e39c       0x18 /usr/lib/gcc/i686-linux-gnu/4.8/../../../i386-linux-gnu/crti.o
 .rel.text.rpl_has_downward_route
                0x000000000000e3b4       0x10 /usr/lib/gcc/i686-linux-gnu/4.8/../../../i386-linux-gnu/crti.o
 .rel.text.rpl_get_dag
                0x000000000000e3c4       0x30 /usr/lib/gcc/i686-linux-gnu/4.8/../../../i386-linux-gnu/crti.o
 .rel.text.rpl_get_any_dag
                0x000000000000e3f4       0x18 /usr/lib/gcc/i686-linux-gnu/4.8/../../../i386-linux-gnu/crti.o
 .rel.text.rpl_get_instance
                0x000000000000e40c       0x18 /usr/lib/gcc/i686-linux-gnu/4.8/../../../i386-linux-gnu/crti.o
 .rel.text.rpl_find_of
                0x000000000000e424       0x10 /usr/lib/gcc/i686-linux-gnu/4.8/../../../i386-linux-gnu/crti.o
 .rel.text.rpl_join_instance
                0x000000000000e434       0x58 /usr/lib/gcc/i686-linux-gnu/4.8/../../../i386-linux-gnu/crti.o
 .rel.text.rpl_add_dag
                0x000000000000e48c       0x50 /usr/lib/gcc/i686-linux-gnu/4.8/../../../i386-linux-gnu/crti.o
 .rel.text.global_repair
                0x000000000000e4dc       0x18 /usr/lib/gcc/i686-linux-gnu/4.8/../../../i386-linux-gnu/crti.o
 .rel.text.rpl_local_repair
                0x000000000000e4f4        0x8 /usr/lib/gcc/i686-linux-gnu/4.8/../../../i386-linux-gnu/crti.o
 .rel.text.rpl_recalculate_ranks
                0x000000000000e4fc       0x28 /usr/lib/gcc/i686-linux-gnu/4.8/../../../i386-linux-gnu/crti.o
 .rel.text.rpl_process_parent_event
                0x000000000000e524       0x40 /usr/lib/gcc/i686-linux-gnu/4.8/../../../i386-linux-gnu/crti.o
 .rel.text.add_nbr_from_dio
                0x000000000000e564        0x8 /usr/lib/gcc/i686-linux-gnu/4.8/../../../i386-linux-gnu/crti.o
 .rel.text.rpl_process_dio
                0x000000000000e56c       0x78 /usr/lib/gcc/i686-linux-gnu/4.8/../../../i386-linux-gnu/crti.o
 .rel.text.rpl_verify_hbh_header
                0x000000000000e5e4      0x108 /usr/lib/gcc/i686-linux-gnu/4.8/../../../i386-linux-gnu/crti.o
 .rel.text.update_hbh_header
                0x000000000000e6ec      0x138 /usr/lib/gcc/i686-linux-gnu/4.8/../../../i386-linux-gnu/crti.o
 .rel.text.insert_hbh_header
                0x000000000000e824      0x128 /usr/lib/gcc/i686-linux-gnu/4.8/../../../i386-linux-gnu/crti.o
 .rel.text.rpl_remove_header
                0x000000000000e94c       0xc8 /usr/lib/gcc/i686-linux-gnu/4.8/../../../i386-linux-gnu/crti.o
 .rel.text.rpl_update_header
                0x000000000000ea14       0x80 /usr/lib/gcc/i686-linux-gnu/4.8/../../../i386-linux-gnu/crti.o
 .rel.text.prepare_for_dao_fwd
                0x000000000000ea94       0x38 /usr/lib/gcc/i686-linux-gnu/4.8/../../../i386-linux-gnu/crti.o
 .rel.text.get_global_addr
                0x000000000000eacc       0x30 /usr/lib/gcc/i686-linux-gnu/4.8/../../../i386-linux-gnu/crti.o
 .rel.text.rpl_icmp6_update_nbr_table
                0x000000000000eafc       0x10 /usr/lib/gcc/i686-linux-gnu/4.8/../../../i386-linux-gnu/crti.o
 .rel.text.dis_input
                0x000000000000eb0c       0x48 /usr/lib/gcc/i686-linux-gnu/4.8/../../../i386-linux-gnu/crti.o
 .rel.text.dis_output
                0x000000000000eb54       0x20 /usr/lib/gcc/i686-linux-gnu/4.8/../../../i386-linux-gnu/crti.o
 .rel.text.dio_input
                0x000000000000eb74       0x58 /usr/lib/gcc/i686-linux-gnu/4.8/../../../i386-linux-gnu/crti.o
 .rel.text.dio_output
                0x000000000000ebcc       0x40 /usr/lib/gcc/i686-linux-gnu/4.8/../../../i386-linux-gnu/crti.o
 .rel.text.dao_input_storing
                0x000000000000ec0c      0x120 /usr/lib/gcc/i686-linux-gnu/4.8/../../../i386-linux-gnu/crti.o
 .rel.text.dao_input
                0x000000000000ed2c       0x28 /usr/lib/gcc/i686-linux-gnu/4.8/../../../i386-linux-gnu/crti.o
 .rel.text.dao_output
                0x000000000000ed54       0x38 /usr/lib/gcc/i686-linux-gnu/4.8/../../../i386-linux-gnu/crti.o
 .rel.text.dao_output_target
                0x000000000000ed8c        0x8 /usr/lib/gcc/i686-linux-gnu/4.8/../../../i386-linux-gnu/crti.o
 .rel.text.dao_output_target_seq
                0x000000000000ed94       0x48 /usr/lib/gcc/i686-linux-gnu/4.8/../../../i386-linux-gnu/crti.o
 .rel.text.dao_ack_input
                0x000000000000eddc       0x10 /usr/lib/gcc/i686-linux-gnu/4.8/../../../i386-linux-gnu/crti.o
 .rel.text.rpl_icmp6_register_handlers
                0x000000000000edec       0x40 /usr/lib/gcc/i686-linux-gnu/4.8/../../../i386-linux-gnu/crti.o
 .rel.text.parent_link_metric
                0x000000000000ee2c        0x8 /usr/lib/gcc/i686-linux-gnu/4.8/../../../i386-linux-gnu/crti.o
 .rel.text.handle_periodic_timer
                0x000000000000ee34       0x68 /usr/lib/gcc/i686-linux-gnu/4.8/../../../i386-linux-gnu/crti.o
 .rel.text.new_dio_interval
                0x000000000000ee9c       0x18 /usr/lib/gcc/i686-linux-gnu/4.8/../../../i386-linux-gnu/crti.o
 .rel.text.handle_dio_timer
                0x000000000000eeb4       0x40 /usr/lib/gcc/i686-linux-gnu/4.8/../../../i386-linux-gnu/crti.o
 .rel.text.rpl_reset_periodic_timer
                0x000000000000eef4       0x28 /usr/lib/gcc/i686-linux-gnu/4.8/../../../i386-linux-gnu/crti.o
 .rel.text.set_dao_lifetime_timer
                0x000000000000ef1c       0x20 /usr/lib/gcc/i686-linux-gnu/4.8/../../../i386-linux-gnu/crti.o
 .rel.text.handle_dao_timer
                0x000000000000ef3c       0x38 /usr/lib/gcc/i686-linux-gnu/4.8/../../../i386-linux-gnu/crti.o
 .rel.text.schedule_dao
                0x000000000000ef74       0x30 /usr/lib/gcc/i686-linux-gnu/4.8/../../../i386-linux-gnu/crti.o
 .rel.text.rpl_cancel_dao
                0x000000000000efa4       0x10 /usr/lib/gcc/i686-linux-gnu/4.8/../../../i386-linux-gnu/crti.o
 .rel.text.handle_unicast_dio_timer
                0x000000000000efb4       0x10 /usr/lib/gcc/i686-linux-gnu/4.8/../../../i386-linux-gnu/crti.o
 .rel.text.rpl_schedule_unicast_dio_immediately
                0x000000000000efc4       0x10 /usr/lib/gcc/i686-linux-gnu/4.8/../../../i386-linux-gnu/crti.o
 .rel.text.get_probing_delay
                0x000000000000efd4       0x10 /usr/lib/gcc/i686-linux-gnu/4.8/../../../i386-linux-gnu/crti.o
 .rel.text.get_probing_target
                0x000000000000efe4       0x70 /usr/lib/gcc/i686-linux-gnu/4.8/../../../i386-linux-gnu/crti.o
 .rel.text.handle_probing_timer
                0x000000000000f054       0x28 /usr/lib/gcc/i686-linux-gnu/4.8/../../../i386-linux-gnu/crti.o
 .rel.text.rpl_schedule_probing
                0x000000000000f07c       0x18 /usr/lib/gcc/i686-linux-gnu/4.8/../../../i386-linux-gnu/crti.o
 .rel.text.rpl_get_mode
                0x000000000000f094        0x8 /usr/lib/gcc/i686-linux-gnu/4.8/../../../i386-linux-gnu/crti.o
 .rel.text.rpl_set_mode
                0x000000000000f09c       0x68 /usr/lib/gcc/i686-linux-gnu/4.8/../../../i386-linux-gnu/crti.o
 .rel.text.rpl_purge_routes
                0x000000000000f104       0x50 /usr/lib/gcc/i686-linux-gnu/4.8/../../../i386-linux-gnu/crti.o
 .rel.text.rpl_remove_routes
                0x000000000000f154       0x20 /usr/lib/gcc/i686-linux-gnu/4.8/../../../i386-linux-gnu/crti.o
 .rel.text.rpl_remove_routes_by_nexthop
                0x000000000000f174       0x20 /usr/lib/gcc/i686-linux-gnu/4.8/../../../i386-linux-gnu/crti.o
 .rel.text.rpl_add_route
                0x000000000000f194        0x8 /usr/lib/gcc/i686-linux-gnu/4.8/../../../i386-linux-gnu/crti.o
 .rel.text.rpl_link_neighbor_callback
                0x000000000000f19c       0x20 /usr/lib/gcc/i686-linux-gnu/4.8/../../../i386-linux-gnu/crti.o
 .rel.text.rpl_ipv6_neighbor_callback
                0x000000000000f1bc       0x10 /usr/lib/gcc/i686-linux-gnu/4.8/../../../i386-linux-gnu/crti.o
 .rel.text.rpl_purge_dags
                0x000000000000f1cc       0x10 /usr/lib/gcc/i686-linux-gnu/4.8/../../../i386-linux-gnu/crti.o
 .rel.text.rpl_init
                0x000000000000f1dc       0x30 /usr/lib/gcc/i686-linux-gnu/4.8/../../../i386-linux-gnu/crti.o
 .rel.text.link_stats_from_lladdr
                0x000000000000f20c       0x10 /usr/lib/gcc/i686-linux-gnu/4.8/../../../i386-linux-gnu/crti.o
 .rel.text.link_stats_is_fresh
                0x000000000000f21c        0x8 /usr/lib/gcc/i686-linux-gnu/4.8/../../../i386-linux-gnu/crti.o
 .rel.text.link_stats_packet_sent
                0x000000000000f224       0x30 /usr/lib/gcc/i686-linux-gnu/4.8/../../../i386-linux-gnu/crti.o
 .rel.text.link_stats_input_callback
                0x000000000000f254       0x20 /usr/lib/gcc/i686-linux-gnu/4.8/../../../i386-linux-gnu/crti.o
 .rel.text.periodic
                0x000000000000f274       0x30 /usr/lib/gcc/i686-linux-gnu/4.8/../../../i386-linux-gnu/crti.o
 .rel.text.link_stats_init
                0x000000000000f2a4       0x28 /usr/lib/gcc/i686-linux-gnu/4.8/../../../i386-linux-gnu/crti.o
 .rel.text.linkaddr_copy
                0x000000000000f2cc        0x8 /usr/lib/gcc/i686-linux-gnu/4.8/../../../i386-linux-gnu/crti.o
 .rel.text.linkaddr_cmp
                0x000000000000f2d4        0x8 /usr/lib/gcc/i686-linux-gnu/4.8/../../../i386-linux-gnu/crti.o
 .rel.text.linkaddr_set_node_addr
                0x000000000000f2dc       0x10 /usr/lib/gcc/i686-linux-gnu/4.8/../../../i386-linux-gnu/crti.o
 .rel.text.key_from_index
                0x000000000000f2ec        0x8 /usr/lib/gcc/i686-linux-gnu/4.8/../../../i386-linux-gnu/crti.o
 .rel.text.index_from_key
                0x000000000000f2f4        0x8 /usr/lib/gcc/i686-linux-gnu/4.8/../../../i386-linux-gnu/crti.o
 .rel.text.index_from_lladdr
                0x000000000000f2fc       0x28 /usr/lib/gcc/i686-linux-gnu/4.8/../../../i386-linux-gnu/crti.o
 .rel.text.remove_key
                0x000000000000f324       0x48 /usr/lib/gcc/i686-linux-gnu/4.8/../../../i386-linux-gnu/crti.o
 .rel.text.nbr_table_allocate
                0x000000000000f36c       0x50 /usr/lib/gcc/i686-linux-gnu/4.8/../../../i386-linux-gnu/crti.o
 .rel.text.nbr_table_register
                0x000000000000f3bc       0x20 /usr/lib/gcc/i686-linux-gnu/4.8/../../../i386-linux-gnu/crti.o
 .rel.text.nbr_table_head
                0x000000000000f3dc       0x20 /usr/lib/gcc/i686-linux-gnu/4.8/../../../i386-linux-gnu/crti.o
 .rel.text.nbr_table_next
                0x000000000000f3fc       0x10 /usr/lib/gcc/i686-linux-gnu/4.8/../../../i386-linux-gnu/crti.o
 .rel.text.nbr_table_add_lladdr
                0x000000000000f40c       0x30 /usr/lib/gcc/i686-linux-gnu/4.8/../../../i386-linux-gnu/crti.o
 .rel.text.nbr_table_get_from_lladdr
                0x000000000000f43c        0x8 /usr/lib/gcc/i686-linux-gnu/4.8/../../../i386-linux-gnu/crti.o
 .rel.text.nbr_table_remove
                0x000000000000f444       0x10 /usr/lib/gcc/i686-linux-gnu/4.8/../../../i386-linux-gnu/crti.o
 .rel.text.nbr_table_lock
                0x000000000000f454        0x8 /usr/lib/gcc/i686-linux-gnu/4.8/../../../i386-linux-gnu/crti.o
 .rel.text.nbr_table_unlock
                0x000000000000f45c        0x8 /usr/lib/gcc/i686-linux-gnu/4.8/../../../i386-linux-gnu/crti.o
 .rel.text.nbr_table_update_lladdr
                0x000000000000f464        0x8 /usr/lib/gcc/i686-linux-gnu/4.8/../../../i386-linux-gnu/crti.o
 .rel.text.netstack_init
                0x000000000000f46c       0x28 /usr/lib/gcc/i686-linux-gnu/4.8/../../../i386-linux-gnu/crti.o
 .rel.text.packetbuf_clear
                0x000000000000f494       0x28 /usr/lib/gcc/i686-linux-gnu/4.8/../../../i386-linux-gnu/crti.o
 .rel.text.packetbuf_copyfrom
                0x000000000000f4bc       0x20 /usr/lib/gcc/i686-linux-gnu/4.8/../../../i386-linux-gnu/crti.o
 .rel.text.packetbuf_compact
                0x000000000000f4dc       0x38 /usr/lib/gcc/i686-linux-gnu/4.8/../../../i386-linux-gnu/crti.o
 .rel.text.packetbuf_copyto
                0x000000000000f514       0x58 /usr/lib/gcc/i686-linux-gnu/4.8/../../../i386-linux-gnu/crti.o
 .rel.text.packetbuf_hdralloc
                0x000000000000f56c       0x30 /usr/lib/gcc/i686-linux-gnu/4.8/../../../i386-linux-gnu/crti.o
 .rel.text.packetbuf_hdrreduce
                0x000000000000f59c       0x28 /usr/lib/gcc/i686-linux-gnu/4.8/../../../i386-linux-gnu/crti.o
 .rel.text.packetbuf_set_datalen
                0x000000000000f5c4        0x8 /usr/lib/gcc/i686-linux-gnu/4.8/../../../i386-linux-gnu/crti.o
 .rel.text.packetbuf_dataptr
                0x000000000000f5cc       0x10 /usr/lib/gcc/i686-linux-gnu/4.8/../../../i386-linux-gnu/crti.o
 .rel.text.packetbuf_hdrptr
                0x000000000000f5dc        0x8 /usr/lib/gcc/i686-linux-gnu/4.8/../../../i386-linux-gnu/crti.o
 .rel.text.packetbuf_datalen
                0x000000000000f5e4        0x8 /usr/lib/gcc/i686-linux-gnu/4.8/../../../i386-linux-gnu/crti.o
 .rel.text.packetbuf_hdrlen
                0x000000000000f5ec       0x10 /usr/lib/gcc/i686-linux-gnu/4.8/../../../i386-linux-gnu/crti.o
 .rel.text.packetbuf_totlen
                0x000000000000f5fc       0x10 /usr/lib/gcc/i686-linux-gnu/4.8/../../../i386-linux-gnu/crti.o
 .rel.text.packetbuf_remaininglen
                0x000000000000f60c        0x8 /usr/lib/gcc/i686-linux-gnu/4.8/../../../i386-linux-gnu/crti.o
 .rel.text.packetbuf_attr_clear
                0x000000000000f614       0x28 /usr/lib/gcc/i686-linux-gnu/4.8/../../../i386-linux-gnu/crti.o
 .rel.text.packetbuf_attr_copyto
                0x000000000000f63c       0x30 /usr/lib/gcc/i686-linux-gnu/4.8/../../../i386-linux-gnu/crti.o
 .rel.text.packetbuf_attr_copyfrom
                0x000000000000f66c       0x30 /usr/lib/gcc/i686-linux-gnu/4.8/../../../i386-linux-gnu/crti.o
 .rel.text.packetbuf_holds_broadcast
                0x000000000000f69c       0x18 /usr/lib/gcc/i686-linux-gnu/4.8/../../../i386-linux-gnu/crti.o
 .rel.text.queuebuf_init
                0x000000000000f6b4       0x20 /usr/lib/gcc/i686-linux-gnu/4.8/../../../i386-linux-gnu/crti.o
 .rel.text.queuebuf_numfree
                0x000000000000f6d4       0x10 /usr/lib/gcc/i686-linux-gnu/4.8/../../../i386-linux-gnu/crti.o
 .rel.text.queuebuf_new_from_packetbuf
                0x000000000000f6e4       0x40 /usr/lib/gcc/i686-linux-gnu/4.8/../../../i386-linux-gnu/crti.o
 .rel.text.queuebuf_update_attr_from_packetbuf
                0x000000000000f724        0x8 /usr/lib/gcc/i686-linux-gnu/4.8/../../../i386-linux-gnu/crti.o
 .rel.text.queuebuf_update_from_packetbuf
                0x000000000000f72c       0x10 /usr/lib/gcc/i686-linux-gnu/4.8/../../../i386-linux-gnu/crti.o
 .rel.text.queuebuf_free
                0x000000000000f73c       0x30 /usr/lib/gcc/i686-linux-gnu/4.8/../../../i386-linux-gnu/crti.o
 .rel.text.queuebuf_to_packetbuf
                0x000000000000f76c       0x20 /usr/lib/gcc/i686-linux-gnu/4.8/../../../i386-linux-gnu/crti.o
 .rel.text.queuebuf_dataptr
                0x000000000000f78c       0x10 /usr/lib/gcc/i686-linux-gnu/4.8/../../../i386-linux-gnu/crti.o
 .rel.text.neighbor_queue_from_addr
                0x000000000000f79c       0x20 /usr/lib/gcc/i686-linux-gnu/4.8/../../../i386-linux-gnu/crti.o
 .rel.text.backoff_period
                0x000000000000f7bc        0x8 /usr/lib/gcc/i686-linux-gnu/4.8/../../../i386-linux-gnu/crti.o
 .rel.text.transmit_packet_list
                0x000000000000f7c4       0x18 /usr/lib/gcc/i686-linux-gnu/4.8/../../../i386-linux-gnu/crti.o
 .rel.text.schedule_transmission
                0x000000000000f7dc       0x18 /usr/lib/gcc/i686-linux-gnu/4.8/../../../i386-linux-gnu/crti.o
 .rel.text.free_packet
                0x000000000000f7f4       0x60 /usr/lib/gcc/i686-linux-gnu/4.8/../../../i386-linux-gnu/crti.o
 .rel.text.tx_done
                0x000000000000f854        0x8 /usr/lib/gcc/i686-linux-gnu/4.8/../../../i386-linux-gnu/crti.o
 .rel.text.rexmit
                0x000000000000f85c        0x8 /usr/lib/gcc/i686-linux-gnu/4.8/../../../i386-linux-gnu/crti.o
 .rel.text.input_packet
                0x000000000000f864        0x8 /usr/lib/gcc/i686-linux-gnu/4.8/../../../i386-linux-gnu/crti.o
 .rel.text.on   0x000000000000f86c       0x10 /usr/lib/gcc/i686-linux-gnu/4.8/../../../i386-linux-gnu/crti.o
 .rel.text.off  0x000000000000f87c       0x18 /usr/lib/gcc/i686-linux-gnu/4.8/../../../i386-linux-gnu/crti.o
 .rel.text.channel_check_interval
                0x000000000000f894       0x10 /usr/lib/gcc/i686-linux-gnu/4.8/../../../i386-linux-gnu/crti.o
 .rel.text.create_frame
                0x000000000000f8a4       0xc0 /usr/lib/gcc/i686-linux-gnu/4.8/../../../i386-linux-gnu/crti.o
 .rel.text.parse
                0x000000000000f964       0x38 /usr/lib/gcc/i686-linux-gnu/4.8/../../../i386-linux-gnu/crti.o
 .rel.text.send_one_packet
                0x000000000000f99c       0xd0 /usr/lib/gcc/i686-linux-gnu/4.8/../../../i386-linux-gnu/crti.o
 .rel.text.send_list
                0x000000000000fa6c        0x8 /usr/lib/gcc/i686-linux-gnu/4.8/../../../i386-linux-gnu/crti.o
 .rel.text.send
                0x000000000000fa74        0x8 /usr/lib/gcc/i686-linux-gnu/4.8/../../../i386-linux-gnu/crti.o
 .rel.text.stimer_set
                0x000000000000fa7c        0x8 /usr/lib/gcc/i686-linux-gnu/4.8/../../../i386-linux-gnu/crti.o
 .rel.text.stimer_restart
                0x000000000000fa84        0x8 /usr/lib/gcc/i686-linux-gnu/4.8/../../../i386-linux-gnu/crti.o
 .rel.text.stimer_expired
                0x000000000000fa8c        0x8 /usr/lib/gcc/i686-linux-gnu/4.8/../../../i386-linux-gnu/crti.o
 .rel.text.stimer_remaining
                0x000000000000fa94        0x8 /usr/lib/gcc/i686-linux-gnu/4.8/../../../i386-linux-gnu/crti.o
 .rel.text.stimer_elapsed
                0x000000000000fa9c        0x8 /usr/lib/gcc/i686-linux-gnu/4.8/../../../i386-linux-gnu/crti.o
 .rel.text.input_handler_lookup
                0x000000000000faa4       0x18 /usr/lib/gcc/i686-linux-gnu/4.8/../../../i386-linux-gnu/crti.o
 .rel.text.uip_icmp6_register_input_handler
                0x000000000000fabc       0x10 /usr/lib/gcc/i686-linux-gnu/4.8/../../../i386-linux-gnu/crti.o
 .rel.text.echo_request_input
                0x000000000000facc      0x160 /usr/lib/gcc/i686-linux-gnu/4.8/../../../i386-linux-gnu/crti.o
 .rel.text.uip_icmp6_error_output
                0x000000000000fc2c      0x250 /usr/lib/gcc/i686-linux-gnu/4.8/../../../i386-linux-gnu/crti.o
 .rel.text.uip_icmp6_send
                0x000000000000fe7c       0xc0 /usr/lib/gcc/i686-linux-gnu/4.8/../../../i386-linux-gnu/crti.o
 .rel.text.echo_reply_input
                0x000000000000ff3c       0xd0 /usr/lib/gcc/i686-linux-gnu/4.8/../../../i386-linux-gnu/crti.o
 .rel.text.uip_icmp6_echo_reply_callback_add
                0x000000000001000c       0x10 /usr/lib/gcc/i686-linux-gnu/4.8/../../../i386-linux-gnu/crti.o
 .rel.text.uip_icmp6_echo_reply_callback_rm
                0x000000000001001c       0x10 /usr/lib/gcc/i686-linux-gnu/4.8/../../../i386-linux-gnu/crti.o
 .rel.text.uip_icmp6_init
                0x000000000001002c       0x20 /usr/lib/gcc/i686-linux-gnu/4.8/../../../i386-linux-gnu/crti.o
 .rel.text.update_nbr
                0x000000000001004c       0xe0 /usr/lib/gcc/i686-linux-gnu/4.8/../../../i386-linux-gnu/crti.o
 .rel.text.find_removable_dis
                0x000000000001012c       0x10 /usr/lib/gcc/i686-linux-gnu/4.8/../../../i386-linux-gnu/crti.o
 .rel.text.find_removable_dio
                0x000000000001013c       0x18 /usr/lib/gcc/i686-linux-gnu/4.8/../../../i386-linux-gnu/crti.o
 .rel.text.find_removable_dao
                0x0000000000010154       0x10 /usr/lib/gcc/i686-linux-gnu/4.8/../../../i386-linux-gnu/crti.o
 .rel.text.rpl_nbr_policy_find_removable
                0x0000000000010164       0x30 /usr/lib/gcc/i686-linux-gnu/4.8/../../../i386-linux-gnu/crti.o
 .rel.text.frame802154_get_pan_id
                0x0000000000010194        0x8 /usr/lib/gcc/i686-linux-gnu/4.8/../../../i386-linux-gnu/crti.o
 .rel.text.frame802154_set_pan_id
                0x000000000001019c        0x8 /usr/lib/gcc/i686-linux-gnu/4.8/../../../i386-linux-gnu/crti.o
 .rel.text.frame802154_check_dest_panid
                0x00000000000101a4       0x10 /usr/lib/gcc/i686-linux-gnu/4.8/../../../i386-linux-gnu/crti.o
 .rel.text.frame802154_extract_linkaddr
                0x00000000000101b4       0x40 /usr/lib/gcc/i686-linux-gnu/4.8/../../../i386-linux-gnu/crti.o
 .rel.text.field_len
                0x00000000000101f4       0x10 /usr/lib/gcc/i686-linux-gnu/4.8/../../../i386-linux-gnu/crti.o
 .rel.text.frame802154_create
                0x0000000000010204        0x8 /usr/lib/gcc/i686-linux-gnu/4.8/../../../i386-linux-gnu/crti.o
 .rel.text.frame802154_parse
                0x000000000001020c       0x50 /usr/lib/gcc/i686-linux-gnu/4.8/../../../i386-linux-gnu/crti.o
 .rel.text.mac_sequence_is_duplicate
                0x000000000001025c       0x28 /usr/lib/gcc/i686-linux-gnu/4.8/../../../i386-linux-gnu/crti.o
 .rel.text.mac_sequence_register_seqno
                0x0000000000010284       0x48 /usr/lib/gcc/i686-linux-gnu/4.8/../../../i386-linux-gnu/crti.o
 *(.rel.fini)
 .rel.fini      0x0000000000000000        0x0 /usr/lib/gcc/i686-linux-gnu/4.8/../../../i386-linux-gnu/crti.o
 *(.rel.rodata .rel.rodata.* .rel.gnu.linkonce.r.*)
 .rel.rodata    0x00000000000102cc      0x630 /usr/lib/gcc/i686-linux-gnu/4.8/../../../i386-linux-gnu/crti.o
 *(.rel.data.rel.ro .rel.data.rel.ro.* .rel.gnu.linkonce.d.rel.ro.*)
 *(.rel.data .rel.data.* .rel.gnu.linkonce.d.*)
 .rel.data.rel  0x00000000000108fc        0x8 /usr/lib/gcc/i686-linux-gnu/4.8/../../../i386-linux-gnu/crti.o
 .rel.data      0x0000000000010904      0x350 /usr/lib/gcc/i686-linux-gnu/4.8/../../../i386-linux-gnu/crti.o
 *(.rel.tdata .rel.tdata.* .rel.gnu.linkonce.td.*)
 *(.rel.tbss .rel.tbss.* .rel.gnu.linkonce.tb.*)
 *(.rel.ctors)
 *(.rel.dtors)
 *(.rel.got)
 .rel.got       0x0000000000010c54       0x28 /usr/lib/gcc/i686-linux-gnu/4.8/../../../i386-linux-gnu/crti.o
 *(.rel.bss .rel.bss.* .rel.gnu.linkonce.b.*)
 *(.rel.ifunc)
 .rel.ifunc     0x0000000000000000        0x0 /usr/lib/gcc/i686-linux-gnu/4.8/../../../i386-linux-gnu/crti.o
 .rel.fini_array
                0x0000000000010c7c        0x8 /usr/lib/gcc/i686-linux-gnu/4.8/../../../i386-linux-gnu/crti.o
 .rel.init_array
                0x0000000000010c84        0x8 /usr/lib/gcc/i686-linux-gnu/4.8/../../../i386-linux-gnu/crti.o

.rel.plt        0x0000000000010c8c       0x10
 *(.rel.plt)
 .rel.plt       0x0000000000010c8c       0x10 /usr/lib/gcc/i686-linux-gnu/4.8/../../../i386-linux-gnu/crti.o
 *(.rel.iplt)

.init           0x0000000000010c9c       0x23
 *(SORT(.init))
 .init          0x0000000000010c9c       0x1e /usr/lib/gcc/i686-linux-gnu/4.8/../../../i386-linux-gnu/crti.o
                0x0000000000010c9c                _init
 .init          0x0000000000010cba        0x5 /usr/lib/gcc/i686-linux-gnu/4.8/../../../i386-linux-gnu/crtn.o

.plt            0x0000000000010cc0       0x30
 *(.plt)
 .plt           0x0000000000010cc0       0x30 /usr/lib/gcc/i686-linux-gnu/4.8/../../../i386-linux-gnu/crti.o
 *(.iplt)

.text           0x0000000000010cf0    0x1f7df
 *(.text.unlikely .text.*_unlikely .text.unlikely.*)
 *(.text.exit .text.exit.*)
 *(.text.startup .text.startup.*)
 *(.text.hot .text.hot.*)
 *(.text .stub .text.* .gnu.linkonce.t.*)
 .text          0x0000000000010cf0        0x0 /usr/lib/gcc/i686-linux-gnu/4.8/../../../i386-linux-gnu/crti.o
 .gnu.linkonce.t.__x86.get_pc_thunk.bx
                0x0000000000010cf0        0x4 /usr/lib/gcc/i686-linux-gnu/4.8/../../../i386-linux-gnu/crti.o
                0x0000000000010cf0                __x86.get_pc_thunk.bx
 *fill*         0x0000000000010cf4        0xc 
 .text          0x0000000000010d00      0x11b /usr/lib/gcc/i686-linux-gnu/4.8/crtbeginS.o
 .text          0x0000000000010e1b        0x0 sensor.co
 .text.dtls_alert_create
                0x0000000000010e1b       0x10 sensor.co
 .text.dtls_alert_fatal_create
                0x0000000000010e2b       0x1b sensor.co
 .text.dtls_set_handler
                0x0000000000010e46        0xe sensor.co
 .text.read_from_peer
                0x0000000000010e54      0x1ef sensor.co
 .text.send_to_peer
                0x0000000000011043       0xcd sensor.co
 .text.get_psk_info
                0x0000000000011110      0x15e sensor.co
 .text.print_local_addresses
                0x000000000001126e       0x80 sensor.co
 .text.dtls_handle_read
                0x00000000000112ee      0x105 sensor.co
 .text.cfs_prepare_data
                0x00000000000113f3      0x1b0 sensor.co
                0x00000000000113f3                cfs_prepare_data
 .text.dtls_complete
                0x00000000000115a3       0x5b sensor.co
 .text.init_dtls
                0x00000000000115fe       0x70 sensor.co
                0x00000000000115fe                init_dtls
 .text.prepare_mcast
                0x000000000001166e       0x74 sensor.co
 .text.process_thread_udp_server_process
                0x00000000000116e2      0x195 sensor.co
 .text          0x0000000000011877        0x0 obj_cooja/mtype179.o
 .text.print_processes
                0x0000000000011877       0x47 obj_cooja/mtype179.o
 .text.rtimer_thread_loop
                0x00000000000118be       0x12 obj_cooja/mtype179.o
 .text.set_rime_addr
                0x00000000000118d0       0xdd obj_cooja/mtype179.o
 .text.contiki_init
                0x00000000000119ad      0x385 obj_cooja/mtype179.o
                0x00000000000119ad                contiki_init
 .text.process_run_thread_loop
                0x0000000000011d32       0x6a obj_cooja/mtype179.o
 .text.Java_org_contikios_cooja_corecomm_Lib1_init
                0x0000000000011d9c       0x40 obj_cooja/mtype179.o
                0x0000000000011d9c                Java_org_contikios_cooja_corecomm_Lib1_init
 .text.Java_org_contikios_cooja_corecomm_Lib1_getMemory
                0x0000000000011ddc       0x40 obj_cooja/mtype179.o
                0x0000000000011ddc                Java_org_contikios_cooja_corecomm_Lib1_getMemory
 .text.Java_org_contikios_cooja_corecomm_Lib1_setMemory
                0x0000000000011e1c       0x77 obj_cooja/mtype179.o
                0x0000000000011e1c                Java_org_contikios_cooja_corecomm_Lib1_setMemory
 .text.Java_org_contikios_cooja_corecomm_Lib1_tick
                0x0000000000011e93       0x5f obj_cooja/mtype179.o
                0x0000000000011e93                Java_org_contikios_cooja_corecomm_Lib1_tick
 .text.Java_org_contikios_cooja_corecomm_Lib1_setReferenceAddress
                0x0000000000011ef2       0x12 obj_cooja/mtype179.o
                0x0000000000011ef2                Java_org_contikios_cooja_corecomm_Lib1_setReferenceAddress
 .text          0x0000000000011f04        0x0 obj_cooja/mtype179.a(dtls.o)
 .text.equals   0x0000000000011f04       0x44 obj_cooja/mtype179.a(dtls.o)
 .text.check_stack
                0x0000000000011f48        0x5 obj_cooja/mtype179.a(dtls.o)
 .text.dtls_int_to_uint8
                0x0000000000011f4d       0x1c obj_cooja/mtype179.a(dtls.o)
 .text.dtls_int_to_uint16
                0x0000000000011f69       0x2f obj_cooja/mtype179.a(dtls.o)
 .text.dtls_int_to_uint24
                0x0000000000011f98       0x30 obj_cooja/mtype179.a(dtls.o)
 .text.dtls_int_to_uint32
                0x0000000000011fc8       0x3e obj_cooja/mtype179.a(dtls.o)
 .text.dtls_int_to_uint48
                0x0000000000012006       0x89 obj_cooja/mtype179.a(dtls.o)
 .text.dtls_uint8_to_int
                0x000000000001208f        0xb obj_cooja/mtype179.a(dtls.o)
 .text.dtls_uint16_to_int
                0x000000000001209a       0x21 obj_cooja/mtype179.a(dtls.o)
 .text.dtls_uint24_to_int
                0x00000000000120bb       0x32 obj_cooja/mtype179.a(dtls.o)
 .text.dtls_hash_init
                0x00000000000120ed       0x13 obj_cooja/mtype179.a(dtls.o)
 .text.dtls_hash_update
                0x0000000000012100       0x21 obj_cooja/mtype179.a(dtls.o)
 .text.dtls_hash_finalize
                0x0000000000012121       0x1f obj_cooja/mtype179.a(dtls.o)
 .text.dtls_security_params_epoch
                0x0000000000012140       0x58 obj_cooja/mtype179.a(dtls.o)
 .text.dtls_security_params
                0x0000000000012198        0xb obj_cooja/mtype179.a(dtls.o)
 .text.dtls_security_params_next
                0x00000000000121a3       0x59 obj_cooja/mtype179.a(dtls.o)
 .text.dtls_security_params_free_other
                0x00000000000121fc       0x50 obj_cooja/mtype179.a(dtls.o)
 .text.dtls_security_params_switch
                0x000000000001224c       0x26 obj_cooja/mtype179.a(dtls.o)
 .text.dtls_alert_create
                0x0000000000012272       0x10 obj_cooja/mtype179.a(dtls.o)
 .text.dtls_alert_fatal_create
                0x0000000000012282       0x1b obj_cooja/mtype179.a(dtls.o)
 .text.dtls_prng
                0x000000000001229d       0x52 obj_cooja/mtype179.a(dtls.o)
 .text.dtls_prng_init
                0x00000000000122ef        0xf obj_cooja/mtype179.a(dtls.o)
 .text.malloc_context
                0x00000000000122fe        0xa obj_cooja/mtype179.a(dtls.o)
 .text.free_context
                0x0000000000012308        0x5 obj_cooja/mtype179.a(dtls.o)
 .text.dtls_init
                0x000000000001230d       0x1c obj_cooja/mtype179.a(dtls.o)
                0x000000000001230d                dtls_init
 .text.dtls_send
                0x0000000000012329       0x5e obj_cooja/mtype179.a(dtls.o)
 .text.dtls_get_peer
                0x0000000000012387       0x57 obj_cooja/mtype179.a(dtls.o)
                0x0000000000012387                dtls_get_peer
 .text.dtls_add_peer
                0x00000000000123de       0x1d obj_cooja/mtype179.a(dtls.o)
 .text.dtls_write
                0x00000000000123fb       0x94 obj_cooja/mtype179.a(dtls.o)
                0x00000000000123fb                dtls_write
 .text.dtls_get_cookie
                0x000000000001248f       0xd8 obj_cooja/mtype179.a(dtls.o)
 .text.dtls_create_cookie
                0x0000000000012567      0x233 obj_cooja/mtype179.a(dtls.o)
 .text.is_record
                0x000000000001279a       0x58 obj_cooja/mtype179.a(dtls.o)
 .text.dtls_set_record_header
                0x00000000000127f2       0xd9 obj_cooja/mtype179.a(dtls.o)
 .text.dtls_set_handshake_header
                0x00000000000128cb       0xc8 obj_cooja/mtype179.a(dtls.o)
 .text.is_tls_ecdhe_ecdsa_with_aes_128_ccm_8
                0x0000000000012993        0xa obj_cooja/mtype179.a(dtls.o)
 .text.is_tls_psk_with_aes_128_ccm_8
                0x000000000001299d       0x12 obj_cooja/mtype179.a(dtls.o)
 .text.is_psk_supported
                0x00000000000129af       0x2e obj_cooja/mtype179.a(dtls.o)
 .text.is_rpk_supported
                0x00000000000129dd        0xa obj_cooja/mtype179.a(dtls.o)
 .text.is_cert_supported
                0x00000000000129e7        0xa obj_cooja/mtype179.a(dtls.o)
 .text.known_cipher
                0x00000000000129f1       0x7c obj_cooja/mtype179.a(dtls.o)
 .text.dtls_debug_keyblock
                0x0000000000012a6d      0x130 obj_cooja/mtype179.a(dtls.o)
 .text.dtls_handshake_type_to_name
                0x0000000000012b9d       0x6c obj_cooja/mtype179.a(dtls.o)
 .text.calculate_key_block
                0x0000000000012c09      0x39e obj_cooja/mtype179.a(dtls.o)
 .text.dtls_check_tls_extension
                0x0000000000012fa7      0x1a0 obj_cooja/mtype179.a(dtls.o)
 .text.dtls_update_parameters
                0x0000000000013147      0x376 obj_cooja/mtype179.a(dtls.o)
 .text.check_client_keyexchange
                0x00000000000134bd       0xd5 obj_cooja/mtype179.a(dtls.o)
 .text.update_hs_hash
                0x0000000000013592       0x51 obj_cooja/mtype179.a(dtls.o)
 .text.copy_hs_hash
                0x00000000000135e3       0x28 obj_cooja/mtype179.a(dtls.o)
 .text.finalize_hs_hash
                0x000000000001360b       0x20 obj_cooja/mtype179.a(dtls.o)
 .text.clear_hs_hash
                0x000000000001362b       0x3f obj_cooja/mtype179.a(dtls.o)
 .text.check_finished
                0x000000000001366a      0x1ef obj_cooja/mtype179.a(dtls.o)
 .text.dtls_prepare_record
                0x0000000000013859      0x550 obj_cooja/mtype179.a(dtls.o)
 .text.dtls_send_handshake_msg_hash
                0x0000000000013da9      0x172 obj_cooja/mtype179.a(dtls.o)
 .text.dtls_send_handshake_msg
                0x0000000000013f1b       0x48 obj_cooja/mtype179.a(dtls.o)
 .text.dtls_encrypt_data