Archive member included to satisfy reference by file (symbol)

obj_cooja/mtype176.a(dtls.o)  dtls-server.co (dtls_init)
obj_cooja/mtype176.a(tinydtls-crypto)
                              obj_cooja/mtype176.a(dtls.o) (dtls_crypto_init)
obj_cooja/mtype176.a(hmac.o)  obj_cooja/mtype176.a(dtls.o) (dtls_hmac_update)
obj_cooja/mtype176.a(netq.o)  obj_cooja/mtype176.a(dtls.o) (netq_init)
obj_cooja/mtype176.a(dtls_time.o)
                              obj_cooja/mtype176.a(dtls.o) (dtls_clock_init)
obj_cooja/mtype176.a(peer.o)  obj_cooja/mtype176.a(dtls.o) (peer_init)
obj_cooja/mtype176.a(session.o)
                              obj_cooja/mtype176.a(dtls.o) (dtls_session_equals)
obj_cooja/mtype176.a(rijndael.o)
                              obj_cooja/mtype176.a(tinydtls-crypto) (rijndael_set_key_enc_only)
obj_cooja/mtype176.a(tinydtls-ccm.o)
                              obj_cooja/mtype176.a(tinydtls-crypto) (dtls_ccm_encrypt_message)
obj_cooja/mtype176.a(sha2.o)  obj_cooja/mtype176.a(dtls.o) (SHA256_Init)
obj_cooja/mtype176.a(debug.o)
                              dtls-server.co (dtls_set_log_level)
obj_cooja/mtype176.a(simEnvChange.o)
                              obj_cooja/mtype176.o (simDontFallAsleep)
obj_cooja/mtype176.a(cooja_mt.o)
                              obj_cooja/mtype176.o (cooja_mt_start)
obj_cooja/mtype176.a(cooja_mtarch.o)
                              obj_cooja/mtype176.a(cooja_mt.o) (cooja_mtarch_init)
obj_cooja/mtype176.a(rtimer-arch.o)
                              obj_cooja/mtype176.o (rtimer_arch_check)
obj_cooja/mtype176.a(beep.o)  obj_cooja/mtype176.o (beep_interface)
obj_cooja/mtype176.a(button-sensor.o)
                              obj_cooja/mtype176.o (button_interface)
obj_cooja/mtype176.a(leds-arch.o)
                              obj_cooja/mtype176.o (leds_interface)
obj_cooja/mtype176.a(moteid.o)
                              obj_cooja/mtype176.o (moteid_interface)
obj_cooja/mtype176.a(pir-sensor.o)
                              obj_cooja/mtype176.o (pir_interface)
obj_cooja/mtype176.a(rs232.o)
                              obj_cooja/mtype176.o (rs232_interface)
obj_cooja/mtype176.a(vib-sensor.o)
                              obj_cooja/mtype176.o (vib_interface)
obj_cooja/mtype176.a(clock.o)
                              obj_cooja/mtype176.o (clock_interface)
obj_cooja/mtype176.a(log.o)   obj_cooja/mtype176.o (simlog_interface)
obj_cooja/mtype176.a(cfs-cooja.o)
                              obj_cooja/mtype176.o (cfs_interface)
obj_cooja/mtype176.a(cooja-radio.o)
                              obj_cooja/mtype176.o (radio_interface)
obj_cooja/mtype176.a(eeprom.o)
                              obj_cooja/mtype176.o (eeprom_interface)
obj_cooja/mtype176.a(random.o)
                              obj_cooja/mtype176.a(moteid.o) (random_init)
obj_cooja/mtype176.a(sensors.o)
                              obj_cooja/mtype176.o (sensors_process)
obj_cooja/mtype176.a(autostart.o)
                              obj_cooja/mtype176.o (autostart_start)
obj_cooja/mtype176.a(ctimer.o)
                              obj_cooja/mtype176.o (ctimer_init)
obj_cooja/mtype176.a(etimer.o)
                              obj_cooja/mtype176.o (etimer_process)
obj_cooja/mtype176.a(process.o)
                              obj_cooja/mtype176.a(dtls.o) (process_current)
obj_cooja/mtype176.a(rtimer.o)
                              obj_cooja/mtype176.a(rtimer-arch.o) (rtimer_run_next)
obj_cooja/mtype176.a(timer.o)
                              obj_cooja/mtype176.a(button-sensor.o) (timer_set)
obj_cooja/mtype176.a(serial-line.o)
                              obj_cooja/mtype176.a(rs232.o) (serial_line_input_byte)
obj_cooja/mtype176.a(assert.o)
                              obj_cooja/mtype176.a(dtls.o) (_xassert)
obj_cooja/mtype176.a(list.o)  obj_cooja/mtype176.a(dtls.o) (list_init)
obj_cooja/mtype176.a(memb.o)  obj_cooja/mtype176.a(tinydtls-crypto) (memb_init)
obj_cooja/mtype176.a(ringbuf.o)
                              obj_cooja/mtype176.a(serial-line.o) (ringbuf_init)
obj_cooja/mtype176.a(sicslowpan.o)
                              obj_cooja/mtype176.o (sicslowpan_driver)
obj_cooja/mtype176.a(uip-ds6-nbr.o)
                              obj_cooja/mtype176.a(sicslowpan.o) (uip_ds6_link_neighbor_callback)
obj_cooja/mtype176.a(uip-ds6-route.o)
                              obj_cooja/mtype176.a(uip-ds6-nbr.o) (uip_ds6_defrt_lookup)
obj_cooja/mtype176.a(uip-ds6.o)
                              dtls-server.co (uip_ds6_if)
obj_cooja/mtype176.a(uip-nd6.o)
                              obj_cooja/mtype176.a(uip-ds6-nbr.o) (uip_nd6_ns_output)
obj_cooja/mtype176.a(uip6.o)  dtls-server.co (uip_lladdr)
obj_cooja/mtype176.a(resolv.o)
                              dtls-server.co (resolv_process)
obj_cooja/mtype176.a(tcpip.o)
                              dtls-server.co (tcpip_event)
obj_cooja/mtype176.a(uip-debug.o)
                              dtls-server.co (uip_debug_ipaddr_print)
obj_cooja/mtype176.a(uip-nameserver.)
[...]
Memory Configuration

Name             Origin             Length             Attributes
*default*        0x0000000000000000 0xffffffffffffffff

Linker script and memory map

LOAD /usr/lib/gcc/i686-linux-gnu/4.8/../../../i386-linux-gnu/crti.o
LOAD /usr/lib/gcc/i686-linux-gnu/4.8/crtbeginS.o
LOAD dtls-server.co
LOAD obj_cooja/mtype176.o
LOAD obj_cooja/mtype176.a
LOAD /usr/lib/gcc/i686-linux-gnu/4.8/libgcc.a
LOAD /usr/lib/gcc/i686-linux-gnu/4.8/libgcc_s.so
LOAD /usr/lib/gcc/i686-linux-gnu/4.8/../../../i386-linux-gnu/libc.so
START GROUP
LOAD /lib/i386-linux-gnu/libc.so.6
LOAD /usr/lib/i386-linux-gnu/libc_nonshared.a
LOAD /lib/i386-linux-gnu/ld-linux.so.2
END GROUP
LOAD /usr/lib/gcc/i686-linux-gnu/4.8/libgcc.a
LOAD /usr/lib/gcc/i686-linux-gnu/4.8/libgcc_s.so
LOAD /usr/lib/gcc/i686-linux-gnu/4.8/crtendS.o
LOAD /usr/lib/gcc/i686-linux-gnu/4.8/../../../i386-linux-gnu/crtn.o
                0x0000000000000114                . = (0x0 + SIZEOF_HEADERS)

.note.gnu.build-id
                0x0000000000000114       0x24
 *(.note.gnu.build-id)
 .note.gnu.build-id
                0x0000000000000114       0x24 /usr/lib/gcc/i686-linux-gnu/4.8/../../../i386-linux-gnu/crti.o

.hash
 *(.hash)

.gnu.hash       0x0000000000000138     0x13b0
 *(.gnu.hash)
 .gnu.hash      0x0000000000000138     0x13b0 /usr/lib/gcc/i686-linux-gnu/4.8/../../../i386-linux-gnu/crti.o

.dynsym         0x00000000000014e8     0x2760
 *(.dynsym)
 .dynsym        0x00000000000014e8     0x2760 /usr/lib/gcc/i686-linux-gnu/4.8/../../../i386-linux-gnu/crti.o

.dynstr         0x0000000000003c48     0x28da
 *(.dynstr)
 .dynstr        0x0000000000003c48     0x28da /usr/lib/gcc/i686-linux-gnu/4.8/../../../i386-linux-gnu/crti.o

.gnu.version    0x0000000000006522      0x4ec
 *(.gnu.version)
 .gnu.version   0x0000000000006522      0x4ec /usr/lib/gcc/i686-linux-gnu/4.8/../../../i386-linux-gnu/crti.o

.gnu.version_d  0x0000000000006a10        0x0
 *(.gnu.version_d)
 .gnu.version_d
                0x0000000000000000        0x0 /usr/lib/gcc/i686-linux-gnu/4.8/../../../i386-linux-gnu/crti.o

.gnu.version_r  0x0000000000006a10       0x40
 *(.gnu.version_r)
 .gnu.version_r
                0x0000000000006a10       0x40 /usr/lib/gcc/i686-linux-gnu/4.8/../../../i386-linux-gnu/crti.o

.rel.dyn        0x0000000000006a50     0xa690
 *(.rel.init)
 .rel.init      0x0000000000000000        0x0 /usr/lib/gcc/i686-linux-gnu/4.8/../../../i386-linux-gnu/crti.o
 *(.rel.text .rel.text.* .rel.gnu.linkonce.t.*)
 .rel.text      0x0000000000000000        0x0 /usr/lib/gcc/i686-linux-gnu/4.8/../../../i386-linux-gnu/crti.o
 .rel.text.read_from_peer
                0x0000000000006a50       0x18 /usr/lib/gcc/i686-linux-gnu/4.8/../../../i386-linux-gnu/crti.o
 .rel.text.send_to_peer
                0x0000000000006a68       0x48 /usr/lib/gcc/i686-linux-gnu/4.8/../../../i386-linux-gnu/crti.o
 .rel.text.get_psk_info
                0x0000000000006ab0       0x50 /usr/lib/gcc/i686-linux-gnu/4.8/../../../i386-linux-gnu/crti.o
 .rel.text.tcpip_handler
                0x0000000000006b00       0xd8 /usr/lib/gcc/i686-linux-gnu/4.8/../../../i386-linux-gnu/crti.o
 .rel.text.print_local_addresses
                0x0000000000006bd8       0x40 /usr/lib/gcc/i686-linux-gnu/4.8/../../../i386-linux-gnu/crti.o
 .rel.text.dtls_handle_read
                0x0000000000006c18       0x88 /usr/lib/gcc/i686-linux-gnu/4.8/../../../i386-linux-gnu/crti.o
 .rel.text.init_dtls
                0x0000000000006ca0       0x60 /usr/lib/gcc/i686-linux-gnu/4.8/../../../i386-linux-gnu/crti.o
 .rel.text.process_thread_udp_server_process
                0x0000000000006d00       0x88 /usr/lib/gcc/i686-linux-gnu/4.8/../../../i386-linux-gnu/crti.o
 .rel.text.print_processes
                0x0000000000006d88       0x28 /usr/lib/gcc/i686-linux-gnu/4.8/../../../i386-linux-gnu/crti.o
 .rel.text.rtimer_thread_loop
                0x0000000000006db0       0x10 /usr/lib/gcc/i686-linux-gnu/4.8/../../../i386-linux-gnu/crti.o
 .rel.text.set_rime_addr
                0x0000000000006dc0       0x58 /usr/lib/gcc/i686-linux-gnu/4.8/../../../i386-linux-gnu/crti.o
 .rel.text.contiki_init
                0x0000000000006e18      0x1d0 /usr/lib/gcc/i686-linux-gnu/4.8/../../../i386-linux-gnu/crti.o
 .rel.text.process_run_thread_loop
                0x0000000000006fe8       0x70 /usr/lib/gcc/i686-linux-gnu/4.8/../../../i386-linux-gnu/crti.o
 .rel.text.Java_org_contikios_cooja_corecomm_Lib1_init
                0x0000000000007058       0x30 /usr/lib/gcc/i686-linux-gnu/4.8/../../../i386-linux-gnu/crti.o
 .rel.text.Java_org_contikios_cooja_corecomm_Lib1_getMemory
                0x0000000000007088        0x8 /usr/lib/gcc/i686-linux-gnu/4.8/../../../i386-linux-gnu/crti.o
 .rel.text.Java_org_contikios_cooja_corecomm_Lib1_setMemory
                0x0000000000007090       0x10 /usr/lib/gcc/i686-linux-gnu/4.8/../../../i386-linux-gnu/crti.o
 .rel.text.Java_org_contikios_cooja_corecomm_Lib1_tick
                0x00000000000070a0       0x70 /usr/lib/gcc/i686-linux-gnu/4.8/../../../i386-linux-gnu/crti.o
 .rel.text.Java_org_contikios_cooja_corecomm_Lib1_setReferenceAddress
                0x0000000000007110       0x10 /usr/lib/gcc/i686-linux-gnu/4.8/../../../i386-linux-gnu/crti.o
 .rel.text.dtls_hash_init
                0x0000000000007120       0x18 /usr/lib/gcc/i686-linux-gnu/4.8/../../../i386-linux-gnu/crti.o
 .rel.text.dtls_hash_update
                0x0000000000007138       0x10 /usr/lib/gcc/i686-linux-gnu/4.8/../../../i386-linux-gnu/crti.o
 .rel.text.dtls_hash_finalize
                0x0000000000007148       0x10 /usr/lib/gcc/i686-linux-gnu/4.8/../../../i386-linux-gnu/crti.o
 .rel.text.dtls_security_params_next
                0x0000000000007158       0x10 /usr/lib/gcc/i686-linux-gnu/4.8/../../../i386-linux-gnu/crti.o
 .rel.text.dtls_security_params_free_other
                0x0000000000007168        0x8 /usr/lib/gcc/i686-linux-gnu/4.8/../../../i386-linux-gnu/crti.o
 .rel.text.dtls_prng
                0x0000000000007170       0x18 /usr/lib/gcc/i686-linux-gnu/4.8/../../../i386-linux-gnu/crti.o
 .rel.text.malloc_context
                0x0000000000007188        0x8 /usr/lib/gcc/i686-linux-gnu/4.8/../../../i386-linux-gnu/crti.o
 .rel.text.dtls_init
                0x0000000000007190       0x20 /usr/lib/gcc/i686-linux-gnu/4.8/../../../i386-linux-gnu/crti.o
 .rel.text.dtls_get_peer
                0x00000000000071b0       0x18 /usr/lib/gcc/i686-linux-gnu/4.8/../../../i386-linux-gnu/crti.o
 .rel.text.dtls_add_peer
                0x00000000000071c8        0x8 /usr/lib/gcc/i686-linux-gnu/4.8/../../../i386-linux-gnu/crti.o
 .rel.text.dtls_write
                0x00000000000071d0       0x10 /usr/lib/gcc/i686-linux-gnu/4.8/../../../i386-linux-gnu/crti.o
 .rel.text.dtls_create_cookie
                0x00000000000071e0       0x40 /usr/lib/gcc/i686-linux-gnu/4.8/../../../i386-linux-gnu/crti.o
 .rel.text.dtls_set_record_header
                0x0000000000007220       0x10 /usr/lib/gcc/i686-linux-gnu/4.8/../../../i386-linux-gnu/crti.o
 .rel.text.dtls_set_handshake_header
                0x0000000000007230        0x8 /usr/lib/gcc/i686-linux-gnu/4.8/../../../i386-linux-gnu/crti.o
 .rel.text.dtls_debug_keyblock
                0x0000000000007238       0x60 /usr/lib/gcc/i686-linux-gnu/4.8/../../../i386-linux-gnu/crti.o
 .rel.text.dtls_handshake_type_to_name
                0x0000000000007298       0x68 /usr/lib/gcc/i686-linux-gnu/4.8/../../../i386-linux-gnu/crti.o
 .rel.text.calculate_key_block
                0x0000000000007300       0xb8 /usr/lib/gcc/i686-linux-gnu/4.8/../../../i386-linux-gnu/crti.o
 .rel.text.dtls_check_tls_extension
                0x00000000000073b8       0x30 /usr/lib/gcc/i686-linux-gnu/4.8/../../../i386-linux-gnu/crti.o
 .rel.text.dtls_update_parameters
                0x00000000000073e8       0x48 /usr/lib/gcc/i686-linux-gnu/4.8/../../../i386-linux-gnu/crti.o
 .rel.text.check_client_keyexchange
                0x0000000000007430       0x18 /usr/lib/gcc/i686-linux-gnu/4.8/../../../i386-linux-gnu/crti.o
 .rel.text.update_hs_hash
                0x0000000000007448       0x10 /usr/lib/gcc/i686-linux-gnu/4.8/../../../i386-linux-gnu/crti.o
 .rel.text.copy_hs_hash
                0x0000000000007458        0x8 /usr/lib/gcc/i686-linux-gnu/4.8/../../../i386-linux-gnu/crti.o
 .rel.text.clear_hs_hash
                0x0000000000007460       0x10 /usr/lib/gcc/i686-linux-gnu/4.8/../../../i386-linux-gnu/crti.o
 .rel.text.check_finished
                0x0000000000007470       0x58 /usr/lib/gcc/i686-linux-gnu/4.8/../../../i386-linux-gnu/crti.o
 .rel.text.dtls_prepare_record
                0x00000000000074c8       0x90 /usr/lib/gcc/i686-linux-gnu/4.8/../../../i386-linux-gnu/crti.o
 .rel.text.dtls_send_handshake_msg_hash
                0x0000000000007558        0x8 /usr/lib/gcc/i686-linux-gnu/4.8/../../../i386-linux-gnu/crti.o
 .rel.text.dtls_send_multi
                0x0000000000007560       0x98 /usr/lib/gcc/i686-linux-gnu/4.8/../../../i386-linux-gnu/crti.o
 .rel.text.dtls_close
                0x00000000000075f8       0x30 /usr/lib/gcc/i686-linux-gnu/4.8/../../../i386-linux-gnu/crti.o
 .rel.text.dtls_destroy_peer
                0x0000000000007628       0x28 /usr/lib/gcc/i686-linux-gnu/4.8/../../../i386-linux-gnu/crti.o
 .rel.text.dtls_verify_peer
                0x0000000000007650       0x80 /usr/lib/gcc/i686-linux-gnu/4.8/../../../i386-linux-gnu/crti.o
 .rel.text.dtls_send_server_hello
                0x00000000000076d0       0x30 /usr/lib/gcc/i686-linux-gnu/4.8/../../../i386-linux-gnu/crti.o
 .rel.text.dtls_send_server_key_exchange_psk
                0x0000000000007700       0x40 /usr/lib/gcc/i686-linux-gnu/4.8/../../../i386-linux-gnu/crti.o
 .rel.text.dtls_send_server_hello_msgs
                0x0000000000007740        0x8 /usr/lib/gcc/i686-linux-gnu/4.8/../../../i386-linux-gnu/crti.o
 .rel.text.dtls_send_client_key_exchange
                0x0000000000007748       0x60 /usr/lib/gcc/i686-linux-gnu/4.8/../../../i386-linux-gnu/crti.o
 .rel.text.dtls_send_finished
                0x00000000000077a8       0x38 /usr/lib/gcc/i686-linux-gnu/4.8/../../../i386-linux-gnu/crti.o
 .rel.text.dtls_send_client_hello
                0x00000000000077e0       0x50 /usr/lib/gcc/i686-linux-gnu/4.8/../../../i386-linux-gnu/crti.o
 .rel.text.check_server_hello
                0x0000000000007830       0x38 /usr/lib/gcc/i686-linux-gnu/4.8/../../../i386-linux-gnu/crti.o
 .rel.text.check_server_hello_verify_request
                0x0000000000007868       0x10 /usr/lib/gcc/i686-linux-gnu/4.8/../../../i386-linux-gnu/crti.o
 .rel.text.check_server_key_exchange_psk
                0x0000000000007878       0x48 /usr/lib/gcc/i686-linux-gnu/4.8/../../../i386-linux-gnu/crti.o
 .rel.text.check_certificate_request
                0x00000000000078c0       0x60 /usr/lib/gcc/i686-linux-gnu/4.8/../../../i386-linux-gnu/crti.o
 .rel.text.check_server_hellodone
                0x0000000000007920        0x8 /usr/lib/gcc/i686-linux-gnu/4.8/../../../i386-linux-gnu/crti.o
 .rel.text.decrypt_verify
                0x0000000000007928       0xa8 /usr/lib/gcc/i686-linux-gnu/4.8/../../../i386-linux-gnu/crti.o
 .rel.text.dtls_renegotiate
                0x00000000000079d0       0x20 /usr/lib/gcc/i686-linux-gnu/4.8/../../../i386-linux-gnu/crti.o
 .rel.text.handle_handshake_msg
                0x00000000000079f0      0x130 /usr/lib/gcc/i686-linux-gnu/4.8/../../../i386-linux-gnu/crti.o
 .rel.text.handle_handshake
                0x0000000000007b20       0xd8 /usr/lib/gcc/i686-linux-gnu/4.8/../../../i386-linux-gnu/crti.o
 .rel.text.handle_ccs
                0x0000000000007bf8       0x10 /usr/lib/gcc/i686-linux-gnu/4.8/../../../i386-linux-gnu/crti.o
 .rel.text.handle_alert
                0x0000000000007c08       0x30 /usr/lib/gcc/i686-linux-gnu/4.8/../../../i386-linux-gnu/crti.o
 .rel.text.dtls_alert_send_from_err
                0x0000000000007c38       0x10 /usr/lib/gcc/i686-linux-gnu/4.8/../../../i386-linux-gnu/crti.o
 .rel.text.dtls_handle_message
                0x0000000000007c48       0xc8 /usr/lib/gcc/i686-linux-gnu/4.8/../../../i386-linux-gnu/crti.o
 .rel.text.dtls_new_context
                0x0000000000007d10       0x70 /usr/lib/gcc/i686-linux-gnu/4.8/../../../i386-linux-gnu/crti.o
 .rel.text.dtls_free_context
                0x0000000000007d80       0x10 /usr/lib/gcc/i686-linux-gnu/4.8/../../../i386-linux-gnu/crti.o
 .rel.text.dtls_connect_peer
                0x0000000000007d90       0x50 /usr/lib/gcc/i686-linux-gnu/4.8/../../../i386-linux-gnu/crti.o
 .rel.text.dtls_connect
                0x0000000000007de0       0x38 /usr/lib/gcc/i686-linux-gnu/4.8/../../../i386-linux-gnu/crti.o
 .rel.text.dtls_retransmit
                0x0000000000007e18       0x50 /usr/lib/gcc/i686-linux-gnu/4.8/../../../i386-linux-gnu/crti.o
 .rel.text.dtls_stop_retransmission
                0x0000000000007e68       0x30 /usr/lib/gcc/i686-linux-gnu/4.8/../../../i386-linux-gnu/crti.o
 .rel.text.dtls_check_retransmit
                0x0000000000007e98       0x20 /usr/lib/gcc/i686-linux-gnu/4.8/../../../i386-linux-gnu/crti.o
 .rel.text.process_thread_dtls_retransmit_process
                0x0000000000007eb8       0xa0 /usr/lib/gcc/i686-linux-gnu/4.8/../../../i386-linux-gnu/crti.o
 .rel.text.dtls_cipher_context_get
                0x0000000000007f58        0x8 /usr/lib/gcc/i686-linux-gnu/4.8/../../../i386-linux-gnu/crti.o
 .rel.text.dtls_crypto_init
                0x0000000000007f60       0x20 /usr/lib/gcc/i686-linux-gnu/4.8/../../../i386-linux-gnu/crti.o
 .rel.text.dtls_handshake_malloc
                0x0000000000007f80       0x10 /usr/lib/gcc/i686-linux-gnu/4.8/../../../i386-linux-gnu/crti.o
 .rel.text.dtls_handshake_dealloc
                0x0000000000007f90       0x10 /usr/lib/gcc/i686-linux-gnu/4.8/../../../i386-linux-gnu/crti.o
 .rel.text.dtls_security_malloc
                0x0000000000007fa0       0x10 /usr/lib/gcc/i686-linux-gnu/4.8/../../../i386-linux-gnu/crti.o
 .rel.text.dtls_security_dealloc
                0x0000000000007fb0       0x10 /usr/lib/gcc/i686-linux-gnu/4.8/../../../i386-linux-gnu/crti.o
 .rel.text.dtls_handshake_new
                0x0000000000007fc0       0x18 /usr/lib/gcc/i686-linux-gnu/4.8/../../../i386-linux-gnu/crti.o
 .rel.text.dtls_handshake_free
                0x0000000000007fd8        0x8 /usr/lib/gcc/i686-linux-gnu/4.8/../../../i386-linux-gnu/crti.o
 .rel.text.dtls_security_new
                0x0000000000007fe0       0x18 /usr/lib/gcc/i686-linux-gnu/4.8/../../../i386-linux-gnu/crti.o
 .rel.text.dtls_p_hash
                0x0000000000007ff8       0xd0 /usr/lib/gcc/i686-linux-gnu/4.8/../../../i386-linux-gnu/crti.o
 .rel.text.dtls_prf
                0x00000000000080c8       0x10 /usr/lib/gcc/i686-linux-gnu/4.8/../../../i386-linux-gnu/crti.o
 .rel.text.dtls_mac
                0x00000000000080d8       0x38 /usr/lib/gcc/i686-linux-gnu/4.8/../../../i386-linux-gnu/crti.o
 .rel.text.dtls_ccm_encrypt
                0x0000000000008110       0x18 /usr/lib/gcc/i686-linux-gnu/4.8/../../../i386-linux-gnu/crti.o
 .rel.text.dtls_ccm_decrypt
                0x0000000000008128       0x18 /usr/lib/gcc/i686-linux-gnu/4.8/../../../i386-linux-gnu/crti.o
 .rel.text.dtls_psk_pre_master_secret
                0x0000000000008140       0x18 /usr/lib/gcc/i686-linux-gnu/4.8/../../../i386-linux-gnu/crti.o
 .rel.text.dtls_encrypt
                0x0000000000008158       0x20 /usr/lib/gcc/i686-linux-gnu/4.8/../../../i386-linux-gnu/crti.o
 .rel.text.dtls_decrypt
                0x0000000000008178       0x20 /usr/lib/gcc/i686-linux-gnu/4.8/../../../i386-linux-gnu/crti.o
 .rel.text.dtls_hmac_context_new
                0x0000000000008198       0x10 /usr/lib/gcc/i686-linux-gnu/4.8/../../../i386-linux-gnu/crti.o
 .rel.text.dtls_hmac_context_free
                0x00000000000081a8       0x10 /usr/lib/gcc/i686-linux-gnu/4.8/../../../i386-linux-gnu/crti.o
 .rel.text.dtls_hmac_storage_init
                0x00000000000081b8       0x10 /usr/lib/gcc/i686-linux-gnu/4.8/../../../i386-linux-gnu/crti.o
 .rel.text.dtls_hmac_update
                0x00000000000081c8       0x10 /usr/lib/gcc/i686-linux-gnu/4.8/../../../i386-linux-gnu/crti.o
 .rel.text.dtls_hmac_new
                0x00000000000081d8        0x8 /usr/lib/gcc/i686-linux-gnu/4.8/../../../i386-linux-gnu/crti.o
 .rel.text.dtls_hmac_init
                0x00000000000081e0       0x28 /usr/lib/gcc/i686-linux-gnu/4.8/../../../i386-linux-gnu/crti.o
 .rel.text.dtls_hmac_finalize
                0x0000000000008208       0x28 /usr/lib/gcc/i686-linux-gnu/4.8/../../../i386-linux-gnu/crti.o
 .rel.text.netq_malloc_node
                0x0000000000008230       0x10 /usr/lib/gcc/i686-linux-gnu/4.8/../../../i386-linux-gnu/crti.o
 .rel.text.netq_free_node
                0x0000000000008240       0x10 /usr/lib/gcc/i686-linux-gnu/4.8/../../../i386-linux-gnu/crti.o
 .rel.text.netq_init
                0x0000000000008250       0x10 /usr/lib/gcc/i686-linux-gnu/4.8/../../../i386-linux-gnu/crti.o
 .rel.text.netq_insert_node
                0x0000000000008260       0x48 /usr/lib/gcc/i686-linux-gnu/4.8/../../../i386-linux-gnu/crti.o
 .rel.text.netq_head
                0x00000000000082a8        0x8 /usr/lib/gcc/i686-linux-gnu/4.8/../../../i386-linux-gnu/crti.o
 .rel.text.netq_next
                0x00000000000082b0        0x8 /usr/lib/gcc/i686-linux-gnu/4.8/../../../i386-linux-gnu/crti.o
 .rel.text.netq_remove
                0x00000000000082b8        0x8 /usr/lib/gcc/i686-linux-gnu/4.8/../../../i386-linux-gnu/crti.o
 .rel.text.netq_pop_first
                0x00000000000082c0        0x8 /usr/lib/gcc/i686-linux-gnu/4.8/../../../i386-linux-gnu/crti.o
 .rel.text.netq_node_new
                0x00000000000082c8       0x18 /usr/lib/gcc/i686-linux-gnu/4.8/../../../i386-linux-gnu/crti.o
 .rel.text.netq_delete_all
                0x00000000000082e0        0x8 /usr/lib/gcc/i686-linux-gnu/4.8/../../../i386-linux-gnu/crti.o
 .rel.text.dtls_clock_init
                0x00000000000082e8       0x10 /usr/lib/gcc/i686-linux-gnu/4.8/../../../i386-linux-gnu/crti.o
 .rel.text.dtls_ticks
                0x00000000000082f8        0x8 /usr/lib/gcc/i686-linux-gnu/4.8/../../../i386-linux-gnu/crti.o
 .rel.text.peer_init
                0x0000000000008300       0x10 /usr/lib/gcc/i686-linux-gnu/4.8/../../../i386-linux-gnu/crti.o
 .rel.text.dtls_malloc_peer
                0x0000000000008310       0x10 /usr/lib/gcc/i686-linux-gnu/4.8/../../../i386-linux-gnu/crti.o
 .rel.text.dtls_free_peer
                0x0000000000008320       0x28 /usr/lib/gcc/i686-linux-gnu/4.8/../../../i386-linux-gnu/crti.o
 .rel.text.dtls_new_peer
                0x0000000000008348       0x30 /usr/lib/gcc/i686-linux-gnu/4.8/../../../i386-linux-gnu/crti.o
 .rel.text.dtls_session_init
                0x0000000000008378       0x18 /usr/lib/gcc/i686-linux-gnu/4.8/../../../i386-linux-gnu/crti.o
 .rel.text.dtls_session_equals
                0x0000000000008390       0x28 /usr/lib/gcc/i686-linux-gnu/4.8/../../../i386-linux-gnu/crti.o
 .rel.text.rijndaelKeySetupEnc
                0x00000000000083b8       0x98 /usr/lib/gcc/i686-linux-gnu/4.8/../../../i386-linux-gnu/crti.o
 .rel.text.rijndaelEncrypt
                0x0000000000008450      0x180 /usr/lib/gcc/i686-linux-gnu/4.8/../../../i386-linux-gnu/crti.o
 .rel.text.rijndael_set_key_enc_only
                0x00000000000085d0        0x8 /usr/lib/gcc/i686-linux-gnu/4.8/../../../i386-linux-gnu/crti.o
 .rel.text.rijndael_encrypt
                0x00000000000085d8        0x8 /usr/lib/gcc/i686-linux-gnu/4.8/../../../i386-linux-gnu/crti.o
 .rel.text.block0
                0x00000000000085e0        0x8 /usr/lib/gcc/i686-linux-gnu/4.8/../../../i386-linux-gnu/crti.o
 .rel.text.add_auth_data
                0x00000000000085e8       0x50 /usr/lib/gcc/i686-linux-gnu/4.8/../../../i386-linux-gnu/crti.o
 .rel.text.encrypt
                0x0000000000008638       0x38 /usr/lib/gcc/i686-linux-gnu/4.8/../../../i386-linux-gnu/crti.o
 .rel.text.mac  0x0000000000008670        0x8 /usr/lib/gcc/i686-linux-gnu/4.8/../../../i386-linux-gnu/crti.o
 .rel.text.dtls_ccm_encrypt_message
                0x0000000000008678       0x28 /usr/lib/gcc/i686-linux-gnu/4.8/../../../i386-linux-gnu/crti.o
 .rel.text.dtls_ccm_decrypt_message
                0x00000000000086a0       0x28 /usr/lib/gcc/i686-linux-gnu/4.8/../../../i386-linux-gnu/crti.o
 .rel.text.SHA256_Init
                0x00000000000086c8       0x18 /usr/lib/gcc/i686-linux-gnu/4.8/../../../i386-linux-gnu/crti.o
 .rel.text.SHA256_Transform
                0x00000000000086e0       0x10 /usr/lib/gcc/i686-linux-gnu/4.8/../../../i386-linux-gnu/crti.o
 .rel.text.SHA256_Update
                0x00000000000086f0       0x38 /usr/lib/gcc/i686-linux-gnu/4.8/../../../i386-linux-gnu/crti.o
 .rel.text.SHA256_Final
                0x0000000000008728       0x48 /usr/lib/gcc/i686-linux-gnu/4.8/../../../i386-linux-gnu/crti.o
 .rel.text.SHA256_End
                0x0000000000008770       0x40 /usr/lib/gcc/i686-linux-gnu/4.8/../../../i386-linux-gnu/crti.o
 .rel.text.SHA256_Data
                0x00000000000087b0       0x20 /usr/lib/gcc/i686-linux-gnu/4.8/../../../i386-linux-gnu/crti.o
 .rel.text.dtls_package_name
                0x00000000000087d0        0x8 /usr/lib/gcc/i686-linux-gnu/4.8/../../../i386-linux-gnu/crti.o
 .rel.text.dtls_package_version
                0x00000000000087d8        0x8 /usr/lib/gcc/i686-linux-gnu/4.8/../../../i386-linux-gnu/crti.o
 .rel.text.dtls_get_log_level
                0x00000000000087e0        0x8 /usr/lib/gcc/i686-linux-gnu/4.8/../../../i386-linux-gnu/crti.o
 .rel.text.dtls_set_log_level
                0x00000000000087e8        0x8 /usr/lib/gcc/i686-linux-gnu/4.8/../../../i386-linux-gnu/crti.o
 .rel.text.dsrv_print_addr
                0x00000000000087f0       0x20 /usr/lib/gcc/i686-linux-gnu/4.8/../../../i386-linux-gnu/crti.o
 .rel.text.hexdump
                0x0000000000008810       0x40 /usr/lib/gcc/i686-linux-gnu/4.8/../../../i386-linux-gnu/crti.o
 .rel.text.dump
                0x0000000000008850       0x10 /usr/lib/gcc/i686-linux-gnu/4.8/../../../i386-linux-gnu/crti.o
 .rel.text.dtls_dsrv_log_addr
                0x0000000000008860       0x18 /usr/lib/gcc/i686-linux-gnu/4.8/../../../i386-linux-gnu/crti.o
 .rel.text.dtls_dsrv_hexdump_log
                0x0000000000008878       0xc8 /usr/lib/gcc/i686-linux-gnu/4.8/../../../i386-linux-gnu/crti.o
 .rel.text.doActionsBeforeTick
                0x0000000000008940       0x10 /usr/lib/gcc/i686-linux-gnu/4.8/../../../i386-linux-gnu/crti.o
 .rel.text.doActionsAfterTick
                0x0000000000008950       0x10 /usr/lib/gcc/i686-linux-gnu/4.8/../../../i386-linux-gnu/crti.o
 .rel.text.cooja_mt_init
                0x0000000000008960        0x8 /usr/lib/gcc/i686-linux-gnu/4.8/../../../i386-linux-gnu/crti.o
 .rel.text.cooja_mt_remove
                0x0000000000008968        0x8 /usr/lib/gcc/i686-linux-gnu/4.8/../../../i386-linux-gnu/crti.o
 .rel.text.cooja_mt_start
                0x0000000000008970        0x8 /usr/lib/gcc/i686-linux-gnu/4.8/../../../i386-linux-gnu/crti.o
 .rel.text.cooja_mt_exec
                0x0000000000008978       0x10 /usr/lib/gcc/i686-linux-gnu/4.8/../../../i386-linux-gnu/crti.o
 .rel.text.cooja_mt_exit
                0x0000000000008988       0x18 /usr/lib/gcc/i686-linux-gnu/4.8/../../../i386-linux-gnu/crti.o
 .rel.text.cooja_mt_yield
                0x00000000000089a0       0x18 /usr/lib/gcc/i686-linux-gnu/4.8/../../../i386-linux-gnu/crti.o
 .rel.text.cooja_mtarch_start
                0x00000000000089b8        0x8 /usr/lib/gcc/i686-linux-gnu/4.8/../../../i386-linux-gnu/crti.o
 .rel.text.cooja_sw
                0x00000000000089c0        0x8 /usr/lib/gcc/i686-linux-gnu/4.8/../../../i386-linux-gnu/crti.o
 .rel.text.cooja_mtarch_exec
                0x00000000000089c8       0x18 /usr/lib/gcc/i686-linux-gnu/4.8/../../../i386-linux-gnu/crti.o
 .rel.text.cooja_mtarch_yield
                0x00000000000089e0        0x8 /usr/lib/gcc/i686-linux-gnu/4.8/../../../i386-linux-gnu/crti.o
 .rel.text.rtimer_arch_init
                0x00000000000089e8       0x18 /usr/lib/gcc/i686-linux-gnu/4.8/../../../i386-linux-gnu/crti.o
 .rel.text.rtimer_arch_schedule
                0x0000000000008a00       0x18 /usr/lib/gcc/i686-linux-gnu/4.8/../../../i386-linux-gnu/crti.o
 .rel.text.rtimer_arch_next
                0x0000000000008a18       0x10 /usr/lib/gcc/i686-linux-gnu/4.8/../../../i386-linux-gnu/crti.o
 .rel.text.rtimer_arch_pending
                0x0000000000008a28        0x8 /usr/lib/gcc/i686-linux-gnu/4.8/../../../i386-linux-gnu/crti.o
 .rel.text.rtimer_arch_check
                0x0000000000008a30       0x30 /usr/lib/gcc/i686-linux-gnu/4.8/../../../i386-linux-gnu/crti.o
 .rel.text.rtimer_arch_now
                0x0000000000008a60       0x10 /usr/lib/gcc/i686-linux-gnu/4.8/../../../i386-linux-gnu/crti.o
 .rel.text.beep_alarm
                0x0000000000008a70        0x8 /usr/lib/gcc/i686-linux-gnu/4.8/../../../i386-linux-gnu/crti.o
 .rel.text.beep_beep
                0x0000000000008a78        0x8 /usr/lib/gcc/i686-linux-gnu/4.8/../../../i386-linux-gnu/crti.o
 .rel.text.beep
                0x0000000000008a80        0x8 /usr/lib/gcc/i686-linux-gnu/4.8/../../../i386-linux-gnu/crti.o
 .rel.text.beep_down
                0x0000000000008a88        0x8 /usr/lib/gcc/i686-linux-gnu/4.8/../../../i386-linux-gnu/crti.o
 .rel.text.beep_on
                0x0000000000008a90        0x8 /usr/lib/gcc/i686-linux-gnu/4.8/../../../i386-linux-gnu/crti.o
 .rel.text.beep_off
                0x0000000000008a98        0x8 /usr/lib/gcc/i686-linux-gnu/4.8/../../../i386-linux-gnu/crti.o
 .rel.text.beep_spinup
                0x0000000000008aa0        0x8 /usr/lib/gcc/i686-linux-gnu/4.8/../../../i386-linux-gnu/crti.o
 .rel.text.beep_quick
                0x0000000000008aa8        0x8 /usr/lib/gcc/i686-linux-gnu/4.8/../../../i386-linux-gnu/crti.o
 .rel.text.beep_long
                0x0000000000008ab0        0x8 /usr/lib/gcc/i686-linux-gnu/4.8/../../../i386-linux-gnu/crti.o
 .rel.text.value
                0x0000000000008ab8       0x28 /usr/lib/gcc/i686-linux-gnu/4.8/../../../i386-linux-gnu/crti.o
 .rel.text.configure
                0x0000000000008ae0       0x40 /usr/lib/gcc/i686-linux-gnu/4.8/../../../i386-linux-gnu/crti.o
 .rel.text.status
                0x0000000000008b20       0x18 /usr/lib/gcc/i686-linux-gnu/4.8/../../../i386-linux-gnu/crti.o
 .rel.text.doInterfaceActionsBeforeTick
                0x0000000000008b38      0x188 /usr/lib/gcc/i686-linux-gnu/4.8/../../../i386-linux-gnu/crti.o
 .rel.text.leds_arch_init
                0x0000000000008cc0        0x8 /usr/lib/gcc/i686-linux-gnu/4.8/../../../i386-linux-gnu/crti.o
 .rel.text.leds_arch_get
                0x0000000000008cc8        0x8 /usr/lib/gcc/i686-linux-gnu/4.8/../../../i386-linux-gnu/crti.o
 .rel.text.leds_arch_set
                0x0000000000008cd0       0x10 /usr/lib/gcc/i686-linux-gnu/4.8/../../../i386-linux-gnu/crti.o
 .rel.text.rs232_set_input
                0x0000000000008ce0        0x8 /usr/lib/gcc/i686-linux-gnu/4.8/../../../i386-linux-gnu/crti.o
 .rel.text.rs232_send
                0x0000000000008ce8       0x10 /usr/lib/gcc/i686-linux-gnu/4.8/../../../i386-linux-gnu/crti.o
 .rel.text.rs232_print
                0x0000000000008cf8       0x10 /usr/lib/gcc/i686-linux-gnu/4.8/../../../i386-linux-gnu/crti.o
 .rel.text.slip_arch_writeb
                0x0000000000008d08        0x8 /usr/lib/gcc/i686-linux-gnu/4.8/../../../i386-linux-gnu/crti.o
 .rel.text.clock_time
                0x0000000000008d10        0x8 /usr/lib/gcc/i686-linux-gnu/4.8/../../../i386-linux-gnu/crti.o
 .rel.text.clock_seconds
                0x0000000000008d18        0x8 /usr/lib/gcc/i686-linux-gnu/4.8/../../../i386-linux-gnu/crti.o
 .rel.text.simlog_char
                0x0000000000008d20       0x30 /usr/lib/gcc/i686-linux-gnu/4.8/../../../i386-linux-gnu/crti.o
 .rel.text.simlog
                0x0000000000008d50       0x50 /usr/lib/gcc/i686-linux-gnu/4.8/../../../i386-linux-gnu/crti.o
 .rel.text.log_message
                0x0000000000008da0       0x10 /usr/lib/gcc/i686-linux-gnu/4.8/../../../i386-linux-gnu/crti.o
 .rel.text.log_set_putchar_with_slip
                0x0000000000008db0        0x8 /usr/lib/gcc/i686-linux-gnu/4.8/../../../i386-linux-gnu/crti.o
 .rel.text.putchar
                0x0000000000008db8       0x50 /usr/lib/gcc/i686-linux-gnu/4.8/../../../i386-linux-gnu/crti.o
 .rel.text.puts
                0x0000000000008e08       0x10 /usr/lib/gcc/i686-linux-gnu/4.8/../../../i386-linux-gnu/crti.o
 .rel.text.printf
                0x0000000000008e18       0x20 /usr/lib/gcc/i686-linux-gnu/4.8/../../../i386-linux-gnu/crti.o
 .rel.text.cfs_open
                0x0000000000008e38       0x48 /usr/lib/gcc/i686-linux-gnu/4.8/../../../i386-linux-gnu/crti.o
 .rel.text.cfs_close
                0x0000000000008e80        0x8 /usr/lib/gcc/i686-linux-gnu/4.8/../../../i386-linux-gnu/crti.o
 .rel.text.cfs_read
                0x0000000000008e88       0x70 /usr/lib/gcc/i686-linux-gnu/4.8/../../../i386-linux-gnu/crti.o
 .rel.text.cfs_write
                0x0000000000008ef8       0xb0 /usr/lib/gcc/i686-linux-gnu/4.8/../../../i386-linux-gnu/crti.o
 .rel.text.cfs_seek
                0x0000000000008fa8       0x68 /usr/lib/gcc/i686-linux-gnu/4.8/../../../i386-linux-gnu/crti.o
 .rel.text.cfs_remove
                0x0000000000009010       0x10 /usr/lib/gcc/i686-linux-gnu/4.8/../../../i386-linux-gnu/crti.o
 .rel.text.packetbuf_set_attr
                0x0000000000009020       0x30 /usr/lib/gcc/i686-linux-gnu/4.8/../../../i386-linux-gnu/crti.o
 .rel.text.set_send_on_cca
                0x0000000000009050        0x8 /usr/lib/gcc/i686-linux-gnu/4.8/../../../i386-linux-gnu/crti.o
 .rel.text.set_frame_filtering
                0x0000000000009058        0x8 /usr/lib/gcc/i686-linux-gnu/4.8/../../../i386-linux-gnu/crti.o
 .rel.text.set_auto_ack
                0x0000000000009060        0x8 /usr/lib/gcc/i686-linux-gnu/4.8/../../../i386-linux-gnu/crti.o
 .rel.text.set_poll_mode
                0x0000000000009068        0x8 /usr/lib/gcc/i686-linux-gnu/4.8/../../../i386-linux-gnu/crti.o
 .rel.text.radio_set_channel
                0x0000000000009070        0x8 /usr/lib/gcc/i686-linux-gnu/4.8/../../../i386-linux-gnu/crti.o
 .rel.text.radio_set_txpower
                0x0000000000009078        0x8 /usr/lib/gcc/i686-linux-gnu/4.8/../../../i386-linux-gnu/crti.o
 .rel.text.radio_signal_strength_last
                0x0000000000009080        0x8 /usr/lib/gcc/i686-linux-gnu/4.8/../../../i386-linux-gnu/crti.o
 .rel.text.radio_signal_strength_current
                0x0000000000009088        0x8 /usr/lib/gcc/i686-linux-gnu/4.8/../../../i386-linux-gnu/crti.o
 .rel.text.radio_LQI
                0x0000000000009090        0x8 /usr/lib/gcc/i686-linux-gnu/4.8/../../../i386-linux-gnu/crti.o
 .rel.text.radio_on
                0x0000000000009098        0x8 /usr/lib/gcc/i686-linux-gnu/4.8/../../../i386-linux-gnu/crti.o
 .rel.text.radio_off
                0x00000000000090a0        0x8 /usr/lib/gcc/i686-linux-gnu/4.8/../../../i386-linux-gnu/crti.o
 .rel.text.radio_read
                0x00000000000090a8       0x68 /usr/lib/gcc/i686-linux-gnu/4.8/../../../i386-linux-gnu/crti.o
 .rel.text.channel_clear
                0x0000000000009110        0x8 /usr/lib/gcc/i686-linux-gnu/4.8/../../../i386-linux-gnu/crti.o
 .rel.text.radio_send
                0x0000000000009118       0x78 /usr/lib/gcc/i686-linux-gnu/4.8/../../../i386-linux-gnu/crti.o
 .rel.text.prepare_packet
                0x0000000000009190        0x8 /usr/lib/gcc/i686-linux-gnu/4.8/../../../i386-linux-gnu/crti.o
 .rel.text.transmit_packet
                0x0000000000009198       0x10 /usr/lib/gcc/i686-linux-gnu/4.8/../../../i386-linux-gnu/crti.o
 .rel.text.receiving_packet
                0x00000000000091a8        0x8 /usr/lib/gcc/i686-linux-gnu/4.8/../../../i386-linux-gnu/crti.o
 .rel.text.pending_packet
                0x00000000000091b0       0x10 /usr/lib/gcc/i686-linux-gnu/4.8/../../../i386-linux-gnu/crti.o
 .rel.text.process_thread_cooja_radio_process
                0x00000000000091c0       0x28 /usr/lib/gcc/i686-linux-gnu/4.8/../../../i386-linux-gnu/crti.o
 .rel.text.init
                0x00000000000091e8       0x60 /usr/lib/gcc/i686-linux-gnu/4.8/../../../i386-linux-gnu/crti.o
 .rel.text.get_value
                0x0000000000009248       0x30 /usr/lib/gcc/i686-linux-gnu/4.8/../../../i386-linux-gnu/crti.o
 .rel.text.set_value
                0x0000000000009278        0x8 /usr/lib/gcc/i686-linux-gnu/4.8/../../../i386-linux-gnu/crti.o
 .rel.text.get_object
                0x0000000000009280       0x10 /usr/lib/gcc/i686-linux-gnu/4.8/../../../i386-linux-gnu/crti.o
 .rel.text.eeprom_read
                0x0000000000009290       0x28 /usr/lib/gcc/i686-linux-gnu/4.8/../../../i386-linux-gnu/crti.o
 .rel.text.eeprom_write
                0x00000000000092b8       0x28 /usr/lib/gcc/i686-linux-gnu/4.8/../../../i386-linux-gnu/crti.o
 .rel.text.random_init
                0x00000000000092e0        0x8 /usr/lib/gcc/i686-linux-gnu/4.8/../../../i386-linux-gnu/crti.o
 .rel.text.random_rand
                0x00000000000092e8        0x8 /usr/lib/gcc/i686-linux-gnu/4.8/../../../i386-linux-gnu/crti.o
 .rel.text.get_sensor_index
                0x00000000000092f0       0x10 /usr/lib/gcc/i686-linux-gnu/4.8/../../../i386-linux-gnu/crti.o
 .rel.text.sensors_first
                0x0000000000009300        0x8 /usr/lib/gcc/i686-linux-gnu/4.8/../../../i386-linux-gnu/crti.o
 .rel.text.sensors_next
                0x0000000000009308        0x8 /usr/lib/gcc/i686-linux-gnu/4.8/../../../i386-linux-gnu/crti.o
 .rel.text.sensors_changed
                0x0000000000009310       0x20 /usr/lib/gcc/i686-linux-gnu/4.8/../../../i386-linux-gnu/crti.o
 .rel.text.sensors_find
                0x0000000000009330       0x28 /usr/lib/gcc/i686-linux-gnu/4.8/../../../i386-linux-gnu/crti.o
 .rel.text.process_thread_sensors_process
                0x0000000000009358      0x108 /usr/lib/gcc/i686-linux-gnu/4.8/../../../i386-linux-gnu/crti.o
 .rel.text.autostart_start
                0x0000000000009460        0x8 /usr/lib/gcc/i686-linux-gnu/4.8/../../../i386-linux-gnu/crti.o
 .rel.text.autostart_exit
                0x0000000000009468        0x8 /usr/lib/gcc/i686-linux-gnu/4.8/../../../i386-linux-gnu/crti.o
 .rel.text.process_thread_ctimer_process
                0x0000000000009470       0x58 /usr/lib/gcc/i686-linux-gnu/4.8/../../../i386-linux-gnu/crti.o
 .rel.text.ctimer_init
                0x00000000000094c8       0x28 /usr/lib/gcc/i686-linux-gnu/4.8/../../../i386-linux-gnu/crti.o
 .rel.text.ctimer_set
                0x00000000000094f0       0x10 /usr/lib/gcc/i686-linux-gnu/4.8/../../../i386-linux-gnu/crti.o
 .rel.text.ctimer_set_with_process
                0x0000000000009500       0x40 /usr/lib/gcc/i686-linux-gnu/4.8/../../../i386-linux-gnu/crti.o
 .rel.text.ctimer_reset
                0x0000000000009540       0x40 /usr/lib/gcc/i686-linux-gnu/4.8/../../../i386-linux-gnu/crti.o
 .rel.text.ctimer_restart
                0x0000000000009580       0x40 /usr/lib/gcc/i686-linux-gnu/4.8/../../../i386-linux-gnu/crti.o
 .rel.text.ctimer_stop
                0x00000000000095c0       0x20 /usr/lib/gcc/i686-linux-gnu/4.8/../../../i386-linux-gnu/crti.o
 .rel.text.ctimer_expired
                0x00000000000095e0       0x20 /usr/lib/gcc/i686-linux-gnu/4.8/../../../i386-linux-gnu/crti.o
 .rel.text.update_time
                0x0000000000009600       0x28 /usr/lib/gcc/i686-linux-gnu/4.8/../../../i386-linux-gnu/crti.o
 .rel.text.process_thread_etimer_process
                0x0000000000009628       0x60 /usr/lib/gcc/i686-linux-gnu/4.8/../../../i386-linux-gnu/crti.o
 .rel.text.etimer_request_poll
                0x0000000000009688       0x10 /usr/lib/gcc/i686-linux-gnu/4.8/../../../i386-linux-gnu/crti.o
 .rel.text.add_timer
                0x0000000000009698       0x30 /usr/lib/gcc/i686-linux-gnu/4.8/../../../i386-linux-gnu/crti.o
 .rel.text.etimer_set
                0x00000000000096c8        0x8 /usr/lib/gcc/i686-linux-gnu/4.8/../../../i386-linux-gnu/crti.o
 .rel.text.etimer_reset_with_new_interval
                0x00000000000096d0        0x8 /usr/lib/gcc/i686-linux-gnu/4.8/../../../i386-linux-gnu/crti.o
 .rel.text.etimer_reset
                0x00000000000096d8        0x8 /usr/lib/gcc/i686-linux-gnu/4.8/../../../i386-linux-gnu/crti.o
 .rel.text.etimer_restart
                0x00000000000096e0        0x8 /usr/lib/gcc/i686-linux-gnu/4.8/../../../i386-linux-gnu/crti.o
 .rel.text.etimer_pending
                0x00000000000096e8        0x8 /usr/lib/gcc/i686-linux-gnu/4.8/../../../i386-linux-gnu/crti.o
 .rel.text.etimer_next_expiration_time
                0x00000000000096f0       0x10 /usr/lib/gcc/i686-linux-gnu/4.8/../../../i386-linux-gnu/crti.o
 .rel.text.etimer_stop
                0x0000000000009700       0x20 /usr/lib/gcc/i686-linux-gnu/4.8/../../../i386-linux-gnu/crti.o
 .rel.text.process_alloc_event
                0x0000000000009720       0x10 /usr/lib/gcc/i686-linux-gnu/4.8/../../../i386-linux-gnu/crti.o
 .rel.text.process_start
                0x0000000000009730       0x20 /usr/lib/gcc/i686-linux-gnu/4.8/../../../i386-linux-gnu/crti.o
 .rel.text.exit_process
                0x0000000000009750       0x50 /usr/lib/gcc/i686-linux-gnu/4.8/../../../i386-linux-gnu/crti.o
 .rel.text.call_process
                0x00000000000097a0        0x8 /usr/lib/gcc/i686-linux-gnu/4.8/../../../i386-linux-gnu/crti.o
 .rel.text.process_exit
                0x00000000000097a8        0x8 /usr/lib/gcc/i686-linux-gnu/4.8/../../../i386-linux-gnu/crti.o
 .rel.text.process_init
                0x00000000000097b0       0x38 /usr/lib/gcc/i686-linux-gnu/4.8/../../../i386-linux-gnu/crti.o
 .rel.text.do_poll
                0x00000000000097e8       0x10 /usr/lib/gcc/i686-linux-gnu/4.8/../../../i386-linux-gnu/crti.o
 .rel.text.do_event
                0x00000000000097f8       0x68 /usr/lib/gcc/i686-linux-gnu/4.8/../../../i386-linux-gnu/crti.o
 .rel.text.process_run
                0x0000000000009860       0x18 /usr/lib/gcc/i686-linux-gnu/4.8/../../../i386-linux-gnu/crti.o
 .rel.text.process_nevents
                0x0000000000009878       0x10 /usr/lib/gcc/i686-linux-gnu/4.8/../../../i386-linux-gnu/crti.o
 .rel.text.process_post
                0x0000000000009888       0x40 /usr/lib/gcc/i686-linux-gnu/4.8/../../../i386-linux-gnu/crti.o
 .rel.text.process_post_synch
                0x00000000000098c8       0x10 /usr/lib/gcc/i686-linux-gnu/4.8/../../../i386-linux-gnu/crti.o
 .rel.text.process_poll
                0x00000000000098d8        0x8 /usr/lib/gcc/i686-linux-gnu/4.8/../../../i386-linux-gnu/crti.o
 .rel.text.rtimer_init
                0x00000000000098e0        0x8 /usr/lib/gcc/i686-linux-gnu/4.8/../../../i386-linux-gnu/crti.o
 .rel.text.rtimer_set
                0x00000000000098e8       0x18 /usr/lib/gcc/i686-linux-gnu/4.8/../../../i386-linux-gnu/crti.o
 .rel.text.rtimer_run_next
                0x0000000000009900       0x30 /usr/lib/gcc/i686-linux-gnu/4.8/../../../i386-linux-gnu/crti.o
 .rel.text.timer_set
                0x0000000000009930        0x8 /usr/lib/gcc/i686-linux-gnu/4.8/../../../i386-linux-gnu/crti.o
 .rel.text.timer_restart
                0x0000000000009938        0x8 /usr/lib/gcc/i686-linux-gnu/4.8/../../../i386-linux-gnu/crti.o
 .rel.text.timer_expired
                0x0000000000009940        0x8 /usr/lib/gcc/i686-linux-gnu/4.8/../../../i386-linux-gnu/crti.o
 .rel.text.timer_remaining
                0x0000000000009948        0x8 /usr/lib/gcc/i686-linux-gnu/4.8/../../../i386-linux-gnu/crti.o
 .rel.text.serial_line_input_byte
                0x0000000000009950       0x48 /usr/lib/gcc/i686-linux-gnu/4.8/../../../i386-linux-gnu/crti.o
 .rel.text.process_thread_serial_line_process
                0x0000000000009998       0x90 /usr/lib/gcc/i686-linux-gnu/4.8/../../../i386-linux-gnu/crti.o
 .rel.text.serial_line_init
                0x0000000000009a28       0x28 /usr/lib/gcc/i686-linux-gnu/4.8/../../../i386-linux-gnu/crti.o
 .rel.text._xassert
                0x0000000000009a50       0x10 /usr/lib/gcc/i686-linux-gnu/4.8/../../../i386-linux-gnu/crti.o
 .rel.text.list_add
                0x0000000000009a60       0x10 /usr/lib/gcc/i686-linux-gnu/4.8/../../../i386-linux-gnu/crti.o
 .rel.text.list_push
                0x0000000000009a70        0x8 /usr/lib/gcc/i686-linux-gnu/4.8/../../../i386-linux-gnu/crti.o
 .rel.text.list_insert
                0x0000000000009a78        0x8 /usr/lib/gcc/i686-linux-gnu/4.8/../../../i386-linux-gnu/crti.o
 .rel.text.memb_init
                0x0000000000009a80       0x10 /usr/lib/gcc/i686-linux-gnu/4.8/../../../i386-linux-gnu/crti.o
 .rel.text.packetbuf_attr
                0x0000000000009a90       0x28 /usr/lib/gcc/i686-linux-gnu/4.8/../../../i386-linux-gnu/crti.o
 .rel.text.packetbuf_set_addr
                0x0000000000009ab8       0x30 /usr/lib/gcc/i686-linux-gnu/4.8/../../../i386-linux-gnu/crti.o
 .rel.text.packetbuf_addr
                0x0000000000009ae8       0x40 /usr/lib/gcc/i686-linux-gnu/4.8/../../../i386-linux-gnu/crti.o
 .rel.text.clear_fragments
                0x0000000000009b28       0x20 /usr/lib/gcc/i686-linux-gnu/4.8/../../../i386-linux-gnu/crti.o
 .rel.text.timeout_fragments
                0x0000000000009b48       0x18 /usr/lib/gcc/i686-linux-gnu/4.8/../../../i386-linux-gnu/crti.o
 .rel.text.store_fragment
                0x0000000000009b60       0x68 /usr/lib/gcc/i686-linux-gnu/4.8/../../../i386-linux-gnu/crti.o
 .rel.text.add_fragment
                0x0000000000009bc8       0x80 /usr/lib/gcc/i686-linux-gnu/4.8/../../../i386-linux-gnu/crti.o
 .rel.text.copy_frags2uip
                0x0000000000009c48       0x58 /usr/lib/gcc/i686-linux-gnu/4.8/../../../i386-linux-gnu/crti.o
 .rel.text.rime_sniffer_add
                0x0000000000009ca0        0x8 /usr/lib/gcc/i686-linux-gnu/4.8/../../../i386-linux-gnu/crti.o
 .rel.text.rime_sniffer_remove
                0x0000000000009ca8        0x8 /usr/lib/gcc/i686-linux-gnu/4.8/../../../i386-linux-gnu/crti.o
 .rel.text.set_packet_attrs
                0x0000000000009cb0       0x60 /usr/lib/gcc/i686-linux-gnu/4.8/../../../i386-linux-gnu/crti.o
 .rel.text.addr_context_lookup_by_prefix
                0x0000000000009d10       0x20 /usr/lib/gcc/i686-linux-gnu/4.8/../../../i386-linux-gnu/crti.o
 .rel.text.addr_context_lookup_by_number
                0x0000000000009d30       0x18 /usr/lib/gcc/i686-linux-gnu/4.8/../../../i386-linux-gnu/crti.o
 .rel.text.compress_addr_64
                0x0000000000009d48       0x40 /usr/lib/gcc/i686-linux-gnu/4.8/../../../i386-linux-gnu/crti.o
 .rel.text.uncompress_addr
                0x0000000000009d88       0x38 /usr/lib/gcc/i686-linux-gnu/4.8/../../../i386-linux-gnu/crti.o
 .rel.text.compress_hdr_iphc
                0x0000000000009dc0      0x5f8 /usr/lib/gcc/i686-linux-gnu/4.8/../../../i386-linux-gnu/crti.o
 .rel.text.uncompress_hdr_iphc
                0x000000000000a3b8      0x2f0 /usr/lib/gcc/i686-linux-gnu/4.8/../../../i386-linux-gnu/crti.o
 .rel.text.compress_hdr_ipv6
                0x000000000000a6a8       0x58 /usr/lib/gcc/i686-linux-gnu/4.8/../../../i386-linux-gnu/crti.o
 .rel.text.packet_sent
                0x000000000000a700       0x38 /usr/lib/gcc/i686-linux-gnu/4.8/../../../i386-linux-gnu/crti.o
 .rel.text.send_packet
                0x000000000000a738      0x120 /usr/lib/gcc/i686-linux-gnu/4.8/../../../i386-linux-gnu/crti.o
 .rel.text.output
                0x000000000000a858      0x2c8 /usr/lib/gcc/i686-linux-gnu/4.8/../../../i386-linux-gnu/crti.o
 .rel.text.input
                0x000000000000ab20      0x200 /usr/lib/gcc/i686-linux-gnu/4.8/../../../i386-linux-gnu/crti.o
 .rel.text.sicslowpan_init
                0x000000000000ad20       0x38 /usr/lib/gcc/i686-linux-gnu/4.8/../../../i386-linux-gnu/crti.o
 .rel.text.sicslowpan_get_last_rssi
                0x000000000000ad58        0x8 /usr/lib/gcc/i686-linux-gnu/4.8/../../../i386-linux-gnu/crti.o
 .rel.text.uip_ds6_neighbors_init
                0x000000000000ad60       0x20 /usr/lib/gcc/i686-linux-gnu/4.8/../../../i386-linux-gnu/crti.o
 .rel.text.uip_ds6_nbr_add
                0x000000000000ad80       0x38 /usr/lib/gcc/i686-linux-gnu/4.8/../../../i386-linux-gnu/crti.o
 .rel.text.uip_ds6_nbr_rm
                0x000000000000adb8       0x20 /usr/lib/gcc/i686-linux-gnu/4.8/../../../i386-linux-gnu/crti.o
 .rel.text.uip_ds6_nbr_get_ll
                0x000000000000add8       0x10 /usr/lib/gcc/i686-linux-gnu/4.8/../../../i386-linux-gnu/crti.o
 .rel.text.uip_ds6_nbr_num
                0x000000000000ade8       0x20 /usr/lib/gcc/i686-linux-gnu/4.8/../../../i386-linux-gnu/crti.o
 .rel.text.uip_ds6_nbr_lookup
                0x000000000000ae08       0x28 /usr/lib/gcc/i686-linux-gnu/4.8/../../../i386-linux-gnu/crti.o
 .rel.text.uip_ds6_nbr_ll_lookup
                0x000000000000ae30       0x10 /usr/lib/gcc/i686-linux-gnu/4.8/../../../i386-linux-gnu/crti.o
 .rel.text.uip_ds6_nbr_ipaddr_from_lladdr
                0x000000000000ae40        0x8 /usr/lib/gcc/i686-linux-gnu/4.8/../../../i386-linux-gnu/crti.o
 .rel.text.uip_ds6_nbr_lladdr_from_ipaddr
                0x000000000000ae48       0x10 /usr/lib/gcc/i686-linux-gnu/4.8/../../../i386-linux-gnu/crti.o
 .rel.text.uip_ds6_link_neighbor_callback
                0x000000000000ae58       0x20 /usr/lib/gcc/i686-linux-gnu/4.8/../../../i386-linux-gnu/crti.o
 .rel.text.uip_ds6_neighbor_periodic
                0x000000000000ae78       0xb8 /usr/lib/gcc/i686-linux-gnu/4.8/../../../i386-linux-gnu/crti.o
 .rel.text.uip_ds6_nbr_refresh_reachable_state
                0x000000000000af30       0x10 /usr/lib/gcc/i686-linux-gnu/4.8/../../../i386-linux-gnu/crti.o
 .rel.text.uip_ds6_get_least_lifetime_neighbor
                0x000000000000af40       0x30 /usr/lib/gcc/i686-linux-gnu/4.8/../../../i386-linux-gnu/crti.o
 .rel.text.call_route_callback
                0x000000000000af70       0x30 /usr/lib/gcc/i686-linux-gnu/4.8/../../../i386-linux-gnu/crti.o
 .rel.text.uip_ds6_notification_add
                0x000000000000afa0       0x10 /usr/lib/gcc/i686-linux-gnu/4.8/../../../i386-linux-gnu/crti.o
 .rel.text.uip_ds6_notification_rm
                0x000000000000afb0       0x10 /usr/lib/gcc/i686-linux-gnu/4.8/../../../i386-linux-gnu/crti.o
 .rel.text.uip_ds6_route_init
                0x000000000000afc0       0x68 /usr/lib/gcc/i686-linux-gnu/4.8/../../../i386-linux-gnu/crti.o
 .rel.text.uip_ds6_route_nexthop_lladdr
                0x000000000000b028       0x10 /usr/lib/gcc/i686-linux-gnu/4.8/../../../i386-linux-gnu/crti.o
 .rel.text.uip_ds6_route_nexthop
                0x000000000000b038        0x8 /usr/lib/gcc/i686-linux-gnu/4.8/../../../i386-linux-gnu/crti.o
 .rel.text.uip_ds6_route_head
                0x000000000000b040       0x10 /usr/lib/gcc/i686-linux-gnu/4.8/../../../i386-linux-gnu/crti.o
 .rel.text.uip_ds6_route_next
                0x000000000000b050        0x8 /usr/lib/gcc/i686-linux-gnu/4.8/../../../i386-linux-gnu/crti.o
 .rel.text.uip_ds6_route_is_nexthop
                0x000000000000b058       0x18 /usr/lib/gcc/i686-linux-gnu/4.8/../../../i386-linux-gnu/crti.o
 .rel.text.uip_ds6_route_num_routes
                0x000000000000b070        0x8 /usr/lib/gcc/i686-linux-gnu/4.8/../../../i386-linux-gnu/crti.o
 .rel.text.uip_ds6_route_lookup
                0x000000000000b078       0x48 /usr/lib/gcc/i686-linux-gnu/4.8/../../../i386-linux-gnu/crti.o
 .rel.text.uip_ds6_route_add
                0x000000000000b0c0       0xd0 /usr/lib/gcc/i686-linux-gnu/4.8/../../../i386-linux-gnu/crti.o
 .rel.text.uip_ds6_route_rm
                0x000000000000b190       0x80 /usr/lib/gcc/i686-linux-gnu/4.8/../../../i386-linux-gnu/crti.o
 .rel.text.rm_routelist
                0x000000000000b210       0x28 /usr/lib/gcc/i686-linux-gnu/4.8/../../../i386-linux-gnu/crti.o
 .rel.text.uip_ds6_route_rm_by_nexthop
                0x000000000000b238       0x18 /usr/lib/gcc/i686-linux-gnu/4.8/../../../i386-linux-gnu/crti.o
 .rel.text.uip_ds6_defrt_head
                0x000000000000b250       0x10 /usr/lib/gcc/i686-linux-gnu/4.8/../../../i386-linux-gnu/crti.o
 .rel.text.uip_ds6_defrt_add
                0x000000000000b260       0x30 /usr/lib/gcc/i686-linux-gnu/4.8/../../../i386-linux-gnu/crti.o
 .rel.text.uip_ds6_defrt_rm
                0x000000000000b290       0x38 /usr/lib/gcc/i686-linux-gnu/4.8/../../../i386-linux-gnu/crti.o
 .rel.text.uip_ds6_defrt_lookup
                0x000000000000b2c8       0x20 /usr/lib/gcc/i686-linux-gnu/4.8/../../../i386-linux-gnu/crti.o
 .rel.text.uip_ds6_defrt_choose
                0x000000000000b2e8       0x20 /usr/lib/gcc/i686-linux-gnu/4.8/../../../i386-linux-gnu/crti.o
 .rel.text.uip_ds6_defrt_periodic
                0x000000000000b308       0x38 /usr/lib/gcc/i686-linux-gnu/4.8/../../../i386-linux-gnu/crti.o
 .rel.text.uip_ds6_init
                0x000000000000b340      0x180 /usr/lib/gcc/i686-linux-gnu/4.8/../../../i386-linux-gnu/crti.o
 .rel.text.uip_ds6_periodic
                0x000000000000b4c0       0x80 /usr/lib/gcc/i686-linux-gnu/4.8/../../../i386-linux-gnu/crti.o
 .rel.text.uip_ds6_list_loop
                0x000000000000b540        0x8 /usr/lib/gcc/i686-linux-gnu/4.8/../../../i386-linux-gnu/crti.o
 .rel.text.uip_ds6_prefix_add
                0x000000000000b548       0x58 /usr/lib/gcc/i686-linux-gnu/4.8/../../../i386-linux-gnu/crti.o
 .rel.text.uip_ds6_prefix_lookup
                0x000000000000b5a0       0x20 /usr/lib/gcc/i686-linux-gnu/4.8/../../../i386-linux-gnu/crti.o
 .rel.text.uip_ds6_is_addr_onlink
                0x000000000000b5c0       0x50 /usr/lib/gcc/i686-linux-gnu/4.8/../../../i386-linux-gnu/crti.o
 .rel.text.uip_ds6_addr_add
                0x000000000000b610       0xc8 /usr/lib/gcc/i686-linux-gnu/4.8/../../../i386-linux-gnu/crti.o
 .rel.text.uip_ds6_addr_rm
                0x000000000000b6d8       0x88 /usr/lib/gcc/i686-linux-gnu/4.8/../../../i386-linux-gnu/crti.o
 .rel.text.uip_ds6_addr_lookup
                0x000000000000b760       0x20 /usr/lib/gcc/i686-linux-gnu/4.8/../../../i386-linux-gnu/crti.o
 .rel.text.uip_ds6_get_link_local
                0x000000000000b780       0x58 /usr/lib/gcc/i686-linux-gnu/4.8/../../../i386-linux-gnu/crti.o
 .rel.text.uip_ds6_get_global
                0x000000000000b7d8       0x58 /usr/lib/gcc/i686-linux-gnu/4.8/../../../i386-linux-gnu/crti.o
 .rel.text.uip_ds6_maddr_add
                0x000000000000b830       0x30 /usr/lib/gcc/i686-linux-gnu/4.8/../../../i386-linux-gnu/crti.o
 .rel.text.uip_ds6_maddr_lookup
                0x000000000000b860       0x20 /usr/lib/gcc/i686-linux-gnu/4.8/../../../i386-linux-gnu/crti.o
 .rel.text.uip_ds6_aaddr_add
                0x000000000000b880       0x30 /usr/lib/gcc/i686-linux-gnu/4.8/../../../i386-linux-gnu/crti.o
 .rel.text.uip_ds6_aaddr_lookup
                0x000000000000b8b0       0x20 /usr/lib/gcc/i686-linux-gnu/4.8/../../../i386-linux-gnu/crti.o
 .rel.text.uip_ds6_select_src
                0x000000000000b8d0       0x70 /usr/lib/gcc/i686-linux-gnu/4.8/../../../i386-linux-gnu/crti.o
 .rel.text.uip_ds6_set_addr_iid
                0x000000000000b940        0x8 /usr/lib/gcc/i686-linux-gnu/4.8/../../../i386-linux-gnu/crti.o
 .rel.text.uip_ds6_compute_reachable_time
                0x000000000000b948       0x30 /usr/lib/gcc/i686-linux-gnu/4.8/../../../i386-linux-gnu/crti.o
 .rel.text.extract_lladdr_from_llao_aligned
                0x000000000000b978       0x18 /usr/lib/gcc/i686-linux-gnu/4.8/../../../i386-linux-gnu/crti.o
 .rel.text.create_llao
                0x000000000000b990       0x18 /usr/lib/gcc/i686-linux-gnu/4.8/../../../i386-linux-gnu/crti.o
 .rel.text.ns_input
                0x000000000000b9a8      0x388 /usr/lib/gcc/i686-linux-gnu/4.8/../../../i386-linux-gnu/crti.o
 .rel.text.uip_nd6_ns_output
                0x000000000000bd30      0x1e8 /usr/lib/gcc/i686-linux-gnu/4.8/../../../i386-linux-gnu/crti.o
 .rel.text.na_input
                0x000000000000bf18      0x280 /usr/lib/gcc/i686-linux-gnu/4.8/../../../i386-linux-gnu/crti.o
 .rel.text.uip_nd6_init
                0x000000000000c198       0x20 /usr/lib/gcc/i686-linux-gnu/4.8/../../../i386-linux-gnu/crti.o
 .rel.text.uip_add32
                0x000000000000c1b8       0x98 /usr/lib/gcc/i686-linux-gnu/4.8/../../../i386-linux-gnu/crti.o
 .rel.text.uip_chksum
                0x000000000000c250        0x8 /usr/lib/gcc/i686-linux-gnu/4.8/../../../i386-linux-gnu/crti.o
 .rel.text.upper_layer_chksum
                0x000000000000c258       0x38 /usr/lib/gcc/i686-linux-gnu/4.8/../../../i386-linux-gnu/crti.o
 .rel.text.uip_init
                0x000000000000c290       0x38 /usr/lib/gcc/i686-linux-gnu/4.8/../../../i386-linux-gnu/crti.o
 .rel.text.uip_connect
                0x000000000000c2c8       0x70 /usr/lib/gcc/i686-linux-gnu/4.8/../../../i386-linux-gnu/crti.o
 .rel.text.remove_ext_hdr
                0x000000000000c338       0x98 /usr/lib/gcc/i686-linux-gnu/4.8/../../../i386-linux-gnu/crti.o
 .rel.text.uip_udp_new
                0x000000000000c3d0       0x68 /usr/lib/gcc/i686-linux-gnu/4.8/../../../i386-linux-gnu/crti.o
 .rel.text.uip_unlisten
                0x000000000000c438       0x10 /usr/lib/gcc/i686-linux-gnu/4.8/../../../i386-linux-gnu/crti.o
 .rel.text.uip_listen
                0x000000000000c448       0x10 /usr/lib/gcc/i686-linux-gnu/4.8/../../../i386-linux-gnu/crti.o
 .rel.text.uip_add_rcv_nxt
                0x000000000000c458       0x50 /usr/lib/gcc/i686-linux-gnu/4.8/../../../i386-linux-gnu/crti.o
 .rel.text.ext_hdr_options_process
                0x000000000000c4a8      0x108 /usr/lib/gcc/i686-linux-gnu/4.8/../../../i386-linux-gnu/crti.o
 .rel.text.uip_process
                0x000000000000c5b0      0xf70 /usr/lib/gcc/i686-linux-gnu/4.8/../../../i386-linux-gnu/crti.o
 .rel.text.uip_send
                0x000000000000d520       0x60 /usr/lib/gcc/i686-linux-gnu/4.8/../../../i386-linux-gnu/crti.o
 .rel.text.dns_name_isequal
                0x000000000000d580       0x10 /usr/lib/gcc/i686-linux-gnu/4.8/../../../i386-linux-gnu/crti.o
 .rel.text.mdns_announce_requested
                0x000000000000d590        0x8 /usr/lib/gcc/i686-linux-gnu/4.8/../../../i386-linux-gnu/crti.o
 .rel.text.start_name_collision_check
                0x000000000000d598       0x20 /usr/lib/gcc/i686-linux-gnu/4.8/../../../i386-linux-gnu/crti.o
 .rel.text.mdns_write_announce_records
                0x000000000000d5b8       0x28 /usr/lib/gcc/i686-linux-gnu/4.8/../../../i386-linux-gnu/crti.o
 .rel.text.mdns_prep_host_announce_packet
                0x000000000000d5e0       0x50 /usr/lib/gcc/i686-linux-gnu/4.8/../../../i386-linux-gnu/crti.o
 .rel.text.try_next_server
                0x000000000000d630        0x8 /usr/lib/gcc/i686-linux-gnu/4.8/../../../i386-linux-gnu/crti.o
 .rel.text.check_entries
                0x000000000000d638       0xc0 /usr/lib/gcc/i686-linux-gnu/4.8/../../../i386-linux-gnu/crti.o
 .rel.text.newdata
                0x000000000000d6f8      0x180 /usr/lib/gcc/i686-linux-gnu/4.8/../../../i386-linux-gnu/crti.o
 .rel.text.resolv_set_hostname
                0x000000000000d878       0x88 /usr/lib/gcc/i686-linux-gnu/4.8/../../../i386-linux-gnu/crti.o
 .rel.text.resolv_get_hostname
                0x000000000000d900        0x8 /usr/lib/gcc/i686-linux-gnu/4.8/../../../i386-linux-gnu/crti.o
 .rel.text.process_thread_mdns_probe_process
                0x000000000000d908       0x98 /usr/lib/gcc/i686-linux-gnu/4.8/../../../i386-linux-gnu/crti.o
 .rel.text.process_thread_resolv_process
                0x000000000000d9a0      0x130 /usr/lib/gcc/i686-linux-gnu/4.8/../../../i386-linux-gnu/crti.o
 .rel.text.remove_trailing_dots
                0x000000000000dad0       0x30 /usr/lib/gcc/i686-linux-gnu/4.8/../../../i386-linux-gnu/crti.o
 .rel.text.resolv_query
                0x000000000000db00       0xb8 /usr/lib/gcc/i686-linux-gnu/4.8/../../../i386-linux-gnu/crti.o
 .rel.text.resolv_lookup
                0x000000000000dbb8       0x20 /usr/lib/gcc/i686-linux-gnu/4.8/../../../i386-linux-gnu/crti.o
 .rel.text.resolv_found
                0x000000000000dbd8       0xd8 /usr/lib/gcc/i686-linux-gnu/4.8/../../../i386-linux-gnu/crti.o
 .rel.text.tcpip_output
                0x000000000000dcb0       0x10 /usr/lib/gcc/i686-linux-gnu/4.8/../../../i386-linux-gnu/crti.o
 .rel.text.tcpip_set_outputfunc
                0x000000000000dcc0        0x8 /usr/lib/gcc/i686-linux-gnu/4.8/../../../i386-linux-gnu/crti.o
 .rel.text.start_periodic_tcp_timer
                0x000000000000dcc8       0x20 /usr/lib/gcc/i686-linux-gnu/4.8/../../../i386-linux-gnu/crti.o
 .rel.text.check_for_tcp_syn
                0x000000000000dce8       0x10 /usr/lib/gcc/i686-linux-gnu/4.8/../../../i386-linux-gnu/crti.o
 .rel.text.packet_input
                0x000000000000dcf8       0x98 /usr/lib/gcc/i686-linux-gnu/4.8/../../../i386-linux-gnu/crti.o
 .rel.text.tcp_connect
                0x000000000000dd90       0x18 /usr/lib/gcc/i686-linux-gnu/4.8/../../../i386-linux-gnu/crti.o
 .rel.text.tcp_unlisten
                0x000000000000dda8       0x18 /usr/lib/gcc/i686-linux-gnu/4.8/../../../i386-linux-gnu/crti.o
 .rel.text.tcp_listen
                0x000000000000ddc0       0x18 /usr/lib/gcc/i686-linux-gnu/4.8/../../../i386-linux-gnu/crti.o
 .rel.text.tcp_attach
                0x000000000000ddd8        0x8 /usr/lib/gcc/i686-linux-gnu/4.8/../../../i386-linux-gnu/crti.o
 .rel.text.udp_attach
                0x000000000000dde0        0x8 /usr/lib/gcc/i686-linux-gnu/4.8/../../../i386-linux-gnu/crti.o
 .rel.text.udp_new
                0x000000000000dde8       0x10 /usr/lib/gcc/i686-linux-gnu/4.8/../../../i386-linux-gnu/crti.o
 .rel.text.udp_broadcast_new
                0x000000000000ddf8       0x10 /usr/lib/gcc/i686-linux-gnu/4.8/../../../i386-linux-gnu/crti.o
 .rel.text.eventhandler
                0x000000000000de08       0xd8 /usr/lib/gcc/i686-linux-gnu/4.8/../../../i386-linux-gnu/crti.o
 .rel.text.tcpip_input
                0x000000000000dee0       0x20 /usr/lib/gcc/i686-linux-gnu/4.8/../../../i386-linux-gnu/crti.o
 .rel.text.tcpip_ipv6_output
                0x000000000000df00      0x290 /usr/lib/gcc/i686-linux-gnu/4.8/../../../i386-linux-gnu/crti.o
 .rel.text.tcpip_poll_udp
                0x000000000000e190       0x10 /usr/lib/gcc/i686-linux-gnu/4.8/../../../i386-linux-gnu/crti.o
 .rel.text.tcpip_poll_tcp
                0x000000000000e1a0       0x10 /usr/lib/gcc/i686-linux-gnu/4.8/../../../i386-linux-gnu/crti.o
 .rel.text.tcpip_uipcall
                0x000000000000e1b0       0x40 /usr/lib/gcc/i686-linux-gnu/4.8/../../../i386-linux-gnu/crti.o
 .rel.text.process_thread_tcpip_process
                0x000000000000e1f0       0x48 /usr/lib/gcc/i686-linux-gnu/4.8/../../../i386-linux-gnu/crti.o
 .rel.text.uip_debug_ipaddr_print
                0x000000000000e238       0x50 /usr/lib/gcc/i686-linux-gnu/4.8/../../../i386-linux-gnu/crti.o
 .rel.text.uip_nameserver_update
                0x000000000000e288       0x28 /usr/lib/gcc/i686-linux-gnu/4.8/../../../i386-linux-gnu/crti.o
 .rel.text.uip_nameserver_get
                0x000000000000e2b0        0x8 /usr/lib/gcc/i686-linux-gnu/4.8/../../../i386-linux-gnu/crti.o
 .rel.text.uip_nameserver_next_expiration
                0x000000000000e2b8        0x8 /usr/lib/gcc/i686-linux-gnu/4.8/../../../i386-linux-gnu/crti.o
 .rel.text.uip_nameserver_count
                0x000000000000e2c0       0x40 /usr/lib/gcc/i686-linux-gnu/4.8/../../../i386-linux-gnu/crti.o
 .rel.text.packet_timedout
                0x000000000000e300       0x10 /usr/lib/gcc/i686-linux-gnu/4.8/../../../i386-linux-gnu/crti.o
 .rel.text.uip_packetqueue_alloc
                0x000000000000e310       0x20 /usr/lib/gcc/i686-linux-gnu/4.8/../../../i386-linux-gnu/crti.o
 .rel.text.uip_packetqueue_free
                0x000000000000e330       0x18 /usr/lib/gcc/i686-linux-gnu/4.8/../../../i386-linux-gnu/crti.o
 .rel.text.uip_udp_packet_send
                0x000000000000e348       0x38 /usr/lib/gcc/i686-linux-gnu/4.8/../../../i386-linux-gnu/crti.o
 .rel.text.uip_udp_packet_sendto
                0x000000000000e380       0x10 /usr/lib/gcc/i686-linux-gnu/4.8/../../../i386-linux-gnu/crti.o
 .rel.text.rpl_print_neighbor_list
                0x000000000000e390       0xc8 /usr/lib/gcc/i686-linux-gnu/4.8/../../../i386-linux-gnu/crti.o
 .rel.text.rpl_get_nbr
                0x000000000000e458       0x18 /usr/lib/gcc/i686-linux-gnu/4.8/../../../i386-linux-gnu/crti.o
 .rel.text.nbr_callback
                0x000000000000e470        0x8 /usr/lib/gcc/i686-linux-gnu/4.8/../../../i386-linux-gnu/crti.o
 .rel.text.rpl_dag_init
                0x000000000000e478       0x18 /usr/lib/gcc/i686-linux-gnu/4.8/../../../i386-linux-gnu/crti.o
 .rel.text.rpl_get_parent
                0x000000000000e490       0x10 /usr/lib/gcc/i686-linux-gnu/4.8/../../../i386-linux-gnu/crti.o
 .rel.text.rpl_get_parent_rank
                0x000000000000e4a0       0x10 /usr/lib/gcc/i686-linux-gnu/4.8/../../../i386-linux-gnu/crti.o
 .rel.text.rpl_get_parent_lladdr
                0x000000000000e4b0       0x10 /usr/lib/gcc/i686-linux-gnu/4.8/../../../i386-linux-gnu/crti.o
 .rel.text.rpl_get_parent_ipaddr
                0x000000000000e4c0       0x10 /usr/lib/gcc/i686-linux-gnu/4.8/../../../i386-linux-gnu/crti.o
 .rel.text.rpl_get_parent_link_stats
                0x000000000000e4d0       0x10 /usr/lib/gcc/i686-linux-gnu/4.8/../../../i386-linux-gnu/crti.o
 .rel.text.rpl_parent_is_fresh
                0x000000000000e4e0       0x10 /usr/lib/gcc/i686-linux-gnu/4.8/../../../i386-linux-gnu/crti.o
 .rel.text.rpl_parent_is_reachable
                0x000000000000e4f0       0x10 /usr/lib/gcc/i686-linux-gnu/4.8/../../../i386-linux-gnu/crti.o
 .rel.text.rpl_set_preferred_parent
                0x000000000000e500       0x20 /usr/lib/gcc/i686-linux-gnu/4.8/../../../i386-linux-gnu/crti.o
 .rel.text.remove_parents
                0x000000000000e520       0x28 /usr/lib/gcc/i686-linux-gnu/4.8/../../../i386-linux-gnu/crti.o
 .rel.text.nullify_parents
                0x000000000000e548       0x28 /usr/lib/gcc/i686-linux-gnu/4.8/../../../i386-linux-gnu/crti.o
 .rel.text.get_dag
                0x000000000000e570       0x10 /usr/lib/gcc/i686-linux-gnu/4.8/../../../i386-linux-gnu/crti.o
 .rel.text.rpl_set_root
                0x000000000000e580       0x48 /usr/lib/gcc/i686-linux-gnu/4.8/../../../i386-linux-gnu/crti.o
 .rel.text.rpl_repair_root
                0x000000000000e5c8       0x10 /usr/lib/gcc/i686-linux-gnu/4.8/../../../i386-linux-gnu/crti.o
 .rel.text.set_ip_from_prefix
                0x000000000000e5d8       0x20 /usr/lib/gcc/i686-linux-gnu/4.8/../../../i386-linux-gnu/crti.o
 .rel.text.check_prefix
                0x000000000000e5f8       0x30 /usr/lib/gcc/i686-linux-gnu/4.8/../../../i386-linux-gnu/crti.o
 .rel.text.rpl_set_prefix
                0x000000000000e628       0x20 /usr/lib/gcc/i686-linux-gnu/4.8/../../../i386-linux-gnu/crti.o
 .rel.text.rpl_set_default_route
                0x000000000000e648       0x10 /usr/lib/gcc/i686-linux-gnu/4.8/../../../i386-linux-gnu/crti.o
 .rel.text.rpl_alloc_instance
                0x000000000000e658       0x18 /usr/lib/gcc/i686-linux-gnu/4.8/../../../i386-linux-gnu/crti.o
 .rel.text.rpl_alloc_dag
                0x000000000000e670       0x18 /usr/lib/gcc/i686-linux-gnu/4.8/../../../i386-linux-gnu/crti.o
 .rel.text.rpl_set_default_instance
                0x000000000000e688        0x8 /usr/lib/gcc/i686-linux-gnu/4.8/../../../i386-linux-gnu/crti.o
 .rel.text.rpl_get_default_instance
                0x000000000000e690        0x8 /usr/lib/gcc/i686-linux-gnu/4.8/../../../i386-linux-gnu/crti.o
 .rel.text.rpl_free_instance
                0x000000000000e698       0x40 /usr/lib/gcc/i686-linux-gnu/4.8/../../../i386-linux-gnu/crti.o
 .rel.text.rpl_free_dag
                0x000000000000e6d8        0x8 /usr/lib/gcc/i686-linux-gnu/4.8/../../../i386-linux-gnu/crti.o
 .rel.text.rpl_add_parent
                0x000000000000e6e0       0x18 /usr/lib/gcc/i686-linux-gnu/4.8/../../../i386-linux-gnu/crti.o
 .rel.text.find_parent_any_dag_any_instance
                0x000000000000e6f8       0x20 /usr/lib/gcc/i686-linux-gnu/4.8/../../../i386-linux-gnu/crti.o
 .rel.text.rpl_select_dag
                0x000000000000e718       0x48 /usr/lib/gcc/i686-linux-gnu/4.8/../../../i386-linux-gnu/crti.o
 .rel.text.best_parent
                0x000000000000e760       0x30 /usr/lib/gcc/i686-linux-gnu/4.8/../../../i386-linux-gnu/crti.o
 .rel.text.rpl_select_parent
                0x000000000000e790       0x18 /usr/lib/gcc/i686-linux-gnu/4.8/../../../i386-linux-gnu/crti.o
 .rel.text.rpl_remove_parent
                0x000000000000e7a8       0x18 /usr/lib/gcc/i686-linux-gnu/4.8/../../../i386-linux-gnu/crti.o
 .rel.text.rpl_nullify_parent
                0x000000000000e7c0       0x10 /usr/lib/gcc/i686-linux-gnu/4.8/../../../i386-linux-gnu/crti.o
 .rel.text.rpl_move_parent
                0x000000000000e7d0       0x18 /usr/lib/gcc/i686-linux-gnu/4.8/../../../i386-linux-gnu/crti.o
 .rel.text.rpl_has_downward_route
                0x000000000000e7e8       0x10 /usr/lib/gcc/i686-linux-gnu/4.8/../../../i386-linux-gnu/crti.o
 .rel.text.rpl_get_dag
                0x000000000000e7f8       0x30 /usr/lib/gcc/i686-linux-gnu/4.8/../../../i386-linux-gnu/crti.o
 .rel.text.rpl_get_any_dag
                0x000000000000e828       0x18 /usr/lib/gcc/i686-linux-gnu/4.8/../../../i386-linux-gnu/crti.o
 .rel.text.rpl_get_instance
                0x000000000000e840       0x18 /usr/lib/gcc/i686-linux-gnu/4.8/../../../i386-linux-gnu/crti.o
 .rel.text.rpl_find_of
                0x000000000000e858       0x10 /usr/lib/gcc/i686-linux-gnu/4.8/../../../i386-linux-gnu/crti.o
 .rel.text.rpl_join_instance
                0x000000000000e868       0x58 /usr/lib/gcc/i686-linux-gnu/4.8/../../../i386-linux-gnu/crti.o
 .rel.text.rpl_add_dag
                0x000000000000e8c0       0x50 /usr/lib/gcc/i686-linux-gnu/4.8/../../../i386-linux-gnu/crti.o
 .rel.text.global_repair
                0x000000000000e910       0x18 /usr/lib/gcc/i686-linux-gnu/4.8/../../../i386-linux-gnu/crti.o
 .rel.text.rpl_local_repair
                0x000000000000e928        0x8 /usr/lib/gcc/i686-linux-gnu/4.8/../../../i386-linux-gnu/crti.o
 .rel.text.rpl_recalculate_ranks
                0x000000000000e930       0x28 /usr/lib/gcc/i686-linux-gnu/4.8/../../../i386-linux-gnu/crti.o
 .rel.text.rpl_process_parent_event
                0x000000000000e958       0x40 /usr/lib/gcc/i686-linux-gnu/4.8/../../../i386-linux-gnu/crti.o
 .rel.text.add_nbr_from_dio
                0x000000000000e998        0x8 /usr/lib/gcc/i686-linux-gnu/4.8/../../../i386-linux-gnu/crti.o
 .rel.text.rpl_process_dio
                0x000000000000e9a0       0x78 /usr/lib/gcc/i686-linux-gnu/4.8/../../../i386-linux-gnu/crti.o
 .rel.text.rpl_verify_hbh_header
                0x000000000000ea18      0x108 /usr/lib/gcc/i686-linux-gnu/4.8/../../../i386-linux-gnu/crti.o
 .rel.text.update_hbh_header
                0x000000000000eb20      0x138 /usr/lib/gcc/i686-linux-gnu/4.8/../../../i386-linux-gnu/crti.o
 .rel.text.insert_hbh_header
                0x000000000000ec58      0x128 /usr/lib/gcc/i686-linux-gnu/4.8/../../../i386-linux-gnu/crti.o
 .rel.text.rpl_remove_header
                0x000000000000ed80       0xc8 /usr/lib/gcc/i686-linux-gnu/4.8/../../../i386-linux-gnu/crti.o
 .rel.text.rpl_update_header
                0x000000000000ee48       0x80 /usr/lib/gcc/i686-linux-gnu/4.8/../../../i386-linux-gnu/crti.o
 .rel.text.prepare_for_dao_fwd
                0x000000000000eec8       0x38 /usr/lib/gcc/i686-linux-gnu/4.8/../../../i386-linux-gnu/crti.o
 .rel.text.get_global_addr
                0x000000000000ef00       0x30 /usr/lib/gcc/i686-linux-gnu/4.8/../../../i386-linux-gnu/crti.o
 .rel.text.rpl_icmp6_update_nbr_table
                0x000000000000ef30       0x10 /usr/lib/gcc/i686-linux-gnu/4.8/../../../i386-linux-gnu/crti.o
 .rel.text.dis_input
                0x000000000000ef40       0x48 /usr/lib/gcc/i686-linux-gnu/4.8/../../../i386-linux-gnu/crti.o
 .rel.text.dis_output
                0x000000000000ef88       0x20 /usr/lib/gcc/i686-linux-gnu/4.8/../../../i386-linux-gnu/crti.o
 .rel.text.dio_input
                0x000000000000efa8       0x58 /usr/lib/gcc/i686-linux-gnu/4.8/../../../i386-linux-gnu/crti.o
 .rel.text.dio_output
                0x000000000000f000       0x40 /usr/lib/gcc/i686-linux-gnu/4.8/../../../i386-linux-gnu/crti.o
 .rel.text.dao_input_storing
                0x000000000000f040      0x120 /usr/lib/gcc/i686-linux-gnu/4.8/../../../i386-linux-gnu/crti.o
 .rel.text.dao_input
                0x000000000000f160       0x28 /usr/lib/gcc/i686-linux-gnu/4.8/../../../i386-linux-gnu/crti.o
 .rel.text.dao_output
                0x000000000000f188       0x38 /usr/lib/gcc/i686-linux-gnu/4.8/../../../i386-linux-gnu/crti.o
 .rel.text.dao_output_target
                0x000000000000f1c0        0x8 /usr/lib/gcc/i686-linux-gnu/4.8/../../../i386-linux-gnu/crti.o
 .rel.text.dao_output_target_seq
                0x000000000000f1c8       0x48 /usr/lib/gcc/i686-linux-gnu/4.8/../../../i386-linux-gnu/crti.o
 .rel.text.dao_ack_input
                0x000000000000f210       0x10 /usr/lib/gcc/i686-linux-gnu/4.8/../../../i386-linux-gnu/crti.o
 .rel.text.rpl_icmp6_register_handlers
                0x000000000000f220       0x40 /usr/lib/gcc/i686-linux-gnu/4.8/../../../i386-linux-gnu/crti.o
 .rel.text.parent_link_metric
                0x000000000000f260        0x8 /usr/lib/gcc/i686-linux-gnu/4.8/../../../i386-linux-gnu/crti.o
 .rel.text.handle_periodic_timer
                0x000000000000f268       0x68 /usr/lib/gcc/i686-linux-gnu/4.8/../../../i386-linux-gnu/crti.o
 .rel.text.new_dio_interval
                0x000000000000f2d0       0x18 /usr/lib/gcc/i686-linux-gnu/4.8/../../../i386-linux-gnu/crti.o
 .rel.text.handle_dio_timer
                0x000000000000f2e8       0x40 /usr/lib/gcc/i686-linux-gnu/4.8/../../../i386-linux-gnu/crti.o
 .rel.text.rpl_reset_periodic_timer
                0x000000000000f328       0x28 /usr/lib/gcc/i686-linux-gnu/4.8/../../../i386-linux-gnu/crti.o
 .rel.text.set_dao_lifetime_timer
                0x000000000000f350       0x20 /usr/lib/gcc/i686-linux-gnu/4.8/../../../i386-linux-gnu/crti.o
 .rel.text.handle_dao_timer
                0x000000000000f370       0x38 /usr/lib/gcc/i686-linux-gnu/4.8/../../../i386-linux-gnu/crti.o
 .rel.text.schedule_dao
                0x000000000000f3a8       0x30 /usr/lib/gcc/i686-linux-gnu/4.8/../../../i386-linux-gnu/crti.o
 .rel.text.rpl_cancel_dao
                0x000000000000f3d8       0x10 /usr/lib/gcc/i686-linux-gnu/4.8/../../../i386-linux-gnu/crti.o
 .rel.text.handle_unicast_dio_timer
                0x000000000000f3e8       0x10 /usr/lib/gcc/i686-linux-gnu/4.8/../../../i386-linux-gnu/crti.o
 .rel.text.rpl_schedule_unicast_dio_immediately
                0x000000000000f3f8       0x10 /usr/lib/gcc/i686-linux-gnu/4.8/../../../i386-linux-gnu/crti.o
 .rel.text.get_probing_delay
                0x000000000000f408       0x10 /usr/lib/gcc/i686-linux-gnu/4.8/../../../i386-linux-gnu/crti.o
 .rel.text.get_probing_target
                0x000000000000f418       0x70 /usr/lib/gcc/i686-linux-gnu/4.8/../../../i386-linux-gnu/crti.o
 .rel.text.handle_probing_timer
                0x000000000000f488       0x28 /usr/lib/gcc/i686-linux-gnu/4.8/../../../i386-linux-gnu/crti.o
 .rel.text.rpl_schedule_probing
                0x000000000000f4b0       0x18 /usr/lib/gcc/i686-linux-gnu/4.8/../../../i386-linux-gnu/crti.o
 .rel.text.rpl_get_mode
                0x000000000000f4c8        0x8 /usr/lib/gcc/i686-linux-gnu/4.8/../../../i386-linux-gnu/crti.o
 .rel.text.rpl_set_mode
                0x000000000000f4d0       0x68 /usr/lib/gcc/i686-linux-gnu/4.8/../../../i386-linux-gnu/crti.o
 .rel.text.rpl_purge_routes
                0x000000000000f538       0x50 /usr/lib/gcc/i686-linux-gnu/4.8/../../../i386-linux-gnu/crti.o
 .rel.text.rpl_remove_routes
                0x000000000000f588       0x20 /usr/lib/gcc/i686-linux-gnu/4.8/../../../i386-linux-gnu/crti.o
 .rel.text.rpl_remove_routes_by_nexthop
                0x000000000000f5a8       0x20 /usr/lib/gcc/i686-linux-gnu/4.8/../../../i386-linux-gnu/crti.o
 .rel.text.rpl_add_route
                0x000000000000f5c8        0x8 /usr/lib/gcc/i686-linux-gnu/4.8/../../../i386-linux-gnu/crti.o
 .rel.text.rpl_link_neighbor_callback
                0x000000000000f5d0       0x20 /usr/lib/gcc/i686-linux-gnu/4.8/../../../i386-linux-gnu/crti.o
 .rel.text.rpl_ipv6_neighbor_callback
                0x000000000000f5f0       0x10 /usr/lib/gcc/i686-linux-gnu/4.8/../../../i386-linux-gnu/crti.o
 .rel.text.rpl_purge_dags
                0x000000000000f600       0x10 /usr/lib/gcc/i686-linux-gnu/4.8/../../../i386-linux-gnu/crti.o
 .rel.text.rpl_init
                0x000000000000f610       0x30 /usr/lib/gcc/i686-linux-gnu/4.8/../../../i386-linux-gnu/crti.o
 .rel.text.link_stats_from_lladdr
                0x000000000000f640       0x10 /usr/lib/gcc/i686-linux-gnu/4.8/../../../i386-linux-gnu/crti.o
 .rel.text.link_stats_is_fresh
                0x000000000000f650        0x8 /usr/lib/gcc/i686-linux-gnu/4.8/../../../i386-linux-gnu/crti.o
 .rel.text.link_stats_packet_sent
                0x000000000000f658       0x30 /usr/lib/gcc/i686-linux-gnu/4.8/../../../i386-linux-gnu/crti.o
 .rel.text.link_stats_input_callback
                0x000000000000f688       0x20 /usr/lib/gcc/i686-linux-gnu/4.8/../../../i386-linux-gnu/crti.o
 .rel.text.periodic
                0x000000000000f6a8       0x30 /usr/lib/gcc/i686-linux-gnu/4.8/../../../i386-linux-gnu/crti.o
 .rel.text.link_stats_init
                0x000000000000f6d8       0x28 /usr/lib/gcc/i686-linux-gnu/4.8/../../../i386-linux-gnu/crti.o
 .rel.text.linkaddr_copy
                0x000000000000f700        0x8 /usr/lib/gcc/i686-linux-gnu/4.8/../../../i386-linux-gnu/crti.o
 .rel.text.linkaddr_cmp
                0x000000000000f708        0x8 /usr/lib/gcc/i686-linux-gnu/4.8/../../../i386-linux-gnu/crti.o
 .rel.text.linkaddr_set_node_addr
                0x000000000000f710       0x10 /usr/lib/gcc/i686-linux-gnu/4.8/../../../i386-linux-gnu/crti.o
 .rel.text.key_from_index
                0x000000000000f720        0x8 /usr/lib/gcc/i686-linux-gnu/4.8/../../../i386-linux-gnu/crti.o
 .rel.text.index_from_key
                0x000000000000f728        0x8 /usr/lib/gcc/i686-linux-gnu/4.8/../../../i386-linux-gnu/crti.o
 .rel.text.index_from_lladdr
                0x000000000000f730       0x28 /usr/lib/gcc/i686-linux-gnu/4.8/../../../i386-linux-gnu/crti.o
 .rel.text.remove_key
                0x000000000000f758       0x48 /usr/lib/gcc/i686-linux-gnu/4.8/../../../i386-linux-gnu/crti.o
 .rel.text.nbr_table_allocate
                0x000000000000f7a0       0x50 /usr/lib/gcc/i686-linux-gnu/4.8/../../../i386-linux-gnu/crti.o
 .rel.text.nbr_table_register
                0x000000000000f7f0       0x20 /usr/lib/gcc/i686-linux-gnu/4.8/../../../i386-linux-gnu/crti.o
 .rel.text.nbr_table_head
                0x000000000000f810       0x20 /usr/lib/gcc/i686-linux-gnu/4.8/../../../i386-linux-gnu/crti.o
 .rel.text.nbr_table_next
                0x000000000000f830       0x10 /usr/lib/gcc/i686-linux-gnu/4.8/../../../i386-linux-gnu/crti.o
 .rel.text.nbr_table_add_lladdr
                0x000000000000f840       0x30 /usr/lib/gcc/i686-linux-gnu/4.8/../../../i386-linux-gnu/crti.o
 .rel.text.nbr_table_get_from_lladdr
                0x000000000000f870        0x8 /usr/lib/gcc/i686-linux-gnu/4.8/../../../i386-linux-gnu/crti.o
 .rel.text.nbr_table_remove
                0x000000000000f878       0x10 /usr/lib/gcc/i686-linux-gnu/4.8/../../../i386-linux-gnu/crti.o
 .rel.text.nbr_table_lock
                0x000000000000f888        0x8 /usr/lib/gcc/i686-linux-gnu/4.8/../../../i386-linux-gnu/crti.o
 .rel.text.nbr_table_unlock
                0x000000000000f890        0x8 /usr/lib/gcc/i686-linux-gnu/4.8/../../../i386-linux-gnu/crti.o
 .rel.text.nbr_table_update_lladdr
                0x000000000000f898        0x8 /usr/lib/gcc/i686-linux-gnu/4.8/../../../i386-linux-gnu/crti.o
 .rel.text.netstack_init
                0x000000000000f8a0       0x28 /usr/lib/gcc/i686-linux-gnu/4.8/../../../i386-linux-gnu/crti.o
 .rel.text.packetbuf_clear
                0x000000000000f8c8       0x28 /usr/lib/gcc/i686-linux-gnu/4.8/../../../i386-linux-gnu/crti.o
 .rel.text.packetbuf_copyfrom
                0x000000000000f8f0       0x20 /usr/lib/gcc/i686-linux-gnu/4.8/../../../i386-linux-gnu/crti.o
 .rel.text.packetbuf_compact
                0x000000000000f910       0x38 /usr/lib/gcc/i686-linux-gnu/4.8/../../../i386-linux-gnu/crti.o
 .rel.text.packetbuf_copyto
                0x000000000000f948       0x58 /usr/lib/gcc/i686-linux-gnu/4.8/../../../i386-linux-gnu/crti.o
 .rel.text.packetbuf_hdralloc
                0x000000000000f9a0       0x30 /usr/lib/gcc/i686-linux-gnu/4.8/../../../i386-linux-gnu/crti.o
 .rel.text.packetbuf_hdrreduce
                0x000000000000f9d0       0x28 /usr/lib/gcc/i686-linux-gnu/4.8/../../../i386-linux-gnu/crti.o
 .rel.text.packetbuf_set_datalen
                0x000000000000f9f8        0x8 /usr/lib/gcc/i686-linux-gnu/4.8/../../../i386-linux-gnu/crti.o
 .rel.text.packetbuf_dataptr
                0x000000000000fa00       0x10 /usr/lib/gcc/i686-linux-gnu/4.8/../../../i386-linux-gnu/crti.o
 .rel.text.packetbuf_hdrptr
                0x000000000000fa10        0x8 /usr/lib/gcc/i686-linux-gnu/4.8/../../../i386-linux-gnu/crti.o
 .rel.text.packetbuf_datalen
                0x000000000000fa18        0x8 /usr/lib/gcc/i686-linux-gnu/4.8/../../../i386-linux-gnu/crti.o
 .rel.text.packetbuf_hdrlen
                0x000000000000fa20       0x10 /usr/lib/gcc/i686-linux-gnu/4.8/../../../i386-linux-gnu/crti.o
 .rel.text.packetbuf_totlen
                0x000000000000fa30       0x10 /usr/lib/gcc/i686-linux-gnu/4.8/../../../i386-linux-gnu/crti.o
 .rel.text.packetbuf_remaininglen
                0x000000000000fa40        0x8 /usr/lib/gcc/i686-linux-gnu/4.8/../../../i386-linux-gnu/crti.o
 .rel.text.packetbuf_attr_clear
                0x000000000000fa48       0x28 /usr/lib/gcc/i686-linux-gnu/4.8/../../../i386-linux-gnu/crti.o
 .rel.text.packetbuf_attr_copyto
                0x000000000000fa70       0x30 /usr/lib/gcc/i686-linux-gnu/4.8/../../../i386-linux-gnu/crti.o
 .rel.text.packetbuf_attr_copyfrom
                0x000000000000faa0       0x30 /usr/lib/gcc/i686-linux-gnu/4.8/../../../i386-linux-gnu/crti.o
 .rel.text.packetbuf_holds_broadcast
                0x000000000000fad0       0x18 /usr/lib/gcc/i686-linux-gnu/4.8/../../../i386-linux-gnu/crti.o
 .rel.text.queuebuf_init
                0x000000000000fae8       0x20 /usr/lib/gcc/i686-linux-gnu/4.8/../../../i386-linux-gnu/crti.o
 .rel.text.queuebuf_numfree
                0x000000000000fb08       0x10 /usr/lib/gcc/i686-linux-gnu/4.8/../../../i386-linux-gnu/crti.o
 .rel.text.queuebuf_new_from_packetbuf
                0x000000000000fb18       0x40 /usr/lib/gcc/i686-linux-gnu/4.8/../../../i386-linux-gnu/crti.o
 .rel.text.queuebuf_update_attr_from_packetbuf
                0x000000000000fb58        0x8 /usr/lib/gcc/i686-linux-gnu/4.8/../../../i386-linux-gnu/crti.o
 .rel.text.queuebuf_update_from_packetbuf
                0x000000000000fb60       0x10 /usr/lib/gcc/i686-linux-gnu/4.8/../../../i386-linux-gnu/crti.o
 .rel.text.queuebuf_free
                0x000000000000fb70       0x30 /usr/lib/gcc/i686-linux-gnu/4.8/../../../i386-linux-gnu/crti.o
 .rel.text.queuebuf_to_packetbuf
                0x000000000000fba0       0x20 /usr/lib/gcc/i686-linux-gnu/4.8/../../../i386-linux-gnu/crti.o
 .rel.text.queuebuf_dataptr
                0x000000000000fbc0       0x10 /usr/lib/gcc/i686-linux-gnu/4.8/../../../i386-linux-gnu/crti.o
 .rel.text.neighbor_queue_from_addr
                0x000000000000fbd0       0x20 /usr/lib/gcc/i686-linux-gnu/4.8/../../../i386-linux-gnu/crti.o
 .rel.text.backoff_period
                0x000000000000fbf0        0x8 /usr/lib/gcc/i686-linux-gnu/4.8/../../../i386-linux-gnu/crti.o
 .rel.text.transmit_packet_list
                0x000000000000fbf8       0x18 /usr/lib/gcc/i686-linux-gnu/4.8/../../../i386-linux-gnu/crti.o
 .rel.text.schedule_transmission
                0x000000000000fc10       0x18 /usr/lib/gcc/i686-linux-gnu/4.8/../../../i386-linux-gnu/crti.o
 .rel.text.free_packet
                0x000000000000fc28       0x60 /usr/lib/gcc/i686-linux-gnu/4.8/../../../i386-linux-gnu/crti.o
 .rel.text.tx_done
                0x000000000000fc88        0x8 /usr/lib/gcc/i686-linux-gnu/4.8/../../../i386-linux-gnu/crti.o
 .rel.text.rexmit
                0x000000000000fc90        0x8 /usr/lib/gcc/i686-linux-gnu/4.8/../../../i386-linux-gnu/crti.o
 .rel.text.input_packet
                0x000000000000fc98        0x8 /usr/lib/gcc/i686-linux-gnu/4.8/../../../i386-linux-gnu/crti.o
 .rel.text.on   0x000000000000fca0       0x10 /usr/lib/gcc/i686-linux-gnu/4.8/../../../i386-linux-gnu/crti.o
 .rel.text.off  0x000000000000fcb0       0x18 /usr/lib/gcc/i686-linux-gnu/4.8/../../../i386-linux-gnu/crti.o
 .rel.text.channel_check_interval
                0x000000000000fcc8       0x10 /usr/lib/gcc/i686-linux-gnu/4.8/../../../i386-linux-gnu/crti.o
 .rel.text.create_frame
                0x000000000000fcd8       0xc0 /usr/lib/gcc/i686-linux-gnu/4.8/../../../i386-linux-gnu/crti.o
 .rel.text.parse
                0x000000000000fd98       0x38 /usr/lib/gcc/i686-linux-gnu/4.8/../../../i386-linux-gnu/crti.o
 .rel.text.send_one_packet
                0x000000000000fdd0       0xd0 /usr/lib/gcc/i686-linux-gnu/4.8/../../../i386-linux-gnu/crti.o
 .rel.text.send_list
                0x000000000000fea0        0x8 /usr/lib/gcc/i686-linux-gnu/4.8/../../../i386-linux-gnu/crti.o
 .rel.text.send
                0x000000000000fea8        0x8 /usr/lib/gcc/i686-linux-gnu/4.8/../../../i386-linux-gnu/crti.o
 .rel.text.stimer_set
                0x000000000000feb0        0x8 /usr/lib/gcc/i686-linux-gnu/4.8/../../../i386-linux-gnu/crti.o
 .rel.text.stimer_restart
                0x000000000000feb8        0x8 /usr/lib/gcc/i686-linux-gnu/4.8/../../../i386-linux-gnu/crti.o
 .rel.text.stimer_expired
                0x000000000000fec0        0x8 /usr/lib/gcc/i686-linux-gnu/4.8/../../../i386-linux-gnu/crti.o
 .rel.text.stimer_remaining
                0x000000000000fec8        0x8 /usr/lib/gcc/i686-linux-gnu/4.8/../../../i386-linux-gnu/crti.o
 .rel.text.stimer_elapsed
                0x000000000000fed0        0x8 /usr/lib/gcc/i686-linux-gnu/4.8/../../../i386-linux-gnu/crti.o
 .rel.text.input_handler_lookup
                0x000000000000fed8       0x18 /usr/lib/gcc/i686-linux-gnu/4.8/../../../i386-linux-gnu/crti.o
 .rel.text.uip_icmp6_register_input_handler
                0x000000000000fef0       0x10 /usr/lib/gcc/i686-linux-gnu/4.8/../../../i386-linux-gnu/crti.o
 .rel.text.echo_request_input
                0x000000000000ff00      0x160 /usr/lib/gcc/i686-linux-gnu/4.8/../../../i386-linux-gnu/crti.o
 .rel.text.uip_icmp6_error_output
                0x0000000000010060      0x250 /usr/lib/gcc/i686-linux-gnu/4.8/../../../i386-linux-gnu/crti.o
 .rel.text.uip_icmp6_send
                0x00000000000102b0       0xc0 /usr/lib/gcc/i686-linux-gnu/4.8/../../../i386-linux-gnu/crti.o
 .rel.text.echo_reply_input
                0x0000000000010370       0xd0 /usr/lib/gcc/i686-linux-gnu/4.8/../../../i386-linux-gnu/crti.o
 .rel.text.uip_icmp6_echo_reply_callback_add
                0x0000000000010440       0x10 /usr/lib/gcc/i686-linux-gnu/4.8/../../../i386-linux-gnu/crti.o
 .rel.text.uip_icmp6_echo_reply_callback_rm
                0x0000000000010450       0x10 /usr/lib/gcc/i686-linux-gnu/4.8/../../../i386-linux-gnu/crti.o
 .rel.text.uip_icmp6_init
                0x0000000000010460       0x20 /usr/lib/gcc/i686-linux-gnu/4.8/../../../i386-linux-gnu/crti.o
 .rel.text.update_nbr
                0x0000000000010480       0xe0 /usr/lib/gcc/i686-linux-gnu/4.8/../../../i386-linux-gnu/crti.o
 .rel.text.find_removable_dis
                0x0000000000010560       0x10 /usr/lib/gcc/i686-linux-gnu/4.8/../../../i386-linux-gnu/crti.o
 .rel.text.find_removable_dio
                0x0000000000010570       0x18 /usr/lib/gcc/i686-linux-gnu/4.8/../../../i386-linux-gnu/crti.o
 .rel.text.find_removable_dao
                0x0000000000010588       0x10 /usr/lib/gcc/i686-linux-gnu/4.8/../../../i386-linux-gnu/crti.o
 .rel.text.rpl_nbr_policy_find_removable
                0x0000000000010598       0x30 /usr/lib/gcc/i686-linux-gnu/4.8/../../../i386-linux-gnu/crti.o
 .rel.text.frame802154_get_pan_id
                0x00000000000105c8        0x8 /usr/lib/gcc/i686-linux-gnu/4.8/../../../i386-linux-gnu/crti.o
 .rel.text.frame802154_set_pan_id
                0x00000000000105d0        0x8 /usr/lib/gcc/i686-linux-gnu/4.8/../../../i386-linux-gnu/crti.o
 .rel.text.frame802154_check_dest_panid
                0x00000000000105d8       0x10 /usr/lib/gcc/i686-linux-gnu/4.8/../../../i386-linux-gnu/crti.o
 .rel.text.frame802154_extract_linkaddr
                0x00000000000105e8       0x40 /usr/lib/gcc/i686-linux-gnu/4.8/../../../i386-linux-gnu/crti.o
 .rel.text.field_len
                0x0000000000010628       0x10 /usr/lib/gcc/i686-linux-gnu/4.8/../../../i386-linux-gnu/crti.o
 .rel.text.frame802154_create
                0x0000000000010638        0x8 /usr/lib/gcc/i686-linux-gnu/4.8/../../../i386-linux-gnu/crti.o
 .rel.text.frame802154_parse
                0x0000000000010640       0x50 /usr/lib/gcc/i686-linux-gnu/4.8/../../../i386-linux-gnu/crti.o
 .rel.text.mac_sequence_is_duplicate
                0x0000000000010690       0x28 /usr/lib/gcc/i686-linux-gnu/4.8/../../../i386-linux-gnu/crti.o
 .rel.text.mac_sequence_register_seqno
                0x00000000000106b8       0x48 /usr/lib/gcc/i686-linux-gnu/4.8/../../../i386-linux-gnu/crti.o
 *(.rel.fini)
 .rel.fini      0x0000000000000000        0x0 /usr/lib/gcc/i686-linux-gnu/4.8/../../../i386-linux-gnu/crti.o
 *(.rel.rodata .rel.rodata.* .rel.gnu.linkonce.r.*)
 .rel.rodata    0x0000000000010700      0x638 /usr/lib/gcc/i686-linux-gnu/4.8/../../../i386-linux-gnu/crti.o
 *(.rel.data.rel.ro .rel.data.rel.ro.* .rel.gnu.linkonce.d.rel.ro.*)
 *(.rel.data .rel.data.* .rel.gnu.linkonce.d.*)
 .rel.data.rel  0x0000000000010d38        0x8 /usr/lib/gcc/i686-linux-gnu/4.8/../../../i386-linux-gnu/crti.o
 .rel.data      0x0000000000010d40      0x368 /usr/lib/gcc/i686-linux-gnu/4.8/../../../i386-linux-gnu/crti.o
 *(.rel.tdata .rel.tdata.* .rel.gnu.linkonce.td.*)
 *(.rel.tbss .rel.tbss.* .rel.gnu.linkonce.tb.*)
 *(.rel.ctors)
 *(.rel.dtors)
 *(.rel.got)
 .rel.got       0x00000000000110a8       0x28 /usr/lib/gcc/i686-linux-gnu/4.8/../../../i386-linux-gnu/crti.o
 *(.rel.bss .rel.bss.* .rel.gnu.linkonce.b.*)
 *(.rel.ifunc)
 .rel.ifunc     0x0000000000000000        0x0 /usr/lib/gcc/i686-linux-gnu/4.8/../../../i386-linux-gnu/crti.o
 .rel.fini_array
                0x00000000000110d0        0x8 /usr/lib/gcc/i686-linux-gnu/4.8/../../../i386-linux-gnu/crti.o
 .rel.init_array
                0x00000000000110d8        0x8 /usr/lib/gcc/i686-linux-gnu/4.8/../../../i386-linux-gnu/crti.o

.rel.plt        0x00000000000110e0       0x10
 *(.rel.plt)
 .rel.plt       0x00000000000110e0       0x10 /usr/lib/gcc/i686-linux-gnu/4.8/../../../i386-linux-gnu/crti.o
 *(.rel.iplt)

.init           0x00000000000110f0       0x23
 *(SORT(.init))
 .init          0x00000000000110f0       0x1e /usr/lib/gcc/i686-linux-gnu/4.8/../../../i386-linux-gnu/crti.o
                0x00000000000110f0                _init
 .init          0x000000000001110e        0x5 /usr/lib/gcc/i686-linux-gnu/4.8/../../../i386-linux-gnu/crtn.o

.plt            0x0000000000011120       0x30
 *(.plt)
 .plt           0x0000000000011120       0x30 /usr/lib/gcc/i686-linux-gnu/4.8/../../../i386-linux-gnu/crti.o
 *(.iplt)

.text           0x0000000000011150    0x202b3
 *(.text.unlikely .text.*_unlikely .text.unlikely.*)
 *(.text.exit .text.exit.*)
 *(.text.startup .text.startup.*)
 *(.text.hot .text.hot.*)
 *(.text .stub .text.* .gnu.linkonce.t.*)
 .text          0x0000000000011150        0x0 /usr/lib/gcc/i686-linux-gnu/4.8/../../../i386-linux-gnu/crti.o
 .gnu.linkonce.t.__x86.get_pc_thunk.bx
                0x0000000000011150        0x4 /usr/lib/gcc/i686-linux-gnu/4.8/../../../i386-linux-gnu/crti.o
                0x0000000000011150                __x86.get_pc_thunk.bx
 *fill*         0x0000000000011154        0xc 
 .text          0x0000000000011160      0x11b /usr/lib/gcc/i686-linux-gnu/4.8/crtbeginS.o
 .text          0x000000000001127b        0x0 dtls-server.co
 .text.dtls_alert_create
                0x000000000001127b       0x10 dtls-server.co
 .text.dtls_alert_fatal_create
                0x000000000001128b       0x1b dtls-server.co
 .text.dtls_set_handler
                0x00000000000112a6        0xe dtls-server.co
 .text.read_from_peer
                0x00000000000112b4       0x60 dtls-server.co
 .text.send_to_peer
                0x0000000000011314       0xcd dtls-server.co
 .text.get_psk_info
                0x00000000000113e1      0x15e dtls-server.co
 .text.tcpip_handler
                0x000000000001153f      0x134 dtls-server.co
 .text.print_local_addresses
                0x0000000000011673       0x80 dtls-server.co
 .text.dtls_handle_read
                0x00000000000116f3       0xfd dtls-server.co
 .text.init_dtls
                0x00000000000117f0       0x7c dtls-server.co
                0x00000000000117f0                init_dtls
 .text.process_thread_udp_server_process
                0x000000000001186c      0x153 dtls-server.co
 .text          0x00000000000119bf        0x0 obj_cooja/mtype176.o
 .text.print_processes
                0x00000000000119bf       0x47 obj_cooja/mtype176.o
 .text.rtimer_thread_loop
                0x0000000000011a06       0x12 obj_cooja/mtype176.o
 .text.set_rime_addr
                0x0000000000011a18       0xdd obj_cooja/mtype176.o
 .text.contiki_init
                0x0000000000011af5      0x385 obj_cooja/mtype176.o
                0x0000000000011af5                contiki_init
 .text.process_run_thread_loop
                0x0000000000011e7a       0x6a obj_cooja/mtype176.o
 .text.Java_org_contikios_cooja_corecomm_Lib1_init
                0x0000000000011ee4       0x40 obj_cooja/mtype176.o
                0x0000000000011ee4                Java_org_contikios_cooja_corecomm_Lib1_init
 .text.Java_org_contikios_cooja_corecomm_Lib1_getMemory
                0x0000000000011f24       0x40 obj_cooja/mtype176.o
                0x0000000000011f24                Java_org_contikios_cooja_corecomm_Lib1_getMemory
 .text.Java_org_contikios_cooja_corecomm_Lib1_setMemory
                0x0000000000011f64       0x77 obj_cooja/mtype176.o
                0x0000000000011f64                Java_org_contikios_cooja_corecomm_Lib1_setMemory
 .text.Java_org_contikios_cooja_corecomm_Lib1_tick
                0x0000000000011fdb       0x5f obj_cooja/mtype176.o
                0x0000000000011fdb                Java_org_contikios_cooja_corecomm_Lib1_tick
 .text.Java_org_contikios_cooja_corecomm_Lib1_setReferenceAddress
                0x000000000001203a       0x12 obj_cooja/mtype176.o
                0x000000000001203a                Java_org_contikios_cooja_corecomm_Lib1_setReferenceAddress
 .text          0x000000000001204c        0x0 obj_cooja/mtype176.a(dtls.o)
 .text.equals   0x000000000001204c       0x44 obj_cooja/mtype176.a(dtls.o)
 .text.check_stack
                0x0000000000012090        0x5 obj_cooja/mtype176.a(dtls.o)
 .text.dtls_int_to_uint8
                0x0000000000012095       0x1c obj_cooja/mtype176.a(dtls.o)
 .text.dtls_int_to_uint16
                0x00000000000120b1       0x2f obj_cooja/mtype176.a(dtls.o)
 .text.dtls_int_to_uint24
                0x00000000000120e0       0x30 obj_cooja/mtype176.a(dtls.o)
 .text.dtls_int_to_uint32
                0x0000000000012110       0x3e obj_cooja/mtype176.a(dtls.o)
 .text.dtls_int_to_uint48
                0x000000000001214e       0x89 obj_cooja/mtype176.a(dtls.o)
 .text.dtls_uint8_to_int
                0x00000000000121d7        0xb obj_cooja/mtype176.a(dtls.o)
 .text.dtls_uint16_to_int
                0x00000000000121e2       0x21 obj_cooja/mtype176.a(dtls.o)
 .text.dtls_uint24_to_int
                0x0000000000012203       0x32 obj_cooja/mtype176.a(dtls.o)
 .text.dtls_hash_init
                0x0000000000012235       0x13 obj_cooja/mtype176.a(dtls.o)
 .text.dtls_hash_update
                0x0000000000012248       0x21 obj_cooja/mtype176.a(dtls.o)
 .text.dtls_hash_finalize
                0x0000000000012269       0x1f obj_cooja/mtype176.a(dtls.o)
 .text.dtls_security_params_epoch
                0x0000000000012288       0x58 obj_cooja/mtype176.a(dtls.o)
 .text.dtls_security_params
                0x00000000000122e0        0xb obj_cooja/mtype176.a(dtls.o)
 .text.dtls_security_params_next
                0x00000000000122eb       0x59 obj_cooja/mtype176.a(dtls.o)
 .text.dtls_security_params_free_other
                0x0000000000012344       0x50 obj_cooja/mtype176.a(dtls.o)
 .text.dtls_security_params_switch
                0x0000000000012394       0x26 obj_cooja/mtype176.a(dtls.o)
 .text.dtls_alert_create
                0x00000000000123ba       0x10 obj_cooja/mtype176.a(dtls.o)
 .text.dtls_alert_fatal_create
                0x00000000000123ca       0x1b obj_cooja/mtype176.a(dtls.o)
 .text.dtls_prng
                0x00000000000123e5       0x52 obj_cooja/mtype176.a(dtls.o)
 .text.dtls_prng_init
                0x0000000000012437        0xf obj_cooja/mtype176.a(dtls.o)
 .text.malloc_context
                0x0000000000012446        0xa obj_cooja/mtype176.a(dtls.o)
 .text.free_context
                0x0000000000012450        0x5 obj_cooja/mtype176.a(dtls.o)
 .text.dtls_init
                0x0000000000012455       0x1c obj_cooja/mtype176.a(dtls.o)
                0x0000000000012455                dtls_init
 .text.dtls_send
                0x0000000000012471       0x5e obj_cooja/mtype176.a(dtls.o)
 .text.dtls_get_peer
                0x00000000000124cf       0x57 obj_cooja/mtype176.a(dtls.o)
                0x00000000000124cf                dtls_get_peer
 .text.dtls_add_peer
                0x0000000000012526       0x1d obj_cooja/mtype176.a(dtls.o)
 .text.dtls_write
                0x0000000000012543       0x81 obj_cooja/mtype176.a(dtls.o)
                0x0000000000012543                dtls_write
 .text.dtls_get_cookie
                0x00000000000125c4       0xd8 obj_cooja/mtype176.a(dtls.o)
 .text.dtls_create_cookie
                0x000000000001269c      0x233 obj_cooja/mtype176.a(dtls.o)
 .text.is_record
                0x00000000000128cf       0x58 obj_cooja/mtype176.a(dtls.o)
 .text.dtls_set_record_header
                0x0000000000012927       0xd9 obj_cooja/mtype176.a(dtls.o)
 .text.dtls_set_handshake_header
                0x0000000000012a00       0xc8 obj_cooja/mtype176.a(dtls.o)
 .text.is_tls_ecdhe_ecdsa_with_aes_128_ccm_8
                0x0000000000012ac8        0xa obj_cooja/mtype176.a(dtls.o)
 .text.is_tls_psk_with_aes_128_ccm_8
                0x0000000000012ad2       0x12 obj_cooja/mtype176.a(dtls.o)
 .text.is_psk_supported