Archive member included to satisfy reference by file (symbol)

obj_cooja/mtype296.a(dtls.o)  receiver.co (dtls_init)
obj_cooja/mtype296.a(tinydtls-crypto)
                              obj_cooja/mtype296.a(dtls.o) (dtls_crypto_init)
obj_cooja/mtype296.a(hmac.o)  obj_cooja/mtype296.a(dtls.o) (dtls_hmac_update)
obj_cooja/mtype296.a(netq.o)  obj_cooja/mtype296.a(dtls.o) (netq_init)
obj_cooja/mtype296.a(dtls_time.o)
                              obj_cooja/mtype296.a(dtls.o) (dtls_clock_init)
obj_cooja/mtype296.a(peer.o)  obj_cooja/mtype296.a(dtls.o) (peer_init)
obj_cooja/mtype296.a(session.o)
                              obj_cooja/mtype296.a(dtls.o) (dtls_session_equals)
obj_cooja/mtype296.a(rijndael.o)
                              obj_cooja/mtype296.a(tinydtls-crypto) (rijndael_set_key_enc_only)
obj_cooja/mtype296.a(tinydtls-ccm.o)
                              obj_cooja/mtype296.a(tinydtls-crypto) (dtls_ccm_encrypt_message)
obj_cooja/mtype296.a(sha2.o)  obj_cooja/mtype296.a(dtls.o) (SHA256_Init)
obj_cooja/mtype296.a(debug.o)
                              receiver.co (dtls_set_log_level)
obj_cooja/mtype296.a(simEnvChange.o)
                              obj_cooja/mtype296.o (simDontFallAsleep)
obj_cooja/mtype296.a(cooja_mt.o)
                              obj_cooja/mtype296.o (cooja_mt_start)
obj_cooja/mtype296.a(cooja_mtarch.o)
                              obj_cooja/mtype296.a(cooja_mt.o) (cooja_mtarch_init)
obj_cooja/mtype296.a(rtimer-arch.o)
                              obj_cooja/mtype296.o (rtimer_arch_check)
obj_cooja/mtype296.a(beep.o)  obj_cooja/mtype296.o (beep_interface)
obj_cooja/mtype296.a(button-sensor.o)
                              obj_cooja/mtype296.o (button_interface)
obj_cooja/mtype296.a(leds-arch.o)
                              obj_cooja/mtype296.o (leds_interface)
obj_cooja/mtype296.a(moteid.o)
                              obj_cooja/mtype296.o (moteid_interface)
obj_cooja/mtype296.a(pir-sensor.o)
                              obj_cooja/mtype296.o (pir_interface)
obj_cooja/mtype296.a(rs232.o)
                              obj_cooja/mtype296.o (rs232_interface)
obj_cooja/mtype296.a(vib-sensor.o)
                              obj_cooja/mtype296.o (vib_interface)
obj_cooja/mtype296.a(clock.o)
                              obj_cooja/mtype296.o (clock_interface)
obj_cooja/mtype296.a(log.o)   obj_cooja/mtype296.o (simlog_interface)
obj_cooja/mtype296.a(cfs-cooja.o)
                              obj_cooja/mtype296.o (cfs_interface)
obj_cooja/mtype296.a(cooja-radio.o)
                              obj_cooja/mtype296.o (radio_interface)
obj_cooja/mtype296.a(eeprom.o)
                              obj_cooja/mtype296.o (eeprom_interface)
obj_cooja/mtype296.a(random.o)
                              obj_cooja/mtype296.a(moteid.o) (random_init)
obj_cooja/mtype296.a(sensors.o)
                              obj_cooja/mtype296.o (sensors_process)
obj_cooja/mtype296.a(autostart.o)
                              obj_cooja/mtype296.o (autostart_start)
obj_cooja/mtype296.a(ctimer.o)
                              obj_cooja/mtype296.o (ctimer_init)
obj_cooja/mtype296.a(etimer.o)
                              obj_cooja/mtype296.o (etimer_process)
obj_cooja/mtype296.a(process.o)
                              obj_cooja/mtype296.a(dtls.o) (process_current)
obj_cooja/mtype296.a(rtimer.o)
                              obj_cooja/mtype296.a(rtimer-arch.o) (rtimer_run_next)
obj_cooja/mtype296.a(timer.o)
                              obj_cooja/mtype296.a(button-sensor.o) (timer_set)
obj_cooja/mtype296.a(serial-line.o)
                              obj_cooja/mtype296.a(rs232.o) (serial_line_input_byte)
obj_cooja/mtype296.a(assert.o)
                              obj_cooja/mtype296.a(dtls.o) (_xassert)
obj_cooja/mtype296.a(list.o)  obj_cooja/mtype296.a(dtls.o) (list_init)
obj_cooja/mtype296.a(memb.o)  obj_cooja/mtype296.a(tinydtls-crypto) (memb_init)
obj_cooja/mtype296.a(ringbuf.o)
                              obj_cooja/mtype296.a(serial-line.o) (ringbuf_init)
obj_cooja/mtype296.a(sicslowpan.o)
                              obj_cooja/mtype296.o (sicslowpan_driver)
obj_cooja/mtype296.a(uip-ds6-nbr.o)
                              obj_cooja/mtype296.a(sicslowpan.o) (uip_ds6_link_neighbor_callback)
obj_cooja/mtype296.a(uip-ds6-route.o)
                              obj_cooja/mtype296.a(uip-ds6-nbr.o) (uip_ds6_defrt_lookup)
obj_cooja/mtype296.a(uip-ds6.o)
                              receiver.co (uip_ds6_if)
obj_cooja/mtype296.a(uip-nd6.o)
                              obj_cooja/mtype296.a(uip-ds6-nbr.o) (uip_nd6_ns_output)
obj_cooja/mtype296.a(uip6.o)  receiver.co (uip_lladdr)
obj_cooja/mtype296.a(resolv.o)
                              receiver.co (resolv_query)
obj_cooja/mtype296.a(tcpip.o)
                              receiver.co (tcpip_event)
obj_cooja/mtype296.a(uip-debug.o)
                              receiver.co (uip_debug_ipaddr_print)
obj_cooja/mtype296.a(uip-nameserver.)
[...]
Memory Configuration

Name             Origin             Length             Attributes
*default*        0x0000000000000000 0xffffffffffffffff

Linker script and memory map

LOAD /usr/lib/gcc/i686-linux-gnu/4.8/../../../i386-linux-gnu/crti.o
LOAD /usr/lib/gcc/i686-linux-gnu/4.8/crtbeginS.o
LOAD receiver.co
LOAD obj_cooja/mtype296.o
LOAD obj_cooja/mtype296.a
LOAD /usr/lib/gcc/i686-linux-gnu/4.8/libgcc.a
LOAD /usr/lib/gcc/i686-linux-gnu/4.8/libgcc_s.so
LOAD /usr/lib/gcc/i686-linux-gnu/4.8/../../../i386-linux-gnu/libc.so
START GROUP
LOAD /lib/i386-linux-gnu/libc.so.6
LOAD /usr/lib/i386-linux-gnu/libc_nonshared.a
LOAD /lib/i386-linux-gnu/ld-linux.so.2
END GROUP
LOAD /usr/lib/gcc/i686-linux-gnu/4.8/libgcc.a
LOAD /usr/lib/gcc/i686-linux-gnu/4.8/libgcc_s.so
LOAD /usr/lib/gcc/i686-linux-gnu/4.8/crtendS.o
LOAD /usr/lib/gcc/i686-linux-gnu/4.8/../../../i386-linux-gnu/crtn.o
                0x0000000000000114                . = (0x0 + SIZEOF_HEADERS)

.note.gnu.build-id
                0x0000000000000114       0x24
 *(.note.gnu.build-id)
 .note.gnu.build-id
                0x0000000000000114       0x24 /usr/lib/gcc/i686-linux-gnu/4.8/../../../i386-linux-gnu/crti.o

.hash
 *(.hash)

.gnu.hash       0x0000000000000138     0x13ec
 *(.gnu.hash)
 .gnu.hash      0x0000000000000138     0x13ec /usr/lib/gcc/i686-linux-gnu/4.8/../../../i386-linux-gnu/crti.o

.dynsym         0x0000000000001524     0x2850
 *(.dynsym)
 .dynsym        0x0000000000001524     0x2850 /usr/lib/gcc/i686-linux-gnu/4.8/../../../i386-linux-gnu/crti.o

.dynstr         0x0000000000003d74     0x297d
 *(.dynstr)
 .dynstr        0x0000000000003d74     0x297d /usr/lib/gcc/i686-linux-gnu/4.8/../../../i386-linux-gnu/crti.o

.gnu.version    0x00000000000066f2      0x50a
 *(.gnu.version)
 .gnu.version   0x00000000000066f2      0x50a /usr/lib/gcc/i686-linux-gnu/4.8/../../../i386-linux-gnu/crti.o

.gnu.version_d  0x0000000000006bfc        0x0
 *(.gnu.version_d)
 .gnu.version_d
                0x0000000000000000        0x0 /usr/lib/gcc/i686-linux-gnu/4.8/../../../i386-linux-gnu/crti.o

.gnu.version_r  0x0000000000006bfc       0x40
 *(.gnu.version_r)
 .gnu.version_r
                0x0000000000006bfc       0x40 /usr/lib/gcc/i686-linux-gnu/4.8/../../../i386-linux-gnu/crti.o

.rel.dyn        0x0000000000006c3c     0xac48
 *(.rel.init)
 .rel.init      0x0000000000000000        0x0 /usr/lib/gcc/i686-linux-gnu/4.8/../../../i386-linux-gnu/crti.o
 *(.rel.text .rel.text.* .rel.gnu.linkonce.t.*)
 .rel.text      0x0000000000000000        0x0 /usr/lib/gcc/i686-linux-gnu/4.8/../../../i386-linux-gnu/crti.o
 .rel.text.try_send
                0x0000000000006c3c       0x48 /usr/lib/gcc/i686-linux-gnu/4.8/../../../i386-linux-gnu/crti.o
 .rel.text.read_from_peer
                0x0000000000006c84       0x78 /usr/lib/gcc/i686-linux-gnu/4.8/../../../i386-linux-gnu/crti.o
 .rel.text.send_to_peer
                0x0000000000006cfc       0x18 /usr/lib/gcc/i686-linux-gnu/4.8/../../../i386-linux-gnu/crti.o
 .rel.text.get_psk_info
                0x0000000000006d14       0xa8 /usr/lib/gcc/i686-linux-gnu/4.8/../../../i386-linux-gnu/crti.o
 .rel.text.dtls_handle_read
                0x0000000000006dbc       0x80 /usr/lib/gcc/i686-linux-gnu/4.8/../../../i386-linux-gnu/crti.o
 .rel.text.print_local_addresses
                0x0000000000006e3c       0x40 /usr/lib/gcc/i686-linux-gnu/4.8/../../../i386-linux-gnu/crti.o
 .rel.text.set_global_address
                0x0000000000006e7c       0x20 /usr/lib/gcc/i686-linux-gnu/4.8/../../../i386-linux-gnu/crti.o
 .rel.text.set_connection_address
                0x0000000000006e9c       0x90 /usr/lib/gcc/i686-linux-gnu/4.8/../../../i386-linux-gnu/crti.o
 .rel.text.dtls_complete
                0x0000000000006f2c        0x8 /usr/lib/gcc/i686-linux-gnu/4.8/../../../i386-linux-gnu/crti.o
 .rel.text.init_dtls
                0x0000000000006f34       0x90 /usr/lib/gcc/i686-linux-gnu/4.8/../../../i386-linux-gnu/crti.o
 .rel.text.join_mcast_group
                0x0000000000006fc4       0x58 /usr/lib/gcc/i686-linux-gnu/4.8/../../../i386-linux-gnu/crti.o
 .rel.text.dtls_reqeust
                0x000000000000701c       0x30 /usr/lib/gcc/i686-linux-gnu/4.8/../../../i386-linux-gnu/crti.o
 .rel.text.process_thread_udp_client_process
                0x000000000000704c       0xf0 /usr/lib/gcc/i686-linux-gnu/4.8/../../../i386-linux-gnu/crti.o
 .rel.text.print_processes
                0x000000000000713c       0x28 /usr/lib/gcc/i686-linux-gnu/4.8/../../../i386-linux-gnu/crti.o
 .rel.text.rtimer_thread_loop
                0x0000000000007164       0x10 /usr/lib/gcc/i686-linux-gnu/4.8/../../../i386-linux-gnu/crti.o
 .rel.text.set_rime_addr
                0x0000000000007174       0x58 /usr/lib/gcc/i686-linux-gnu/4.8/../../../i386-linux-gnu/crti.o
 .rel.text.contiki_init
                0x00000000000071cc      0x1d0 /usr/lib/gcc/i686-linux-gnu/4.8/../../../i386-linux-gnu/crti.o
 .rel.text.process_run_thread_loop
                0x000000000000739c       0x70 /usr/lib/gcc/i686-linux-gnu/4.8/../../../i386-linux-gnu/crti.o
 .rel.text.Java_org_contikios_cooja_corecomm_Lib2_init
                0x000000000000740c       0x30 /usr/lib/gcc/i686-linux-gnu/4.8/../../../i386-linux-gnu/crti.o
 .rel.text.Java_org_contikios_cooja_corecomm_Lib2_getMemory
                0x000000000000743c        0x8 /usr/lib/gcc/i686-linux-gnu/4.8/../../../i386-linux-gnu/crti.o
 .rel.text.Java_org_contikios_cooja_corecomm_Lib2_setMemory
                0x0000000000007444       0x10 /usr/lib/gcc/i686-linux-gnu/4.8/../../../i386-linux-gnu/crti.o
 .rel.text.Java_org_contikios_cooja_corecomm_Lib2_tick
                0x0000000000007454       0x70 /usr/lib/gcc/i686-linux-gnu/4.8/../../../i386-linux-gnu/crti.o
 .rel.text.Java_org_contikios_cooja_corecomm_Lib2_setReferenceAddress
                0x00000000000074c4       0x10 /usr/lib/gcc/i686-linux-gnu/4.8/../../../i386-linux-gnu/crti.o
 .rel.text.dtls_hash_init
                0x00000000000074d4       0x18 /usr/lib/gcc/i686-linux-gnu/4.8/../../../i386-linux-gnu/crti.o
 .rel.text.dtls_hash_update
                0x00000000000074ec       0x10 /usr/lib/gcc/i686-linux-gnu/4.8/../../../i386-linux-gnu/crti.o
 .rel.text.dtls_hash_finalize
                0x00000000000074fc       0x10 /usr/lib/gcc/i686-linux-gnu/4.8/../../../i386-linux-gnu/crti.o
 .rel.text.dtls_security_params_next
                0x000000000000750c       0x10 /usr/lib/gcc/i686-linux-gnu/4.8/../../../i386-linux-gnu/crti.o
 .rel.text.dtls_security_params_free_other
                0x000000000000751c        0x8 /usr/lib/gcc/i686-linux-gnu/4.8/../../../i386-linux-gnu/crti.o
 .rel.text.dtls_prng
                0x0000000000007524       0x18 /usr/lib/gcc/i686-linux-gnu/4.8/../../../i386-linux-gnu/crti.o
 .rel.text.malloc_context
                0x000000000000753c        0x8 /usr/lib/gcc/i686-linux-gnu/4.8/../../../i386-linux-gnu/crti.o
 .rel.text.dtls_init
                0x0000000000007544       0x20 /usr/lib/gcc/i686-linux-gnu/4.8/../../../i386-linux-gnu/crti.o
 .rel.text.dtls_get_peer
                0x0000000000007564       0x18 /usr/lib/gcc/i686-linux-gnu/4.8/../../../i386-linux-gnu/crti.o
 .rel.text.dtls_add_peer
                0x000000000000757c        0x8 /usr/lib/gcc/i686-linux-gnu/4.8/../../../i386-linux-gnu/crti.o
 .rel.text.dtls_write
                0x0000000000007584       0x20 /usr/lib/gcc/i686-linux-gnu/4.8/../../../i386-linux-gnu/crti.o
 .rel.text.dtls_create_cookie
                0x00000000000075a4       0x40 /usr/lib/gcc/i686-linux-gnu/4.8/../../../i386-linux-gnu/crti.o
 .rel.text.dtls_set_record_header
                0x00000000000075e4       0x10 /usr/lib/gcc/i686-linux-gnu/4.8/../../../i386-linux-gnu/crti.o
 .rel.text.dtls_set_handshake_header
                0x00000000000075f4        0x8 /usr/lib/gcc/i686-linux-gnu/4.8/../../../i386-linux-gnu/crti.o
 .rel.text.dtls_debug_keyblock
                0x00000000000075fc       0x70 /usr/lib/gcc/i686-linux-gnu/4.8/../../../i386-linux-gnu/crti.o
 .rel.text.dtls_handshake_type_to_name
                0x000000000000766c       0x68 /usr/lib/gcc/i686-linux-gnu/4.8/../../../i386-linux-gnu/crti.o
 .rel.text.calculate_key_block
                0x00000000000076d4       0xb8 /usr/lib/gcc/i686-linux-gnu/4.8/../../../i386-linux-gnu/crti.o
 .rel.text.dtls_check_tls_extension
                0x000000000000778c       0x30 /usr/lib/gcc/i686-linux-gnu/4.8/../../../i386-linux-gnu/crti.o
 .rel.text.dtls_update_parameters
                0x00000000000077bc       0x48 /usr/lib/gcc/i686-linux-gnu/4.8/../../../i386-linux-gnu/crti.o
 .rel.text.check_client_keyexchange
                0x0000000000007804       0x38 /usr/lib/gcc/i686-linux-gnu/4.8/../../../i386-linux-gnu/crti.o
 .rel.text.update_hs_hash
                0x000000000000783c       0x10 /usr/lib/gcc/i686-linux-gnu/4.8/../../../i386-linux-gnu/crti.o
 .rel.text.copy_hs_hash
                0x000000000000784c        0x8 /usr/lib/gcc/i686-linux-gnu/4.8/../../../i386-linux-gnu/crti.o
 .rel.text.clear_hs_hash
                0x0000000000007854       0x20 /usr/lib/gcc/i686-linux-gnu/4.8/../../../i386-linux-gnu/crti.o
 .rel.text.check_finished
                0x0000000000007874       0x58 /usr/lib/gcc/i686-linux-gnu/4.8/../../../i386-linux-gnu/crti.o
 .rel.text.dtls_prepare_record
                0x00000000000078cc      0x130 /usr/lib/gcc/i686-linux-gnu/4.8/../../../i386-linux-gnu/crti.o
 .rel.text.dtls_send_handshake_msg_hash
                0x00000000000079fc       0x18 /usr/lib/gcc/i686-linux-gnu/4.8/../../../i386-linux-gnu/crti.o
 .rel.text.dtls_encrypt_data
                0x0000000000007a14       0x20 /usr/lib/gcc/i686-linux-gnu/4.8/../../../i386-linux-gnu/crti.o
 .rel.text.dtls_encrypt_x
                0x0000000000007a34       0x10 /usr/lib/gcc/i686-linux-gnu/4.8/../../../i386-linux-gnu/crti.o
 .rel.text.dtls_prepare_record_x
                0x0000000000007a44       0x80 /usr/lib/gcc/i686-linux-gnu/4.8/../../../i386-linux-gnu/crti.o
 .rel.text.dtls_send_multi
                0x0000000000007ac4       0x98 /usr/lib/gcc/i686-linux-gnu/4.8/../../../i386-linux-gnu/crti.o
 .rel.text.dtls_close
                0x0000000000007b5c       0x30 /usr/lib/gcc/i686-linux-gnu/4.8/../../../i386-linux-gnu/crti.o
 .rel.text.dtls_destroy_peer
                0x0000000000007b8c       0x28 /usr/lib/gcc/i686-linux-gnu/4.8/../../../i386-linux-gnu/crti.o
 .rel.text.dtls_verify_peer
                0x0000000000007bb4       0xa0 /usr/lib/gcc/i686-linux-gnu/4.8/../../../i386-linux-gnu/crti.o
 .rel.text.dtls_send_server_hello
                0x0000000000007c54       0x30 /usr/lib/gcc/i686-linux-gnu/4.8/../../../i386-linux-gnu/crti.o
 .rel.text.dtls_send_server_key_exchange_psk
                0x0000000000007c84       0x40 /usr/lib/gcc/i686-linux-gnu/4.8/../../../i386-linux-gnu/crti.o
 .rel.text.dtls_send_server_hello_msgs
                0x0000000000007cc4       0x48 /usr/lib/gcc/i686-linux-gnu/4.8/../../../i386-linux-gnu/crti.o
 .rel.text.dtls_send_client_key_exchange
                0x0000000000007d0c       0x60 /usr/lib/gcc/i686-linux-gnu/4.8/../../../i386-linux-gnu/crti.o
 .rel.text.dtls_send_finished
                0x0000000000007d6c       0x38 /usr/lib/gcc/i686-linux-gnu/4.8/../../../i386-linux-gnu/crti.o
 .rel.text.dtls_send_client_hello
                0x0000000000007da4       0x50 /usr/lib/gcc/i686-linux-gnu/4.8/../../../i386-linux-gnu/crti.o
 .rel.text.check_server_hello
                0x0000000000007df4       0x38 /usr/lib/gcc/i686-linux-gnu/4.8/../../../i386-linux-gnu/crti.o
 .rel.text.check_server_hello_verify_request
                0x0000000000007e2c       0x10 /usr/lib/gcc/i686-linux-gnu/4.8/../../../i386-linux-gnu/crti.o
 .rel.text.check_server_key_exchange_psk
                0x0000000000007e3c       0x48 /usr/lib/gcc/i686-linux-gnu/4.8/../../../i386-linux-gnu/crti.o
 .rel.text.check_certificate_request
                0x0000000000007e84       0x60 /usr/lib/gcc/i686-linux-gnu/4.8/../../../i386-linux-gnu/crti.o
 .rel.text.check_server_hellodone
                0x0000000000007ee4       0x28 /usr/lib/gcc/i686-linux-gnu/4.8/../../../i386-linux-gnu/crti.o
 .rel.text.decrypt_verify
                0x0000000000007f0c       0xc8 /usr/lib/gcc/i686-linux-gnu/4.8/../../../i386-linux-gnu/crti.o
 .rel.text.dtls_renegotiate
                0x0000000000007fd4       0x20 /usr/lib/gcc/i686-linux-gnu/4.8/../../../i386-linux-gnu/crti.o
 .rel.text.handle_handshake_msg
                0x0000000000007ff4      0x150 /usr/lib/gcc/i686-linux-gnu/4.8/../../../i386-linux-gnu/crti.o
 .rel.text.handle_handshake
                0x0000000000008144       0xe8 /usr/lib/gcc/i686-linux-gnu/4.8/../../../i386-linux-gnu/crti.o
 .rel.text.handle_ccs
                0x000000000000822c       0x10 /usr/lib/gcc/i686-linux-gnu/4.8/../../../i386-linux-gnu/crti.o
 .rel.text.handle_alert
                0x000000000000823c       0x48 /usr/lib/gcc/i686-linux-gnu/4.8/../../../i386-linux-gnu/crti.o
 .rel.text.dtls_alert_send_from_err
                0x0000000000008284       0x10 /usr/lib/gcc/i686-linux-gnu/4.8/../../../i386-linux-gnu/crti.o
 .rel.text.dtls_handle_message
                0x0000000000008294      0x180 /usr/lib/gcc/i686-linux-gnu/4.8/../../../i386-linux-gnu/crti.o
 .rel.text.dtls_new_context
                0x0000000000008414       0x70 /usr/lib/gcc/i686-linux-gnu/4.8/../../../i386-linux-gnu/crti.o
 .rel.text.dtls_free_context
                0x0000000000008484       0x20 /usr/lib/gcc/i686-linux-gnu/4.8/../../../i386-linux-gnu/crti.o
 .rel.text.dtls_connect_peer
                0x00000000000084a4       0x50 /usr/lib/gcc/i686-linux-gnu/4.8/../../../i386-linux-gnu/crti.o
 .rel.text.dtls_connect
                0x00000000000084f4       0x38 /usr/lib/gcc/i686-linux-gnu/4.8/../../../i386-linux-gnu/crti.o
 .rel.text.dtls_retransmit
                0x000000000000852c       0x98 /usr/lib/gcc/i686-linux-gnu/4.8/../../../i386-linux-gnu/crti.o
 .rel.text.dtls_stop_retransmission
                0x00000000000085c4       0x30 /usr/lib/gcc/i686-linux-gnu/4.8/../../../i386-linux-gnu/crti.o
 .rel.text.dtls_check_retransmit
                0x00000000000085f4       0x20 /usr/lib/gcc/i686-linux-gnu/4.8/../../../i386-linux-gnu/crti.o
 .rel.text.process_thread_dtls_retransmit_process
                0x0000000000008614       0xb0 /usr/lib/gcc/i686-linux-gnu/4.8/../../../i386-linux-gnu/crti.o
 .rel.text.dtls_cipher_context_get
                0x00000000000086c4        0x8 /usr/lib/gcc/i686-linux-gnu/4.8/../../../i386-linux-gnu/crti.o
 .rel.text.dtls_crypto_init
                0x00000000000086cc       0x20 /usr/lib/gcc/i686-linux-gnu/4.8/../../../i386-linux-gnu/crti.o
 .rel.text.dtls_handshake_malloc
                0x00000000000086ec       0x10 /usr/lib/gcc/i686-linux-gnu/4.8/../../../i386-linux-gnu/crti.o
 .rel.text.dtls_handshake_dealloc
                0x00000000000086fc       0x10 /usr/lib/gcc/i686-linux-gnu/4.8/../../../i386-linux-gnu/crti.o
 .rel.text.dtls_security_malloc
                0x000000000000870c       0x10 /usr/lib/gcc/i686-linux-gnu/4.8/../../../i386-linux-gnu/crti.o
 .rel.text.dtls_security_dealloc
                0x000000000000871c       0x10 /usr/lib/gcc/i686-linux-gnu/4.8/../../../i386-linux-gnu/crti.o
 .rel.text.dtls_handshake_new
                0x000000000000872c       0x28 /usr/lib/gcc/i686-linux-gnu/4.8/../../../i386-linux-gnu/crti.o
 .rel.text.dtls_handshake_free
                0x0000000000008754        0x8 /usr/lib/gcc/i686-linux-gnu/4.8/../../../i386-linux-gnu/crti.o
 .rel.text.dtls_security_new
                0x000000000000875c       0x18 /usr/lib/gcc/i686-linux-gnu/4.8/../../../i386-linux-gnu/crti.o
 .rel.text.dtls_p_hash
                0x0000000000008774       0xd0 /usr/lib/gcc/i686-linux-gnu/4.8/../../../i386-linux-gnu/crti.o
 .rel.text.dtls_prf
                0x0000000000008844       0x10 /usr/lib/gcc/i686-linux-gnu/4.8/../../../i386-linux-gnu/crti.o
 .rel.text.dtls_prf_custom
                0x0000000000008854       0x18 /usr/lib/gcc/i686-linux-gnu/4.8/../../../i386-linux-gnu/crti.o
 .rel.text.dtls_mac
                0x000000000000886c       0x38 /usr/lib/gcc/i686-linux-gnu/4.8/../../../i386-linux-gnu/crti.o
 .rel.text.dtls_ccm_encrypt
                0x00000000000088a4       0x18 /usr/lib/gcc/i686-linux-gnu/4.8/../../../i386-linux-gnu/crti.o
 .rel.text.dtls_ccm_decrypt
                0x00000000000088bc       0x18 /usr/lib/gcc/i686-linux-gnu/4.8/../../../i386-linux-gnu/crti.o
 .rel.text.dtls_psk_pre_master_secret
                0x00000000000088d4       0x18 /usr/lib/gcc/i686-linux-gnu/4.8/../../../i386-linux-gnu/crti.o
 .rel.text.dtls_encrypt
                0x00000000000088ec       0x20 /usr/lib/gcc/i686-linux-gnu/4.8/../../../i386-linux-gnu/crti.o
 .rel.text.dtls_decrypt
                0x000000000000890c       0x20 /usr/lib/gcc/i686-linux-gnu/4.8/../../../i386-linux-gnu/crti.o
 .rel.text.dtls_hmac_context_new
                0x000000000000892c       0x10 /usr/lib/gcc/i686-linux-gnu/4.8/../../../i386-linux-gnu/crti.o
 .rel.text.dtls_hmac_context_free
                0x000000000000893c       0x10 /usr/lib/gcc/i686-linux-gnu/4.8/../../../i386-linux-gnu/crti.o
 .rel.text.dtls_hmac_storage_init
                0x000000000000894c       0x10 /usr/lib/gcc/i686-linux-gnu/4.8/../../../i386-linux-gnu/crti.o
 .rel.text.dtls_hmac_update
                0x000000000000895c       0x10 /usr/lib/gcc/i686-linux-gnu/4.8/../../../i386-linux-gnu/crti.o
 .rel.text.dtls_hmac_new
                0x000000000000896c        0x8 /usr/lib/gcc/i686-linux-gnu/4.8/../../../i386-linux-gnu/crti.o
 .rel.text.dtls_hmac_init
                0x0000000000008974       0x28 /usr/lib/gcc/i686-linux-gnu/4.8/../../../i386-linux-gnu/crti.o
 .rel.text.dtls_hmac_finalize
                0x000000000000899c       0x28 /usr/lib/gcc/i686-linux-gnu/4.8/../../../i386-linux-gnu/crti.o
 .rel.text.netq_malloc_node
                0x00000000000089c4       0x10 /usr/lib/gcc/i686-linux-gnu/4.8/../../../i386-linux-gnu/crti.o
 .rel.text.netq_free_node
                0x00000000000089d4       0x10 /usr/lib/gcc/i686-linux-gnu/4.8/../../../i386-linux-gnu/crti.o
 .rel.text.netq_init
                0x00000000000089e4       0x10 /usr/lib/gcc/i686-linux-gnu/4.8/../../../i386-linux-gnu/crti.o
 .rel.text.netq_insert_node
                0x00000000000089f4       0x48 /usr/lib/gcc/i686-linux-gnu/4.8/../../../i386-linux-gnu/crti.o
 .rel.text.netq_head
                0x0000000000008a3c        0x8 /usr/lib/gcc/i686-linux-gnu/4.8/../../../i386-linux-gnu/crti.o
 .rel.text.netq_next
                0x0000000000008a44        0x8 /usr/lib/gcc/i686-linux-gnu/4.8/../../../i386-linux-gnu/crti.o
 .rel.text.netq_remove
                0x0000000000008a4c        0x8 /usr/lib/gcc/i686-linux-gnu/4.8/../../../i386-linux-gnu/crti.o
 .rel.text.netq_pop_first
                0x0000000000008a54        0x8 /usr/lib/gcc/i686-linux-gnu/4.8/../../../i386-linux-gnu/crti.o
 .rel.text.netq_node_new
                0x0000000000008a5c       0x18 /usr/lib/gcc/i686-linux-gnu/4.8/../../../i386-linux-gnu/crti.o
 .rel.text.netq_delete_all
                0x0000000000008a74        0x8 /usr/lib/gcc/i686-linux-gnu/4.8/../../../i386-linux-gnu/crti.o
 .rel.text.dtls_clock_init
                0x0000000000008a7c       0x10 /usr/lib/gcc/i686-linux-gnu/4.8/../../../i386-linux-gnu/crti.o
 .rel.text.dtls_ticks
                0x0000000000008a8c        0x8 /usr/lib/gcc/i686-linux-gnu/4.8/../../../i386-linux-gnu/crti.o
 .rel.text.peer_init
                0x0000000000008a94       0x10 /usr/lib/gcc/i686-linux-gnu/4.8/../../../i386-linux-gnu/crti.o
 .rel.text.dtls_malloc_peer
                0x0000000000008aa4       0x10 /usr/lib/gcc/i686-linux-gnu/4.8/../../../i386-linux-gnu/crti.o
 .rel.text.dtls_free_peer
                0x0000000000008ab4       0x28 /usr/lib/gcc/i686-linux-gnu/4.8/../../../i386-linux-gnu/crti.o
 .rel.text.dtls_new_peer
                0x0000000000008adc       0x30 /usr/lib/gcc/i686-linux-gnu/4.8/../../../i386-linux-gnu/crti.o
 .rel.text.dtls_session_init
                0x0000000000008b0c       0x18 /usr/lib/gcc/i686-linux-gnu/4.8/../../../i386-linux-gnu/crti.o
 .rel.text.dtls_session_equals
                0x0000000000008b24       0x28 /usr/lib/gcc/i686-linux-gnu/4.8/../../../i386-linux-gnu/crti.o
 .rel.text.rijndaelKeySetupEnc
                0x0000000000008b4c       0x98 /usr/lib/gcc/i686-linux-gnu/4.8/../../../i386-linux-gnu/crti.o
 .rel.text.rijndaelEncrypt
                0x0000000000008be4      0x180 /usr/lib/gcc/i686-linux-gnu/4.8/../../../i386-linux-gnu/crti.o
 .rel.text.rijndael_set_key_enc_only
                0x0000000000008d64        0x8 /usr/lib/gcc/i686-linux-gnu/4.8/../../../i386-linux-gnu/crti.o
 .rel.text.rijndael_encrypt
                0x0000000000008d6c        0x8 /usr/lib/gcc/i686-linux-gnu/4.8/../../../i386-linux-gnu/crti.o
 .rel.text.block0
                0x0000000000008d74        0x8 /usr/lib/gcc/i686-linux-gnu/4.8/../../../i386-linux-gnu/crti.o
 .rel.text.add_auth_data
                0x0000000000008d7c       0x50 /usr/lib/gcc/i686-linux-gnu/4.8/../../../i386-linux-gnu/crti.o
 .rel.text.encrypt
                0x0000000000008dcc       0x38 /usr/lib/gcc/i686-linux-gnu/4.8/../../../i386-linux-gnu/crti.o
 .rel.text.mac  0x0000000000008e04        0x8 /usr/lib/gcc/i686-linux-gnu/4.8/../../../i386-linux-gnu/crti.o
 .rel.text.dtls_ccm_encrypt_message
                0x0000000000008e0c       0x28 /usr/lib/gcc/i686-linux-gnu/4.8/../../../i386-linux-gnu/crti.o
 .rel.text.dtls_ccm_decrypt_message
                0x0000000000008e34       0x28 /usr/lib/gcc/i686-linux-gnu/4.8/../../../i386-linux-gnu/crti.o
 .rel.text.SHA256_Init
                0x0000000000008e5c       0x18 /usr/lib/gcc/i686-linux-gnu/4.8/../../../i386-linux-gnu/crti.o
 .rel.text.SHA256_Transform
                0x0000000000008e74       0x10 /usr/lib/gcc/i686-linux-gnu/4.8/../../../i386-linux-gnu/crti.o
 .rel.text.SHA256_Update
                0x0000000000008e84       0x38 /usr/lib/gcc/i686-linux-gnu/4.8/../../../i386-linux-gnu/crti.o
 .rel.text.SHA256_Final
                0x0000000000008ebc       0x48 /usr/lib/gcc/i686-linux-gnu/4.8/../../../i386-linux-gnu/crti.o
 .rel.text.SHA256_End
                0x0000000000008f04       0x40 /usr/lib/gcc/i686-linux-gnu/4.8/../../../i386-linux-gnu/crti.o
 .rel.text.SHA256_Data
                0x0000000000008f44       0x20 /usr/lib/gcc/i686-linux-gnu/4.8/../../../i386-linux-gnu/crti.o
 .rel.text.dtls_package_name
                0x0000000000008f64        0x8 /usr/lib/gcc/i686-linux-gnu/4.8/../../../i386-linux-gnu/crti.o
 .rel.text.dtls_package_version
                0x0000000000008f6c        0x8 /usr/lib/gcc/i686-linux-gnu/4.8/../../../i386-linux-gnu/crti.o
 .rel.text.dtls_get_log_level
                0x0000000000008f74        0x8 /usr/lib/gcc/i686-linux-gnu/4.8/../../../i386-linux-gnu/crti.o
 .rel.text.dtls_set_log_level
                0x0000000000008f7c        0x8 /usr/lib/gcc/i686-linux-gnu/4.8/../../../i386-linux-gnu/crti.o
 .rel.text.dsrv_print_addr
                0x0000000000008f84       0x20 /usr/lib/gcc/i686-linux-gnu/4.8/../../../i386-linux-gnu/crti.o
 .rel.text.hexdump
                0x0000000000008fa4       0x40 /usr/lib/gcc/i686-linux-gnu/4.8/../../../i386-linux-gnu/crti.o
 .rel.text.dump
                0x0000000000008fe4       0x10 /usr/lib/gcc/i686-linux-gnu/4.8/../../../i386-linux-gnu/crti.o
 .rel.text.dtls_dsrv_log_addr
                0x0000000000008ff4       0x18 /usr/lib/gcc/i686-linux-gnu/4.8/../../../i386-linux-gnu/crti.o
 .rel.text.dtls_dsrv_hexdump_log
                0x000000000000900c       0xc8 /usr/lib/gcc/i686-linux-gnu/4.8/../../../i386-linux-gnu/crti.o
 .rel.text.doActionsBeforeTick
                0x00000000000090d4       0x10 /usr/lib/gcc/i686-linux-gnu/4.8/../../../i386-linux-gnu/crti.o
 .rel.text.doActionsAfterTick
                0x00000000000090e4       0x10 /usr/lib/gcc/i686-linux-gnu/4.8/../../../i386-linux-gnu/crti.o
 .rel.text.cooja_mt_init
                0x00000000000090f4        0x8 /usr/lib/gcc/i686-linux-gnu/4.8/../../../i386-linux-gnu/crti.o
 .rel.text.cooja_mt_remove
                0x00000000000090fc        0x8 /usr/lib/gcc/i686-linux-gnu/4.8/../../../i386-linux-gnu/crti.o
 .rel.text.cooja_mt_start
                0x0000000000009104        0x8 /usr/lib/gcc/i686-linux-gnu/4.8/../../../i386-linux-gnu/crti.o
 .rel.text.cooja_mt_exec
                0x000000000000910c       0x10 /usr/lib/gcc/i686-linux-gnu/4.8/../../../i386-linux-gnu/crti.o
 .rel.text.cooja_mt_exit
                0x000000000000911c       0x18 /usr/lib/gcc/i686-linux-gnu/4.8/../../../i386-linux-gnu/crti.o
 .rel.text.cooja_mt_yield
                0x0000000000009134       0x18 /usr/lib/gcc/i686-linux-gnu/4.8/../../../i386-linux-gnu/crti.o
 .rel.text.cooja_mtarch_start
                0x000000000000914c        0x8 /usr/lib/gcc/i686-linux-gnu/4.8/../../../i386-linux-gnu/crti.o
 .rel.text.cooja_sw
                0x0000000000009154        0x8 /usr/lib/gcc/i686-linux-gnu/4.8/../../../i386-linux-gnu/crti.o
 .rel.text.cooja_mtarch_exec
                0x000000000000915c       0x18 /usr/lib/gcc/i686-linux-gnu/4.8/../../../i386-linux-gnu/crti.o
 .rel.text.cooja_mtarch_yield
                0x0000000000009174        0x8 /usr/lib/gcc/i686-linux-gnu/4.8/../../../i386-linux-gnu/crti.o
 .rel.text.rtimer_arch_init
                0x000000000000917c       0x18 /usr/lib/gcc/i686-linux-gnu/4.8/../../../i386-linux-gnu/crti.o
 .rel.text.rtimer_arch_schedule
                0x0000000000009194       0x18 /usr/lib/gcc/i686-linux-gnu/4.8/../../../i386-linux-gnu/crti.o
 .rel.text.rtimer_arch_next
                0x00000000000091ac       0x10 /usr/lib/gcc/i686-linux-gnu/4.8/../../../i386-linux-gnu/crti.o
 .rel.text.rtimer_arch_pending
                0x00000000000091bc        0x8 /usr/lib/gcc/i686-linux-gnu/4.8/../../../i386-linux-gnu/crti.o
 .rel.text.rtimer_arch_check
                0x00000000000091c4       0x30 /usr/lib/gcc/i686-linux-gnu/4.8/../../../i386-linux-gnu/crti.o
 .rel.text.rtimer_arch_now
                0x00000000000091f4       0x10 /usr/lib/gcc/i686-linux-gnu/4.8/../../../i386-linux-gnu/crti.o
 .rel.text.beep_alarm
                0x0000000000009204        0x8 /usr/lib/gcc/i686-linux-gnu/4.8/../../../i386-linux-gnu/crti.o
 .rel.text.beep_beep
                0x000000000000920c        0x8 /usr/lib/gcc/i686-linux-gnu/4.8/../../../i386-linux-gnu/crti.o
 .rel.text.beep
                0x0000000000009214        0x8 /usr/lib/gcc/i686-linux-gnu/4.8/../../../i386-linux-gnu/crti.o
 .rel.text.beep_down
                0x000000000000921c        0x8 /usr/lib/gcc/i686-linux-gnu/4.8/../../../i386-linux-gnu/crti.o
 .rel.text.beep_on
                0x0000000000009224        0x8 /usr/lib/gcc/i686-linux-gnu/4.8/../../../i386-linux-gnu/crti.o
 .rel.text.beep_off
                0x000000000000922c        0x8 /usr/lib/gcc/i686-linux-gnu/4.8/../../../i386-linux-gnu/crti.o
 .rel.text.beep_spinup
                0x0000000000009234        0x8 /usr/lib/gcc/i686-linux-gnu/4.8/../../../i386-linux-gnu/crti.o
 .rel.text.beep_quick
                0x000000000000923c        0x8 /usr/lib/gcc/i686-linux-gnu/4.8/../../../i386-linux-gnu/crti.o
 .rel.text.beep_long
                0x0000000000009244        0x8 /usr/lib/gcc/i686-linux-gnu/4.8/../../../i386-linux-gnu/crti.o
 .rel.text.value
                0x000000000000924c       0x28 /usr/lib/gcc/i686-linux-gnu/4.8/../../../i386-linux-gnu/crti.o
 .rel.text.configure
                0x0000000000009274       0x40 /usr/lib/gcc/i686-linux-gnu/4.8/../../../i386-linux-gnu/crti.o
 .rel.text.status
                0x00000000000092b4       0x18 /usr/lib/gcc/i686-linux-gnu/4.8/../../../i386-linux-gnu/crti.o
 .rel.text.doInterfaceActionsBeforeTick
                0x00000000000092cc      0x188 /usr/lib/gcc/i686-linux-gnu/4.8/../../../i386-linux-gnu/crti.o
 .rel.text.leds_arch_init
                0x0000000000009454        0x8 /usr/lib/gcc/i686-linux-gnu/4.8/../../../i386-linux-gnu/crti.o
 .rel.text.leds_arch_get
                0x000000000000945c        0x8 /usr/lib/gcc/i686-linux-gnu/4.8/../../../i386-linux-gnu/crti.o
 .rel.text.leds_arch_set
                0x0000000000009464       0x10 /usr/lib/gcc/i686-linux-gnu/4.8/../../../i386-linux-gnu/crti.o
 .rel.text.rs232_set_input
                0x0000000000009474        0x8 /usr/lib/gcc/i686-linux-gnu/4.8/../../../i386-linux-gnu/crti.o
 .rel.text.rs232_send
                0x000000000000947c       0x10 /usr/lib/gcc/i686-linux-gnu/4.8/../../../i386-linux-gnu/crti.o
 .rel.text.rs232_print
                0x000000000000948c       0x10 /usr/lib/gcc/i686-linux-gnu/4.8/../../../i386-linux-gnu/crti.o
 .rel.text.slip_arch_writeb
                0x000000000000949c        0x8 /usr/lib/gcc/i686-linux-gnu/4.8/../../../i386-linux-gnu/crti.o
 .rel.text.clock_time
                0x00000000000094a4        0x8 /usr/lib/gcc/i686-linux-gnu/4.8/../../../i386-linux-gnu/crti.o
 .rel.text.clock_seconds
                0x00000000000094ac        0x8 /usr/lib/gcc/i686-linux-gnu/4.8/../../../i386-linux-gnu/crti.o
 .rel.text.simlog_char
                0x00000000000094b4       0x30 /usr/lib/gcc/i686-linux-gnu/4.8/../../../i386-linux-gnu/crti.o
 .rel.text.simlog
                0x00000000000094e4       0x50 /usr/lib/gcc/i686-linux-gnu/4.8/../../../i386-linux-gnu/crti.o
 .rel.text.log_message
                0x0000000000009534       0x10 /usr/lib/gcc/i686-linux-gnu/4.8/../../../i386-linux-gnu/crti.o
 .rel.text.log_set_putchar_with_slip
                0x0000000000009544        0x8 /usr/lib/gcc/i686-linux-gnu/4.8/../../../i386-linux-gnu/crti.o
 .rel.text.putchar
                0x000000000000954c       0x50 /usr/lib/gcc/i686-linux-gnu/4.8/../../../i386-linux-gnu/crti.o
 .rel.text.puts
                0x000000000000959c       0x10 /usr/lib/gcc/i686-linux-gnu/4.8/../../../i386-linux-gnu/crti.o
 .rel.text.printf
                0x00000000000095ac       0x20 /usr/lib/gcc/i686-linux-gnu/4.8/../../../i386-linux-gnu/crti.o
 .rel.text.cfs_open
                0x00000000000095cc       0x48 /usr/lib/gcc/i686-linux-gnu/4.8/../../../i386-linux-gnu/crti.o
 .rel.text.cfs_close
                0x0000000000009614        0x8 /usr/lib/gcc/i686-linux-gnu/4.8/../../../i386-linux-gnu/crti.o
 .rel.text.cfs_read
                0x000000000000961c       0x70 /usr/lib/gcc/i686-linux-gnu/4.8/../../../i386-linux-gnu/crti.o
 .rel.text.cfs_write
                0x000000000000968c       0xb0 /usr/lib/gcc/i686-linux-gnu/4.8/../../../i386-linux-gnu/crti.o
 .rel.text.cfs_seek
                0x000000000000973c       0x68 /usr/lib/gcc/i686-linux-gnu/4.8/../../../i386-linux-gnu/crti.o
 .rel.text.cfs_remove
                0x00000000000097a4       0x10 /usr/lib/gcc/i686-linux-gnu/4.8/../../../i386-linux-gnu/crti.o
 .rel.text.packetbuf_set_attr
                0x00000000000097b4       0x30 /usr/lib/gcc/i686-linux-gnu/4.8/../../../i386-linux-gnu/crti.o
 .rel.text.set_send_on_cca
                0x00000000000097e4        0x8 /usr/lib/gcc/i686-linux-gnu/4.8/../../../i386-linux-gnu/crti.o
 .rel.text.set_frame_filtering
                0x00000000000097ec        0x8 /usr/lib/gcc/i686-linux-gnu/4.8/../../../i386-linux-gnu/crti.o
 .rel.text.set_auto_ack
                0x00000000000097f4        0x8 /usr/lib/gcc/i686-linux-gnu/4.8/../../../i386-linux-gnu/crti.o
 .rel.text.set_poll_mode
                0x00000000000097fc        0x8 /usr/lib/gcc/i686-linux-gnu/4.8/../../../i386-linux-gnu/crti.o
 .rel.text.radio_set_channel
                0x0000000000009804        0x8 /usr/lib/gcc/i686-linux-gnu/4.8/../../../i386-linux-gnu/crti.o
 .rel.text.radio_set_txpower
                0x000000000000980c        0x8 /usr/lib/gcc/i686-linux-gnu/4.8/../../../i386-linux-gnu/crti.o
 .rel.text.radio_signal_strength_last
                0x0000000000009814        0x8 /usr/lib/gcc/i686-linux-gnu/4.8/../../../i386-linux-gnu/crti.o
 .rel.text.radio_signal_strength_current
                0x000000000000981c        0x8 /usr/lib/gcc/i686-linux-gnu/4.8/../../../i386-linux-gnu/crti.o
 .rel.text.radio_LQI
                0x0000000000009824        0x8 /usr/lib/gcc/i686-linux-gnu/4.8/../../../i386-linux-gnu/crti.o
 .rel.text.radio_on
                0x000000000000982c        0x8 /usr/lib/gcc/i686-linux-gnu/4.8/../../../i386-linux-gnu/crti.o
 .rel.text.radio_off
                0x0000000000009834        0x8 /usr/lib/gcc/i686-linux-gnu/4.8/../../../i386-linux-gnu/crti.o
 .rel.text.radio_read
                0x000000000000983c       0x68 /usr/lib/gcc/i686-linux-gnu/4.8/../../../i386-linux-gnu/crti.o
 .rel.text.channel_clear
                0x00000000000098a4        0x8 /usr/lib/gcc/i686-linux-gnu/4.8/../../../i386-linux-gnu/crti.o
 .rel.text.radio_send
                0x00000000000098ac       0x78 /usr/lib/gcc/i686-linux-gnu/4.8/../../../i386-linux-gnu/crti.o
 .rel.text.prepare_packet
                0x0000000000009924        0x8 /usr/lib/gcc/i686-linux-gnu/4.8/../../../i386-linux-gnu/crti.o
 .rel.text.transmit_packet
                0x000000000000992c       0x10 /usr/lib/gcc/i686-linux-gnu/4.8/../../../i386-linux-gnu/crti.o
 .rel.text.receiving_packet
                0x000000000000993c        0x8 /usr/lib/gcc/i686-linux-gnu/4.8/../../../i386-linux-gnu/crti.o
 .rel.text.pending_packet
                0x0000000000009944       0x10 /usr/lib/gcc/i686-linux-gnu/4.8/../../../i386-linux-gnu/crti.o
 .rel.text.process_thread_cooja_radio_process
                0x0000000000009954       0x28 /usr/lib/gcc/i686-linux-gnu/4.8/../../../i386-linux-gnu/crti.o
 .rel.text.init
                0x000000000000997c       0x60 /usr/lib/gcc/i686-linux-gnu/4.8/../../../i386-linux-gnu/crti.o
 .rel.text.get_value
                0x00000000000099dc       0x30 /usr/lib/gcc/i686-linux-gnu/4.8/../../../i386-linux-gnu/crti.o
 .rel.text.set_value
                0x0000000000009a0c        0x8 /usr/lib/gcc/i686-linux-gnu/4.8/../../../i386-linux-gnu/crti.o
 .rel.text.get_object
                0x0000000000009a14       0x10 /usr/lib/gcc/i686-linux-gnu/4.8/../../../i386-linux-gnu/crti.o
 .rel.text.eeprom_read
                0x0000000000009a24       0x28 /usr/lib/gcc/i686-linux-gnu/4.8/../../../i386-linux-gnu/crti.o
 .rel.text.eeprom_write
                0x0000000000009a4c       0x28 /usr/lib/gcc/i686-linux-gnu/4.8/../../../i386-linux-gnu/crti.o
 .rel.text.random_init
                0x0000000000009a74        0x8 /usr/lib/gcc/i686-linux-gnu/4.8/../../../i386-linux-gnu/crti.o
 .rel.text.random_rand
                0x0000000000009a7c        0x8 /usr/lib/gcc/i686-linux-gnu/4.8/../../../i386-linux-gnu/crti.o
 .rel.text.get_sensor_index
                0x0000000000009a84       0x10 /usr/lib/gcc/i686-linux-gnu/4.8/../../../i386-linux-gnu/crti.o
 .rel.text.sensors_first
                0x0000000000009a94        0x8 /usr/lib/gcc/i686-linux-gnu/4.8/../../../i386-linux-gnu/crti.o
 .rel.text.sensors_next
                0x0000000000009a9c        0x8 /usr/lib/gcc/i686-linux-gnu/4.8/../../../i386-linux-gnu/crti.o
 .rel.text.sensors_changed
                0x0000000000009aa4       0x20 /usr/lib/gcc/i686-linux-gnu/4.8/../../../i386-linux-gnu/crti.o
 .rel.text.sensors_find
                0x0000000000009ac4       0x28 /usr/lib/gcc/i686-linux-gnu/4.8/../../../i386-linux-gnu/crti.o
 .rel.text.process_thread_sensors_process
                0x0000000000009aec      0x108 /usr/lib/gcc/i686-linux-gnu/4.8/../../../i386-linux-gnu/crti.o
 .rel.text.autostart_start
                0x0000000000009bf4        0x8 /usr/lib/gcc/i686-linux-gnu/4.8/../../../i386-linux-gnu/crti.o
 .rel.text.autostart_exit
                0x0000000000009bfc        0x8 /usr/lib/gcc/i686-linux-gnu/4.8/../../../i386-linux-gnu/crti.o
 .rel.text.process_thread_ctimer_process
                0x0000000000009c04       0x58 /usr/lib/gcc/i686-linux-gnu/4.8/../../../i386-linux-gnu/crti.o
 .rel.text.ctimer_init
                0x0000000000009c5c       0x28 /usr/lib/gcc/i686-linux-gnu/4.8/../../../i386-linux-gnu/crti.o
 .rel.text.ctimer_set
                0x0000000000009c84       0x10 /usr/lib/gcc/i686-linux-gnu/4.8/../../../i386-linux-gnu/crti.o
 .rel.text.ctimer_set_with_process
                0x0000000000009c94       0x40 /usr/lib/gcc/i686-linux-gnu/4.8/../../../i386-linux-gnu/crti.o
 .rel.text.ctimer_reset
                0x0000000000009cd4       0x40 /usr/lib/gcc/i686-linux-gnu/4.8/../../../i386-linux-gnu/crti.o
 .rel.text.ctimer_restart
                0x0000000000009d14       0x40 /usr/lib/gcc/i686-linux-gnu/4.8/../../../i386-linux-gnu/crti.o
 .rel.text.ctimer_stop
                0x0000000000009d54       0x20 /usr/lib/gcc/i686-linux-gnu/4.8/../../../i386-linux-gnu/crti.o
 .rel.text.ctimer_expired
                0x0000000000009d74       0x20 /usr/lib/gcc/i686-linux-gnu/4.8/../../../i386-linux-gnu/crti.o
 .rel.text.update_time
                0x0000000000009d94       0x28 /usr/lib/gcc/i686-linux-gnu/4.8/../../../i386-linux-gnu/crti.o
 .rel.text.process_thread_etimer_process
                0x0000000000009dbc       0x60 /usr/lib/gcc/i686-linux-gnu/4.8/../../../i386-linux-gnu/crti.o
 .rel.text.etimer_request_poll
                0x0000000000009e1c       0x10 /usr/lib/gcc/i686-linux-gnu/4.8/../../../i386-linux-gnu/crti.o
 .rel.text.add_timer
                0x0000000000009e2c       0x30 /usr/lib/gcc/i686-linux-gnu/4.8/../../../i386-linux-gnu/crti.o
 .rel.text.etimer_set
                0x0000000000009e5c        0x8 /usr/lib/gcc/i686-linux-gnu/4.8/../../../i386-linux-gnu/crti.o
 .rel.text.etimer_reset_with_new_interval
                0x0000000000009e64        0x8 /usr/lib/gcc/i686-linux-gnu/4.8/../../../i386-linux-gnu/crti.o
 .rel.text.etimer_reset
                0x0000000000009e6c        0x8 /usr/lib/gcc/i686-linux-gnu/4.8/../../../i386-linux-gnu/crti.o
 .rel.text.etimer_restart
                0x0000000000009e74        0x8 /usr/lib/gcc/i686-linux-gnu/4.8/../../../i386-linux-gnu/crti.o
 .rel.text.etimer_pending
                0x0000000000009e7c        0x8 /usr/lib/gcc/i686-linux-gnu/4.8/../../../i386-linux-gnu/crti.o
 .rel.text.etimer_next_expiration_time
                0x0000000000009e84       0x10 /usr/lib/gcc/i686-linux-gnu/4.8/../../../i386-linux-gnu/crti.o
 .rel.text.etimer_stop
                0x0000000000009e94       0x20 /usr/lib/gcc/i686-linux-gnu/4.8/../../../i386-linux-gnu/crti.o
 .rel.text.process_alloc_event
                0x0000000000009eb4       0x10 /usr/lib/gcc/i686-linux-gnu/4.8/../../../i386-linux-gnu/crti.o
 .rel.text.process_start
                0x0000000000009ec4       0x20 /usr/lib/gcc/i686-linux-gnu/4.8/../../../i386-linux-gnu/crti.o
 .rel.text.exit_process
                0x0000000000009ee4       0x50 /usr/lib/gcc/i686-linux-gnu/4.8/../../../i386-linux-gnu/crti.o
 .rel.text.call_process
                0x0000000000009f34        0x8 /usr/lib/gcc/i686-linux-gnu/4.8/../../../i386-linux-gnu/crti.o
 .rel.text.process_exit
                0x0000000000009f3c        0x8 /usr/lib/gcc/i686-linux-gnu/4.8/../../../i386-linux-gnu/crti.o
 .rel.text.process_init
                0x0000000000009f44       0x38 /usr/lib/gcc/i686-linux-gnu/4.8/../../../i386-linux-gnu/crti.o
 .rel.text.do_poll
                0x0000000000009f7c       0x10 /usr/lib/gcc/i686-linux-gnu/4.8/../../../i386-linux-gnu/crti.o
 .rel.text.do_event
                0x0000000000009f8c       0x68 /usr/lib/gcc/i686-linux-gnu/4.8/../../../i386-linux-gnu/crti.o
 .rel.text.process_run
                0x0000000000009ff4       0x18 /usr/lib/gcc/i686-linux-gnu/4.8/../../../i386-linux-gnu/crti.o
 .rel.text.process_nevents
                0x000000000000a00c       0x10 /usr/lib/gcc/i686-linux-gnu/4.8/../../../i386-linux-gnu/crti.o
 .rel.text.process_post
                0x000000000000a01c       0x40 /usr/lib/gcc/i686-linux-gnu/4.8/../../../i386-linux-gnu/crti.o
 .rel.text.process_post_synch
                0x000000000000a05c       0x10 /usr/lib/gcc/i686-linux-gnu/4.8/../../../i386-linux-gnu/crti.o
 .rel.text.process_poll
                0x000000000000a06c        0x8 /usr/lib/gcc/i686-linux-gnu/4.8/../../../i386-linux-gnu/crti.o
 .rel.text.rtimer_init
                0x000000000000a074        0x8 /usr/lib/gcc/i686-linux-gnu/4.8/../../../i386-linux-gnu/crti.o
 .rel.text.rtimer_set
                0x000000000000a07c       0x18 /usr/lib/gcc/i686-linux-gnu/4.8/../../../i386-linux-gnu/crti.o
 .rel.text.rtimer_run_next
                0x000000000000a094       0x30 /usr/lib/gcc/i686-linux-gnu/4.8/../../../i386-linux-gnu/crti.o
 .rel.text.timer_set
                0x000000000000a0c4        0x8 /usr/lib/gcc/i686-linux-gnu/4.8/../../../i386-linux-gnu/crti.o
 .rel.text.timer_restart
                0x000000000000a0cc        0x8 /usr/lib/gcc/i686-linux-gnu/4.8/../../../i386-linux-gnu/crti.o
 .rel.text.timer_expired
                0x000000000000a0d4        0x8 /usr/lib/gcc/i686-linux-gnu/4.8/../../../i386-linux-gnu/crti.o
 .rel.text.timer_remaining
                0x000000000000a0dc        0x8 /usr/lib/gcc/i686-linux-gnu/4.8/../../../i386-linux-gnu/crti.o
 .rel.text.serial_line_input_byte
                0x000000000000a0e4       0x48 /usr/lib/gcc/i686-linux-gnu/4.8/../../../i386-linux-gnu/crti.o
 .rel.text.process_thread_serial_line_process
                0x000000000000a12c       0x90 /usr/lib/gcc/i686-linux-gnu/4.8/../../../i386-linux-gnu/crti.o
 .rel.text.serial_line_init
                0x000000000000a1bc       0x28 /usr/lib/gcc/i686-linux-gnu/4.8/../../../i386-linux-gnu/crti.o
 .rel.text._xassert
                0x000000000000a1e4       0x10 /usr/lib/gcc/i686-linux-gnu/4.8/../../../i386-linux-gnu/crti.o
 .rel.text.list_add
                0x000000000000a1f4       0x10 /usr/lib/gcc/i686-linux-gnu/4.8/../../../i386-linux-gnu/crti.o
 .rel.text.list_push
                0x000000000000a204        0x8 /usr/lib/gcc/i686-linux-gnu/4.8/../../../i386-linux-gnu/crti.o
 .rel.text.list_insert
                0x000000000000a20c        0x8 /usr/lib/gcc/i686-linux-gnu/4.8/../../../i386-linux-gnu/crti.o
 .rel.text.memb_init
                0x000000000000a214       0x10 /usr/lib/gcc/i686-linux-gnu/4.8/../../../i386-linux-gnu/crti.o
 .rel.text.packetbuf_attr
                0x000000000000a224       0x28 /usr/lib/gcc/i686-linux-gnu/4.8/../../../i386-linux-gnu/crti.o
 .rel.text.packetbuf_set_addr
                0x000000000000a24c       0x30 /usr/lib/gcc/i686-linux-gnu/4.8/../../../i386-linux-gnu/crti.o
 .rel.text.packetbuf_addr
                0x000000000000a27c       0x40 /usr/lib/gcc/i686-linux-gnu/4.8/../../../i386-linux-gnu/crti.o
 .rel.text.clear_fragments
                0x000000000000a2bc       0x20 /usr/lib/gcc/i686-linux-gnu/4.8/../../../i386-linux-gnu/crti.o
 .rel.text.timeout_fragments
                0x000000000000a2dc       0x18 /usr/lib/gcc/i686-linux-gnu/4.8/../../../i386-linux-gnu/crti.o
 .rel.text.store_fragment
                0x000000000000a2f4       0x68 /usr/lib/gcc/i686-linux-gnu/4.8/../../../i386-linux-gnu/crti.o
 .rel.text.add_fragment
                0x000000000000a35c       0x80 /usr/lib/gcc/i686-linux-gnu/4.8/../../../i386-linux-gnu/crti.o
 .rel.text.copy_frags2uip
                0x000000000000a3dc       0x58 /usr/lib/gcc/i686-linux-gnu/4.8/../../../i386-linux-gnu/crti.o
 .rel.text.rime_sniffer_add
                0x000000000000a434        0x8 /usr/lib/gcc/i686-linux-gnu/4.8/../../../i386-linux-gnu/crti.o
 .rel.text.rime_sniffer_remove
                0x000000000000a43c        0x8 /usr/lib/gcc/i686-linux-gnu/4.8/../../../i386-linux-gnu/crti.o
 .rel.text.set_packet_attrs
                0x000000000000a444       0x60 /usr/lib/gcc/i686-linux-gnu/4.8/../../../i386-linux-gnu/crti.o
 .rel.text.addr_context_lookup_by_prefix
                0x000000000000a4a4       0x20 /usr/lib/gcc/i686-linux-gnu/4.8/../../../i386-linux-gnu/crti.o
 .rel.text.addr_context_lookup_by_number
                0x000000000000a4c4       0x18 /usr/lib/gcc/i686-linux-gnu/4.8/../../../i386-linux-gnu/crti.o
 .rel.text.compress_addr_64
                0x000000000000a4dc       0x40 /usr/lib/gcc/i686-linux-gnu/4.8/../../../i386-linux-gnu/crti.o
 .rel.text.uncompress_addr
                0x000000000000a51c       0x38 /usr/lib/gcc/i686-linux-gnu/4.8/../../../i386-linux-gnu/crti.o
 .rel.text.compress_hdr_iphc
                0x000000000000a554      0x5f8 /usr/lib/gcc/i686-linux-gnu/4.8/../../../i386-linux-gnu/crti.o
 .rel.text.uncompress_hdr_iphc
                0x000000000000ab4c      0x2f0 /usr/lib/gcc/i686-linux-gnu/4.8/../../../i386-linux-gnu/crti.o
 .rel.text.compress_hdr_ipv6
                0x000000000000ae3c       0x58 /usr/lib/gcc/i686-linux-gnu/4.8/../../../i386-linux-gnu/crti.o
 .rel.text.packet_sent
                0x000000000000ae94       0x38 /usr/lib/gcc/i686-linux-gnu/4.8/../../../i386-linux-gnu/crti.o
 .rel.text.send_packet
                0x000000000000aecc      0x120 /usr/lib/gcc/i686-linux-gnu/4.8/../../../i386-linux-gnu/crti.o
 .rel.text.output
                0x000000000000afec      0x2c8 /usr/lib/gcc/i686-linux-gnu/4.8/../../../i386-linux-gnu/crti.o
 .rel.text.input
                0x000000000000b2b4      0x200 /usr/lib/gcc/i686-linux-gnu/4.8/../../../i386-linux-gnu/crti.o
 .rel.text.sicslowpan_init
                0x000000000000b4b4       0x38 /usr/lib/gcc/i686-linux-gnu/4.8/../../../i386-linux-gnu/crti.o
 .rel.text.sicslowpan_get_last_rssi
                0x000000000000b4ec        0x8 /usr/lib/gcc/i686-linux-gnu/4.8/../../../i386-linux-gnu/crti.o
 .rel.text.uip_ds6_neighbors_init
                0x000000000000b4f4       0x20 /usr/lib/gcc/i686-linux-gnu/4.8/../../../i386-linux-gnu/crti.o
 .rel.text.uip_ds6_nbr_add
                0x000000000000b514       0x38 /usr/lib/gcc/i686-linux-gnu/4.8/../../../i386-linux-gnu/crti.o
 .rel.text.uip_ds6_nbr_rm
                0x000000000000b54c       0x20 /usr/lib/gcc/i686-linux-gnu/4.8/../../../i386-linux-gnu/crti.o
 .rel.text.uip_ds6_nbr_get_ll
                0x000000000000b56c       0x10 /usr/lib/gcc/i686-linux-gnu/4.8/../../../i386-linux-gnu/crti.o
 .rel.text.uip_ds6_nbr_num
                0x000000000000b57c       0x20 /usr/lib/gcc/i686-linux-gnu/4.8/../../../i386-linux-gnu/crti.o
 .rel.text.uip_ds6_nbr_lookup
                0x000000000000b59c       0x28 /usr/lib/gcc/i686-linux-gnu/4.8/../../../i386-linux-gnu/crti.o
 .rel.text.uip_ds6_nbr_ll_lookup
                0x000000000000b5c4       0x10 /usr/lib/gcc/i686-linux-gnu/4.8/../../../i386-linux-gnu/crti.o
 .rel.text.uip_ds6_nbr_ipaddr_from_lladdr
                0x000000000000b5d4        0x8 /usr/lib/gcc/i686-linux-gnu/4.8/../../../i386-linux-gnu/crti.o
 .rel.text.uip_ds6_nbr_lladdr_from_ipaddr
                0x000000000000b5dc       0x10 /usr/lib/gcc/i686-linux-gnu/4.8/../../../i386-linux-gnu/crti.o
 .rel.text.uip_ds6_link_neighbor_callback
                0x000000000000b5ec       0x20 /usr/lib/gcc/i686-linux-gnu/4.8/../../../i386-linux-gnu/crti.o
 .rel.text.uip_ds6_neighbor_periodic
                0x000000000000b60c       0xb8 /usr/lib/gcc/i686-linux-gnu/4.8/../../../i386-linux-gnu/crti.o
 .rel.text.uip_ds6_nbr_refresh_reachable_state
                0x000000000000b6c4       0x10 /usr/lib/gcc/i686-linux-gnu/4.8/../../../i386-linux-gnu/crti.o
 .rel.text.uip_ds6_get_least_lifetime_neighbor
                0x000000000000b6d4       0x30 /usr/lib/gcc/i686-linux-gnu/4.8/../../../i386-linux-gnu/crti.o
 .rel.text.call_route_callback
                0x000000000000b704       0x30 /usr/lib/gcc/i686-linux-gnu/4.8/../../../i386-linux-gnu/crti.o
 .rel.text.uip_ds6_notification_add
                0x000000000000b734       0x10 /usr/lib/gcc/i686-linux-gnu/4.8/../../../i386-linux-gnu/crti.o
 .rel.text.uip_ds6_notification_rm
                0x000000000000b744       0x10 /usr/lib/gcc/i686-linux-gnu/4.8/../../../i386-linux-gnu/crti.o
 .rel.text.uip_ds6_route_init
                0x000000000000b754       0x68 /usr/lib/gcc/i686-linux-gnu/4.8/../../../i386-linux-gnu/crti.o
 .rel.text.uip_ds6_route_nexthop_lladdr
                0x000000000000b7bc       0x10 /usr/lib/gcc/i686-linux-gnu/4.8/../../../i386-linux-gnu/crti.o
 .rel.text.uip_ds6_route_nexthop
                0x000000000000b7cc        0x8 /usr/lib/gcc/i686-linux-gnu/4.8/../../../i386-linux-gnu/crti.o
 .rel.text.uip_ds6_route_head
                0x000000000000b7d4       0x10 /usr/lib/gcc/i686-linux-gnu/4.8/../../../i386-linux-gnu/crti.o
 .rel.text.uip_ds6_route_next
                0x000000000000b7e4        0x8 /usr/lib/gcc/i686-linux-gnu/4.8/../../../i386-linux-gnu/crti.o
 .rel.text.uip_ds6_route_is_nexthop
                0x000000000000b7ec       0x18 /usr/lib/gcc/i686-linux-gnu/4.8/../../../i386-linux-gnu/crti.o
 .rel.text.uip_ds6_route_num_routes
                0x000000000000b804        0x8 /usr/lib/gcc/i686-linux-gnu/4.8/../../../i386-linux-gnu/crti.o
 .rel.text.uip_ds6_route_lookup
                0x000000000000b80c       0x48 /usr/lib/gcc/i686-linux-gnu/4.8/../../../i386-linux-gnu/crti.o
 .rel.text.uip_ds6_route_add
                0x000000000000b854       0xd0 /usr/lib/gcc/i686-linux-gnu/4.8/../../../i386-linux-gnu/crti.o
 .rel.text.uip_ds6_route_rm
                0x000000000000b924       0x80 /usr/lib/gcc/i686-linux-gnu/4.8/../../../i386-linux-gnu/crti.o
 .rel.text.rm_routelist
                0x000000000000b9a4       0x28 /usr/lib/gcc/i686-linux-gnu/4.8/../../../i386-linux-gnu/crti.o
 .rel.text.uip_ds6_route_rm_by_nexthop
                0x000000000000b9cc       0x18 /usr/lib/gcc/i686-linux-gnu/4.8/../../../i386-linux-gnu/crti.o
 .rel.text.uip_ds6_defrt_head
                0x000000000000b9e4       0x10 /usr/lib/gcc/i686-linux-gnu/4.8/../../../i386-linux-gnu/crti.o
 .rel.text.uip_ds6_defrt_add
                0x000000000000b9f4       0x30 /usr/lib/gcc/i686-linux-gnu/4.8/../../../i386-linux-gnu/crti.o
 .rel.text.uip_ds6_defrt_rm
                0x000000000000ba24       0x38 /usr/lib/gcc/i686-linux-gnu/4.8/../../../i386-linux-gnu/crti.o
 .rel.text.uip_ds6_defrt_lookup
                0x000000000000ba5c       0x20 /usr/lib/gcc/i686-linux-gnu/4.8/../../../i386-linux-gnu/crti.o
 .rel.text.uip_ds6_defrt_choose
                0x000000000000ba7c       0x20 /usr/lib/gcc/i686-linux-gnu/4.8/../../../i386-linux-gnu/crti.o
 .rel.text.uip_ds6_defrt_periodic
                0x000000000000ba9c       0x38 /usr/lib/gcc/i686-linux-gnu/4.8/../../../i386-linux-gnu/crti.o
 .rel.text.uip_ds6_init
                0x000000000000bad4      0x180 /usr/lib/gcc/i686-linux-gnu/4.8/../../../i386-linux-gnu/crti.o
 .rel.text.uip_ds6_periodic
                0x000000000000bc54       0x80 /usr/lib/gcc/i686-linux-gnu/4.8/../../../i386-linux-gnu/crti.o
 .rel.text.uip_ds6_list_loop
                0x000000000000bcd4        0x8 /usr/lib/gcc/i686-linux-gnu/4.8/../../../i386-linux-gnu/crti.o
 .rel.text.uip_ds6_prefix_add
                0x000000000000bcdc       0x58 /usr/lib/gcc/i686-linux-gnu/4.8/../../../i386-linux-gnu/crti.o
 .rel.text.uip_ds6_prefix_lookup
                0x000000000000bd34       0x20 /usr/lib/gcc/i686-linux-gnu/4.8/../../../i386-linux-gnu/crti.o
 .rel.text.uip_ds6_is_addr_onlink
                0x000000000000bd54       0x50 /usr/lib/gcc/i686-linux-gnu/4.8/../../../i386-linux-gnu/crti.o
 .rel.text.uip_ds6_addr_add
                0x000000000000bda4       0xc8 /usr/lib/gcc/i686-linux-gnu/4.8/../../../i386-linux-gnu/crti.o
 .rel.text.uip_ds6_addr_rm
                0x000000000000be6c       0x88 /usr/lib/gcc/i686-linux-gnu/4.8/../../../i386-linux-gnu/crti.o
 .rel.text.uip_ds6_addr_lookup
                0x000000000000bef4       0x20 /usr/lib/gcc/i686-linux-gnu/4.8/../../../i386-linux-gnu/crti.o
 .rel.text.uip_ds6_get_link_local
                0x000000000000bf14       0x58 /usr/lib/gcc/i686-linux-gnu/4.8/../../../i386-linux-gnu/crti.o
 .rel.text.uip_ds6_get_global
                0x000000000000bf6c       0x58 /usr/lib/gcc/i686-linux-gnu/4.8/../../../i386-linux-gnu/crti.o
 .rel.text.uip_ds6_maddr_add
                0x000000000000bfc4       0x30 /usr/lib/gcc/i686-linux-gnu/4.8/../../../i386-linux-gnu/crti.o
 .rel.text.uip_ds6_maddr_lookup
                0x000000000000bff4       0x20 /usr/lib/gcc/i686-linux-gnu/4.8/../../../i386-linux-gnu/crti.o
 .rel.text.uip_ds6_aaddr_add
                0x000000000000c014       0x30 /usr/lib/gcc/i686-linux-gnu/4.8/../../../i386-linux-gnu/crti.o
 .rel.text.uip_ds6_aaddr_lookup
                0x000000000000c044       0x20 /usr/lib/gcc/i686-linux-gnu/4.8/../../../i386-linux-gnu/crti.o
 .rel.text.uip_ds6_select_src
                0x000000000000c064       0x70 /usr/lib/gcc/i686-linux-gnu/4.8/../../../i386-linux-gnu/crti.o
 .rel.text.uip_ds6_set_addr_iid
                0x000000000000c0d4        0x8 /usr/lib/gcc/i686-linux-gnu/4.8/../../../i386-linux-gnu/crti.o
 .rel.text.uip_ds6_compute_reachable_time
                0x000000000000c0dc       0x30 /usr/lib/gcc/i686-linux-gnu/4.8/../../../i386-linux-gnu/crti.o
 .rel.text.extract_lladdr_from_llao_aligned
                0x000000000000c10c       0x18 /usr/lib/gcc/i686-linux-gnu/4.8/../../../i386-linux-gnu/crti.o
 .rel.text.create_llao
                0x000000000000c124       0x18 /usr/lib/gcc/i686-linux-gnu/4.8/../../../i386-linux-gnu/crti.o
 .rel.text.ns_input
                0x000000000000c13c      0x388 /usr/lib/gcc/i686-linux-gnu/4.8/../../../i386-linux-gnu/crti.o
 .rel.text.uip_nd6_ns_output
                0x000000000000c4c4      0x1e8 /usr/lib/gcc/i686-linux-gnu/4.8/../../../i386-linux-gnu/crti.o
 .rel.text.na_input
                0x000000000000c6ac      0x280 /usr/lib/gcc/i686-linux-gnu/4.8/../../../i386-linux-gnu/crti.o
 .rel.text.uip_nd6_init
                0x000000000000c92c       0x20 /usr/lib/gcc/i686-linux-gnu/4.8/../../../i386-linux-gnu/crti.o
 .rel.text.uip_add32
                0x000000000000c94c       0x98 /usr/lib/gcc/i686-linux-gnu/4.8/../../../i386-linux-gnu/crti.o
 .rel.text.uip_chksum
                0x000000000000c9e4        0x8 /usr/lib/gcc/i686-linux-gnu/4.8/../../../i386-linux-gnu/crti.o
 .rel.text.upper_layer_chksum
                0x000000000000c9ec       0x38 /usr/lib/gcc/i686-linux-gnu/4.8/../../../i386-linux-gnu/crti.o
 .rel.text.uip_init
                0x000000000000ca24       0x38 /usr/lib/gcc/i686-linux-gnu/4.8/../../../i386-linux-gnu/crti.o
 .rel.text.uip_connect
                0x000000000000ca5c       0x70 /usr/lib/gcc/i686-linux-gnu/4.8/../../../i386-linux-gnu/crti.o
 .rel.text.remove_ext_hdr
                0x000000000000cacc       0x98 /usr/lib/gcc/i686-linux-gnu/4.8/../../../i386-linux-gnu/crti.o
 .rel.text.uip_udp_new
                0x000000000000cb64       0x68 /usr/lib/gcc/i686-linux-gnu/4.8/../../../i386-linux-gnu/crti.o
 .rel.text.uip_unlisten
                0x000000000000cbcc       0x10 /usr/lib/gcc/i686-linux-gnu/4.8/../../../i386-linux-gnu/crti.o
 .rel.text.uip_listen
                0x000000000000cbdc       0x10 /usr/lib/gcc/i686-linux-gnu/4.8/../../../i386-linux-gnu/crti.o
 .rel.text.uip_add_rcv_nxt
                0x000000000000cbec       0x50 /usr/lib/gcc/i686-linux-gnu/4.8/../../../i386-linux-gnu/crti.o
 .rel.text.ext_hdr_options_process
                0x000000000000cc3c      0x108 /usr/lib/gcc/i686-linux-gnu/4.8/../../../i386-linux-gnu/crti.o
 .rel.text.uip_process
                0x000000000000cd44      0xf70 /usr/lib/gcc/i686-linux-gnu/4.8/../../../i386-linux-gnu/crti.o
 .rel.text.uip_send
                0x000000000000dcb4       0x60 /usr/lib/gcc/i686-linux-gnu/4.8/../../../i386-linux-gnu/crti.o
 .rel.text.dns_name_isequal
                0x000000000000dd14       0x10 /usr/lib/gcc/i686-linux-gnu/4.8/../../../i386-linux-gnu/crti.o
 .rel.text.mdns_announce_requested
                0x000000000000dd24        0x8 /usr/lib/gcc/i686-linux-gnu/4.8/../../../i386-linux-gnu/crti.o
 .rel.text.start_name_collision_check
                0x000000000000dd2c       0x20 /usr/lib/gcc/i686-linux-gnu/4.8/../../../i386-linux-gnu/crti.o
 .rel.text.mdns_write_announce_records
                0x000000000000dd4c       0x28 /usr/lib/gcc/i686-linux-gnu/4.8/../../../i386-linux-gnu/crti.o
 .rel.text.mdns_prep_host_announce_packet
                0x000000000000dd74       0x50 /usr/lib/gcc/i686-linux-gnu/4.8/../../../i386-linux-gnu/crti.o
 .rel.text.try_next_server
                0x000000000000ddc4        0x8 /usr/lib/gcc/i686-linux-gnu/4.8/../../../i386-linux-gnu/crti.o
 .rel.text.check_entries
                0x000000000000ddcc       0xc0 /usr/lib/gcc/i686-linux-gnu/4.8/../../../i386-linux-gnu/crti.o
 .rel.text.newdata
                0x000000000000de8c      0x180 /usr/lib/gcc/i686-linux-gnu/4.8/../../../i386-linux-gnu/crti.o
 .rel.text.resolv_set_hostname
                0x000000000000e00c       0x88 /usr/lib/gcc/i686-linux-gnu/4.8/../../../i386-linux-gnu/crti.o
 .rel.text.resolv_get_hostname
                0x000000000000e094        0x8 /usr/lib/gcc/i686-linux-gnu/4.8/../../../i386-linux-gnu/crti.o
 .rel.text.process_thread_mdns_probe_process
                0x000000000000e09c       0x98 /usr/lib/gcc/i686-linux-gnu/4.8/../../../i386-linux-gnu/crti.o
 .rel.text.process_thread_resolv_process
                0x000000000000e134      0x130 /usr/lib/gcc/i686-linux-gnu/4.8/../../../i386-linux-gnu/crti.o
 .rel.text.remove_trailing_dots
                0x000000000000e264       0x30 /usr/lib/gcc/i686-linux-gnu/4.8/../../../i386-linux-gnu/crti.o
 .rel.text.resolv_query
                0x000000000000e294       0xb8 /usr/lib/gcc/i686-linux-gnu/4.8/../../../i386-linux-gnu/crti.o
 .rel.text.resolv_lookup
                0x000000000000e34c       0x20 /usr/lib/gcc/i686-linux-gnu/4.8/../../../i386-linux-gnu/crti.o
 .rel.text.resolv_found
                0x000000000000e36c       0xd8 /usr/lib/gcc/i686-linux-gnu/4.8/../../../i386-linux-gnu/crti.o
 .rel.text.tcpip_output
                0x000000000000e444       0x10 /usr/lib/gcc/i686-linux-gnu/4.8/../../../i386-linux-gnu/crti.o
 .rel.text.tcpip_set_outputfunc
                0x000000000000e454        0x8 /usr/lib/gcc/i686-linux-gnu/4.8/../../../i386-linux-gnu/crti.o
 .rel.text.start_periodic_tcp_timer
                0x000000000000e45c       0x20 /usr/lib/gcc/i686-linux-gnu/4.8/../../../i386-linux-gnu/crti.o
 .rel.text.check_for_tcp_syn
                0x000000000000e47c       0x10 /usr/lib/gcc/i686-linux-gnu/4.8/../../../i386-linux-gnu/crti.o
 .rel.text.packet_input
                0x000000000000e48c       0x98 /usr/lib/gcc/i686-linux-gnu/4.8/../../../i386-linux-gnu/crti.o
 .rel.text.tcp_connect
                0x000000000000e524       0x18 /usr/lib/gcc/i686-linux-gnu/4.8/../../../i386-linux-gnu/crti.o
 .rel.text.tcp_unlisten
                0x000000000000e53c       0x18 /usr/lib/gcc/i686-linux-gnu/4.8/../../../i386-linux-gnu/crti.o
 .rel.text.tcp_listen
                0x000000000000e554       0x18 /usr/lib/gcc/i686-linux-gnu/4.8/../../../i386-linux-gnu/crti.o
 .rel.text.tcp_attach
                0x000000000000e56c        0x8 /usr/lib/gcc/i686-linux-gnu/4.8/../../../i386-linux-gnu/crti.o
 .rel.text.udp_attach
                0x000000000000e574        0x8 /usr/lib/gcc/i686-linux-gnu/4.8/../../../i386-linux-gnu/crti.o
 .rel.text.udp_new
                0x000000000000e57c       0x10 /usr/lib/gcc/i686-linux-gnu/4.8/../../../i386-linux-gnu/crti.o
 .rel.text.udp_broadcast_new
                0x000000000000e58c       0x10 /usr/lib/gcc/i686-linux-gnu/4.8/../../../i386-linux-gnu/crti.o
 .rel.text.eventhandler
                0x000000000000e59c       0xd8 /usr/lib/gcc/i686-linux-gnu/4.8/../../../i386-linux-gnu/crti.o
 .rel.text.tcpip_input
                0x000000000000e674       0x20 /usr/lib/gcc/i686-linux-gnu/4.8/../../../i386-linux-gnu/crti.o
 .rel.text.tcpip_ipv6_output
                0x000000000000e694      0x290 /usr/lib/gcc/i686-linux-gnu/4.8/../../../i386-linux-gnu/crti.o
 .rel.text.tcpip_poll_udp
                0x000000000000e924       0x10 /usr/lib/gcc/i686-linux-gnu/4.8/../../../i386-linux-gnu/crti.o
 .rel.text.tcpip_poll_tcp
                0x000000000000e934       0x10 /usr/lib/gcc/i686-linux-gnu/4.8/../../../i386-linux-gnu/crti.o
 .rel.text.tcpip_uipcall
                0x000000000000e944       0x40 /usr/lib/gcc/i686-linux-gnu/4.8/../../../i386-linux-gnu/crti.o
 .rel.text.process_thread_tcpip_process
                0x000000000000e984       0x48 /usr/lib/gcc/i686-linux-gnu/4.8/../../../i386-linux-gnu/crti.o
 .rel.text.uip_debug_ipaddr_print
                0x000000000000e9cc       0x50 /usr/lib/gcc/i686-linux-gnu/4.8/../../../i386-linux-gnu/crti.o
 .rel.text.uip_nameserver_update
                0x000000000000ea1c       0x28 /usr/lib/gcc/i686-linux-gnu/4.8/../../../i386-linux-gnu/crti.o
 .rel.text.uip_nameserver_get
                0x000000000000ea44        0x8 /usr/lib/gcc/i686-linux-gnu/4.8/../../../i386-linux-gnu/crti.o
 .rel.text.uip_nameserver_next_expiration
                0x000000000000ea4c        0x8 /usr/lib/gcc/i686-linux-gnu/4.8/../../../i386-linux-gnu/crti.o
 .rel.text.uip_nameserver_count
                0x000000000000ea54       0x40 /usr/lib/gcc/i686-linux-gnu/4.8/../../../i386-linux-gnu/crti.o
 .rel.text.packet_timedout
                0x000000000000ea94       0x10 /usr/lib/gcc/i686-linux-gnu/4.8/../../../i386-linux-gnu/crti.o
 .rel.text.uip_packetqueue_alloc
                0x000000000000eaa4       0x20 /usr/lib/gcc/i686-linux-gnu/4.8/../../../i386-linux-gnu/crti.o
 .rel.text.uip_packetqueue_free
                0x000000000000eac4       0x18 /usr/lib/gcc/i686-linux-gnu/4.8/../../../i386-linux-gnu/crti.o
 .rel.text.uip_udp_packet_send
                0x000000000000eadc       0x38 /usr/lib/gcc/i686-linux-gnu/4.8/../../../i386-linux-gnu/crti.o
 .rel.text.uip_udp_packet_sendto
                0x000000000000eb14       0x10 /usr/lib/gcc/i686-linux-gnu/4.8/../../../i386-linux-gnu/crti.o
 .rel.text.uiplib_ip6addrconv
                0x000000000000eb24       0x10 /usr/lib/gcc/i686-linux-gnu/4.8/../../../i386-linux-gnu/crti.o
 .rel.text.rpl_print_neighbor_list
                0x000000000000eb34       0xc8 /usr/lib/gcc/i686-linux-gnu/4.8/../../../i386-linux-gnu/crti.o
 .rel.text.rpl_get_nbr
                0x000000000000ebfc       0x18 /usr/lib/gcc/i686-linux-gnu/4.8/../../../i386-linux-gnu/crti.o
 .rel.text.nbr_callback
                0x000000000000ec14        0x8 /usr/lib/gcc/i686-linux-gnu/4.8/../../../i386-linux-gnu/crti.o
 .rel.text.rpl_dag_init
                0x000000000000ec1c       0x18 /usr/lib/gcc/i686-linux-gnu/4.8/../../../i386-linux-gnu/crti.o
 .rel.text.rpl_get_parent
                0x000000000000ec34       0x10 /usr/lib/gcc/i686-linux-gnu/4.8/../../../i386-linux-gnu/crti.o
 .rel.text.rpl_get_parent_rank
                0x000000000000ec44       0x10 /usr/lib/gcc/i686-linux-gnu/4.8/../../../i386-linux-gnu/crti.o
 .rel.text.rpl_get_parent_lladdr
                0x000000000000ec54       0x10 /usr/lib/gcc/i686-linux-gnu/4.8/../../../i386-linux-gnu/crti.o
 .rel.text.rpl_get_parent_ipaddr
                0x000000000000ec64       0x10 /usr/lib/gcc/i686-linux-gnu/4.8/../../../i386-linux-gnu/crti.o
 .rel.text.rpl_get_parent_link_stats
                0x000000000000ec74       0x10 /usr/lib/gcc/i686-linux-gnu/4.8/../../../i386-linux-gnu/crti.o
 .rel.text.rpl_parent_is_fresh
                0x000000000000ec84       0x10 /usr/lib/gcc/i686-linux-gnu/4.8/../../../i386-linux-gnu/crti.o
 .rel.text.rpl_parent_is_reachable
                0x000000000000ec94       0x10 /usr/lib/gcc/i686-linux-gnu/4.8/../../../i386-linux-gnu/crti.o
 .rel.text.rpl_set_preferred_parent
                0x000000000000eca4       0x20 /usr/lib/gcc/i686-linux-gnu/4.8/../../../i386-linux-gnu/crti.o
 .rel.text.remove_parents
                0x000000000000ecc4       0x28 /usr/lib/gcc/i686-linux-gnu/4.8/../../../i386-linux-gnu/crti.o
 .rel.text.nullify_parents
                0x000000000000ecec       0x28 /usr/lib/gcc/i686-linux-gnu/4.8/../../../i386-linux-gnu/crti.o
 .rel.text.get_dag
                0x000000000000ed14       0x10 /usr/lib/gcc/i686-linux-gnu/4.8/../../../i386-linux-gnu/crti.o
 .rel.text.rpl_set_root
                0x000000000000ed24       0x48 /usr/lib/gcc/i686-linux-gnu/4.8/../../../i386-linux-gnu/crti.o
 .rel.text.rpl_repair_root
                0x000000000000ed6c       0x10 /usr/lib/gcc/i686-linux-gnu/4.8/../../../i386-linux-gnu/crti.o
 .rel.text.set_ip_from_prefix
                0x000000000000ed7c       0x20 /usr/lib/gcc/i686-linux-gnu/4.8/../../../i386-linux-gnu/crti.o
 .rel.text.check_prefix
                0x000000000000ed9c       0x30 /usr/lib/gcc/i686-linux-gnu/4.8/../../../i386-linux-gnu/crti.o
 .rel.text.rpl_set_prefix
                0x000000000000edcc       0x20 /usr/lib/gcc/i686-linux-gnu/4.8/../../../i386-linux-gnu/crti.o
 .rel.text.rpl_set_default_route
                0x000000000000edec       0x10 /usr/lib/gcc/i686-linux-gnu/4.8/../../../i386-linux-gnu/crti.o
 .rel.text.rpl_alloc_instance
                0x000000000000edfc       0x18 /usr/lib/gcc/i686-linux-gnu/4.8/../../../i386-linux-gnu/crti.o
 .rel.text.rpl_alloc_dag
                0x000000000000ee14       0x18 /usr/lib/gcc/i686-linux-gnu/4.8/../../../i386-linux-gnu/crti.o
 .rel.text.rpl_set_default_instance
                0x000000000000ee2c        0x8 /usr/lib/gcc/i686-linux-gnu/4.8/../../../i386-linux-gnu/crti.o
 .rel.text.rpl_get_default_instance
                0x000000000000ee34        0x8 /usr/lib/gcc/i686-linux-gnu/4.8/../../../i386-linux-gnu/crti.o
 .rel.text.rpl_free_instance
                0x000000000000ee3c       0x40 /usr/lib/gcc/i686-linux-gnu/4.8/../../../i386-linux-gnu/crti.o
 .rel.text.rpl_free_dag
                0x000000000000ee7c        0x8 /usr/lib/gcc/i686-linux-gnu/4.8/../../../i386-linux-gnu/crti.o
 .rel.text.rpl_add_parent
                0x000000000000ee84       0x18 /usr/lib/gcc/i686-linux-gnu/4.8/../../../i386-linux-gnu/crti.o
 .rel.text.find_parent_any_dag_any_instance
                0x000000000000ee9c       0x20 /usr/lib/gcc/i686-linux-gnu/4.8/../../../i386-linux-gnu/crti.o
 .rel.text.rpl_select_dag
                0x000000000000eebc       0x48 /usr/lib/gcc/i686-linux-gnu/4.8/../../../i386-linux-gnu/crti.o
 .rel.text.best_parent
                0x000000000000ef04       0x30 /usr/lib/gcc/i686-linux-gnu/4.8/../../../i386-linux-gnu/crti.o
 .rel.text.rpl_select_parent
                0x000000000000ef34       0x18 /usr/lib/gcc/i686-linux-gnu/4.8/../../../i386-linux-gnu/crti.o
 .rel.text.rpl_remove_parent
                0x000000000000ef4c       0x18 /usr/lib/gcc/i686-linux-gnu/4.8/../../../i386-linux-gnu/crti.o
 .rel.text.rpl_nullify_parent
                0x000000000000ef64       0x10 /usr/lib/gcc/i686-linux-gnu/4.8/../../../i386-linux-gnu/crti.o
 .rel.text.rpl_move_parent
                0x000000000000ef74       0x18 /usr/lib/gcc/i686-linux-gnu/4.8/../../../i386-linux-gnu/crti.o
 .rel.text.rpl_has_downward_route
                0x000000000000ef8c       0x10 /usr/lib/gcc/i686-linux-gnu/4.8/../../../i386-linux-gnu/crti.o
 .rel.text.rpl_get_dag
                0x000000000000ef9c       0x30 /usr/lib/gcc/i686-linux-gnu/4.8/../../../i386-linux-gnu/crti.o
 .rel.text.rpl_get_any_dag
                0x000000000000efcc       0x18 /usr/lib/gcc/i686-linux-gnu/4.8/../../../i386-linux-gnu/crti.o
 .rel.text.rpl_get_instance
                0x000000000000efe4       0x18 /usr/lib/gcc/i686-linux-gnu/4.8/../../../i386-linux-gnu/crti.o
 .rel.text.rpl_find_of
                0x000000000000effc       0x10 /usr/lib/gcc/i686-linux-gnu/4.8/../../../i386-linux-gnu/crti.o
 .rel.text.rpl_join_instance
                0x000000000000f00c       0x58 /usr/lib/gcc/i686-linux-gnu/4.8/../../../i386-linux-gnu/crti.o
 .rel.text.rpl_add_dag
                0x000000000000f064       0x50 /usr/lib/gcc/i686-linux-gnu/4.8/../../../i386-linux-gnu/crti.o
 .rel.text.global_repair
                0x000000000000f0b4       0x18 /usr/lib/gcc/i686-linux-gnu/4.8/../../../i386-linux-gnu/crti.o
 .rel.text.rpl_local_repair
                0x000000000000f0cc        0x8 /usr/lib/gcc/i686-linux-gnu/4.8/../../../i386-linux-gnu/crti.o
 .rel.text.rpl_recalculate_ranks
                0x000000000000f0d4       0x28 /usr/lib/gcc/i686-linux-gnu/4.8/../../../i386-linux-gnu/crti.o
 .rel.text.rpl_process_parent_event
                0x000000000000f0fc       0x40 /usr/lib/gcc/i686-linux-gnu/4.8/../../../i386-linux-gnu/crti.o
 .rel.text.add_nbr_from_dio
                0x000000000000f13c        0x8 /usr/lib/gcc/i686-linux-gnu/4.8/../../../i386-linux-gnu/crti.o
 .rel.text.rpl_process_dio
                0x000000000000f144       0x78 /usr/lib/gcc/i686-linux-gnu/4.8/../../../i386-linux-gnu/crti.o
 .rel.text.rpl_verify_hbh_header
                0x000000000000f1bc      0x108 /usr/lib/gcc/i686-linux-gnu/4.8/../../../i386-linux-gnu/crti.o
 .rel.text.update_hbh_header
                0x000000000000f2c4      0x138 /usr/lib/gcc/i686-linux-gnu/4.8/../../../i386-linux-gnu/crti.o
 .rel.text.insert_hbh_header
                0x000000000000f3fc      0x128 /usr/lib/gcc/i686-linux-gnu/4.8/../../../i386-linux-gnu/crti.o
 .rel.text.rpl_remove_header
                0x000000000000f524       0xc8 /usr/lib/gcc/i686-linux-gnu/4.8/../../../i386-linux-gnu/crti.o
 .rel.text.rpl_update_header
                0x000000000000f5ec       0x80 /usr/lib/gcc/i686-linux-gnu/4.8/../../../i386-linux-gnu/crti.o
 .rel.text.prepare_for_dao_fwd
                0x000000000000f66c       0x38 /usr/lib/gcc/i686-linux-gnu/4.8/../../../i386-linux-gnu/crti.o
 .rel.text.get_global_addr
                0x000000000000f6a4       0x30 /usr/lib/gcc/i686-linux-gnu/4.8/../../../i386-linux-gnu/crti.o
 .rel.text.rpl_icmp6_update_nbr_table
                0x000000000000f6d4       0x10 /usr/lib/gcc/i686-linux-gnu/4.8/../../../i386-linux-gnu/crti.o
 .rel.text.dis_input
                0x000000000000f6e4       0x48 /usr/lib/gcc/i686-linux-gnu/4.8/../../../i386-linux-gnu/crti.o
 .rel.text.dis_output
                0x000000000000f72c       0x20 /usr/lib/gcc/i686-linux-gnu/4.8/../../../i386-linux-gnu/crti.o
 .rel.text.dio_input
                0x000000000000f74c       0x58 /usr/lib/gcc/i686-linux-gnu/4.8/../../../i386-linux-gnu/crti.o
 .rel.text.dio_output
                0x000000000000f7a4       0x40 /usr/lib/gcc/i686-linux-gnu/4.8/../../../i386-linux-gnu/crti.o
 .rel.text.dao_input_storing
                0x000000000000f7e4      0x120 /usr/lib/gcc/i686-linux-gnu/4.8/../../../i386-linux-gnu/crti.o
 .rel.text.dao_input
                0x000000000000f904       0x28 /usr/lib/gcc/i686-linux-gnu/4.8/../../../i386-linux-gnu/crti.o
 .rel.text.dao_output
                0x000000000000f92c       0x38 /usr/lib/gcc/i686-linux-gnu/4.8/../../../i386-linux-gnu/crti.o
 .rel.text.dao_output_target
                0x000000000000f964        0x8 /usr/lib/gcc/i686-linux-gnu/4.8/../../../i386-linux-gnu/crti.o
 .rel.text.dao_output_target_seq
                0x000000000000f96c       0x48 /usr/lib/gcc/i686-linux-gnu/4.8/../../../i386-linux-gnu/crti.o
 .rel.text.dao_ack_input
                0x000000000000f9b4       0x10 /usr/lib/gcc/i686-linux-gnu/4.8/../../../i386-linux-gnu/crti.o
 .rel.text.rpl_icmp6_register_handlers
                0x000000000000f9c4       0x40 /usr/lib/gcc/i686-linux-gnu/4.8/../../../i386-linux-gnu/crti.o
 .rel.text.parent_link_metric
                0x000000000000fa04        0x8 /usr/lib/gcc/i686-linux-gnu/4.8/../../../i386-linux-gnu/crti.o
 .rel.text.handle_periodic_timer
                0x000000000000fa0c       0x68 /usr/lib/gcc/i686-linux-gnu/4.8/../../../i386-linux-gnu/crti.o
 .rel.text.new_dio_interval
                0x000000000000fa74       0x18 /usr/lib/gcc/i686-linux-gnu/4.8/../../../i386-linux-gnu/crti.o
 .rel.text.handle_dio_timer
                0x000000000000fa8c       0x40 /usr/lib/gcc/i686-linux-gnu/4.8/../../../i386-linux-gnu/crti.o
 .rel.text.rpl_reset_periodic_timer
                0x000000000000facc       0x28 /usr/lib/gcc/i686-linux-gnu/4.8/../../../i386-linux-gnu/crti.o
 .rel.text.set_dao_lifetime_timer
                0x000000000000faf4       0x20 /usr/lib/gcc/i686-linux-gnu/4.8/../../../i386-linux-gnu/crti.o
 .rel.text.handle_dao_timer
                0x000000000000fb14       0x38 /usr/lib/gcc/i686-linux-gnu/4.8/../../../i386-linux-gnu/crti.o
 .rel.text.schedule_dao
                0x000000000000fb4c       0x30 /usr/lib/gcc/i686-linux-gnu/4.8/../../../i386-linux-gnu/crti.o
 .rel.text.rpl_cancel_dao
                0x000000000000fb7c       0x10 /usr/lib/gcc/i686-linux-gnu/4.8/../../../i386-linux-gnu/crti.o
 .rel.text.handle_unicast_dio_timer
                0x000000000000fb8c       0x10 /usr/lib/gcc/i686-linux-gnu/4.8/../../../i386-linux-gnu/crti.o
 .rel.text.rpl_schedule_unicast_dio_immediately
                0x000000000000fb9c       0x10 /usr/lib/gcc/i686-linux-gnu/4.8/../../../i386-linux-gnu/crti.o
 .rel.text.get_probing_delay
                0x000000000000fbac       0x10 /usr/lib/gcc/i686-linux-gnu/4.8/../../../i386-linux-gnu/crti.o
 .rel.text.get_probing_target
                0x000000000000fbbc       0x70 /usr/lib/gcc/i686-linux-gnu/4.8/../../../i386-linux-gnu/crti.o
 .rel.text.handle_probing_timer
                0x000000000000fc2c       0x28 /usr/lib/gcc/i686-linux-gnu/4.8/../../../i386-linux-gnu/crti.o
 .rel.text.rpl_schedule_probing
                0x000000000000fc54       0x18 /usr/lib/gcc/i686-linux-gnu/4.8/../../../i386-linux-gnu/crti.o
 .rel.text.rpl_get_mode
                0x000000000000fc6c        0x8 /usr/lib/gcc/i686-linux-gnu/4.8/../../../i386-linux-gnu/crti.o
 .rel.text.rpl_set_mode
                0x000000000000fc74       0x68 /usr/lib/gcc/i686-linux-gnu/4.8/../../../i386-linux-gnu/crti.o
 .rel.text.rpl_purge_routes
                0x000000000000fcdc       0x50 /usr/lib/gcc/i686-linux-gnu/4.8/../../../i386-linux-gnu/crti.o
 .rel.text.rpl_remove_routes
                0x000000000000fd2c       0x20 /usr/lib/gcc/i686-linux-gnu/4.8/../../../i386-linux-gnu/crti.o
 .rel.text.rpl_remove_routes_by_nexthop
                0x000000000000fd4c       0x20 /usr/lib/gcc/i686-linux-gnu/4.8/../../../i386-linux-gnu/crti.o
 .rel.text.rpl_add_route
                0x000000000000fd6c        0x8 /usr/lib/gcc/i686-linux-gnu/4.8/../../../i386-linux-gnu/crti.o
 .rel.text.rpl_link_neighbor_callback
                0x000000000000fd74       0x20 /usr/lib/gcc/i686-linux-gnu/4.8/../../../i386-linux-gnu/crti.o
 .rel.text.rpl_ipv6_neighbor_callback
                0x000000000000fd94       0x10 /usr/lib/gcc/i686-linux-gnu/4.8/../../../i386-linux-gnu/crti.o
 .rel.text.rpl_purge_dags
                0x000000000000fda4       0x10 /usr/lib/gcc/i686-linux-gnu/4.8/../../../i386-linux-gnu/crti.o
 .rel.text.rpl_init
                0x000000000000fdb4       0x30 /usr/lib/gcc/i686-linux-gnu/4.8/../../../i386-linux-gnu/crti.o
 .rel.text.link_stats_from_lladdr
                0x000000000000fde4       0x10 /usr/lib/gcc/i686-linux-gnu/4.8/../../../i386-linux-gnu/crti.o
 .rel.text.link_stats_is_fresh
                0x000000000000fdf4        0x8 /usr/lib/gcc/i686-linux-gnu/4.8/../../../i386-linux-gnu/crti.o
 .rel.text.link_stats_packet_sent
                0x000000000000fdfc       0x30 /usr/lib/gcc/i686-linux-gnu/4.8/../../../i386-linux-gnu/crti.o
 .rel.text.link_stats_input_callback
                0x000000000000fe2c       0x20 /usr/lib/gcc/i686-linux-gnu/4.8/../../../i386-linux-gnu/crti.o
 .rel.text.periodic
                0x000000000000fe4c       0x30 /usr/lib/gcc/i686-linux-gnu/4.8/../../../i386-linux-gnu/crti.o
 .rel.text.link_stats_init
                0x000000000000fe7c       0x28 /usr/lib/gcc/i686-linux-gnu/4.8/../../../i386-linux-gnu/crti.o
 .rel.text.linkaddr_copy
                0x000000000000fea4        0x8 /usr/lib/gcc/i686-linux-gnu/4.8/../../../i386-linux-gnu/crti.o
 .rel.text.linkaddr_cmp
                0x000000000000feac        0x8 /usr/lib/gcc/i686-linux-gnu/4.8/../../../i386-linux-gnu/crti.o
 .rel.text.linkaddr_set_node_addr
                0x000000000000feb4       0x10 /usr/lib/gcc/i686-linux-gnu/4.8/../../../i386-linux-gnu/crti.o
 .rel.text.key_from_index
                0x000000000000fec4        0x8 /usr/lib/gcc/i686-linux-gnu/4.8/../../../i386-linux-gnu/crti.o
 .rel.text.index_from_key
                0x000000000000fecc        0x8 /usr/lib/gcc/i686-linux-gnu/4.8/../../../i386-linux-gnu/crti.o
 .rel.text.index_from_lladdr
                0x000000000000fed4       0x28 /usr/lib/gcc/i686-linux-gnu/4.8/../../../i386-linux-gnu/crti.o
 .rel.text.remove_key
                0x000000000000fefc       0x48 /usr/lib/gcc/i686-linux-gnu/4.8/../../../i386-linux-gnu/crti.o
 .rel.text.nbr_table_allocate
                0x000000000000ff44       0x50 /usr/lib/gcc/i686-linux-gnu/4.8/../../../i386-linux-gnu/crti.o
 .rel.text.nbr_table_register
                0x000000000000ff94       0x20 /usr/lib/gcc/i686-linux-gnu/4.8/../../../i386-linux-gnu/crti.o
 .rel.text.nbr_table_head
                0x000000000000ffb4       0x20 /usr/lib/gcc/i686-linux-gnu/4.8/../../../i386-linux-gnu/crti.o
 .rel.text.nbr_table_next
                0x000000000000ffd4       0x10 /usr/lib/gcc/i686-linux-gnu/4.8/../../../i386-linux-gnu/crti.o
 .rel.text.nbr_table_add_lladdr
                0x000000000000ffe4       0x30 /usr/lib/gcc/i686-linux-gnu/4.8/../../../i386-linux-gnu/crti.o
 .rel.text.nbr_table_get_from_lladdr
                0x0000000000010014        0x8 /usr/lib/gcc/i686-linux-gnu/4.8/../../../i386-linux-gnu/crti.o
 .rel.text.nbr_table_remove
                0x000000000001001c       0x10 /usr/lib/gcc/i686-linux-gnu/4.8/../../../i386-linux-gnu/crti.o
 .rel.text.nbr_table_lock
                0x000000000001002c        0x8 /usr/lib/gcc/i686-linux-gnu/4.8/../../../i386-linux-gnu/crti.o
 .rel.text.nbr_table_unlock
                0x0000000000010034        0x8 /usr/lib/gcc/i686-linux-gnu/4.8/../../../i386-linux-gnu/crti.o
 .rel.text.nbr_table_update_lladdr
                0x000000000001003c        0x8 /usr/lib/gcc/i686-linux-gnu/4.8/../../../i386-linux-gnu/crti.o
 .rel.text.netstack_init
                0x0000000000010044       0x28 /usr/lib/gcc/i686-linux-gnu/4.8/../../../i386-linux-gnu/crti.o
 .rel.text.packetbuf_clear
                0x000000000001006c       0x28 /usr/lib/gcc/i686-linux-gnu/4.8/../../../i386-linux-gnu/crti.o
 .rel.text.packetbuf_copyfrom
                0x0000000000010094       0x20 /usr/lib/gcc/i686-linux-gnu/4.8/../../../i386-linux-gnu/crti.o
 .rel.text.packetbuf_compact
                0x00000000000100b4       0x38 /usr/lib/gcc/i686-linux-gnu/4.8/../../../i386-linux-gnu/crti.o
 .rel.text.packetbuf_copyto
                0x00000000000100ec       0x58 /usr/lib/gcc/i686-linux-gnu/4.8/../../../i386-linux-gnu/crti.o
 .rel.text.packetbuf_hdralloc
                0x0000000000010144       0x30 /usr/lib/gcc/i686-linux-gnu/4.8/../../../i386-linux-gnu/crti.o
 .rel.text.packetbuf_hdrreduce
                0x0000000000010174       0x28 /usr/lib/gcc/i686-linux-gnu/4.8/../../../i386-linux-gnu/crti.o
 .rel.text.packetbuf_set_datalen
                0x000000000001019c        0x8 /usr/lib/gcc/i686-linux-gnu/4.8/../../../i386-linux-gnu/crti.o
 .rel.text.packetbuf_dataptr
                0x00000000000101a4       0x10 /usr/lib/gcc/i686-linux-gnu/4.8/../../../i386-linux-gnu/crti.o
 .rel.text.packetbuf_hdrptr
                0x00000000000101b4        0x8 /usr/lib/gcc/i686-linux-gnu/4.8/../../../i386-linux-gnu/crti.o
 .rel.text.packetbuf_datalen
                0x00000000000101bc        0x8 /usr/lib/gcc/i686-linux-gnu/4.8/../../../i386-linux-gnu/crti.o
 .rel.text.packetbuf_hdrlen
                0x00000000000101c4       0x10 /usr/lib/gcc/i686-linux-gnu/4.8/../../../i386-linux-gnu/crti.o
 .rel.text.packetbuf_totlen
                0x00000000000101d4       0x10 /usr/lib/gcc/i686-linux-gnu/4.8/../../../i386-linux-gnu/crti.o
 .rel.text.packetbuf_remaininglen
                0x00000000000101e4        0x8 /usr/lib/gcc/i686-linux-gnu/4.8/../../../i386-linux-gnu/crti.o
 .rel.text.packetbuf_attr_clear
                0x00000000000101ec       0x28 /usr/lib/gcc/i686-linux-gnu/4.8/../../../i386-linux-gnu/crti.o
 .rel.text.packetbuf_attr_copyto
                0x0000000000010214       0x30 /usr/lib/gcc/i686-linux-gnu/4.8/../../../i386-linux-gnu/crti.o
 .rel.text.packetbuf_attr_copyfrom
                0x0000000000010244       0x30 /usr/lib/gcc/i686-linux-gnu/4.8/../../../i386-linux-gnu/crti.o
 .rel.text.packetbuf_holds_broadcast
                0x0000000000010274       0x18 /usr/lib/gcc/i686-linux-gnu/4.8/../../../i386-linux-gnu/crti.o
 .rel.text.queuebuf_init
                0x000000000001028c       0x20 /usr/lib/gcc/i686-linux-gnu/4.8/../../../i386-linux-gnu/crti.o
 .rel.text.queuebuf_numfree
                0x00000000000102ac       0x10 /usr/lib/gcc/i686-linux-gnu/4.8/../../../i386-linux-gnu/crti.o
 .rel.text.queuebuf_new_from_packetbuf
                0x00000000000102bc       0x40 /usr/lib/gcc/i686-linux-gnu/4.8/../../../i386-linux-gnu/crti.o
 .rel.text.queuebuf_update_attr_from_packetbuf
                0x00000000000102fc        0x8 /usr/lib/gcc/i686-linux-gnu/4.8/../../../i386-linux-gnu/crti.o
 .rel.text.queuebuf_update_from_packetbuf
                0x0000000000010304       0x10 /usr/lib/gcc/i686-linux-gnu/4.8/../../../i386-linux-gnu/crti.o
 .rel.text.queuebuf_free
                0x0000000000010314       0x30 /usr/lib/gcc/i686-linux-gnu/4.8/../../../i386-linux-gnu/crti.o
 .rel.text.queuebuf_to_packetbuf
                0x0000000000010344       0x20 /usr/lib/gcc/i686-linux-gnu/4.8/../../../i386-linux-gnu/crti.o
 .rel.text.queuebuf_dataptr
                0x0000000000010364       0x10 /usr/lib/gcc/i686-linux-gnu/4.8/../../../i386-linux-gnu/crti.o
 .rel.text.neighbor_queue_from_addr
                0x0000000000010374       0x20 /usr/lib/gcc/i686-linux-gnu/4.8/../../../i386-linux-gnu/crti.o
 .rel.text.backoff_period
                0x0000000000010394        0x8 /usr/lib/gcc/i686-linux-gnu/4.8/../../../i386-linux-gnu/crti.o
 .rel.text.transmit_packet_list
                0x000000000001039c       0x18 /usr/lib/gcc/i686-linux-gnu/4.8/../../../i386-linux-gnu/crti.o
 .rel.text.schedule_transmission
                0x00000000000103b4       0x18 /usr/lib/gcc/i686-linux-gnu/4.8/../../../i386-linux-gnu/crti.o
 .rel.text.free_packet
                0x00000000000103cc       0x60 /usr/lib/gcc/i686-linux-gnu/4.8/../../../i386-linux-gnu/crti.o
 .rel.text.tx_done
                0x000000000001042c        0x8 /usr/lib/gcc/i686-linux-gnu/4.8/../../../i386-linux-gnu/crti.o
 .rel.text.rexmit
                0x0000000000010434        0x8 /usr/lib/gcc/i686-linux-gnu/4.8/../../../i386-linux-gnu/crti.o
 .rel.text.input_packet
                0x000000000001043c        0x8 /usr/lib/gcc/i686-linux-gnu/4.8/../../../i386-linux-gnu/crti.o
 .rel.text.on   0x0000000000010444       0x10 /usr/lib/gcc/i686-linux-gnu/4.8/../../../i386-linux-gnu/crti.o
 .rel.text.off  0x0000000000010454       0x18 /usr/lib/gcc/i686-linux-gnu/4.8/../../../i386-linux-gnu/crti.o
 .rel.text.channel_check_interval
                0x000000000001046c       0x10 /usr/lib/gcc/i686-linux-gnu/4.8/../../../i386-linux-gnu/crti.o
 .rel.text.create_frame
                0x000000000001047c       0xc0 /usr/lib/gcc/i686-linux-gnu/4.8/../../../i386-linux-gnu/crti.o
 .rel.text.parse
                0x000000000001053c       0x38 /usr/lib/gcc/i686-linux-gnu/4.8/../../../i386-linux-gnu/crti.o
 .rel.text.send_one_packet
                0x0000000000010574       0xd0 /usr/lib/gcc/i686-linux-gnu/4.8/../../../i386-linux-gnu/crti.o
 .rel.text.send_list
                0x0000000000010644        0x8 /usr/lib/gcc/i686-linux-gnu/4.8/../../../i386-linux-gnu/crti.o
 .rel.text.send
                0x000000000001064c        0x8 /usr/lib/gcc/i686-linux-gnu/4.8/../../../i386-linux-gnu/crti.o
 .rel.text.stimer_set
                0x0000000000010654        0x8 /usr/lib/gcc/i686-linux-gnu/4.8/../../../i386-linux-gnu/crti.o
 .rel.text.stimer_restart
                0x000000000001065c        0x8 /usr/lib/gcc/i686-linux-gnu/4.8/../../../i386-linux-gnu/crti.o
 .rel.text.stimer_expired
                0x0000000000010664        0x8 /usr/lib/gcc/i686-linux-gnu/4.8/../../../i386-linux-gnu/crti.o
 .rel.text.stimer_remaining
                0x000000000001066c        0x8 /usr/lib/gcc/i686-linux-gnu/4.8/../../../i386-linux-gnu/crti.o
 .rel.text.stimer_elapsed
                0x0000000000010674        0x8 /usr/lib/gcc/i686-linux-gnu/4.8/../../../i386-linux-gnu/crti.o
 .rel.text.input_handler_lookup
                0x000000000001067c       0x18 /usr/lib/gcc/i686-linux-gnu/4.8/../../../i386-linux-gnu/crti.o
 .rel.text.uip_icmp6_register_input_handler
                0x0000000000010694       0x10 /usr/lib/gcc/i686-linux-gnu/4.8/../../../i386-linux-gnu/crti.o
 .rel.text.echo_request_input
                0x00000000000106a4      0x160 /usr/lib/gcc/i686-linux-gnu/4.8/../../../i386-linux-gnu/crti.o
 .rel.text.uip_icmp6_error_output
                0x0000000000010804      0x250 /usr/lib/gcc/i686-linux-gnu/4.8/../../../i386-linux-gnu/crti.o
 .rel.text.uip_icmp6_send
                0x0000000000010a54       0xc0 /usr/lib/gcc/i686-linux-gnu/4.8/../../../i386-linux-gnu/crti.o
 .rel.text.echo_reply_input
                0x0000000000010b14       0xd0 /usr/lib/gcc/i686-linux-gnu/4.8/../../../i386-linux-gnu/crti.o
 .rel.text.uip_icmp6_echo_reply_callback_add
                0x0000000000010be4       0x10 /usr/lib/gcc/i686-linux-gnu/4.8/../../../i386-linux-gnu/crti.o
 .rel.text.uip_icmp6_echo_reply_callback_rm
                0x0000000000010bf4       0x10 /usr/lib/gcc/i686-linux-gnu/4.8/../../../i386-linux-gnu/crti.o
 .rel.text.uip_icmp6_init
                0x0000000000010c04       0x20 /usr/lib/gcc/i686-linux-gnu/4.8/../../../i386-linux-gnu/crti.o
 .rel.text.update_nbr
                0x0000000000010c24       0xe0 /usr/lib/gcc/i686-linux-gnu/4.8/../../../i386-linux-gnu/crti.o
 .rel.text.find_removable_dis
                0x0000000000010d04       0x10 /usr/lib/gcc/i686-linux-gnu/4.8/../../../i386-linux-gnu/crti.o
 .rel.text.find_removable_dio
                0x0000000000010d14       0x18 /usr/lib/gcc/i686-linux-gnu/4.8/../../../i386-linux-gnu/crti.o
 .rel.text.find_removable_dao
                0x0000000000010d2c       0x10 /usr/lib/gcc/i686-linux-gnu/4.8/../../../i386-linux-gnu/crti.o
 .rel.text.rpl_nbr_policy_find_removable
                0x0000000000010d3c       0x30 /usr/lib/gcc/i686-linux-gnu/4.8/../../../i386-linux-gnu/crti.o
 .rel.text.frame802154_get_pan_id
                0x0000000000010d6c        0x8 /usr/lib/gcc/i686-linux-gnu/4.8/../../../i386-linux-gnu/crti.o
 .rel.text.frame802154_set_pan_id
                0x0000000000010d74        0x8 /usr/lib/gcc/i686-linux-gnu/4.8/../../../i386-linux-gnu/crti.o
 .rel.text.frame802154_check_dest_panid
                0x0000000000010d7c       0x10 /usr/lib/gcc/i686-linux-gnu/4.8/../../../i386-linux-gnu/crti.o
 .rel.text.frame802154_extract_linkaddr
                0x0000000000010d8c       0x40 /usr/lib/gcc/i686-linux-gnu/4.8/../../../i386-linux-gnu/crti.o
 .rel.text.field_len
                0x0000000000010dcc       0x10 /usr/lib/gcc/i686-linux-gnu/4.8/../../../i386-linux-gnu/crti.o
 .rel.text.frame802154_create
                0x0000000000010ddc        0x8 /usr/lib/gcc/i686-linux-gnu/4.8/../../../i386-linux-gnu/crti.o
 .rel.text.frame802154_parse
                0x0000000000010de4       0x50 /usr/lib/gcc/i686-linux-gnu/4.8/../../../i386-linux-gnu/crti.o
 .rel.text.mac_sequence_is_duplicate
                0x0000000000010e34       0x28 /usr/lib/gcc/i686-linux-gnu/4.8/../../../i386-linux-gnu/crti.o
 .rel.text.mac_sequence_register_seqno
                0x0000000000010e5c       0x48 /usr/lib/gcc/i686-linux-gnu/4.8/../../../i386-linux-gnu/crti.o
 *(.rel.fini)
 .rel.fini      0x0000000000000000        0x0 /usr/lib/gcc/i686-linux-gnu/4.8/../../../i386-linux-gnu/crti.o
 *(.rel.rodata .rel.rodata.* .rel.gnu.linkonce.r.*)
 .rel.rodata    0x0000000000010ea4      0x630 /usr/lib/gcc/i686-linux-gnu/4.8/../../../i386-linux-gnu/crti.o
 *(.rel.data.rel.ro .rel.data.rel.ro.* .rel.gnu.linkonce.d.rel.ro.*)
 *(.rel.data .rel.data.* .rel.gnu.linkonce.d.*)
 .rel.data.rel  0x00000000000114d4        0x8 /usr/lib/gcc/i686-linux-gnu/4.8/../../../i386-linux-gnu/crti.o
 .rel.data      0x00000000000114dc      0x370 /usr/lib/gcc/i686-linux-gnu/4.8/../../../i386-linux-gnu/crti.o
 *(.rel.tdata .rel.tdata.* .rel.gnu.linkonce.td.*)
 *(.rel.tbss .rel.tbss.* .rel.gnu.linkonce.tb.*)
 *(.rel.ctors)
 *(.rel.dtors)
 *(.rel.got)
 .rel.got       0x000000000001184c       0x28 /usr/lib/gcc/i686-linux-gnu/4.8/../../../i386-linux-gnu/crti.o
 *(.rel.bss .rel.bss.* .rel.gnu.linkonce.b.*)
 *(.rel.ifunc)
 .rel.ifunc     0x0000000000000000        0x0 /usr/lib/gcc/i686-linux-gnu/4.8/../../../i386-linux-gnu/crti.o
 .rel.fini_array
                0x0000000000011874        0x8 /usr/lib/gcc/i686-linux-gnu/4.8/../../../i386-linux-gnu/crti.o
 .rel.init_array
                0x000000000001187c        0x8 /usr/lib/gcc/i686-linux-gnu/4.8/../../../i386-linux-gnu/crti.o

.rel.plt        0x0000000000011884       0x10
 *(.rel.plt)
 .rel.plt       0x0000000000011884       0x10 /usr/lib/gcc/i686-linux-gnu/4.8/../../../i386-linux-gnu/crti.o
 *(.rel.iplt)

.init           0x0000000000011894       0x23
 *(SORT(.init))
 .init          0x0000000000011894       0x1e /usr/lib/gcc/i686-linux-gnu/4.8/../../../i386-linux-gnu/crti.o
                0x0000000000011894                _init
 .init          0x00000000000118b2        0x5 /usr/lib/gcc/i686-linux-gnu/4.8/../../../i386-linux-gnu/crtn.o

.plt            0x00000000000118c0       0x30
 *(.plt)
 .plt           0x00000000000118c0       0x30 /usr/lib/gcc/i686-linux-gnu/4.8/../../../i386-linux-gnu/crti.o
 *(.iplt)

.text           0x00000000000118f0    0x212d1
 *(.text.unlikely .text.*_unlikely .text.unlikely.*)
 *(.text.exit .text.exit.*)
 *(.text.startup .text.startup.*)
 *(.text.hot .text.hot.*)
 *(.text .stub .text.* .gnu.linkonce.t.*)
 .text          0x00000000000118f0        0x0 /usr/lib/gcc/i686-linux-gnu/4.8/../../../i386-linux-gnu/crti.o
 .gnu.linkonce.t.__x86.get_pc_thunk.bx
                0x00000000000118f0        0x4 /usr/lib/gcc/i686-linux-gnu/4.8/../../../i386-linux-gnu/crti.o
                0x00000000000118f0                __x86.get_pc_thunk.bx
 *fill*         0x00000000000118f4        0xc 
 .text          0x0000000000011900      0x11b /usr/lib/gcc/i686-linux-gnu/4.8/crtbeginS.o
 .text          0x0000000000011a1b        0x0 receiver.co
 .text.dtls_alert_create
                0x0000000000011a1b       0x10 receiver.co
 .text.dtls_alert_fatal_create
                0x0000000000011a2b       0x1b receiver.co
 .text.dtls_set_handler
                0x0000000000011a46        0xe receiver.co
 .text.try_send
                0x0000000000011a54       0x6d receiver.co
 .text.read_from_peer
                0x0000000000011ac1      0x14e receiver.co
 .text.send_to_peer
                0x0000000000011c0f       0x8c receiver.co
 .text.get_psk_info
                0x0000000000011c9b      0x10f receiver.co
 .text.dtls_handle_read
                0x0000000000011daa      0x100 receiver.co
 .text.print_local_addresses
                0x0000000000011eaa       0x80 receiver.co
 .text.set_global_address
                0x0000000000011f2a       0x82 receiver.co
 .text.set_connection_address
                0x0000000000011fac      0x100 receiver.co
 .text.dtls_complete
                0x00000000000120ac       0x21 receiver.co
 .text.init_dtls
                0x00000000000120cd       0xd7 receiver.co
                0x00000000000120cd                init_dtls
 .text.join_mcast_group
                0x00000000000121a4       0xf7 receiver.co
 .text.dtls_reqeust
                0x000000000001229b       0x51 receiver.co
                0x000000000001229b                dtls_reqeust
 .text.process_thread_udp_client_process
                0x00000000000122ec      0x1b5 receiver.co
 .text          0x00000000000124a1        0x0 obj_cooja/mtype296.o
 .text.print_processes
                0x00000000000124a1       0x47 obj_cooja/mtype296.o
 .text.rtimer_thread_loop
                0x00000000000124e8       0x12 obj_cooja/mtype296.o
 .text.set_rime_addr
                0x00000000000124fa       0xdd obj_cooja/mtype296.o
 .text.contiki_init
                0x00000000000125d7      0x385 obj_cooja/mtype296.o
                0x00000000000125d7                contiki_init
 .text.process_run_thread_loop
                0x000000000001295c       0x6a obj_cooja/mtype296.o
 .text.Java_org_contikios_cooja_corecomm_Lib2_init
                0x00000000000129c6       0x40 obj_cooja/mtype296.o
                0x00000000000129c6                Java_org_contikios_cooja_corecomm_Lib2_init
 .text.Java_org_contikios_cooja_corecomm_Lib2_getMemory
                0x0000000000012a06       0x40 obj_cooja/mtype296.o
                0x0000000000012a06                Java_org_contikios_cooja_corecomm_Lib2_getMemory
 .text.Java_org_contikios_cooja_corecomm_Lib2_setMemory
                0x0000000000012a46       0x77 obj_cooja/mtype296.o
                0x0000000000012a46                Java_org_contikios_cooja_corecomm_Lib2_setMemory
 .text.Java_org_contikios_cooja_corecomm_Lib2_tick
                0x0000000000012abd       0x5f obj_cooja/mtype296.o
                0x0000000000012abd                Java_org_contikios_cooja_corecomm_Lib2_tick
 .text.Java_org_contikios_cooja_corecomm_Lib2_setReferenceAddress
                0x0000000000012b1c       0x12 obj_cooja/mtype296.o
                0x0000000000012b1c                Java_org_contikios_cooja_corecomm_Lib2_setReferenceAddress
 .text          0x0000000000012b2e        0x0 obj_cooja/mtype296.a(dtls.o)
 .text.equals   0x0000000000012b2e       0x44 obj_cooja/mtype296.a(dtls.o)
 .text.check_stack
                0x0000000000012b72        0x5 obj_cooja/mtype296.a(dtls.o)
 .text.dtls_int_to_uint8
                0x0000000000012b77       0x1c obj_cooja/mtype296.a(dtls.o)
 .text.dtls_int_to_uint16
                0x0000000000012b93       0x2f obj_cooja/mtype296.a(dtls.o)
 .text.dtls_int_to_uint24
                0x0000000000012bc2       0x30 obj_cooja/mtype296.a(dtls.o)
 .text.dtls_int_to_uint32
                0x0000000000012bf2       0x3e obj_cooja/mtype296.a(dtls.o)
 .text.dtls_int_to_uint48
                0x0000000000012c30       0x89 obj_cooja/mtype296.a(dtls.o)
 .text.dtls_uint8_to_int
                0x0000000000012cb9        0xb obj_cooja/mtype296.a(dtls.o)
 .text.dtls_uint16_to_int
                0x0000000000012cc4       0x21 obj_cooja/mtype296.a(dtls.o)
 .text.dtls_uint24_to_int
                0x0000000000012ce5       0x32 obj_cooja/mtype296.a(dtls.o)
 .text.dtls_hash_init
                0x0000000000012d17       0x13 obj_cooja/mtype296.a(dtls.o)
 .text.dtls_hash_update
                0x0000000000012d2a       0x21 obj_cooja/mtype296.a(dtls.o)
 .text.dtls_hash_finalize
                0x0000000000012d4b       0x1f obj_cooja/mtype296.a(dtls.o)
 .text.dtls_security_params_epoch
                0x0000000000012d6a       0x58 obj_cooja/mtype296.a(dtls.o)
 .text.dtls_security_params
                0x0000000000012dc2        0xb obj_cooja/mtype296.a(dtls.o)
 .text.dtls_security_params_next
                0x0000000000012dcd       0x59 obj_cooja/mtype296.a(dtls.o)
 .text.dtls_security_params_free_other
                0x0000000000012e26       0x50 obj_cooja/mtype296.a(dtls.o)
 .text.dtls_security_params_switch
                0x0000000000012e76       0x26 obj_cooja/mtype296.a(dtls.o)
 .text.dtls_alert_create
                0x0000000000012e9c       0x10 obj_cooja/mtype296.a(dtls.o)
 .text.dtls_alert_fatal_create
                0x0000000000012eac       0x1b obj_cooja/mtype296.a(dtls.o)
 .text.dtls_prng