Archive member included to satisfy reference by file (symbol)

obj_cooja/mtype516.a(dtls.o)  dtls-client.co (dtls_init)
obj_cooja/mtype516.a(tinydtls-crypto)
                              obj_cooja/mtype516.a(dtls.o) (dtls_crypto_init)
obj_cooja/mtype516.a(hmac.o)  obj_cooja/mtype516.a(dtls.o) (dtls_hmac_update)
obj_cooja/mtype516.a(netq.o)  obj_cooja/mtype516.a(dtls.o) (netq_init)
obj_cooja/mtype516.a(dtls_time.o)
                              obj_cooja/mtype516.a(dtls.o) (dtls_clock_init)
obj_cooja/mtype516.a(peer.o)  obj_cooja/mtype516.a(dtls.o) (peer_init)
obj_cooja/mtype516.a(session.o)
                              obj_cooja/mtype516.a(dtls.o) (dtls_session_equals)
obj_cooja/mtype516.a(rijndael.o)
                              obj_cooja/mtype516.a(tinydtls-crypto) (rijndael_set_key_enc_only)
obj_cooja/mtype516.a(tinydtls-ccm.o)
                              obj_cooja/mtype516.a(tinydtls-crypto) (dtls_ccm_encrypt_message)
obj_cooja/mtype516.a(sha2.o)  obj_cooja/mtype516.a(dtls.o) (SHA256_Init)
obj_cooja/mtype516.a(debug.o)
                              dtls-client.co (dtls_set_log_level)
obj_cooja/mtype516.a(simEnvChange.o)
                              obj_cooja/mtype516.o (simDontFallAsleep)
obj_cooja/mtype516.a(cooja_mt.o)
                              obj_cooja/mtype516.o (cooja_mt_start)
obj_cooja/mtype516.a(cooja_mtarch.o)
                              obj_cooja/mtype516.a(cooja_mt.o) (cooja_mtarch_init)
obj_cooja/mtype516.a(rtimer-arch.o)
                              obj_cooja/mtype516.o (rtimer_arch_check)
obj_cooja/mtype516.a(beep.o)  obj_cooja/mtype516.o (beep_interface)
obj_cooja/mtype516.a(button-sensor.o)
                              obj_cooja/mtype516.o (button_interface)
obj_cooja/mtype516.a(leds-arch.o)
                              obj_cooja/mtype516.o (leds_interface)
obj_cooja/mtype516.a(moteid.o)
                              obj_cooja/mtype516.o (moteid_interface)
obj_cooja/mtype516.a(pir-sensor.o)
                              obj_cooja/mtype516.o (pir_interface)
obj_cooja/mtype516.a(rs232.o)
                              obj_cooja/mtype516.o (rs232_interface)
obj_cooja/mtype516.a(vib-sensor.o)
                              obj_cooja/mtype516.o (vib_interface)
obj_cooja/mtype516.a(clock.o)
                              obj_cooja/mtype516.o (clock_interface)
obj_cooja/mtype516.a(log.o)   obj_cooja/mtype516.o (simlog_interface)
obj_cooja/mtype516.a(cfs-cooja.o)
                              obj_cooja/mtype516.o (cfs_interface)
obj_cooja/mtype516.a(cooja-radio.o)
                              obj_cooja/mtype516.o (radio_interface)
obj_cooja/mtype516.a(eeprom.o)
                              obj_cooja/mtype516.o (eeprom_interface)
obj_cooja/mtype516.a(random.o)
                              obj_cooja/mtype516.a(moteid.o) (random_init)
obj_cooja/mtype516.a(sensors.o)
                              obj_cooja/mtype516.o (sensors_process)
obj_cooja/mtype516.a(autostart.o)
                              obj_cooja/mtype516.o (autostart_start)
obj_cooja/mtype516.a(ctimer.o)
                              obj_cooja/mtype516.o (ctimer_init)
obj_cooja/mtype516.a(etimer.o)
                              obj_cooja/mtype516.o (etimer_process)
obj_cooja/mtype516.a(process.o)
                              obj_cooja/mtype516.a(dtls.o) (process_current)
obj_cooja/mtype516.a(rtimer.o)
                              obj_cooja/mtype516.a(rtimer-arch.o) (rtimer_run_next)
obj_cooja/mtype516.a(timer.o)
                              obj_cooja/mtype516.a(button-sensor.o) (timer_set)
obj_cooja/mtype516.a(serial-line.o)
                              obj_cooja/mtype516.a(rs232.o) (serial_line_input_byte)
obj_cooja/mtype516.a(assert.o)
                              obj_cooja/mtype516.a(dtls.o) (_xassert)
obj_cooja/mtype516.a(list.o)  obj_cooja/mtype516.a(dtls.o) (list_init)
obj_cooja/mtype516.a(memb.o)  obj_cooja/mtype516.a(tinydtls-crypto) (memb_init)
obj_cooja/mtype516.a(ringbuf.o)
                              obj_cooja/mtype516.a(serial-line.o) (ringbuf_init)
obj_cooja/mtype516.a(sicslowpan.o)
                              obj_cooja/mtype516.o (sicslowpan_driver)
obj_cooja/mtype516.a(uip-ds6-nbr.o)
                              obj_cooja/mtype516.a(sicslowpan.o) (uip_ds6_link_neighbor_callback)
obj_cooja/mtype516.a(uip-ds6-route.o)
                              obj_cooja/mtype516.a(uip-ds6-nbr.o) (uip_ds6_defrt_lookup)
obj_cooja/mtype516.a(uip-ds6.o)
                              dtls-client.co (uip_ds6_if)
obj_cooja/mtype516.a(uip-nd6.o)
                              obj_cooja/mtype516.a(uip-ds6-nbr.o) (uip_nd6_ns_output)
obj_cooja/mtype516.a(uip6.o)  dtls-client.co (uip_lladdr)
obj_cooja/mtype516.a(resolv.o)
                              dtls-client.co (resolv_event_found)
obj_cooja/mtype516.a(tcpip.o)
                              dtls-client.co (tcpip_event)
obj_cooja/mtype516.a(uip-debug.o)
                              dtls-client.co (uip_debug_ipaddr_print)
obj_cooja/mtype516.a(uip-nameserver.)
[...]
Memory Configuration

Name             Origin             Length             Attributes
*default*        0x0000000000000000 0xffffffffffffffff

Linker script and memory map

LOAD /usr/lib/gcc/i686-linux-gnu/4.8/../../../i386-linux-gnu/crti.o
LOAD /usr/lib/gcc/i686-linux-gnu/4.8/crtbeginS.o
LOAD dtls-client.co
LOAD obj_cooja/mtype516.o
LOAD obj_cooja/mtype516.a
LOAD /usr/lib/gcc/i686-linux-gnu/4.8/libgcc.a
LOAD /usr/lib/gcc/i686-linux-gnu/4.8/libgcc_s.so
LOAD /usr/lib/gcc/i686-linux-gnu/4.8/../../../i386-linux-gnu/libc.so
START GROUP
LOAD /lib/i386-linux-gnu/libc.so.6
LOAD /usr/lib/i386-linux-gnu/libc_nonshared.a
LOAD /lib/i386-linux-gnu/ld-linux.so.2
END GROUP
LOAD /usr/lib/gcc/i686-linux-gnu/4.8/libgcc.a
LOAD /usr/lib/gcc/i686-linux-gnu/4.8/libgcc_s.so
LOAD /usr/lib/gcc/i686-linux-gnu/4.8/crtendS.o
LOAD /usr/lib/gcc/i686-linux-gnu/4.8/../../../i386-linux-gnu/crtn.o
                0x0000000000000114                . = (0x0 + SIZEOF_HEADERS)

.note.gnu.build-id
                0x0000000000000114       0x24
 *(.note.gnu.build-id)
 .note.gnu.build-id
                0x0000000000000114       0x24 /usr/lib/gcc/i686-linux-gnu/4.8/../../../i386-linux-gnu/crti.o

.hash
 *(.hash)

.gnu.hash       0x0000000000000138     0x13e4
 *(.gnu.hash)
 .gnu.hash      0x0000000000000138     0x13e4 /usr/lib/gcc/i686-linux-gnu/4.8/../../../i386-linux-gnu/crti.o

.dynsym         0x000000000000151c     0x2830
 *(.dynsym)
 .dynsym        0x000000000000151c     0x2830 /usr/lib/gcc/i686-linux-gnu/4.8/../../../i386-linux-gnu/crti.o

.dynstr         0x0000000000003d4c     0x294f
 *(.dynstr)
 .dynstr        0x0000000000003d4c     0x294f /usr/lib/gcc/i686-linux-gnu/4.8/../../../i386-linux-gnu/crti.o

.gnu.version    0x000000000000669c      0x506
 *(.gnu.version)
 .gnu.version   0x000000000000669c      0x506 /usr/lib/gcc/i686-linux-gnu/4.8/../../../i386-linux-gnu/crti.o

.gnu.version_d  0x0000000000006ba4        0x0
 *(.gnu.version_d)
 .gnu.version_d
                0x0000000000000000        0x0 /usr/lib/gcc/i686-linux-gnu/4.8/../../../i386-linux-gnu/crti.o

.gnu.version_r  0x0000000000006ba4       0x40
 *(.gnu.version_r)
 .gnu.version_r
                0x0000000000006ba4       0x40 /usr/lib/gcc/i686-linux-gnu/4.8/../../../i386-linux-gnu/crti.o

.rel.dyn        0x0000000000006be4     0xa8e8
 *(.rel.init)
 .rel.init      0x0000000000000000        0x0 /usr/lib/gcc/i686-linux-gnu/4.8/../../../i386-linux-gnu/crti.o
 *(.rel.text .rel.text.* .rel.gnu.linkonce.t.*)
 .rel.text      0x0000000000000000        0x0 /usr/lib/gcc/i686-linux-gnu/4.8/../../../i386-linux-gnu/crti.o
 .rel.text.try_send
                0x0000000000006be4       0x48 /usr/lib/gcc/i686-linux-gnu/4.8/../../../i386-linux-gnu/crti.o
 .rel.text.timeout_handler
                0x0000000000006c2c       0x58 /usr/lib/gcc/i686-linux-gnu/4.8/../../../i386-linux-gnu/crti.o
 .rel.text.send_to_peer
                0x0000000000006c84       0x58 /usr/lib/gcc/i686-linux-gnu/4.8/../../../i386-linux-gnu/crti.o
 .rel.text.get_psk_info
                0x0000000000006cdc       0xa8 /usr/lib/gcc/i686-linux-gnu/4.8/../../../i386-linux-gnu/crti.o
 .rel.text.dtls_handle_read
                0x0000000000006d84       0xc8 /usr/lib/gcc/i686-linux-gnu/4.8/../../../i386-linux-gnu/crti.o
 .rel.text.tcpip_handler
                0x0000000000006e4c       0x18 /usr/lib/gcc/i686-linux-gnu/4.8/../../../i386-linux-gnu/crti.o
 .rel.text.print_local_addresses
                0x0000000000006e64       0x40 /usr/lib/gcc/i686-linux-gnu/4.8/../../../i386-linux-gnu/crti.o
 .rel.text.set_global_address
                0x0000000000006ea4       0x20 /usr/lib/gcc/i686-linux-gnu/4.8/../../../i386-linux-gnu/crti.o
 .rel.text.set_connection_address
                0x0000000000006ec4       0x90 /usr/lib/gcc/i686-linux-gnu/4.8/../../../i386-linux-gnu/crti.o
 .rel.text.init_dtls
                0x0000000000006f54       0x90 /usr/lib/gcc/i686-linux-gnu/4.8/../../../i386-linux-gnu/crti.o
 .rel.text.process_thread_udp_client_process
                0x0000000000006fe4      0x180 /usr/lib/gcc/i686-linux-gnu/4.8/../../../i386-linux-gnu/crti.o
 .rel.text.print_processes
                0x0000000000007164       0x28 /usr/lib/gcc/i686-linux-gnu/4.8/../../../i386-linux-gnu/crti.o
 .rel.text.rtimer_thread_loop
                0x000000000000718c       0x10 /usr/lib/gcc/i686-linux-gnu/4.8/../../../i386-linux-gnu/crti.o
 .rel.text.set_rime_addr
                0x000000000000719c       0x58 /usr/lib/gcc/i686-linux-gnu/4.8/../../../i386-linux-gnu/crti.o
 .rel.text.contiki_init
                0x00000000000071f4      0x1d0 /usr/lib/gcc/i686-linux-gnu/4.8/../../../i386-linux-gnu/crti.o
 .rel.text.process_run_thread_loop
                0x00000000000073c4       0x70 /usr/lib/gcc/i686-linux-gnu/4.8/../../../i386-linux-gnu/crti.o
 .rel.text.Java_org_contikios_cooja_corecomm_Lib2_init
                0x0000000000007434       0x30 /usr/lib/gcc/i686-linux-gnu/4.8/../../../i386-linux-gnu/crti.o
 .rel.text.Java_org_contikios_cooja_corecomm_Lib2_getMemory
                0x0000000000007464        0x8 /usr/lib/gcc/i686-linux-gnu/4.8/../../../i386-linux-gnu/crti.o
 .rel.text.Java_org_contikios_cooja_corecomm_Lib2_setMemory
                0x000000000000746c       0x10 /usr/lib/gcc/i686-linux-gnu/4.8/../../../i386-linux-gnu/crti.o
 .rel.text.Java_org_contikios_cooja_corecomm_Lib2_tick
                0x000000000000747c       0x70 /usr/lib/gcc/i686-linux-gnu/4.8/../../../i386-linux-gnu/crti.o
 .rel.text.Java_org_contikios_cooja_corecomm_Lib2_setReferenceAddress
                0x00000000000074ec       0x10 /usr/lib/gcc/i686-linux-gnu/4.8/../../../i386-linux-gnu/crti.o
 .rel.text.dtls_hash_init
                0x00000000000074fc       0x18 /usr/lib/gcc/i686-linux-gnu/4.8/../../../i386-linux-gnu/crti.o
 .rel.text.dtls_hash_update
                0x0000000000007514       0x10 /usr/lib/gcc/i686-linux-gnu/4.8/../../../i386-linux-gnu/crti.o
 .rel.text.dtls_hash_finalize
                0x0000000000007524       0x10 /usr/lib/gcc/i686-linux-gnu/4.8/../../../i386-linux-gnu/crti.o
 .rel.text.dtls_security_params_next
                0x0000000000007534       0x10 /usr/lib/gcc/i686-linux-gnu/4.8/../../../i386-linux-gnu/crti.o
 .rel.text.dtls_security_params_free_other
                0x0000000000007544        0x8 /usr/lib/gcc/i686-linux-gnu/4.8/../../../i386-linux-gnu/crti.o
 .rel.text.dtls_prng
                0x000000000000754c       0x18 /usr/lib/gcc/i686-linux-gnu/4.8/../../../i386-linux-gnu/crti.o
 .rel.text.malloc_context
                0x0000000000007564        0x8 /usr/lib/gcc/i686-linux-gnu/4.8/../../../i386-linux-gnu/crti.o
 .rel.text.dtls_init
                0x000000000000756c       0x20 /usr/lib/gcc/i686-linux-gnu/4.8/../../../i386-linux-gnu/crti.o
 .rel.text.dtls_get_peer
                0x000000000000758c       0x18 /usr/lib/gcc/i686-linux-gnu/4.8/../../../i386-linux-gnu/crti.o
 .rel.text.dtls_add_peer
                0x00000000000075a4        0x8 /usr/lib/gcc/i686-linux-gnu/4.8/../../../i386-linux-gnu/crti.o
 .rel.text.dtls_write
                0x00000000000075ac       0x10 /usr/lib/gcc/i686-linux-gnu/4.8/../../../i386-linux-gnu/crti.o
 .rel.text.dtls_create_cookie
                0x00000000000075bc       0x40 /usr/lib/gcc/i686-linux-gnu/4.8/../../../i386-linux-gnu/crti.o
 .rel.text.dtls_set_record_header
                0x00000000000075fc       0x10 /usr/lib/gcc/i686-linux-gnu/4.8/../../../i386-linux-gnu/crti.o
 .rel.text.dtls_set_handshake_header
                0x000000000000760c        0x8 /usr/lib/gcc/i686-linux-gnu/4.8/../../../i386-linux-gnu/crti.o
 .rel.text.dtls_debug_keyblock
                0x0000000000007614       0x60 /usr/lib/gcc/i686-linux-gnu/4.8/../../../i386-linux-gnu/crti.o
 .rel.text.dtls_handshake_type_to_name
                0x0000000000007674       0x68 /usr/lib/gcc/i686-linux-gnu/4.8/../../../i386-linux-gnu/crti.o
 .rel.text.calculate_key_block
                0x00000000000076dc       0xb8 /usr/lib/gcc/i686-linux-gnu/4.8/../../../i386-linux-gnu/crti.o
 .rel.text.dtls_check_tls_extension
                0x0000000000007794       0x30 /usr/lib/gcc/i686-linux-gnu/4.8/../../../i386-linux-gnu/crti.o
 .rel.text.dtls_update_parameters
                0x00000000000077c4       0x48 /usr/lib/gcc/i686-linux-gnu/4.8/../../../i386-linux-gnu/crti.o
 .rel.text.check_client_keyexchange
                0x000000000000780c       0x18 /usr/lib/gcc/i686-linux-gnu/4.8/../../../i386-linux-gnu/crti.o
 .rel.text.update_hs_hash
                0x0000000000007824       0x10 /usr/lib/gcc/i686-linux-gnu/4.8/../../../i386-linux-gnu/crti.o
 .rel.text.copy_hs_hash
                0x0000000000007834        0x8 /usr/lib/gcc/i686-linux-gnu/4.8/../../../i386-linux-gnu/crti.o
 .rel.text.clear_hs_hash
                0x000000000000783c       0x10 /usr/lib/gcc/i686-linux-gnu/4.8/../../../i386-linux-gnu/crti.o
 .rel.text.check_finished
                0x000000000000784c       0x58 /usr/lib/gcc/i686-linux-gnu/4.8/../../../i386-linux-gnu/crti.o
 .rel.text.dtls_prepare_record
                0x00000000000078a4       0x90 /usr/lib/gcc/i686-linux-gnu/4.8/../../../i386-linux-gnu/crti.o
 .rel.text.dtls_send_handshake_msg_hash
                0x0000000000007934        0x8 /usr/lib/gcc/i686-linux-gnu/4.8/../../../i386-linux-gnu/crti.o
 .rel.text.dtls_send_multi
                0x000000000000793c       0x98 /usr/lib/gcc/i686-linux-gnu/4.8/../../../i386-linux-gnu/crti.o
 .rel.text.dtls_close
                0x00000000000079d4       0x30 /usr/lib/gcc/i686-linux-gnu/4.8/../../../i386-linux-gnu/crti.o
 .rel.text.dtls_destroy_peer
                0x0000000000007a04       0x28 /usr/lib/gcc/i686-linux-gnu/4.8/../../../i386-linux-gnu/crti.o
 .rel.text.dtls_verify_peer
                0x0000000000007a2c       0x80 /usr/lib/gcc/i686-linux-gnu/4.8/../../../i386-linux-gnu/crti.o
 .rel.text.dtls_send_server_hello
                0x0000000000007aac       0x30 /usr/lib/gcc/i686-linux-gnu/4.8/../../../i386-linux-gnu/crti.o
 .rel.text.dtls_send_server_key_exchange_psk
                0x0000000000007adc       0x40 /usr/lib/gcc/i686-linux-gnu/4.8/../../../i386-linux-gnu/crti.o
 .rel.text.dtls_send_server_hello_msgs
                0x0000000000007b1c        0x8 /usr/lib/gcc/i686-linux-gnu/4.8/../../../i386-linux-gnu/crti.o
 .rel.text.dtls_send_client_key_exchange
                0x0000000000007b24       0x60 /usr/lib/gcc/i686-linux-gnu/4.8/../../../i386-linux-gnu/crti.o
 .rel.text.dtls_send_finished
                0x0000000000007b84       0x38 /usr/lib/gcc/i686-linux-gnu/4.8/../../../i386-linux-gnu/crti.o
 .rel.text.dtls_send_client_hello
                0x0000000000007bbc       0x50 /usr/lib/gcc/i686-linux-gnu/4.8/../../../i386-linux-gnu/crti.o
 .rel.text.check_server_hello
                0x0000000000007c0c       0x38 /usr/lib/gcc/i686-linux-gnu/4.8/../../../i386-linux-gnu/crti.o
 .rel.text.check_server_hello_verify_request
                0x0000000000007c44       0x10 /usr/lib/gcc/i686-linux-gnu/4.8/../../../i386-linux-gnu/crti.o
 .rel.text.check_server_key_exchange_psk
                0x0000000000007c54       0x48 /usr/lib/gcc/i686-linux-gnu/4.8/../../../i386-linux-gnu/crti.o
 .rel.text.check_certificate_request
                0x0000000000007c9c       0x60 /usr/lib/gcc/i686-linux-gnu/4.8/../../../i386-linux-gnu/crti.o
 .rel.text.check_server_hellodone
                0x0000000000007cfc        0x8 /usr/lib/gcc/i686-linux-gnu/4.8/../../../i386-linux-gnu/crti.o
 .rel.text.decrypt_verify
                0x0000000000007d04       0xa8 /usr/lib/gcc/i686-linux-gnu/4.8/../../../i386-linux-gnu/crti.o
 .rel.text.dtls_renegotiate
                0x0000000000007dac       0x20 /usr/lib/gcc/i686-linux-gnu/4.8/../../../i386-linux-gnu/crti.o
 .rel.text.handle_handshake_msg
                0x0000000000007dcc      0x130 /usr/lib/gcc/i686-linux-gnu/4.8/../../../i386-linux-gnu/crti.o
 .rel.text.handle_handshake
                0x0000000000007efc       0xd8 /usr/lib/gcc/i686-linux-gnu/4.8/../../../i386-linux-gnu/crti.o
 .rel.text.handle_ccs
                0x0000000000007fd4       0x10 /usr/lib/gcc/i686-linux-gnu/4.8/../../../i386-linux-gnu/crti.o
 .rel.text.handle_alert
                0x0000000000007fe4       0x30 /usr/lib/gcc/i686-linux-gnu/4.8/../../../i386-linux-gnu/crti.o
 .rel.text.dtls_alert_send_from_err
                0x0000000000008014       0x10 /usr/lib/gcc/i686-linux-gnu/4.8/../../../i386-linux-gnu/crti.o
 .rel.text.dtls_handle_message
                0x0000000000008024       0xc8 /usr/lib/gcc/i686-linux-gnu/4.8/../../../i386-linux-gnu/crti.o
 .rel.text.dtls_new_context
                0x00000000000080ec       0x70 /usr/lib/gcc/i686-linux-gnu/4.8/../../../i386-linux-gnu/crti.o
 .rel.text.dtls_free_context
                0x000000000000815c       0x10 /usr/lib/gcc/i686-linux-gnu/4.8/../../../i386-linux-gnu/crti.o
 .rel.text.dtls_connect_peer
                0x000000000000816c       0x50 /usr/lib/gcc/i686-linux-gnu/4.8/../../../i386-linux-gnu/crti.o
 .rel.text.dtls_connect
                0x00000000000081bc       0x38 /usr/lib/gcc/i686-linux-gnu/4.8/../../../i386-linux-gnu/crti.o
 .rel.text.dtls_retransmit
                0x00000000000081f4       0x50 /usr/lib/gcc/i686-linux-gnu/4.8/../../../i386-linux-gnu/crti.o
 .rel.text.dtls_stop_retransmission
                0x0000000000008244       0x30 /usr/lib/gcc/i686-linux-gnu/4.8/../../../i386-linux-gnu/crti.o
 .rel.text.dtls_check_retransmit
                0x0000000000008274       0x20 /usr/lib/gcc/i686-linux-gnu/4.8/../../../i386-linux-gnu/crti.o
 .rel.text.process_thread_dtls_retransmit_process
                0x0000000000008294       0xa0 /usr/lib/gcc/i686-linux-gnu/4.8/../../../i386-linux-gnu/crti.o
 .rel.text.dtls_cipher_context_get
                0x0000000000008334        0x8 /usr/lib/gcc/i686-linux-gnu/4.8/../../../i386-linux-gnu/crti.o
 .rel.text.dtls_crypto_init
                0x000000000000833c       0x20 /usr/lib/gcc/i686-linux-gnu/4.8/../../../i386-linux-gnu/crti.o
 .rel.text.dtls_handshake_malloc
                0x000000000000835c       0x10 /usr/lib/gcc/i686-linux-gnu/4.8/../../../i386-linux-gnu/crti.o
 .rel.text.dtls_handshake_dealloc
                0x000000000000836c       0x10 /usr/lib/gcc/i686-linux-gnu/4.8/../../../i386-linux-gnu/crti.o
 .rel.text.dtls_security_malloc
                0x000000000000837c       0x10 /usr/lib/gcc/i686-linux-gnu/4.8/../../../i386-linux-gnu/crti.o
 .rel.text.dtls_security_dealloc
                0x000000000000838c       0x10 /usr/lib/gcc/i686-linux-gnu/4.8/../../../i386-linux-gnu/crti.o
 .rel.text.dtls_handshake_new
                0x000000000000839c       0x18 /usr/lib/gcc/i686-linux-gnu/4.8/../../../i386-linux-gnu/crti.o
 .rel.text.dtls_handshake_free
                0x00000000000083b4        0x8 /usr/lib/gcc/i686-linux-gnu/4.8/../../../i386-linux-gnu/crti.o
 .rel.text.dtls_security_new
                0x00000000000083bc       0x18 /usr/lib/gcc/i686-linux-gnu/4.8/../../../i386-linux-gnu/crti.o
 .rel.text.dtls_p_hash
                0x00000000000083d4       0xd0 /usr/lib/gcc/i686-linux-gnu/4.8/../../../i386-linux-gnu/crti.o
 .rel.text.dtls_prf
                0x00000000000084a4       0x10 /usr/lib/gcc/i686-linux-gnu/4.8/../../../i386-linux-gnu/crti.o
 .rel.text.dtls_mac
                0x00000000000084b4       0x38 /usr/lib/gcc/i686-linux-gnu/4.8/../../../i386-linux-gnu/crti.o
 .rel.text.dtls_ccm_encrypt
                0x00000000000084ec       0x18 /usr/lib/gcc/i686-linux-gnu/4.8/../../../i386-linux-gnu/crti.o
 .rel.text.dtls_ccm_decrypt
                0x0000000000008504       0x18 /usr/lib/gcc/i686-linux-gnu/4.8/../../../i386-linux-gnu/crti.o
 .rel.text.dtls_psk_pre_master_secret
                0x000000000000851c       0x18 /usr/lib/gcc/i686-linux-gnu/4.8/../../../i386-linux-gnu/crti.o
 .rel.text.dtls_encrypt
                0x0000000000008534       0x20 /usr/lib/gcc/i686-linux-gnu/4.8/../../../i386-linux-gnu/crti.o
 .rel.text.dtls_decrypt
                0x0000000000008554       0x20 /usr/lib/gcc/i686-linux-gnu/4.8/../../../i386-linux-gnu/crti.o
 .rel.text.dtls_hmac_context_new
                0x0000000000008574       0x10 /usr/lib/gcc/i686-linux-gnu/4.8/../../../i386-linux-gnu/crti.o
 .rel.text.dtls_hmac_context_free
                0x0000000000008584       0x10 /usr/lib/gcc/i686-linux-gnu/4.8/../../../i386-linux-gnu/crti.o
 .rel.text.dtls_hmac_storage_init
                0x0000000000008594       0x10 /usr/lib/gcc/i686-linux-gnu/4.8/../../../i386-linux-gnu/crti.o
 .rel.text.dtls_hmac_update
                0x00000000000085a4       0x10 /usr/lib/gcc/i686-linux-gnu/4.8/../../../i386-linux-gnu/crti.o
 .rel.text.dtls_hmac_new
                0x00000000000085b4        0x8 /usr/lib/gcc/i686-linux-gnu/4.8/../../../i386-linux-gnu/crti.o
 .rel.text.dtls_hmac_init
                0x00000000000085bc       0x28 /usr/lib/gcc/i686-linux-gnu/4.8/../../../i386-linux-gnu/crti.o
 .rel.text.dtls_hmac_finalize
                0x00000000000085e4       0x28 /usr/lib/gcc/i686-linux-gnu/4.8/../../../i386-linux-gnu/crti.o
 .rel.text.netq_malloc_node
                0x000000000000860c       0x10 /usr/lib/gcc/i686-linux-gnu/4.8/../../../i386-linux-gnu/crti.o
 .rel.text.netq_free_node
                0x000000000000861c       0x10 /usr/lib/gcc/i686-linux-gnu/4.8/../../../i386-linux-gnu/crti.o
 .rel.text.netq_init
                0x000000000000862c       0x10 /usr/lib/gcc/i686-linux-gnu/4.8/../../../i386-linux-gnu/crti.o
 .rel.text.netq_insert_node
                0x000000000000863c       0x48 /usr/lib/gcc/i686-linux-gnu/4.8/../../../i386-linux-gnu/crti.o
 .rel.text.netq_head
                0x0000000000008684        0x8 /usr/lib/gcc/i686-linux-gnu/4.8/../../../i386-linux-gnu/crti.o
 .rel.text.netq_next
                0x000000000000868c        0x8 /usr/lib/gcc/i686-linux-gnu/4.8/../../../i386-linux-gnu/crti.o
 .rel.text.netq_remove
                0x0000000000008694        0x8 /usr/lib/gcc/i686-linux-gnu/4.8/../../../i386-linux-gnu/crti.o
 .rel.text.netq_pop_first
                0x000000000000869c        0x8 /usr/lib/gcc/i686-linux-gnu/4.8/../../../i386-linux-gnu/crti.o
 .rel.text.netq_node_new
                0x00000000000086a4       0x18 /usr/lib/gcc/i686-linux-gnu/4.8/../../../i386-linux-gnu/crti.o
 .rel.text.netq_delete_all
                0x00000000000086bc        0x8 /usr/lib/gcc/i686-linux-gnu/4.8/../../../i386-linux-gnu/crti.o
 .rel.text.dtls_clock_init
                0x00000000000086c4       0x10 /usr/lib/gcc/i686-linux-gnu/4.8/../../../i386-linux-gnu/crti.o
 .rel.text.dtls_ticks
                0x00000000000086d4        0x8 /usr/lib/gcc/i686-linux-gnu/4.8/../../../i386-linux-gnu/crti.o
 .rel.text.peer_init
                0x00000000000086dc       0x10 /usr/lib/gcc/i686-linux-gnu/4.8/../../../i386-linux-gnu/crti.o
 .rel.text.dtls_malloc_peer
                0x00000000000086ec       0x10 /usr/lib/gcc/i686-linux-gnu/4.8/../../../i386-linux-gnu/crti.o
 .rel.text.dtls_free_peer
                0x00000000000086fc       0x28 /usr/lib/gcc/i686-linux-gnu/4.8/../../../i386-linux-gnu/crti.o
 .rel.text.dtls_new_peer
                0x0000000000008724       0x30 /usr/lib/gcc/i686-linux-gnu/4.8/../../../i386-linux-gnu/crti.o
 .rel.text.dtls_session_init
                0x0000000000008754       0x18 /usr/lib/gcc/i686-linux-gnu/4.8/../../../i386-linux-gnu/crti.o
 .rel.text.dtls_session_equals
                0x000000000000876c       0x28 /usr/lib/gcc/i686-linux-gnu/4.8/../../../i386-linux-gnu/crti.o
 .rel.text.rijndaelKeySetupEnc
                0x0000000000008794       0x98 /usr/lib/gcc/i686-linux-gnu/4.8/../../../i386-linux-gnu/crti.o
 .rel.text.rijndaelEncrypt
                0x000000000000882c      0x180 /usr/lib/gcc/i686-linux-gnu/4.8/../../../i386-linux-gnu/crti.o
 .rel.text.rijndael_set_key_enc_only
                0x00000000000089ac        0x8 /usr/lib/gcc/i686-linux-gnu/4.8/../../../i386-linux-gnu/crti.o
 .rel.text.rijndael_encrypt
                0x00000000000089b4        0x8 /usr/lib/gcc/i686-linux-gnu/4.8/../../../i386-linux-gnu/crti.o
 .rel.text.block0
                0x00000000000089bc        0x8 /usr/lib/gcc/i686-linux-gnu/4.8/../../../i386-linux-gnu/crti.o
 .rel.text.add_auth_data
                0x00000000000089c4       0x50 /usr/lib/gcc/i686-linux-gnu/4.8/../../../i386-linux-gnu/crti.o
 .rel.text.encrypt
                0x0000000000008a14       0x38 /usr/lib/gcc/i686-linux-gnu/4.8/../../../i386-linux-gnu/crti.o
 .rel.text.mac  0x0000000000008a4c        0x8 /usr/lib/gcc/i686-linux-gnu/4.8/../../../i386-linux-gnu/crti.o
 .rel.text.dtls_ccm_encrypt_message
                0x0000000000008a54       0x28 /usr/lib/gcc/i686-linux-gnu/4.8/../../../i386-linux-gnu/crti.o
 .rel.text.dtls_ccm_decrypt_message
                0x0000000000008a7c       0x28 /usr/lib/gcc/i686-linux-gnu/4.8/../../../i386-linux-gnu/crti.o
 .rel.text.SHA256_Init
                0x0000000000008aa4       0x18 /usr/lib/gcc/i686-linux-gnu/4.8/../../../i386-linux-gnu/crti.o
 .rel.text.SHA256_Transform
                0x0000000000008abc       0x10 /usr/lib/gcc/i686-linux-gnu/4.8/../../../i386-linux-gnu/crti.o
 .rel.text.SHA256_Update
                0x0000000000008acc       0x38 /usr/lib/gcc/i686-linux-gnu/4.8/../../../i386-linux-gnu/crti.o
 .rel.text.SHA256_Final
                0x0000000000008b04       0x48 /usr/lib/gcc/i686-linux-gnu/4.8/../../../i386-linux-gnu/crti.o
 .rel.text.SHA256_End
                0x0000000000008b4c       0x40 /usr/lib/gcc/i686-linux-gnu/4.8/../../../i386-linux-gnu/crti.o
 .rel.text.SHA256_Data
                0x0000000000008b8c       0x20 /usr/lib/gcc/i686-linux-gnu/4.8/../../../i386-linux-gnu/crti.o
 .rel.text.dtls_package_name
                0x0000000000008bac        0x8 /usr/lib/gcc/i686-linux-gnu/4.8/../../../i386-linux-gnu/crti.o
 .rel.text.dtls_package_version
                0x0000000000008bb4        0x8 /usr/lib/gcc/i686-linux-gnu/4.8/../../../i386-linux-gnu/crti.o
 .rel.text.dtls_get_log_level
                0x0000000000008bbc        0x8 /usr/lib/gcc/i686-linux-gnu/4.8/../../../i386-linux-gnu/crti.o
 .rel.text.dtls_set_log_level
                0x0000000000008bc4        0x8 /usr/lib/gcc/i686-linux-gnu/4.8/../../../i386-linux-gnu/crti.o
 .rel.text.dsrv_print_addr
                0x0000000000008bcc       0x20 /usr/lib/gcc/i686-linux-gnu/4.8/../../../i386-linux-gnu/crti.o
 .rel.text.hexdump
                0x0000000000008bec       0x40 /usr/lib/gcc/i686-linux-gnu/4.8/../../../i386-linux-gnu/crti.o
 .rel.text.dump
                0x0000000000008c2c       0x10 /usr/lib/gcc/i686-linux-gnu/4.8/../../../i386-linux-gnu/crti.o
 .rel.text.dtls_dsrv_log_addr
                0x0000000000008c3c       0x18 /usr/lib/gcc/i686-linux-gnu/4.8/../../../i386-linux-gnu/crti.o
 .rel.text.dtls_dsrv_hexdump_log
                0x0000000000008c54       0xc8 /usr/lib/gcc/i686-linux-gnu/4.8/../../../i386-linux-gnu/crti.o
 .rel.text.doActionsBeforeTick
                0x0000000000008d1c       0x10 /usr/lib/gcc/i686-linux-gnu/4.8/../../../i386-linux-gnu/crti.o
 .rel.text.doActionsAfterTick
                0x0000000000008d2c       0x10 /usr/lib/gcc/i686-linux-gnu/4.8/../../../i386-linux-gnu/crti.o
 .rel.text.cooja_mt_init
                0x0000000000008d3c        0x8 /usr/lib/gcc/i686-linux-gnu/4.8/../../../i386-linux-gnu/crti.o
 .rel.text.cooja_mt_remove
                0x0000000000008d44        0x8 /usr/lib/gcc/i686-linux-gnu/4.8/../../../i386-linux-gnu/crti.o
 .rel.text.cooja_mt_start
                0x0000000000008d4c        0x8 /usr/lib/gcc/i686-linux-gnu/4.8/../../../i386-linux-gnu/crti.o
 .rel.text.cooja_mt_exec
                0x0000000000008d54       0x10 /usr/lib/gcc/i686-linux-gnu/4.8/../../../i386-linux-gnu/crti.o
 .rel.text.cooja_mt_exit
                0x0000000000008d64       0x18 /usr/lib/gcc/i686-linux-gnu/4.8/../../../i386-linux-gnu/crti.o
 .rel.text.cooja_mt_yield
                0x0000000000008d7c       0x18 /usr/lib/gcc/i686-linux-gnu/4.8/../../../i386-linux-gnu/crti.o
 .rel.text.cooja_mtarch_start
                0x0000000000008d94        0x8 /usr/lib/gcc/i686-linux-gnu/4.8/../../../i386-linux-gnu/crti.o
 .rel.text.cooja_sw
                0x0000000000008d9c        0x8 /usr/lib/gcc/i686-linux-gnu/4.8/../../../i386-linux-gnu/crti.o
 .rel.text.cooja_mtarch_exec
                0x0000000000008da4       0x18 /usr/lib/gcc/i686-linux-gnu/4.8/../../../i386-linux-gnu/crti.o
 .rel.text.cooja_mtarch_yield
                0x0000000000008dbc        0x8 /usr/lib/gcc/i686-linux-gnu/4.8/../../../i386-linux-gnu/crti.o
 .rel.text.rtimer_arch_init
                0x0000000000008dc4       0x18 /usr/lib/gcc/i686-linux-gnu/4.8/../../../i386-linux-gnu/crti.o
 .rel.text.rtimer_arch_schedule
                0x0000000000008ddc       0x18 /usr/lib/gcc/i686-linux-gnu/4.8/../../../i386-linux-gnu/crti.o
 .rel.text.rtimer_arch_next
                0x0000000000008df4       0x10 /usr/lib/gcc/i686-linux-gnu/4.8/../../../i386-linux-gnu/crti.o
 .rel.text.rtimer_arch_pending
                0x0000000000008e04        0x8 /usr/lib/gcc/i686-linux-gnu/4.8/../../../i386-linux-gnu/crti.o
 .rel.text.rtimer_arch_check
                0x0000000000008e0c       0x30 /usr/lib/gcc/i686-linux-gnu/4.8/../../../i386-linux-gnu/crti.o
 .rel.text.rtimer_arch_now
                0x0000000000008e3c       0x10 /usr/lib/gcc/i686-linux-gnu/4.8/../../../i386-linux-gnu/crti.o
 .rel.text.beep_alarm
                0x0000000000008e4c        0x8 /usr/lib/gcc/i686-linux-gnu/4.8/../../../i386-linux-gnu/crti.o
 .rel.text.beep_beep
                0x0000000000008e54        0x8 /usr/lib/gcc/i686-linux-gnu/4.8/../../../i386-linux-gnu/crti.o
 .rel.text.beep
                0x0000000000008e5c        0x8 /usr/lib/gcc/i686-linux-gnu/4.8/../../../i386-linux-gnu/crti.o
 .rel.text.beep_down
                0x0000000000008e64        0x8 /usr/lib/gcc/i686-linux-gnu/4.8/../../../i386-linux-gnu/crti.o
 .rel.text.beep_on
                0x0000000000008e6c        0x8 /usr/lib/gcc/i686-linux-gnu/4.8/../../../i386-linux-gnu/crti.o
 .rel.text.beep_off
                0x0000000000008e74        0x8 /usr/lib/gcc/i686-linux-gnu/4.8/../../../i386-linux-gnu/crti.o
 .rel.text.beep_spinup
                0x0000000000008e7c        0x8 /usr/lib/gcc/i686-linux-gnu/4.8/../../../i386-linux-gnu/crti.o
 .rel.text.beep_quick
                0x0000000000008e84        0x8 /usr/lib/gcc/i686-linux-gnu/4.8/../../../i386-linux-gnu/crti.o
 .rel.text.beep_long
                0x0000000000008e8c        0x8 /usr/lib/gcc/i686-linux-gnu/4.8/../../../i386-linux-gnu/crti.o
 .rel.text.value
                0x0000000000008e94       0x28 /usr/lib/gcc/i686-linux-gnu/4.8/../../../i386-linux-gnu/crti.o
 .rel.text.configure
                0x0000000000008ebc       0x40 /usr/lib/gcc/i686-linux-gnu/4.8/../../../i386-linux-gnu/crti.o
 .rel.text.status
                0x0000000000008efc       0x18 /usr/lib/gcc/i686-linux-gnu/4.8/../../../i386-linux-gnu/crti.o
 .rel.text.doInterfaceActionsBeforeTick
                0x0000000000008f14      0x188 /usr/lib/gcc/i686-linux-gnu/4.8/../../../i386-linux-gnu/crti.o
 .rel.text.leds_arch_init
                0x000000000000909c        0x8 /usr/lib/gcc/i686-linux-gnu/4.8/../../../i386-linux-gnu/crti.o
 .rel.text.leds_arch_get
                0x00000000000090a4        0x8 /usr/lib/gcc/i686-linux-gnu/4.8/../../../i386-linux-gnu/crti.o
 .rel.text.leds_arch_set
                0x00000000000090ac       0x10 /usr/lib/gcc/i686-linux-gnu/4.8/../../../i386-linux-gnu/crti.o
 .rel.text.rs232_set_input
                0x00000000000090bc        0x8 /usr/lib/gcc/i686-linux-gnu/4.8/../../../i386-linux-gnu/crti.o
 .rel.text.rs232_send
                0x00000000000090c4       0x10 /usr/lib/gcc/i686-linux-gnu/4.8/../../../i386-linux-gnu/crti.o
 .rel.text.rs232_print
                0x00000000000090d4       0x10 /usr/lib/gcc/i686-linux-gnu/4.8/../../../i386-linux-gnu/crti.o
 .rel.text.slip_arch_writeb
                0x00000000000090e4        0x8 /usr/lib/gcc/i686-linux-gnu/4.8/../../../i386-linux-gnu/crti.o
 .rel.text.clock_time
                0x00000000000090ec        0x8 /usr/lib/gcc/i686-linux-gnu/4.8/../../../i386-linux-gnu/crti.o
 .rel.text.clock_seconds
                0x00000000000090f4        0x8 /usr/lib/gcc/i686-linux-gnu/4.8/../../../i386-linux-gnu/crti.o
 .rel.text.simlog_char
                0x00000000000090fc       0x30 /usr/lib/gcc/i686-linux-gnu/4.8/../../../i386-linux-gnu/crti.o
 .rel.text.simlog
                0x000000000000912c       0x50 /usr/lib/gcc/i686-linux-gnu/4.8/../../../i386-linux-gnu/crti.o
 .rel.text.log_message
                0x000000000000917c       0x10 /usr/lib/gcc/i686-linux-gnu/4.8/../../../i386-linux-gnu/crti.o
 .rel.text.log_set_putchar_with_slip
                0x000000000000918c        0x8 /usr/lib/gcc/i686-linux-gnu/4.8/../../../i386-linux-gnu/crti.o
 .rel.text.putchar
                0x0000000000009194       0x50 /usr/lib/gcc/i686-linux-gnu/4.8/../../../i386-linux-gnu/crti.o
 .rel.text.puts
                0x00000000000091e4       0x10 /usr/lib/gcc/i686-linux-gnu/4.8/../../../i386-linux-gnu/crti.o
 .rel.text.printf
                0x00000000000091f4       0x20 /usr/lib/gcc/i686-linux-gnu/4.8/../../../i386-linux-gnu/crti.o
 .rel.text.cfs_open
                0x0000000000009214       0x48 /usr/lib/gcc/i686-linux-gnu/4.8/../../../i386-linux-gnu/crti.o
 .rel.text.cfs_close
                0x000000000000925c        0x8 /usr/lib/gcc/i686-linux-gnu/4.8/../../../i386-linux-gnu/crti.o
 .rel.text.cfs_read
                0x0000000000009264       0x70 /usr/lib/gcc/i686-linux-gnu/4.8/../../../i386-linux-gnu/crti.o
 .rel.text.cfs_write
                0x00000000000092d4       0xb0 /usr/lib/gcc/i686-linux-gnu/4.8/../../../i386-linux-gnu/crti.o
 .rel.text.cfs_seek
                0x0000000000009384       0x68 /usr/lib/gcc/i686-linux-gnu/4.8/../../../i386-linux-gnu/crti.o
 .rel.text.cfs_remove
                0x00000000000093ec       0x10 /usr/lib/gcc/i686-linux-gnu/4.8/../../../i386-linux-gnu/crti.o
 .rel.text.packetbuf_set_attr
                0x00000000000093fc       0x30 /usr/lib/gcc/i686-linux-gnu/4.8/../../../i386-linux-gnu/crti.o
 .rel.text.set_send_on_cca
                0x000000000000942c        0x8 /usr/lib/gcc/i686-linux-gnu/4.8/../../../i386-linux-gnu/crti.o
 .rel.text.set_frame_filtering
                0x0000000000009434        0x8 /usr/lib/gcc/i686-linux-gnu/4.8/../../../i386-linux-gnu/crti.o
 .rel.text.set_auto_ack
                0x000000000000943c        0x8 /usr/lib/gcc/i686-linux-gnu/4.8/../../../i386-linux-gnu/crti.o
 .rel.text.set_poll_mode
                0x0000000000009444        0x8 /usr/lib/gcc/i686-linux-gnu/4.8/../../../i386-linux-gnu/crti.o
 .rel.text.radio_set_channel
                0x000000000000944c        0x8 /usr/lib/gcc/i686-linux-gnu/4.8/../../../i386-linux-gnu/crti.o
 .rel.text.radio_set_txpower
                0x0000000000009454        0x8 /usr/lib/gcc/i686-linux-gnu/4.8/../../../i386-linux-gnu/crti.o
 .rel.text.radio_signal_strength_last
                0x000000000000945c        0x8 /usr/lib/gcc/i686-linux-gnu/4.8/../../../i386-linux-gnu/crti.o
 .rel.text.radio_signal_strength_current
                0x0000000000009464        0x8 /usr/lib/gcc/i686-linux-gnu/4.8/../../../i386-linux-gnu/crti.o
 .rel.text.radio_LQI
                0x000000000000946c        0x8 /usr/lib/gcc/i686-linux-gnu/4.8/../../../i386-linux-gnu/crti.o
 .rel.text.radio_on
                0x0000000000009474        0x8 /usr/lib/gcc/i686-linux-gnu/4.8/../../../i386-linux-gnu/crti.o
 .rel.text.radio_off
                0x000000000000947c        0x8 /usr/lib/gcc/i686-linux-gnu/4.8/../../../i386-linux-gnu/crti.o
 .rel.text.radio_read
                0x0000000000009484       0x68 /usr/lib/gcc/i686-linux-gnu/4.8/../../../i386-linux-gnu/crti.o
 .rel.text.channel_clear
                0x00000000000094ec        0x8 /usr/lib/gcc/i686-linux-gnu/4.8/../../../i386-linux-gnu/crti.o
 .rel.text.radio_send
                0x00000000000094f4       0x78 /usr/lib/gcc/i686-linux-gnu/4.8/../../../i386-linux-gnu/crti.o
 .rel.text.prepare_packet
                0x000000000000956c        0x8 /usr/lib/gcc/i686-linux-gnu/4.8/../../../i386-linux-gnu/crti.o
 .rel.text.transmit_packet
                0x0000000000009574       0x10 /usr/lib/gcc/i686-linux-gnu/4.8/../../../i386-linux-gnu/crti.o
 .rel.text.receiving_packet
                0x0000000000009584        0x8 /usr/lib/gcc/i686-linux-gnu/4.8/../../../i386-linux-gnu/crti.o
 .rel.text.pending_packet
                0x000000000000958c       0x10 /usr/lib/gcc/i686-linux-gnu/4.8/../../../i386-linux-gnu/crti.o
 .rel.text.process_thread_cooja_radio_process
                0x000000000000959c       0x28 /usr/lib/gcc/i686-linux-gnu/4.8/../../../i386-linux-gnu/crti.o
 .rel.text.init
                0x00000000000095c4       0x60 /usr/lib/gcc/i686-linux-gnu/4.8/../../../i386-linux-gnu/crti.o
 .rel.text.get_value
                0x0000000000009624       0x30 /usr/lib/gcc/i686-linux-gnu/4.8/../../../i386-linux-gnu/crti.o
 .rel.text.set_value
                0x0000000000009654        0x8 /usr/lib/gcc/i686-linux-gnu/4.8/../../../i386-linux-gnu/crti.o
 .rel.text.get_object
                0x000000000000965c       0x10 /usr/lib/gcc/i686-linux-gnu/4.8/../../../i386-linux-gnu/crti.o
 .rel.text.eeprom_read
                0x000000000000966c       0x28 /usr/lib/gcc/i686-linux-gnu/4.8/../../../i386-linux-gnu/crti.o
 .rel.text.eeprom_write
                0x0000000000009694       0x28 /usr/lib/gcc/i686-linux-gnu/4.8/../../../i386-linux-gnu/crti.o
 .rel.text.random_init
                0x00000000000096bc        0x8 /usr/lib/gcc/i686-linux-gnu/4.8/../../../i386-linux-gnu/crti.o
 .rel.text.random_rand
                0x00000000000096c4        0x8 /usr/lib/gcc/i686-linux-gnu/4.8/../../../i386-linux-gnu/crti.o
 .rel.text.get_sensor_index
                0x00000000000096cc       0x10 /usr/lib/gcc/i686-linux-gnu/4.8/../../../i386-linux-gnu/crti.o
 .rel.text.sensors_first
                0x00000000000096dc        0x8 /usr/lib/gcc/i686-linux-gnu/4.8/../../../i386-linux-gnu/crti.o
 .rel.text.sensors_next
                0x00000000000096e4        0x8 /usr/lib/gcc/i686-linux-gnu/4.8/../../../i386-linux-gnu/crti.o
 .rel.text.sensors_changed
                0x00000000000096ec       0x20 /usr/lib/gcc/i686-linux-gnu/4.8/../../../i386-linux-gnu/crti.o
 .rel.text.sensors_find
                0x000000000000970c       0x28 /usr/lib/gcc/i686-linux-gnu/4.8/../../../i386-linux-gnu/crti.o
 .rel.text.process_thread_sensors_process
                0x0000000000009734      0x108 /usr/lib/gcc/i686-linux-gnu/4.8/../../../i386-linux-gnu/crti.o
 .rel.text.autostart_start
                0x000000000000983c        0x8 /usr/lib/gcc/i686-linux-gnu/4.8/../../../i386-linux-gnu/crti.o
 .rel.text.autostart_exit
                0x0000000000009844        0x8 /usr/lib/gcc/i686-linux-gnu/4.8/../../../i386-linux-gnu/crti.o
 .rel.text.process_thread_ctimer_process
                0x000000000000984c       0x58 /usr/lib/gcc/i686-linux-gnu/4.8/../../../i386-linux-gnu/crti.o
 .rel.text.ctimer_init
                0x00000000000098a4       0x28 /usr/lib/gcc/i686-linux-gnu/4.8/../../../i386-linux-gnu/crti.o
 .rel.text.ctimer_set
                0x00000000000098cc       0x10 /usr/lib/gcc/i686-linux-gnu/4.8/../../../i386-linux-gnu/crti.o
 .rel.text.ctimer_set_with_process
                0x00000000000098dc       0x40 /usr/lib/gcc/i686-linux-gnu/4.8/../../../i386-linux-gnu/crti.o
 .rel.text.ctimer_reset
                0x000000000000991c       0x40 /usr/lib/gcc/i686-linux-gnu/4.8/../../../i386-linux-gnu/crti.o
 .rel.text.ctimer_restart
                0x000000000000995c       0x40 /usr/lib/gcc/i686-linux-gnu/4.8/../../../i386-linux-gnu/crti.o
 .rel.text.ctimer_stop
                0x000000000000999c       0x20 /usr/lib/gcc/i686-linux-gnu/4.8/../../../i386-linux-gnu/crti.o
 .rel.text.ctimer_expired
                0x00000000000099bc       0x20 /usr/lib/gcc/i686-linux-gnu/4.8/../../../i386-linux-gnu/crti.o
 .rel.text.update_time
                0x00000000000099dc       0x28 /usr/lib/gcc/i686-linux-gnu/4.8/../../../i386-linux-gnu/crti.o
 .rel.text.process_thread_etimer_process
                0x0000000000009a04       0x60 /usr/lib/gcc/i686-linux-gnu/4.8/../../../i386-linux-gnu/crti.o
 .rel.text.etimer_request_poll
                0x0000000000009a64       0x10 /usr/lib/gcc/i686-linux-gnu/4.8/../../../i386-linux-gnu/crti.o
 .rel.text.add_timer
                0x0000000000009a74       0x30 /usr/lib/gcc/i686-linux-gnu/4.8/../../../i386-linux-gnu/crti.o
 .rel.text.etimer_set
                0x0000000000009aa4        0x8 /usr/lib/gcc/i686-linux-gnu/4.8/../../../i386-linux-gnu/crti.o
 .rel.text.etimer_reset_with_new_interval
                0x0000000000009aac        0x8 /usr/lib/gcc/i686-linux-gnu/4.8/../../../i386-linux-gnu/crti.o
 .rel.text.etimer_reset
                0x0000000000009ab4        0x8 /usr/lib/gcc/i686-linux-gnu/4.8/../../../i386-linux-gnu/crti.o
 .rel.text.etimer_restart
                0x0000000000009abc        0x8 /usr/lib/gcc/i686-linux-gnu/4.8/../../../i386-linux-gnu/crti.o
 .rel.text.etimer_pending
                0x0000000000009ac4        0x8 /usr/lib/gcc/i686-linux-gnu/4.8/../../../i386-linux-gnu/crti.o
 .rel.text.etimer_next_expiration_time
                0x0000000000009acc       0x10 /usr/lib/gcc/i686-linux-gnu/4.8/../../../i386-linux-gnu/crti.o
 .rel.text.etimer_stop
                0x0000000000009adc       0x20 /usr/lib/gcc/i686-linux-gnu/4.8/../../../i386-linux-gnu/crti.o
 .rel.text.process_alloc_event
                0x0000000000009afc       0x10 /usr/lib/gcc/i686-linux-gnu/4.8/../../../i386-linux-gnu/crti.o
 .rel.text.process_start
                0x0000000000009b0c       0x20 /usr/lib/gcc/i686-linux-gnu/4.8/../../../i386-linux-gnu/crti.o
 .rel.text.exit_process
                0x0000000000009b2c       0x50 /usr/lib/gcc/i686-linux-gnu/4.8/../../../i386-linux-gnu/crti.o
 .rel.text.call_process
                0x0000000000009b7c        0x8 /usr/lib/gcc/i686-linux-gnu/4.8/../../../i386-linux-gnu/crti.o
 .rel.text.process_exit
                0x0000000000009b84        0x8 /usr/lib/gcc/i686-linux-gnu/4.8/../../../i386-linux-gnu/crti.o
 .rel.text.process_init
                0x0000000000009b8c       0x38 /usr/lib/gcc/i686-linux-gnu/4.8/../../../i386-linux-gnu/crti.o
 .rel.text.do_poll
                0x0000000000009bc4       0x10 /usr/lib/gcc/i686-linux-gnu/4.8/../../../i386-linux-gnu/crti.o
 .rel.text.do_event
                0x0000000000009bd4       0x68 /usr/lib/gcc/i686-linux-gnu/4.8/../../../i386-linux-gnu/crti.o
 .rel.text.process_run
                0x0000000000009c3c       0x18 /usr/lib/gcc/i686-linux-gnu/4.8/../../../i386-linux-gnu/crti.o
 .rel.text.process_nevents
                0x0000000000009c54       0x10 /usr/lib/gcc/i686-linux-gnu/4.8/../../../i386-linux-gnu/crti.o
 .rel.text.process_post
                0x0000000000009c64       0x40 /usr/lib/gcc/i686-linux-gnu/4.8/../../../i386-linux-gnu/crti.o
 .rel.text.process_post_synch
                0x0000000000009ca4       0x10 /usr/lib/gcc/i686-linux-gnu/4.8/../../../i386-linux-gnu/crti.o
 .rel.text.process_poll
                0x0000000000009cb4        0x8 /usr/lib/gcc/i686-linux-gnu/4.8/../../../i386-linux-gnu/crti.o
 .rel.text.rtimer_init
                0x0000000000009cbc        0x8 /usr/lib/gcc/i686-linux-gnu/4.8/../../../i386-linux-gnu/crti.o
 .rel.text.rtimer_set
                0x0000000000009cc4       0x18 /usr/lib/gcc/i686-linux-gnu/4.8/../../../i386-linux-gnu/crti.o
 .rel.text.rtimer_run_next
                0x0000000000009cdc       0x30 /usr/lib/gcc/i686-linux-gnu/4.8/../../../i386-linux-gnu/crti.o
 .rel.text.timer_set
                0x0000000000009d0c        0x8 /usr/lib/gcc/i686-linux-gnu/4.8/../../../i386-linux-gnu/crti.o
 .rel.text.timer_restart
                0x0000000000009d14        0x8 /usr/lib/gcc/i686-linux-gnu/4.8/../../../i386-linux-gnu/crti.o
 .rel.text.timer_expired
                0x0000000000009d1c        0x8 /usr/lib/gcc/i686-linux-gnu/4.8/../../../i386-linux-gnu/crti.o
 .rel.text.timer_remaining
                0x0000000000009d24        0x8 /usr/lib/gcc/i686-linux-gnu/4.8/../../../i386-linux-gnu/crti.o
 .rel.text.serial_line_input_byte
                0x0000000000009d2c       0x48 /usr/lib/gcc/i686-linux-gnu/4.8/../../../i386-linux-gnu/crti.o
 .rel.text.process_thread_serial_line_process
                0x0000000000009d74       0x90 /usr/lib/gcc/i686-linux-gnu/4.8/../../../i386-linux-gnu/crti.o
 .rel.text.serial_line_init
                0x0000000000009e04       0x28 /usr/lib/gcc/i686-linux-gnu/4.8/../../../i386-linux-gnu/crti.o
 .rel.text._xassert
                0x0000000000009e2c       0x10 /usr/lib/gcc/i686-linux-gnu/4.8/../../../i386-linux-gnu/crti.o
 .rel.text.list_add
                0x0000000000009e3c       0x10 /usr/lib/gcc/i686-linux-gnu/4.8/../../../i386-linux-gnu/crti.o
 .rel.text.list_push
                0x0000000000009e4c        0x8 /usr/lib/gcc/i686-linux-gnu/4.8/../../../i386-linux-gnu/crti.o
 .rel.text.list_insert
                0x0000000000009e54        0x8 /usr/lib/gcc/i686-linux-gnu/4.8/../../../i386-linux-gnu/crti.o
 .rel.text.memb_init
                0x0000000000009e5c       0x10 /usr/lib/gcc/i686-linux-gnu/4.8/../../../i386-linux-gnu/crti.o
 .rel.text.packetbuf_attr
                0x0000000000009e6c       0x28 /usr/lib/gcc/i686-linux-gnu/4.8/../../../i386-linux-gnu/crti.o
 .rel.text.packetbuf_set_addr
                0x0000000000009e94       0x30 /usr/lib/gcc/i686-linux-gnu/4.8/../../../i386-linux-gnu/crti.o
 .rel.text.packetbuf_addr
                0x0000000000009ec4       0x40 /usr/lib/gcc/i686-linux-gnu/4.8/../../../i386-linux-gnu/crti.o
 .rel.text.clear_fragments
                0x0000000000009f04       0x20 /usr/lib/gcc/i686-linux-gnu/4.8/../../../i386-linux-gnu/crti.o
 .rel.text.timeout_fragments
                0x0000000000009f24       0x18 /usr/lib/gcc/i686-linux-gnu/4.8/../../../i386-linux-gnu/crti.o
 .rel.text.store_fragment
                0x0000000000009f3c       0x68 /usr/lib/gcc/i686-linux-gnu/4.8/../../../i386-linux-gnu/crti.o
 .rel.text.add_fragment
                0x0000000000009fa4       0x80 /usr/lib/gcc/i686-linux-gnu/4.8/../../../i386-linux-gnu/crti.o
 .rel.text.copy_frags2uip
                0x000000000000a024       0x58 /usr/lib/gcc/i686-linux-gnu/4.8/../../../i386-linux-gnu/crti.o
 .rel.text.rime_sniffer_add
                0x000000000000a07c        0x8 /usr/lib/gcc/i686-linux-gnu/4.8/../../../i386-linux-gnu/crti.o
 .rel.text.rime_sniffer_remove
                0x000000000000a084        0x8 /usr/lib/gcc/i686-linux-gnu/4.8/../../../i386-linux-gnu/crti.o
 .rel.text.set_packet_attrs
                0x000000000000a08c       0x60 /usr/lib/gcc/i686-linux-gnu/4.8/../../../i386-linux-gnu/crti.o
 .rel.text.addr_context_lookup_by_prefix
                0x000000000000a0ec       0x20 /usr/lib/gcc/i686-linux-gnu/4.8/../../../i386-linux-gnu/crti.o
 .rel.text.addr_context_lookup_by_number
                0x000000000000a10c       0x18 /usr/lib/gcc/i686-linux-gnu/4.8/../../../i386-linux-gnu/crti.o
 .rel.text.compress_addr_64
                0x000000000000a124       0x40 /usr/lib/gcc/i686-linux-gnu/4.8/../../../i386-linux-gnu/crti.o
 .rel.text.uncompress_addr
                0x000000000000a164       0x38 /usr/lib/gcc/i686-linux-gnu/4.8/../../../i386-linux-gnu/crti.o
 .rel.text.compress_hdr_iphc
                0x000000000000a19c      0x5f8 /usr/lib/gcc/i686-linux-gnu/4.8/../../../i386-linux-gnu/crti.o
 .rel.text.uncompress_hdr_iphc
                0x000000000000a794      0x2f0 /usr/lib/gcc/i686-linux-gnu/4.8/../../../i386-linux-gnu/crti.o
 .rel.text.compress_hdr_ipv6
                0x000000000000aa84       0x58 /usr/lib/gcc/i686-linux-gnu/4.8/../../../i386-linux-gnu/crti.o
 .rel.text.packet_sent
                0x000000000000aadc       0x38 /usr/lib/gcc/i686-linux-gnu/4.8/../../../i386-linux-gnu/crti.o
 .rel.text.send_packet
                0x000000000000ab14      0x120 /usr/lib/gcc/i686-linux-gnu/4.8/../../../i386-linux-gnu/crti.o
 .rel.text.output
                0x000000000000ac34      0x2c8 /usr/lib/gcc/i686-linux-gnu/4.8/../../../i386-linux-gnu/crti.o
 .rel.text.input
                0x000000000000aefc      0x200 /usr/lib/gcc/i686-linux-gnu/4.8/../../../i386-linux-gnu/crti.o
 .rel.text.sicslowpan_init
                0x000000000000b0fc       0x38 /usr/lib/gcc/i686-linux-gnu/4.8/../../../i386-linux-gnu/crti.o
 .rel.text.sicslowpan_get_last_rssi
                0x000000000000b134        0x8 /usr/lib/gcc/i686-linux-gnu/4.8/../../../i386-linux-gnu/crti.o
 .rel.text.uip_ds6_neighbors_init
                0x000000000000b13c       0x20 /usr/lib/gcc/i686-linux-gnu/4.8/../../../i386-linux-gnu/crti.o
 .rel.text.uip_ds6_nbr_add
                0x000000000000b15c       0x38 /usr/lib/gcc/i686-linux-gnu/4.8/../../../i386-linux-gnu/crti.o
 .rel.text.uip_ds6_nbr_rm
                0x000000000000b194       0x20 /usr/lib/gcc/i686-linux-gnu/4.8/../../../i386-linux-gnu/crti.o
 .rel.text.uip_ds6_nbr_get_ll
                0x000000000000b1b4       0x10 /usr/lib/gcc/i686-linux-gnu/4.8/../../../i386-linux-gnu/crti.o
 .rel.text.uip_ds6_nbr_num
                0x000000000000b1c4       0x20 /usr/lib/gcc/i686-linux-gnu/4.8/../../../i386-linux-gnu/crti.o
 .rel.text.uip_ds6_nbr_lookup
                0x000000000000b1e4       0x28 /usr/lib/gcc/i686-linux-gnu/4.8/../../../i386-linux-gnu/crti.o
 .rel.text.uip_ds6_nbr_ll_lookup
                0x000000000000b20c       0x10 /usr/lib/gcc/i686-linux-gnu/4.8/../../../i386-linux-gnu/crti.o
 .rel.text.uip_ds6_nbr_ipaddr_from_lladdr
                0x000000000000b21c        0x8 /usr/lib/gcc/i686-linux-gnu/4.8/../../../i386-linux-gnu/crti.o
 .rel.text.uip_ds6_nbr_lladdr_from_ipaddr
                0x000000000000b224       0x10 /usr/lib/gcc/i686-linux-gnu/4.8/../../../i386-linux-gnu/crti.o
 .rel.text.uip_ds6_link_neighbor_callback
                0x000000000000b234       0x20 /usr/lib/gcc/i686-linux-gnu/4.8/../../../i386-linux-gnu/crti.o
 .rel.text.uip_ds6_neighbor_periodic
                0x000000000000b254       0xb8 /usr/lib/gcc/i686-linux-gnu/4.8/../../../i386-linux-gnu/crti.o
 .rel.text.uip_ds6_nbr_refresh_reachable_state
                0x000000000000b30c       0x10 /usr/lib/gcc/i686-linux-gnu/4.8/../../../i386-linux-gnu/crti.o
 .rel.text.uip_ds6_get_least_lifetime_neighbor
                0x000000000000b31c       0x30 /usr/lib/gcc/i686-linux-gnu/4.8/../../../i386-linux-gnu/crti.o
 .rel.text.call_route_callback
                0x000000000000b34c       0x30 /usr/lib/gcc/i686-linux-gnu/4.8/../../../i386-linux-gnu/crti.o
 .rel.text.uip_ds6_notification_add
                0x000000000000b37c       0x10 /usr/lib/gcc/i686-linux-gnu/4.8/../../../i386-linux-gnu/crti.o
 .rel.text.uip_ds6_notification_rm
                0x000000000000b38c       0x10 /usr/lib/gcc/i686-linux-gnu/4.8/../../../i386-linux-gnu/crti.o
 .rel.text.uip_ds6_route_init
                0x000000000000b39c       0x68 /usr/lib/gcc/i686-linux-gnu/4.8/../../../i386-linux-gnu/crti.o
 .rel.text.uip_ds6_route_nexthop_lladdr
                0x000000000000b404       0x10 /usr/lib/gcc/i686-linux-gnu/4.8/../../../i386-linux-gnu/crti.o
 .rel.text.uip_ds6_route_nexthop
                0x000000000000b414        0x8 /usr/lib/gcc/i686-linux-gnu/4.8/../../../i386-linux-gnu/crti.o
 .rel.text.uip_ds6_route_head
                0x000000000000b41c       0x10 /usr/lib/gcc/i686-linux-gnu/4.8/../../../i386-linux-gnu/crti.o
 .rel.text.uip_ds6_route_next
                0x000000000000b42c        0x8 /usr/lib/gcc/i686-linux-gnu/4.8/../../../i386-linux-gnu/crti.o
 .rel.text.uip_ds6_route_is_nexthop
                0x000000000000b434       0x18 /usr/lib/gcc/i686-linux-gnu/4.8/../../../i386-linux-gnu/crti.o
 .rel.text.uip_ds6_route_num_routes
                0x000000000000b44c        0x8 /usr/lib/gcc/i686-linux-gnu/4.8/../../../i386-linux-gnu/crti.o
 .rel.text.uip_ds6_route_lookup
                0x000000000000b454       0x48 /usr/lib/gcc/i686-linux-gnu/4.8/../../../i386-linux-gnu/crti.o
 .rel.text.uip_ds6_route_add
                0x000000000000b49c       0xd0 /usr/lib/gcc/i686-linux-gnu/4.8/../../../i386-linux-gnu/crti.o
 .rel.text.uip_ds6_route_rm
                0x000000000000b56c       0x80 /usr/lib/gcc/i686-linux-gnu/4.8/../../../i386-linux-gnu/crti.o
 .rel.text.rm_routelist
                0x000000000000b5ec       0x28 /usr/lib/gcc/i686-linux-gnu/4.8/../../../i386-linux-gnu/crti.o
 .rel.text.uip_ds6_route_rm_by_nexthop
                0x000000000000b614       0x18 /usr/lib/gcc/i686-linux-gnu/4.8/../../../i386-linux-gnu/crti.o
 .rel.text.uip_ds6_defrt_head
                0x000000000000b62c       0x10 /usr/lib/gcc/i686-linux-gnu/4.8/../../../i386-linux-gnu/crti.o
 .rel.text.uip_ds6_defrt_add
                0x000000000000b63c       0x30 /usr/lib/gcc/i686-linux-gnu/4.8/../../../i386-linux-gnu/crti.o
 .rel.text.uip_ds6_defrt_rm
                0x000000000000b66c       0x38 /usr/lib/gcc/i686-linux-gnu/4.8/../../../i386-linux-gnu/crti.o
 .rel.text.uip_ds6_defrt_lookup
                0x000000000000b6a4       0x20 /usr/lib/gcc/i686-linux-gnu/4.8/../../../i386-linux-gnu/crti.o
 .rel.text.uip_ds6_defrt_choose
                0x000000000000b6c4       0x20 /usr/lib/gcc/i686-linux-gnu/4.8/../../../i386-linux-gnu/crti.o
 .rel.text.uip_ds6_defrt_periodic
                0x000000000000b6e4       0x38 /usr/lib/gcc/i686-linux-gnu/4.8/../../../i386-linux-gnu/crti.o
 .rel.text.uip_ds6_init
                0x000000000000b71c      0x180 /usr/lib/gcc/i686-linux-gnu/4.8/../../../i386-linux-gnu/crti.o
 .rel.text.uip_ds6_periodic
                0x000000000000b89c       0x80 /usr/lib/gcc/i686-linux-gnu/4.8/../../../i386-linux-gnu/crti.o
 .rel.text.uip_ds6_list_loop
                0x000000000000b91c        0x8 /usr/lib/gcc/i686-linux-gnu/4.8/../../../i386-linux-gnu/crti.o
 .rel.text.uip_ds6_prefix_add
                0x000000000000b924       0x58 /usr/lib/gcc/i686-linux-gnu/4.8/../../../i386-linux-gnu/crti.o
 .rel.text.uip_ds6_prefix_lookup
                0x000000000000b97c       0x20 /usr/lib/gcc/i686-linux-gnu/4.8/../../../i386-linux-gnu/crti.o
 .rel.text.uip_ds6_is_addr_onlink
                0x000000000000b99c       0x50 /usr/lib/gcc/i686-linux-gnu/4.8/../../../i386-linux-gnu/crti.o
 .rel.text.uip_ds6_addr_add
                0x000000000000b9ec       0xc8 /usr/lib/gcc/i686-linux-gnu/4.8/../../../i386-linux-gnu/crti.o
 .rel.text.uip_ds6_addr_rm
                0x000000000000bab4       0x88 /usr/lib/gcc/i686-linux-gnu/4.8/../../../i386-linux-gnu/crti.o
 .rel.text.uip_ds6_addr_lookup
                0x000000000000bb3c       0x20 /usr/lib/gcc/i686-linux-gnu/4.8/../../../i386-linux-gnu/crti.o
 .rel.text.uip_ds6_get_link_local
                0x000000000000bb5c       0x58 /usr/lib/gcc/i686-linux-gnu/4.8/../../../i386-linux-gnu/crti.o
 .rel.text.uip_ds6_get_global
                0x000000000000bbb4       0x58 /usr/lib/gcc/i686-linux-gnu/4.8/../../../i386-linux-gnu/crti.o
 .rel.text.uip_ds6_maddr_add
                0x000000000000bc0c       0x30 /usr/lib/gcc/i686-linux-gnu/4.8/../../../i386-linux-gnu/crti.o
 .rel.text.uip_ds6_maddr_lookup
                0x000000000000bc3c       0x20 /usr/lib/gcc/i686-linux-gnu/4.8/../../../i386-linux-gnu/crti.o
 .rel.text.uip_ds6_aaddr_add
                0x000000000000bc5c       0x30 /usr/lib/gcc/i686-linux-gnu/4.8/../../../i386-linux-gnu/crti.o
 .rel.text.uip_ds6_aaddr_lookup
                0x000000000000bc8c       0x20 /usr/lib/gcc/i686-linux-gnu/4.8/../../../i386-linux-gnu/crti.o
 .rel.text.uip_ds6_select_src
                0x000000000000bcac       0x70 /usr/lib/gcc/i686-linux-gnu/4.8/../../../i386-linux-gnu/crti.o
 .rel.text.uip_ds6_set_addr_iid
                0x000000000000bd1c        0x8 /usr/lib/gcc/i686-linux-gnu/4.8/../../../i386-linux-gnu/crti.o
 .rel.text.uip_ds6_compute_reachable_time
                0x000000000000bd24       0x30 /usr/lib/gcc/i686-linux-gnu/4.8/../../../i386-linux-gnu/crti.o
 .rel.text.extract_lladdr_from_llao_aligned
                0x000000000000bd54       0x18 /usr/lib/gcc/i686-linux-gnu/4.8/../../../i386-linux-gnu/crti.o
 .rel.text.create_llao
                0x000000000000bd6c       0x18 /usr/lib/gcc/i686-linux-gnu/4.8/../../../i386-linux-gnu/crti.o
 .rel.text.ns_input
                0x000000000000bd84      0x388 /usr/lib/gcc/i686-linux-gnu/4.8/../../../i386-linux-gnu/crti.o
 .rel.text.uip_nd6_ns_output
                0x000000000000c10c      0x1e8 /usr/lib/gcc/i686-linux-gnu/4.8/../../../i386-linux-gnu/crti.o
 .rel.text.na_input
                0x000000000000c2f4      0x280 /usr/lib/gcc/i686-linux-gnu/4.8/../../../i386-linux-gnu/crti.o
 .rel.text.uip_nd6_init
                0x000000000000c574       0x20 /usr/lib/gcc/i686-linux-gnu/4.8/../../../i386-linux-gnu/crti.o
 .rel.text.uip_add32
                0x000000000000c594       0x98 /usr/lib/gcc/i686-linux-gnu/4.8/../../../i386-linux-gnu/crti.o
 .rel.text.uip_chksum
                0x000000000000c62c        0x8 /usr/lib/gcc/i686-linux-gnu/4.8/../../../i386-linux-gnu/crti.o
 .rel.text.upper_layer_chksum
                0x000000000000c634       0x38 /usr/lib/gcc/i686-linux-gnu/4.8/../../../i386-linux-gnu/crti.o
 .rel.text.uip_init
                0x000000000000c66c       0x38 /usr/lib/gcc/i686-linux-gnu/4.8/../../../i386-linux-gnu/crti.o
 .rel.text.uip_connect
                0x000000000000c6a4       0x70 /usr/lib/gcc/i686-linux-gnu/4.8/../../../i386-linux-gnu/crti.o
 .rel.text.remove_ext_hdr
                0x000000000000c714       0x98 /usr/lib/gcc/i686-linux-gnu/4.8/../../../i386-linux-gnu/crti.o
 .rel.text.uip_udp_new
                0x000000000000c7ac       0x68 /usr/lib/gcc/i686-linux-gnu/4.8/../../../i386-linux-gnu/crti.o
 .rel.text.uip_unlisten
                0x000000000000c814       0x10 /usr/lib/gcc/i686-linux-gnu/4.8/../../../i386-linux-gnu/crti.o
 .rel.text.uip_listen
                0x000000000000c824       0x10 /usr/lib/gcc/i686-linux-gnu/4.8/../../../i386-linux-gnu/crti.o
 .rel.text.uip_add_rcv_nxt
                0x000000000000c834       0x50 /usr/lib/gcc/i686-linux-gnu/4.8/../../../i386-linux-gnu/crti.o
 .rel.text.ext_hdr_options_process
                0x000000000000c884      0x108 /usr/lib/gcc/i686-linux-gnu/4.8/../../../i386-linux-gnu/crti.o
 .rel.text.uip_process
                0x000000000000c98c      0xf70 /usr/lib/gcc/i686-linux-gnu/4.8/../../../i386-linux-gnu/crti.o
 .rel.text.uip_send
                0x000000000000d8fc       0x60 /usr/lib/gcc/i686-linux-gnu/4.8/../../../i386-linux-gnu/crti.o
 .rel.text.dns_name_isequal
                0x000000000000d95c       0x10 /usr/lib/gcc/i686-linux-gnu/4.8/../../../i386-linux-gnu/crti.o
 .rel.text.mdns_announce_requested
                0x000000000000d96c        0x8 /usr/lib/gcc/i686-linux-gnu/4.8/../../../i386-linux-gnu/crti.o
 .rel.text.start_name_collision_check
                0x000000000000d974       0x20 /usr/lib/gcc/i686-linux-gnu/4.8/../../../i386-linux-gnu/crti.o
 .rel.text.mdns_write_announce_records
                0x000000000000d994       0x28 /usr/lib/gcc/i686-linux-gnu/4.8/../../../i386-linux-gnu/crti.o
 .rel.text.mdns_prep_host_announce_packet
                0x000000000000d9bc       0x50 /usr/lib/gcc/i686-linux-gnu/4.8/../../../i386-linux-gnu/crti.o
 .rel.text.try_next_server
                0x000000000000da0c        0x8 /usr/lib/gcc/i686-linux-gnu/4.8/../../../i386-linux-gnu/crti.o
 .rel.text.check_entries
                0x000000000000da14       0xc0 /usr/lib/gcc/i686-linux-gnu/4.8/../../../i386-linux-gnu/crti.o
 .rel.text.newdata
                0x000000000000dad4      0x180 /usr/lib/gcc/i686-linux-gnu/4.8/../../../i386-linux-gnu/crti.o
 .rel.text.resolv_set_hostname
                0x000000000000dc54       0x88 /usr/lib/gcc/i686-linux-gnu/4.8/../../../i386-linux-gnu/crti.o
 .rel.text.resolv_get_hostname
                0x000000000000dcdc        0x8 /usr/lib/gcc/i686-linux-gnu/4.8/../../../i386-linux-gnu/crti.o
 .rel.text.process_thread_mdns_probe_process
                0x000000000000dce4       0x98 /usr/lib/gcc/i686-linux-gnu/4.8/../../../i386-linux-gnu/crti.o
 .rel.text.process_thread_resolv_process
                0x000000000000dd7c      0x130 /usr/lib/gcc/i686-linux-gnu/4.8/../../../i386-linux-gnu/crti.o
 .rel.text.remove_trailing_dots
                0x000000000000deac       0x30 /usr/lib/gcc/i686-linux-gnu/4.8/../../../i386-linux-gnu/crti.o
 .rel.text.resolv_query
                0x000000000000dedc       0xb8 /usr/lib/gcc/i686-linux-gnu/4.8/../../../i386-linux-gnu/crti.o
 .rel.text.resolv_lookup
                0x000000000000df94       0x20 /usr/lib/gcc/i686-linux-gnu/4.8/../../../i386-linux-gnu/crti.o
 .rel.text.resolv_found
                0x000000000000dfb4       0xd8 /usr/lib/gcc/i686-linux-gnu/4.8/../../../i386-linux-gnu/crti.o
 .rel.text.tcpip_output
                0x000000000000e08c       0x10 /usr/lib/gcc/i686-linux-gnu/4.8/../../../i386-linux-gnu/crti.o
 .rel.text.tcpip_set_outputfunc
                0x000000000000e09c        0x8 /usr/lib/gcc/i686-linux-gnu/4.8/../../../i386-linux-gnu/crti.o
 .rel.text.start_periodic_tcp_timer
                0x000000000000e0a4       0x20 /usr/lib/gcc/i686-linux-gnu/4.8/../../../i386-linux-gnu/crti.o
 .rel.text.check_for_tcp_syn
                0x000000000000e0c4       0x10 /usr/lib/gcc/i686-linux-gnu/4.8/../../../i386-linux-gnu/crti.o
 .rel.text.packet_input
                0x000000000000e0d4       0x98 /usr/lib/gcc/i686-linux-gnu/4.8/../../../i386-linux-gnu/crti.o
 .rel.text.tcp_connect
                0x000000000000e16c       0x18 /usr/lib/gcc/i686-linux-gnu/4.8/../../../i386-linux-gnu/crti.o
 .rel.text.tcp_unlisten
                0x000000000000e184       0x18 /usr/lib/gcc/i686-linux-gnu/4.8/../../../i386-linux-gnu/crti.o
 .rel.text.tcp_listen
                0x000000000000e19c       0x18 /usr/lib/gcc/i686-linux-gnu/4.8/../../../i386-linux-gnu/crti.o
 .rel.text.tcp_attach
                0x000000000000e1b4        0x8 /usr/lib/gcc/i686-linux-gnu/4.8/../../../i386-linux-gnu/crti.o
 .rel.text.udp_attach
                0x000000000000e1bc        0x8 /usr/lib/gcc/i686-linux-gnu/4.8/../../../i386-linux-gnu/crti.o
 .rel.text.udp_new
                0x000000000000e1c4       0x10 /usr/lib/gcc/i686-linux-gnu/4.8/../../../i386-linux-gnu/crti.o
 .rel.text.udp_broadcast_new
                0x000000000000e1d4       0x10 /usr/lib/gcc/i686-linux-gnu/4.8/../../../i386-linux-gnu/crti.o
 .rel.text.eventhandler
                0x000000000000e1e4       0xd8 /usr/lib/gcc/i686-linux-gnu/4.8/../../../i386-linux-gnu/crti.o
 .rel.text.tcpip_input
                0x000000000000e2bc       0x20 /usr/lib/gcc/i686-linux-gnu/4.8/../../../i386-linux-gnu/crti.o
 .rel.text.tcpip_ipv6_output
                0x000000000000e2dc      0x290 /usr/lib/gcc/i686-linux-gnu/4.8/../../../i386-linux-gnu/crti.o
 .rel.text.tcpip_poll_udp
                0x000000000000e56c       0x10 /usr/lib/gcc/i686-linux-gnu/4.8/../../../i386-linux-gnu/crti.o
 .rel.text.tcpip_poll_tcp
                0x000000000000e57c       0x10 /usr/lib/gcc/i686-linux-gnu/4.8/../../../i386-linux-gnu/crti.o
 .rel.text.tcpip_uipcall
                0x000000000000e58c       0x40 /usr/lib/gcc/i686-linux-gnu/4.8/../../../i386-linux-gnu/crti.o
 .rel.text.process_thread_tcpip_process
                0x000000000000e5cc       0x48 /usr/lib/gcc/i686-linux-gnu/4.8/../../../i386-linux-gnu/crti.o
 .rel.text.uip_debug_ipaddr_print
                0x000000000000e614       0x50 /usr/lib/gcc/i686-linux-gnu/4.8/../../../i386-linux-gnu/crti.o
 .rel.text.uip_nameserver_update
                0x000000000000e664       0x28 /usr/lib/gcc/i686-linux-gnu/4.8/../../../i386-linux-gnu/crti.o
 .rel.text.uip_nameserver_get
                0x000000000000e68c        0x8 /usr/lib/gcc/i686-linux-gnu/4.8/../../../i386-linux-gnu/crti.o
 .rel.text.uip_nameserver_next_expiration
                0x000000000000e694        0x8 /usr/lib/gcc/i686-linux-gnu/4.8/../../../i386-linux-gnu/crti.o
 .rel.text.uip_nameserver_count
                0x000000000000e69c       0x40 /usr/lib/gcc/i686-linux-gnu/4.8/../../../i386-linux-gnu/crti.o
 .rel.text.packet_timedout
                0x000000000000e6dc       0x10 /usr/lib/gcc/i686-linux-gnu/4.8/../../../i386-linux-gnu/crti.o
 .rel.text.uip_packetqueue_alloc
                0x000000000000e6ec       0x20 /usr/lib/gcc/i686-linux-gnu/4.8/../../../i386-linux-gnu/crti.o
 .rel.text.uip_packetqueue_free
                0x000000000000e70c       0x18 /usr/lib/gcc/i686-linux-gnu/4.8/../../../i386-linux-gnu/crti.o
 .rel.text.uip_udp_packet_send
                0x000000000000e724       0x38 /usr/lib/gcc/i686-linux-gnu/4.8/../../../i386-linux-gnu/crti.o
 .rel.text.uip_udp_packet_sendto
                0x000000000000e75c       0x10 /usr/lib/gcc/i686-linux-gnu/4.8/../../../i386-linux-gnu/crti.o
 .rel.text.uiplib_ip6addrconv
                0x000000000000e76c       0x10 /usr/lib/gcc/i686-linux-gnu/4.8/../../../i386-linux-gnu/crti.o
 .rel.text.rpl_print_neighbor_list
                0x000000000000e77c       0xc8 /usr/lib/gcc/i686-linux-gnu/4.8/../../../i386-linux-gnu/crti.o
 .rel.text.rpl_get_nbr
                0x000000000000e844       0x18 /usr/lib/gcc/i686-linux-gnu/4.8/../../../i386-linux-gnu/crti.o
 .rel.text.nbr_callback
                0x000000000000e85c        0x8 /usr/lib/gcc/i686-linux-gnu/4.8/../../../i386-linux-gnu/crti.o
 .rel.text.rpl_dag_init
                0x000000000000e864       0x18 /usr/lib/gcc/i686-linux-gnu/4.8/../../../i386-linux-gnu/crti.o
 .rel.text.rpl_get_parent
                0x000000000000e87c       0x10 /usr/lib/gcc/i686-linux-gnu/4.8/../../../i386-linux-gnu/crti.o
 .rel.text.rpl_get_parent_rank
                0x000000000000e88c       0x10 /usr/lib/gcc/i686-linux-gnu/4.8/../../../i386-linux-gnu/crti.o
 .rel.text.rpl_get_parent_lladdr
                0x000000000000e89c       0x10 /usr/lib/gcc/i686-linux-gnu/4.8/../../../i386-linux-gnu/crti.o
 .rel.text.rpl_get_parent_ipaddr
                0x000000000000e8ac       0x10 /usr/lib/gcc/i686-linux-gnu/4.8/../../../i386-linux-gnu/crti.o
 .rel.text.rpl_get_parent_link_stats
                0x000000000000e8bc       0x10 /usr/lib/gcc/i686-linux-gnu/4.8/../../../i386-linux-gnu/crti.o
 .rel.text.rpl_parent_is_fresh
                0x000000000000e8cc       0x10 /usr/lib/gcc/i686-linux-gnu/4.8/../../../i386-linux-gnu/crti.o
 .rel.text.rpl_parent_is_reachable
                0x000000000000e8dc       0x10 /usr/lib/gcc/i686-linux-gnu/4.8/../../../i386-linux-gnu/crti.o
 .rel.text.rpl_set_preferred_parent
                0x000000000000e8ec       0x20 /usr/lib/gcc/i686-linux-gnu/4.8/../../../i386-linux-gnu/crti.o
 .rel.text.remove_parents
                0x000000000000e90c       0x28 /usr/lib/gcc/i686-linux-gnu/4.8/../../../i386-linux-gnu/crti.o
 .rel.text.nullify_parents
                0x000000000000e934       0x28 /usr/lib/gcc/i686-linux-gnu/4.8/../../../i386-linux-gnu/crti.o
 .rel.text.get_dag
                0x000000000000e95c       0x10 /usr/lib/gcc/i686-linux-gnu/4.8/../../../i386-linux-gnu/crti.o
 .rel.text.rpl_set_root
                0x000000000000e96c       0x48 /usr/lib/gcc/i686-linux-gnu/4.8/../../../i386-linux-gnu/crti.o
 .rel.text.rpl_repair_root
                0x000000000000e9b4       0x10 /usr/lib/gcc/i686-linux-gnu/4.8/../../../i386-linux-gnu/crti.o
 .rel.text.set_ip_from_prefix
                0x000000000000e9c4       0x20 /usr/lib/gcc/i686-linux-gnu/4.8/../../../i386-linux-gnu/crti.o
 .rel.text.check_prefix
                0x000000000000e9e4       0x30 /usr/lib/gcc/i686-linux-gnu/4.8/../../../i386-linux-gnu/crti.o
 .rel.text.rpl_set_prefix
                0x000000000000ea14       0x20 /usr/lib/gcc/i686-linux-gnu/4.8/../../../i386-linux-gnu/crti.o
 .rel.text.rpl_set_default_route
                0x000000000000ea34       0x10 /usr/lib/gcc/i686-linux-gnu/4.8/../../../i386-linux-gnu/crti.o
 .rel.text.rpl_alloc_instance
                0x000000000000ea44       0x18 /usr/lib/gcc/i686-linux-gnu/4.8/../../../i386-linux-gnu/crti.o
 .rel.text.rpl_alloc_dag
                0x000000000000ea5c       0x18 /usr/lib/gcc/i686-linux-gnu/4.8/../../../i386-linux-gnu/crti.o
 .rel.text.rpl_set_default_instance
                0x000000000000ea74        0x8 /usr/lib/gcc/i686-linux-gnu/4.8/../../../i386-linux-gnu/crti.o
 .rel.text.rpl_get_default_instance
                0x000000000000ea7c        0x8 /usr/lib/gcc/i686-linux-gnu/4.8/../../../i386-linux-gnu/crti.o
 .rel.text.rpl_free_instance
                0x000000000000ea84       0x40 /usr/lib/gcc/i686-linux-gnu/4.8/../../../i386-linux-gnu/crti.o
 .rel.text.rpl_free_dag
                0x000000000000eac4        0x8 /usr/lib/gcc/i686-linux-gnu/4.8/../../../i386-linux-gnu/crti.o
 .rel.text.rpl_add_parent
                0x000000000000eacc       0x18 /usr/lib/gcc/i686-linux-gnu/4.8/../../../i386-linux-gnu/crti.o
 .rel.text.find_parent_any_dag_any_instance
                0x000000000000eae4       0x20 /usr/lib/gcc/i686-linux-gnu/4.8/../../../i386-linux-gnu/crti.o
 .rel.text.rpl_select_dag
                0x000000000000eb04       0x48 /usr/lib/gcc/i686-linux-gnu/4.8/../../../i386-linux-gnu/crti.o
 .rel.text.best_parent
                0x000000000000eb4c       0x30 /usr/lib/gcc/i686-linux-gnu/4.8/../../../i386-linux-gnu/crti.o
 .rel.text.rpl_select_parent
                0x000000000000eb7c       0x18 /usr/lib/gcc/i686-linux-gnu/4.8/../../../i386-linux-gnu/crti.o
 .rel.text.rpl_remove_parent
                0x000000000000eb94       0x18 /usr/lib/gcc/i686-linux-gnu/4.8/../../../i386-linux-gnu/crti.o
 .rel.text.rpl_nullify_parent
                0x000000000000ebac       0x10 /usr/lib/gcc/i686-linux-gnu/4.8/../../../i386-linux-gnu/crti.o
 .rel.text.rpl_move_parent
                0x000000000000ebbc       0x18 /usr/lib/gcc/i686-linux-gnu/4.8/../../../i386-linux-gnu/crti.o
 .rel.text.rpl_has_downward_route
                0x000000000000ebd4       0x10 /usr/lib/gcc/i686-linux-gnu/4.8/../../../i386-linux-gnu/crti.o
 .rel.text.rpl_get_dag
                0x000000000000ebe4       0x30 /usr/lib/gcc/i686-linux-gnu/4.8/../../../i386-linux-gnu/crti.o
 .rel.text.rpl_get_any_dag
                0x000000000000ec14       0x18 /usr/lib/gcc/i686-linux-gnu/4.8/../../../i386-linux-gnu/crti.o
 .rel.text.rpl_get_instance
                0x000000000000ec2c       0x18 /usr/lib/gcc/i686-linux-gnu/4.8/../../../i386-linux-gnu/crti.o
 .rel.text.rpl_find_of
                0x000000000000ec44       0x10 /usr/lib/gcc/i686-linux-gnu/4.8/../../../i386-linux-gnu/crti.o
 .rel.text.rpl_join_instance
                0x000000000000ec54       0x58 /usr/lib/gcc/i686-linux-gnu/4.8/../../../i386-linux-gnu/crti.o
 .rel.text.rpl_add_dag
                0x000000000000ecac       0x50 /usr/lib/gcc/i686-linux-gnu/4.8/../../../i386-linux-gnu/crti.o
 .rel.text.global_repair
                0x000000000000ecfc       0x18 /usr/lib/gcc/i686-linux-gnu/4.8/../../../i386-linux-gnu/crti.o
 .rel.text.rpl_local_repair
                0x000000000000ed14        0x8 /usr/lib/gcc/i686-linux-gnu/4.8/../../../i386-linux-gnu/crti.o
 .rel.text.rpl_recalculate_ranks
                0x000000000000ed1c       0x28 /usr/lib/gcc/i686-linux-gnu/4.8/../../../i386-linux-gnu/crti.o
 .rel.text.rpl_process_parent_event
                0x000000000000ed44       0x40 /usr/lib/gcc/i686-linux-gnu/4.8/../../../i386-linux-gnu/crti.o
 .rel.text.add_nbr_from_dio
                0x000000000000ed84        0x8 /usr/lib/gcc/i686-linux-gnu/4.8/../../../i386-linux-gnu/crti.o
 .rel.text.rpl_process_dio
                0x000000000000ed8c       0x78 /usr/lib/gcc/i686-linux-gnu/4.8/../../../i386-linux-gnu/crti.o
 .rel.text.rpl_verify_hbh_header
                0x000000000000ee04      0x108 /usr/lib/gcc/i686-linux-gnu/4.8/../../../i386-linux-gnu/crti.o
 .rel.text.update_hbh_header
                0x000000000000ef0c      0x138 /usr/lib/gcc/i686-linux-gnu/4.8/../../../i386-linux-gnu/crti.o
 .rel.text.insert_hbh_header
                0x000000000000f044      0x128 /usr/lib/gcc/i686-linux-gnu/4.8/../../../i386-linux-gnu/crti.o
 .rel.text.rpl_remove_header
                0x000000000000f16c       0xc8 /usr/lib/gcc/i686-linux-gnu/4.8/../../../i386-linux-gnu/crti.o
 .rel.text.rpl_update_header
                0x000000000000f234       0x80 /usr/lib/gcc/i686-linux-gnu/4.8/../../../i386-linux-gnu/crti.o
 .rel.text.prepare_for_dao_fwd
                0x000000000000f2b4       0x38 /usr/lib/gcc/i686-linux-gnu/4.8/../../../i386-linux-gnu/crti.o
 .rel.text.get_global_addr
                0x000000000000f2ec       0x30 /usr/lib/gcc/i686-linux-gnu/4.8/../../../i386-linux-gnu/crti.o
 .rel.text.rpl_icmp6_update_nbr_table
                0x000000000000f31c       0x10 /usr/lib/gcc/i686-linux-gnu/4.8/../../../i386-linux-gnu/crti.o
 .rel.text.dis_input
                0x000000000000f32c       0x48 /usr/lib/gcc/i686-linux-gnu/4.8/../../../i386-linux-gnu/crti.o
 .rel.text.dis_output
                0x000000000000f374       0x20 /usr/lib/gcc/i686-linux-gnu/4.8/../../../i386-linux-gnu/crti.o
 .rel.text.dio_input
                0x000000000000f394       0x58 /usr/lib/gcc/i686-linux-gnu/4.8/../../../i386-linux-gnu/crti.o
 .rel.text.dio_output
                0x000000000000f3ec       0x40 /usr/lib/gcc/i686-linux-gnu/4.8/../../../i386-linux-gnu/crti.o
 .rel.text.dao_input_storing
                0x000000000000f42c      0x120 /usr/lib/gcc/i686-linux-gnu/4.8/../../../i386-linux-gnu/crti.o
 .rel.text.dao_input
                0x000000000000f54c       0x28 /usr/lib/gcc/i686-linux-gnu/4.8/../../../i386-linux-gnu/crti.o
 .rel.text.dao_output
                0x000000000000f574       0x38 /usr/lib/gcc/i686-linux-gnu/4.8/../../../i386-linux-gnu/crti.o
 .rel.text.dao_output_target
                0x000000000000f5ac        0x8 /usr/lib/gcc/i686-linux-gnu/4.8/../../../i386-linux-gnu/crti.o
 .rel.text.dao_output_target_seq
                0x000000000000f5b4       0x48 /usr/lib/gcc/i686-linux-gnu/4.8/../../../i386-linux-gnu/crti.o
 .rel.text.dao_ack_input
                0x000000000000f5fc       0x10 /usr/lib/gcc/i686-linux-gnu/4.8/../../../i386-linux-gnu/crti.o
 .rel.text.rpl_icmp6_register_handlers
                0x000000000000f60c       0x40 /usr/lib/gcc/i686-linux-gnu/4.8/../../../i386-linux-gnu/crti.o
 .rel.text.parent_link_metric
                0x000000000000f64c        0x8 /usr/lib/gcc/i686-linux-gnu/4.8/../../../i386-linux-gnu/crti.o
 .rel.text.handle_periodic_timer
                0x000000000000f654       0x68 /usr/lib/gcc/i686-linux-gnu/4.8/../../../i386-linux-gnu/crti.o
 .rel.text.new_dio_interval
                0x000000000000f6bc       0x18 /usr/lib/gcc/i686-linux-gnu/4.8/../../../i386-linux-gnu/crti.o
 .rel.text.handle_dio_timer
                0x000000000000f6d4       0x40 /usr/lib/gcc/i686-linux-gnu/4.8/../../../i386-linux-gnu/crti.o
 .rel.text.rpl_reset_periodic_timer
                0x000000000000f714       0x28 /usr/lib/gcc/i686-linux-gnu/4.8/../../../i386-linux-gnu/crti.o
 .rel.text.set_dao_lifetime_timer
                0x000000000000f73c       0x20 /usr/lib/gcc/i686-linux-gnu/4.8/../../../i386-linux-gnu/crti.o
 .rel.text.handle_dao_timer
                0x000000000000f75c       0x38 /usr/lib/gcc/i686-linux-gnu/4.8/../../../i386-linux-gnu/crti.o
 .rel.text.schedule_dao
                0x000000000000f794       0x30 /usr/lib/gcc/i686-linux-gnu/4.8/../../../i386-linux-gnu/crti.o
 .rel.text.rpl_cancel_dao
                0x000000000000f7c4       0x10 /usr/lib/gcc/i686-linux-gnu/4.8/../../../i386-linux-gnu/crti.o
 .rel.text.handle_unicast_dio_timer
                0x000000000000f7d4       0x10 /usr/lib/gcc/i686-linux-gnu/4.8/../../../i386-linux-gnu/crti.o
 .rel.text.rpl_schedule_unicast_dio_immediately
                0x000000000000f7e4       0x10 /usr/lib/gcc/i686-linux-gnu/4.8/../../../i386-linux-gnu/crti.o
 .rel.text.get_probing_delay
                0x000000000000f7f4       0x10 /usr/lib/gcc/i686-linux-gnu/4.8/../../../i386-linux-gnu/crti.o
 .rel.text.get_probing_target
                0x000000000000f804       0x70 /usr/lib/gcc/i686-linux-gnu/4.8/../../../i386-linux-gnu/crti.o
 .rel.text.handle_probing_timer
                0x000000000000f874       0x28 /usr/lib/gcc/i686-linux-gnu/4.8/../../../i386-linux-gnu/crti.o
 .rel.text.rpl_schedule_probing
                0x000000000000f89c       0x18 /usr/lib/gcc/i686-linux-gnu/4.8/../../../i386-linux-gnu/crti.o
 .rel.text.rpl_get_mode
                0x000000000000f8b4        0x8 /usr/lib/gcc/i686-linux-gnu/4.8/../../../i386-linux-gnu/crti.o
 .rel.text.rpl_set_mode
                0x000000000000f8bc       0x68 /usr/lib/gcc/i686-linux-gnu/4.8/../../../i386-linux-gnu/crti.o
 .rel.text.rpl_purge_routes
                0x000000000000f924       0x50 /usr/lib/gcc/i686-linux-gnu/4.8/../../../i386-linux-gnu/crti.o
 .rel.text.rpl_remove_routes
                0x000000000000f974       0x20 /usr/lib/gcc/i686-linux-gnu/4.8/../../../i386-linux-gnu/crti.o
 .rel.text.rpl_remove_routes_by_nexthop
                0x000000000000f994       0x20 /usr/lib/gcc/i686-linux-gnu/4.8/../../../i386-linux-gnu/crti.o
 .rel.text.rpl_add_route
                0x000000000000f9b4        0x8 /usr/lib/gcc/i686-linux-gnu/4.8/../../../i386-linux-gnu/crti.o
 .rel.text.rpl_link_neighbor_callback
                0x000000000000f9bc       0x20 /usr/lib/gcc/i686-linux-gnu/4.8/../../../i386-linux-gnu/crti.o
 .rel.text.rpl_ipv6_neighbor_callback
                0x000000000000f9dc       0x10 /usr/lib/gcc/i686-linux-gnu/4.8/../../../i386-linux-gnu/crti.o
 .rel.text.rpl_purge_dags
                0x000000000000f9ec       0x10 /usr/lib/gcc/i686-linux-gnu/4.8/../../../i386-linux-gnu/crti.o
 .rel.text.rpl_init
                0x000000000000f9fc       0x30 /usr/lib/gcc/i686-linux-gnu/4.8/../../../i386-linux-gnu/crti.o
 .rel.text.link_stats_from_lladdr
                0x000000000000fa2c       0x10 /usr/lib/gcc/i686-linux-gnu/4.8/../../../i386-linux-gnu/crti.o
 .rel.text.link_stats_is_fresh
                0x000000000000fa3c        0x8 /usr/lib/gcc/i686-linux-gnu/4.8/../../../i386-linux-gnu/crti.o
 .rel.text.link_stats_packet_sent
                0x000000000000fa44       0x30 /usr/lib/gcc/i686-linux-gnu/4.8/../../../i386-linux-gnu/crti.o
 .rel.text.link_stats_input_callback
                0x000000000000fa74       0x20 /usr/lib/gcc/i686-linux-gnu/4.8/../../../i386-linux-gnu/crti.o
 .rel.text.periodic
                0x000000000000fa94       0x30 /usr/lib/gcc/i686-linux-gnu/4.8/../../../i386-linux-gnu/crti.o
 .rel.text.link_stats_init
                0x000000000000fac4       0x28 /usr/lib/gcc/i686-linux-gnu/4.8/../../../i386-linux-gnu/crti.o
 .rel.text.linkaddr_copy
                0x000000000000faec        0x8 /usr/lib/gcc/i686-linux-gnu/4.8/../../../i386-linux-gnu/crti.o
 .rel.text.linkaddr_cmp
                0x000000000000faf4        0x8 /usr/lib/gcc/i686-linux-gnu/4.8/../../../i386-linux-gnu/crti.o
 .rel.text.linkaddr_set_node_addr
                0x000000000000fafc       0x10 /usr/lib/gcc/i686-linux-gnu/4.8/../../../i386-linux-gnu/crti.o
 .rel.text.key_from_index
                0x000000000000fb0c        0x8 /usr/lib/gcc/i686-linux-gnu/4.8/../../../i386-linux-gnu/crti.o
 .rel.text.index_from_key
                0x000000000000fb14        0x8 /usr/lib/gcc/i686-linux-gnu/4.8/../../../i386-linux-gnu/crti.o
 .rel.text.index_from_lladdr
                0x000000000000fb1c       0x28 /usr/lib/gcc/i686-linux-gnu/4.8/../../../i386-linux-gnu/crti.o
 .rel.text.remove_key
                0x000000000000fb44       0x48 /usr/lib/gcc/i686-linux-gnu/4.8/../../../i386-linux-gnu/crti.o
 .rel.text.nbr_table_allocate
                0x000000000000fb8c       0x50 /usr/lib/gcc/i686-linux-gnu/4.8/../../../i386-linux-gnu/crti.o
 .rel.text.nbr_table_register
                0x000000000000fbdc       0x20 /usr/lib/gcc/i686-linux-gnu/4.8/../../../i386-linux-gnu/crti.o
 .rel.text.nbr_table_head
                0x000000000000fbfc       0x20 /usr/lib/gcc/i686-linux-gnu/4.8/../../../i386-linux-gnu/crti.o
 .rel.text.nbr_table_next
                0x000000000000fc1c       0x10 /usr/lib/gcc/i686-linux-gnu/4.8/../../../i386-linux-gnu/crti.o
 .rel.text.nbr_table_add_lladdr
                0x000000000000fc2c       0x30 /usr/lib/gcc/i686-linux-gnu/4.8/../../../i386-linux-gnu/crti.o
 .rel.text.nbr_table_get_from_lladdr
                0x000000000000fc5c        0x8 /usr/lib/gcc/i686-linux-gnu/4.8/../../../i386-linux-gnu/crti.o
 .rel.text.nbr_table_remove
                0x000000000000fc64       0x10 /usr/lib/gcc/i686-linux-gnu/4.8/../../../i386-linux-gnu/crti.o
 .rel.text.nbr_table_lock
                0x000000000000fc74        0x8 /usr/lib/gcc/i686-linux-gnu/4.8/../../../i386-linux-gnu/crti.o
 .rel.text.nbr_table_unlock
                0x000000000000fc7c        0x8 /usr/lib/gcc/i686-linux-gnu/4.8/../../../i386-linux-gnu/crti.o
 .rel.text.nbr_table_update_lladdr
                0x000000000000fc84        0x8 /usr/lib/gcc/i686-linux-gnu/4.8/../../../i386-linux-gnu/crti.o
 .rel.text.netstack_init
                0x000000000000fc8c       0x28 /usr/lib/gcc/i686-linux-gnu/4.8/../../../i386-linux-gnu/crti.o
 .rel.text.packetbuf_clear
                0x000000000000fcb4       0x28 /usr/lib/gcc/i686-linux-gnu/4.8/../../../i386-linux-gnu/crti.o
 .rel.text.packetbuf_copyfrom
                0x000000000000fcdc       0x20 /usr/lib/gcc/i686-linux-gnu/4.8/../../../i386-linux-gnu/crti.o
 .rel.text.packetbuf_compact
                0x000000000000fcfc       0x38 /usr/lib/gcc/i686-linux-gnu/4.8/../../../i386-linux-gnu/crti.o
 .rel.text.packetbuf_copyto
                0x000000000000fd34       0x58 /usr/lib/gcc/i686-linux-gnu/4.8/../../../i386-linux-gnu/crti.o
 .rel.text.packetbuf_hdralloc
                0x000000000000fd8c       0x30 /usr/lib/gcc/i686-linux-gnu/4.8/../../../i386-linux-gnu/crti.o
 .rel.text.packetbuf_hdrreduce
                0x000000000000fdbc       0x28 /usr/lib/gcc/i686-linux-gnu/4.8/../../../i386-linux-gnu/crti.o
 .rel.text.packetbuf_set_datalen
                0x000000000000fde4        0x8 /usr/lib/gcc/i686-linux-gnu/4.8/../../../i386-linux-gnu/crti.o
 .rel.text.packetbuf_dataptr
                0x000000000000fdec       0x10 /usr/lib/gcc/i686-linux-gnu/4.8/../../../i386-linux-gnu/crti.o
 .rel.text.packetbuf_hdrptr
                0x000000000000fdfc        0x8 /usr/lib/gcc/i686-linux-gnu/4.8/../../../i386-linux-gnu/crti.o
 .rel.text.packetbuf_datalen
                0x000000000000fe04        0x8 /usr/lib/gcc/i686-linux-gnu/4.8/../../../i386-linux-gnu/crti.o
 .rel.text.packetbuf_hdrlen
                0x000000000000fe0c       0x10 /usr/lib/gcc/i686-linux-gnu/4.8/../../../i386-linux-gnu/crti.o
 .rel.text.packetbuf_totlen
                0x000000000000fe1c       0x10 /usr/lib/gcc/i686-linux-gnu/4.8/../../../i386-linux-gnu/crti.o
 .rel.text.packetbuf_remaininglen
                0x000000000000fe2c        0x8 /usr/lib/gcc/i686-linux-gnu/4.8/../../../i386-linux-gnu/crti.o
 .rel.text.packetbuf_attr_clear
                0x000000000000fe34       0x28 /usr/lib/gcc/i686-linux-gnu/4.8/../../../i386-linux-gnu/crti.o
 .rel.text.packetbuf_attr_copyto
                0x000000000000fe5c       0x30 /usr/lib/gcc/i686-linux-gnu/4.8/../../../i386-linux-gnu/crti.o
 .rel.text.packetbuf_attr_copyfrom
                0x000000000000fe8c       0x30 /usr/lib/gcc/i686-linux-gnu/4.8/../../../i386-linux-gnu/crti.o
 .rel.text.packetbuf_holds_broadcast
                0x000000000000febc       0x18 /usr/lib/gcc/i686-linux-gnu/4.8/../../../i386-linux-gnu/crti.o
 .rel.text.queuebuf_init
                0x000000000000fed4       0x20 /usr/lib/gcc/i686-linux-gnu/4.8/../../../i386-linux-gnu/crti.o
 .rel.text.queuebuf_numfree
                0x000000000000fef4       0x10 /usr/lib/gcc/i686-linux-gnu/4.8/../../../i386-linux-gnu/crti.o
 .rel.text.queuebuf_new_from_packetbuf
                0x000000000000ff04       0x40 /usr/lib/gcc/i686-linux-gnu/4.8/../../../i386-linux-gnu/crti.o
 .rel.text.queuebuf_update_attr_from_packetbuf
                0x000000000000ff44        0x8 /usr/lib/gcc/i686-linux-gnu/4.8/../../../i386-linux-gnu/crti.o
 .rel.text.queuebuf_update_from_packetbuf
                0x000000000000ff4c       0x10 /usr/lib/gcc/i686-linux-gnu/4.8/../../../i386-linux-gnu/crti.o
 .rel.text.queuebuf_free
                0x000000000000ff5c       0x30 /usr/lib/gcc/i686-linux-gnu/4.8/../../../i386-linux-gnu/crti.o
 .rel.text.queuebuf_to_packetbuf
                0x000000000000ff8c       0x20 /usr/lib/gcc/i686-linux-gnu/4.8/../../../i386-linux-gnu/crti.o
 .rel.text.queuebuf_dataptr
                0x000000000000ffac       0x10 /usr/lib/gcc/i686-linux-gnu/4.8/../../../i386-linux-gnu/crti.o
 .rel.text.neighbor_queue_from_addr
                0x000000000000ffbc       0x20 /usr/lib/gcc/i686-linux-gnu/4.8/../../../i386-linux-gnu/crti.o
 .rel.text.backoff_period
                0x000000000000ffdc        0x8 /usr/lib/gcc/i686-linux-gnu/4.8/../../../i386-linux-gnu/crti.o
 .rel.text.transmit_packet_list
                0x000000000000ffe4       0x18 /usr/lib/gcc/i686-linux-gnu/4.8/../../../i386-linux-gnu/crti.o
 .rel.text.schedule_transmission
                0x000000000000fffc       0x18 /usr/lib/gcc/i686-linux-gnu/4.8/../../../i386-linux-gnu/crti.o
 .rel.text.free_packet
                0x0000000000010014       0x60 /usr/lib/gcc/i686-linux-gnu/4.8/../../../i386-linux-gnu/crti.o
 .rel.text.tx_done
                0x0000000000010074        0x8 /usr/lib/gcc/i686-linux-gnu/4.8/../../../i386-linux-gnu/crti.o
 .rel.text.rexmit
                0x000000000001007c        0x8 /usr/lib/gcc/i686-linux-gnu/4.8/../../../i386-linux-gnu/crti.o
 .rel.text.input_packet
                0x0000000000010084        0x8 /usr/lib/gcc/i686-linux-gnu/4.8/../../../i386-linux-gnu/crti.o
 .rel.text.on   0x000000000001008c       0x10 /usr/lib/gcc/i686-linux-gnu/4.8/../../../i386-linux-gnu/crti.o
 .rel.text.off  0x000000000001009c       0x18 /usr/lib/gcc/i686-linux-gnu/4.8/../../../i386-linux-gnu/crti.o
 .rel.text.channel_check_interval
                0x00000000000100b4       0x10 /usr/lib/gcc/i686-linux-gnu/4.8/../../../i386-linux-gnu/crti.o
 .rel.text.create_frame
                0x00000000000100c4       0xc0 /usr/lib/gcc/i686-linux-gnu/4.8/../../../i386-linux-gnu/crti.o
 .rel.text.parse
                0x0000000000010184       0x38 /usr/lib/gcc/i686-linux-gnu/4.8/../../../i386-linux-gnu/crti.o
 .rel.text.send_one_packet
                0x00000000000101bc       0xd0 /usr/lib/gcc/i686-linux-gnu/4.8/../../../i386-linux-gnu/crti.o
 .rel.text.send_list
                0x000000000001028c        0x8 /usr/lib/gcc/i686-linux-gnu/4.8/../../../i386-linux-gnu/crti.o
 .rel.text.send
                0x0000000000010294        0x8 /usr/lib/gcc/i686-linux-gnu/4.8/../../../i386-linux-gnu/crti.o
 .rel.text.stimer_set
                0x000000000001029c        0x8 /usr/lib/gcc/i686-linux-gnu/4.8/../../../i386-linux-gnu/crti.o
 .rel.text.stimer_restart
                0x00000000000102a4        0x8 /usr/lib/gcc/i686-linux-gnu/4.8/../../../i386-linux-gnu/crti.o
 .rel.text.stimer_expired
                0x00000000000102ac        0x8 /usr/lib/gcc/i686-linux-gnu/4.8/../../../i386-linux-gnu/crti.o
 .rel.text.stimer_remaining
                0x00000000000102b4        0x8 /usr/lib/gcc/i686-linux-gnu/4.8/../../../i386-linux-gnu/crti.o
 .rel.text.stimer_elapsed
                0x00000000000102bc        0x8 /usr/lib/gcc/i686-linux-gnu/4.8/../../../i386-linux-gnu/crti.o
 .rel.text.input_handler_lookup
                0x00000000000102c4       0x18 /usr/lib/gcc/i686-linux-gnu/4.8/../../../i386-linux-gnu/crti.o
 .rel.text.uip_icmp6_register_input_handler
                0x00000000000102dc       0x10 /usr/lib/gcc/i686-linux-gnu/4.8/../../../i386-linux-gnu/crti.o
 .rel.text.echo_request_input
                0x00000000000102ec      0x160 /usr/lib/gcc/i686-linux-gnu/4.8/../../../i386-linux-gnu/crti.o
 .rel.text.uip_icmp6_error_output
                0x000000000001044c      0x250 /usr/lib/gcc/i686-linux-gnu/4.8/../../../i386-linux-gnu/crti.o
 .rel.text.uip_icmp6_send
                0x000000000001069c       0xc0 /usr/lib/gcc/i686-linux-gnu/4.8/../../../i386-linux-gnu/crti.o
 .rel.text.echo_reply_input
                0x000000000001075c       0xd0 /usr/lib/gcc/i686-linux-gnu/4.8/../../../i386-linux-gnu/crti.o
 .rel.text.uip_icmp6_echo_reply_callback_add
                0x000000000001082c       0x10 /usr/lib/gcc/i686-linux-gnu/4.8/../../../i386-linux-gnu/crti.o
 .rel.text.uip_icmp6_echo_reply_callback_rm
                0x000000000001083c       0x10 /usr/lib/gcc/i686-linux-gnu/4.8/../../../i386-linux-gnu/crti.o
 .rel.text.uip_icmp6_init
                0x000000000001084c       0x20 /usr/lib/gcc/i686-linux-gnu/4.8/../../../i386-linux-gnu/crti.o
 .rel.text.update_nbr
                0x000000000001086c       0xe0 /usr/lib/gcc/i686-linux-gnu/4.8/../../../i386-linux-gnu/crti.o
 .rel.text.find_removable_dis
                0x000000000001094c       0x10 /usr/lib/gcc/i686-linux-gnu/4.8/../../../i386-linux-gnu/crti.o
 .rel.text.find_removable_dio
                0x000000000001095c       0x18 /usr/lib/gcc/i686-linux-gnu/4.8/../../../i386-linux-gnu/crti.o
 .rel.text.find_removable_dao
                0x0000000000010974       0x10 /usr/lib/gcc/i686-linux-gnu/4.8/../../../i386-linux-gnu/crti.o
 .rel.text.rpl_nbr_policy_find_removable
                0x0000000000010984       0x30 /usr/lib/gcc/i686-linux-gnu/4.8/../../../i386-linux-gnu/crti.o
 .rel.text.frame802154_get_pan_id
                0x00000000000109b4        0x8 /usr/lib/gcc/i686-linux-gnu/4.8/../../../i386-linux-gnu/crti.o
 .rel.text.frame802154_set_pan_id
                0x00000000000109bc        0x8 /usr/lib/gcc/i686-linux-gnu/4.8/../../../i386-linux-gnu/crti.o
 .rel.text.frame802154_check_dest_panid
                0x00000000000109c4       0x10 /usr/lib/gcc/i686-linux-gnu/4.8/../../../i386-linux-gnu/crti.o
 .rel.text.frame802154_extract_linkaddr
                0x00000000000109d4       0x40 /usr/lib/gcc/i686-linux-gnu/4.8/../../../i386-linux-gnu/crti.o
 .rel.text.field_len
                0x0000000000010a14       0x10 /usr/lib/gcc/i686-linux-gnu/4.8/../../../i386-linux-gnu/crti.o
 .rel.text.frame802154_create
                0x0000000000010a24        0x8 /usr/lib/gcc/i686-linux-gnu/4.8/../../../i386-linux-gnu/crti.o
 .rel.text.frame802154_parse
                0x0000000000010a2c       0x50 /usr/lib/gcc/i686-linux-gnu/4.8/../../../i386-linux-gnu/crti.o
 .rel.text.mac_sequence_is_duplicate
                0x0000000000010a7c       0x28 /usr/lib/gcc/i686-linux-gnu/4.8/../../../i386-linux-gnu/crti.o
 .rel.text.mac_sequence_register_seqno
                0x0000000000010aa4       0x48 /usr/lib/gcc/i686-linux-gnu/4.8/../../../i386-linux-gnu/crti.o
 *(.rel.fini)
 .rel.fini      0x0000000000000000        0x0 /usr/lib/gcc/i686-linux-gnu/4.8/../../../i386-linux-gnu/crti.o
 *(.rel.rodata .rel.rodata.* .rel.gnu.linkonce.r.*)
 .rel.rodata    0x0000000000010aec      0x638 /usr/lib/gcc/i686-linux-gnu/4.8/../../../i386-linux-gnu/crti.o
 *(.rel.data.rel.ro .rel.data.rel.ro.* .rel.gnu.linkonce.d.rel.ro.*)
 *(.rel.data .rel.data.* .rel.gnu.linkonce.d.*)
 .rel.data.rel  0x0000000000011124        0x8 /usr/lib/gcc/i686-linux-gnu/4.8/../../../i386-linux-gnu/crti.o
 .rel.data      0x000000000001112c      0x368 /usr/lib/gcc/i686-linux-gnu/4.8/../../../i386-linux-gnu/crti.o
 *(.rel.tdata .rel.tdata.* .rel.gnu.linkonce.td.*)
 *(.rel.tbss .rel.tbss.* .rel.gnu.linkonce.tb.*)
 *(.rel.ctors)
 *(.rel.dtors)
 *(.rel.got)
 .rel.got       0x0000000000011494       0x28 /usr/lib/gcc/i686-linux-gnu/4.8/../../../i386-linux-gnu/crti.o
 *(.rel.bss .rel.bss.* .rel.gnu.linkonce.b.*)
 *(.rel.ifunc)
 .rel.ifunc     0x0000000000000000        0x0 /usr/lib/gcc/i686-linux-gnu/4.8/../../../i386-linux-gnu/crti.o
 .rel.fini_array
                0x00000000000114bc        0x8 /usr/lib/gcc/i686-linux-gnu/4.8/../../../i386-linux-gnu/crti.o
 .rel.init_array
                0x00000000000114c4        0x8 /usr/lib/gcc/i686-linux-gnu/4.8/../../../i386-linux-gnu/crti.o

.rel.plt        0x00000000000114cc       0x10
 *(.rel.plt)
 .rel.plt       0x00000000000114cc       0x10 /usr/lib/gcc/i686-linux-gnu/4.8/../../../i386-linux-gnu/crti.o
 *(.rel.iplt)

.init           0x00000000000114dc       0x23
 *(SORT(.init))
 .init          0x00000000000114dc       0x1e /usr/lib/gcc/i686-linux-gnu/4.8/../../../i386-linux-gnu/crti.o
                0x00000000000114dc                _init
 .init          0x00000000000114fa        0x5 /usr/lib/gcc/i686-linux-gnu/4.8/../../../i386-linux-gnu/crtn.o

.plt            0x0000000000011500       0x30
 *(.plt)
 .plt           0x0000000000011500       0x30 /usr/lib/gcc/i686-linux-gnu/4.8/../../../i386-linux-gnu/crti.o
 *(.iplt)

.text           0x0000000000011530    0x20786
 *(.text.unlikely .text.*_unlikely .text.unlikely.*)
 *(.text.exit .text.exit.*)
 *(.text.startup .text.startup.*)
 *(.text.hot .text.hot.*)
 *(.text .stub .text.* .gnu.linkonce.t.*)
 .text          0x0000000000011530        0x0 /usr/lib/gcc/i686-linux-gnu/4.8/../../../i386-linux-gnu/crti.o
 .gnu.linkonce.t.__x86.get_pc_thunk.bx
                0x0000000000011530        0x4 /usr/lib/gcc/i686-linux-gnu/4.8/../../../i386-linux-gnu/crti.o
                0x0000000000011530                __x86.get_pc_thunk.bx
 *fill*         0x0000000000011534        0xc 
 .text          0x0000000000011540      0x11b /usr/lib/gcc/i686-linux-gnu/4.8/crtbeginS.o
 .text          0x000000000001165b        0x0 dtls-client.co
 .text.dtls_alert_create
                0x000000000001165b       0x10 dtls-client.co
 .text.dtls_alert_fatal_create
                0x000000000001166b       0x1b dtls-client.co
 .text.dtls_set_handler
                0x0000000000011686        0xe dtls-client.co
 .text.try_send
                0x0000000000011694       0x6d dtls-client.co
 .text.read_from_peer
                0x0000000000011701       0x1e dtls-client.co
 .text.timeout_handler
                0x000000000001171f       0x59 dtls-client.co
 .text.send_to_peer
                0x0000000000011778       0xd6 dtls-client.co
 .text.get_psk_info
                0x000000000001184e      0x10f dtls-client.co
 .text.dtls_handle_read
                0x000000000001195d       0xe1 dtls-client.co
 .text.tcpip_handler
                0x0000000000011a3e       0x33 dtls-client.co
 .text.print_local_addresses
                0x0000000000011a71       0x80 dtls-client.co
 .text.set_global_address
                0x0000000000011af1       0x82 dtls-client.co
 .text.set_connection_address
                0x0000000000011b73      0x100 dtls-client.co
 .text.init_dtls
                0x0000000000011c73       0xd7 dtls-client.co
                0x0000000000011c73                init_dtls
 .text.process_thread_udp_client_process
                0x0000000000011d4a      0x2a5 dtls-client.co
 .text          0x0000000000011fef        0x0 obj_cooja/mtype516.o
 .text.print_processes
                0x0000000000011fef       0x47 obj_cooja/mtype516.o
 .text.rtimer_thread_loop
                0x0000000000012036       0x12 obj_cooja/mtype516.o
 .text.set_rime_addr
                0x0000000000012048       0xdd obj_cooja/mtype516.o
 .text.contiki_init
                0x0000000000012125      0x385 obj_cooja/mtype516.o
                0x0000000000012125                contiki_init
 .text.process_run_thread_loop
                0x00000000000124aa       0x6a obj_cooja/mtype516.o
 .text.Java_org_contikios_cooja_corecomm_Lib2_init
                0x0000000000012514       0x40 obj_cooja/mtype516.o
                0x0000000000012514                Java_org_contikios_cooja_corecomm_Lib2_init
 .text.Java_org_contikios_cooja_corecomm_Lib2_getMemory
                0x0000000000012554       0x40 obj_cooja/mtype516.o
                0x0000000000012554                Java_org_contikios_cooja_corecomm_Lib2_getMemory
 .text.Java_org_contikios_cooja_corecomm_Lib2_setMemory
                0x0000000000012594       0x77 obj_cooja/mtype516.o
                0x0000000000012594                Java_org_contikios_cooja_corecomm_Lib2_setMemory
 .text.Java_org_contikios_cooja_corecomm_Lib2_tick
                0x000000000001260b       0x5f obj_cooja/mtype516.o
                0x000000000001260b                Java_org_contikios_cooja_corecomm_Lib2_tick
 .text.Java_org_contikios_cooja_corecomm_Lib2_setReferenceAddress
                0x000000000001266a       0x12 obj_cooja/mtype516.o
                0x000000000001266a                Java_org_contikios_cooja_corecomm_Lib2_setReferenceAddress
 .text          0x000000000001267c        0x0 obj_cooja/mtype516.a(dtls.o)
 .text.equals   0x000000000001267c       0x44 obj_cooja/mtype516.a(dtls.o)
 .text.check_stack
                0x00000000000126c0        0x5 obj_cooja/mtype516.a(dtls.o)
 .text.dtls_int_to_uint8
                0x00000000000126c5       0x1c obj_cooja/mtype516.a(dtls.o)
 .text.dtls_int_to_uint16
                0x00000000000126e1       0x2f obj_cooja/mtype516.a(dtls.o)
 .text.dtls_int_to_uint24
                0x0000000000012710       0x30 obj_cooja/mtype516.a(dtls.o)
 .text.dtls_int_to_uint32
                0x0000000000012740       0x3e obj_cooja/mtype516.a(dtls.o)
 .text.dtls_int_to_uint48
                0x000000000001277e       0x89 obj_cooja/mtype516.a(dtls.o)
 .text.dtls_uint8_to_int
                0x0000000000012807        0xb obj_cooja/mtype516.a(dtls.o)
 .text.dtls_uint16_to_int
                0x0000000000012812       0x21 obj_cooja/mtype516.a(dtls.o)
 .text.dtls_uint24_to_int
                0x0000000000012833       0x32 obj_cooja/mtype516.a(dtls.o)
 .text.dtls_hash_init
                0x0000000000012865       0x13 obj_cooja/mtype516.a(dtls.o)
 .text.dtls_hash_update
                0x0000000000012878       0x21 obj_cooja/mtype516.a(dtls.o)
 .text.dtls_hash_finalize
                0x0000000000012899       0x1f obj_cooja/mtype516.a(dtls.o)
 .text.dtls_security_params_epoch
                0x00000000000128b8       0x58 obj_cooja/mtype516.a(dtls.o)
 .text.dtls_security_params
                0x0000000000012910        0xb obj_cooja/mtype516.a(dtls.o)
 .text.dtls_security_params_next
                0x000000000001291b       0x59 obj_cooja/mtype516.a(dtls.o)
 .text.dtls_security_params_free_other
                0x0000000000012974       0x50 obj_cooja/mtype516.a(dtls.o)
 .text.dtls_security_params_switch
                0x00000000000129c4       0x26 obj_cooja/mtype516.a(dtls.o)
 .text.dtls_alert_create
                0x00000000000129ea       0x10 obj_cooja/mtype516.a(dtls.o)
 .text.dtls_alert_fatal_create
                0x00000000000129fa       0x1b obj_cooja/mtype516.a(dtls.o)
 .text.dtls_prng
                0x0000000000012a15       0x52 obj_cooja/mtype516.a(dtls.o)
 .text.dtls_prng_init
                0x0000000000012a67        0xf obj_cooja/mtype516.a(dtls.o)
 .text.malloc_context
                0x0000000000012a76        0xa obj_cooja/mtype516.a(dtls.o)
 .text.free_context
                0x0000000000012a80        0x5 obj_cooja/mtype516.a(dtls.o)
 .text.dtls_init
                0x0000000000012a85       0x1c obj_cooja/mtype516.a(dtls.o)
                0x0000000000012a85                dtls_init
 .text.dtls_send
                0x0000000000012aa1       0x5e obj_cooja/mtype516.a(dtls.o)
 .text.dtls_get_peer
                0x0000000000012aff       0x57 obj_cooja/mtype516.a(dtls.o)
                0x0000000000012aff                dtls_get_peer
 .text.dtls_add_peer
                0x0000000000012b56       0x1d obj_cooja/mtype516.a(dtls.o)
 .text.dtls_write