Archive member included to satisfy reference by file (symbol)

obj_cooja/mtype802.a(dtls.o)  dtls-client.co (dtls_init)
obj_cooja/mtype802.a(tinydtls-crypto)
                              obj_cooja/mtype802.a(dtls.o) (dtls_crypto_init)
obj_cooja/mtype802.a(hmac.o)  obj_cooja/mtype802.a(dtls.o) (dtls_hmac_update)
obj_cooja/mtype802.a(netq.o)  obj_cooja/mtype802.a(dtls.o) (netq_init)
obj_cooja/mtype802.a(dtls_time.o)
                              obj_cooja/mtype802.a(dtls.o) (dtls_clock_init)
obj_cooja/mtype802.a(peer.o)  obj_cooja/mtype802.a(dtls.o) (peer_init)
obj_cooja/mtype802.a(session.o)
                              obj_cooja/mtype802.a(dtls.o) (dtls_session_equals)
obj_cooja/mtype802.a(rijndael.o)
                              obj_cooja/mtype802.a(tinydtls-crypto) (rijndael_set_key_enc_only)
obj_cooja/mtype802.a(tinydtls-ccm.o)
                              obj_cooja/mtype802.a(tinydtls-crypto) (dtls_ccm_encrypt_message)
obj_cooja/mtype802.a(sha2.o)  obj_cooja/mtype802.a(dtls.o) (SHA256_Init)
obj_cooja/mtype802.a(debug.o)
                              dtls-client.co (dtls_set_log_level)
obj_cooja/mtype802.a(simEnvChange.o)
                              obj_cooja/mtype802.o (simDontFallAsleep)
obj_cooja/mtype802.a(cooja_mt.o)
                              obj_cooja/mtype802.o (cooja_mt_start)
obj_cooja/mtype802.a(cooja_mtarch.o)
                              obj_cooja/mtype802.a(cooja_mt.o) (cooja_mtarch_init)
obj_cooja/mtype802.a(rtimer-arch.o)
                              obj_cooja/mtype802.o (rtimer_arch_check)
obj_cooja/mtype802.a(beep.o)  obj_cooja/mtype802.o (beep_interface)
obj_cooja/mtype802.a(button-sensor.o)
                              obj_cooja/mtype802.o (button_interface)
obj_cooja/mtype802.a(leds-arch.o)
                              obj_cooja/mtype802.o (leds_interface)
obj_cooja/mtype802.a(moteid.o)
                              obj_cooja/mtype802.o (moteid_interface)
obj_cooja/mtype802.a(pir-sensor.o)
                              obj_cooja/mtype802.o (pir_interface)
obj_cooja/mtype802.a(rs232.o)
                              obj_cooja/mtype802.o (rs232_interface)
obj_cooja/mtype802.a(vib-sensor.o)
                              obj_cooja/mtype802.o (vib_interface)
obj_cooja/mtype802.a(clock.o)
                              obj_cooja/mtype802.o (clock_interface)
obj_cooja/mtype802.a(log.o)   obj_cooja/mtype802.o (simlog_interface)
obj_cooja/mtype802.a(cfs-cooja.o)
                              obj_cooja/mtype802.o (cfs_interface)
obj_cooja/mtype802.a(cooja-radio.o)
                              obj_cooja/mtype802.o (radio_interface)
obj_cooja/mtype802.a(eeprom.o)
                              obj_cooja/mtype802.o (eeprom_interface)
obj_cooja/mtype802.a(random.o)
                              obj_cooja/mtype802.a(moteid.o) (random_init)
obj_cooja/mtype802.a(sensors.o)
                              obj_cooja/mtype802.o (sensors_process)
obj_cooja/mtype802.a(autostart.o)
                              obj_cooja/mtype802.o (autostart_start)
obj_cooja/mtype802.a(ctimer.o)
                              obj_cooja/mtype802.o (ctimer_init)
obj_cooja/mtype802.a(etimer.o)
                              obj_cooja/mtype802.o (etimer_process)
obj_cooja/mtype802.a(process.o)
                              obj_cooja/mtype802.a(dtls.o) (process_current)
obj_cooja/mtype802.a(rtimer.o)
                              obj_cooja/mtype802.a(rtimer-arch.o) (rtimer_run_next)
obj_cooja/mtype802.a(timer.o)
                              obj_cooja/mtype802.a(button-sensor.o) (timer_set)
obj_cooja/mtype802.a(serial-line.o)
                              obj_cooja/mtype802.a(rs232.o) (serial_line_input_byte)
obj_cooja/mtype802.a(assert.o)
                              obj_cooja/mtype802.a(dtls.o) (_xassert)
obj_cooja/mtype802.a(list.o)  obj_cooja/mtype802.a(dtls.o) (list_init)
obj_cooja/mtype802.a(memb.o)  obj_cooja/mtype802.a(tinydtls-crypto) (memb_init)
obj_cooja/mtype802.a(ringbuf.o)
                              obj_cooja/mtype802.a(serial-line.o) (ringbuf_init)
obj_cooja/mtype802.a(sicslowpan.o)
                              obj_cooja/mtype802.o (sicslowpan_driver)
obj_cooja/mtype802.a(uip-ds6-nbr.o)
                              obj_cooja/mtype802.a(sicslowpan.o) (uip_ds6_link_neighbor_callback)
obj_cooja/mtype802.a(uip-ds6-route.o)
                              obj_cooja/mtype802.a(uip-ds6-nbr.o) (uip_ds6_defrt_lookup)
obj_cooja/mtype802.a(uip-ds6.o)
                              dtls-client.co (uip_ds6_if)
obj_cooja/mtype802.a(uip-nd6.o)
                              obj_cooja/mtype802.a(uip-ds6-nbr.o) (uip_nd6_ns_output)
obj_cooja/mtype802.a(uip6.o)  dtls-client.co (uip_lladdr)
obj_cooja/mtype802.a(resolv.o)
                              dtls-client.co (resolv_event_found)
obj_cooja/mtype802.a(tcpip.o)
                              dtls-client.co (tcpip_event)
obj_cooja/mtype802.a(uip-debug.o)
                              dtls-client.co (uip_debug_ipaddr_print)
obj_cooja/mtype802.a(uip-nameserver.)
[...]
Memory Configuration

Name             Origin             Length             Attributes
*default*        0x0000000000000000 0xffffffffffffffff

Linker script and memory map

LOAD /usr/lib/gcc/i686-linux-gnu/4.8/../../../i386-linux-gnu/crti.o
LOAD /usr/lib/gcc/i686-linux-gnu/4.8/crtbeginS.o
LOAD dtls-client.co
LOAD obj_cooja/mtype802.o
LOAD obj_cooja/mtype802.a
LOAD /usr/lib/gcc/i686-linux-gnu/4.8/libgcc.a
LOAD /usr/lib/gcc/i686-linux-gnu/4.8/libgcc_s.so
LOAD /usr/lib/gcc/i686-linux-gnu/4.8/../../../i386-linux-gnu/libc.so
START GROUP
LOAD /lib/i386-linux-gnu/libc.so.6
LOAD /usr/lib/i386-linux-gnu/libc_nonshared.a
LOAD /lib/i386-linux-gnu/ld-linux.so.2
END GROUP
LOAD /usr/lib/gcc/i686-linux-gnu/4.8/libgcc.a
LOAD /usr/lib/gcc/i686-linux-gnu/4.8/libgcc_s.so
LOAD /usr/lib/gcc/i686-linux-gnu/4.8/crtendS.o
LOAD /usr/lib/gcc/i686-linux-gnu/4.8/../../../i386-linux-gnu/crtn.o
                0x0000000000000114                . = (0x0 + SIZEOF_HEADERS)

.note.gnu.build-id
                0x0000000000000114       0x24
 *(.note.gnu.build-id)
 .note.gnu.build-id
                0x0000000000000114       0x24 /usr/lib/gcc/i686-linux-gnu/4.8/../../../i386-linux-gnu/crti.o

.hash
 *(.hash)

.gnu.hash       0x0000000000000138     0x13e4
 *(.gnu.hash)
 .gnu.hash      0x0000000000000138     0x13e4 /usr/lib/gcc/i686-linux-gnu/4.8/../../../i386-linux-gnu/crti.o

.dynsym         0x000000000000151c     0x2830
 *(.dynsym)
 .dynsym        0x000000000000151c     0x2830 /usr/lib/gcc/i686-linux-gnu/4.8/../../../i386-linux-gnu/crti.o

.dynstr         0x0000000000003d4c     0x294f
 *(.dynstr)
 .dynstr        0x0000000000003d4c     0x294f /usr/lib/gcc/i686-linux-gnu/4.8/../../../i386-linux-gnu/crti.o

.gnu.version    0x000000000000669c      0x506
 *(.gnu.version)
 .gnu.version   0x000000000000669c      0x506 /usr/lib/gcc/i686-linux-gnu/4.8/../../../i386-linux-gnu/crti.o

.gnu.version_d  0x0000000000006ba4        0x0
 *(.gnu.version_d)
 .gnu.version_d
                0x0000000000000000        0x0 /usr/lib/gcc/i686-linux-gnu/4.8/../../../i386-linux-gnu/crti.o

.gnu.version_r  0x0000000000006ba4       0x40
 *(.gnu.version_r)
 .gnu.version_r
                0x0000000000006ba4       0x40 /usr/lib/gcc/i686-linux-gnu/4.8/../../../i386-linux-gnu/crti.o

.rel.dyn        0x0000000000006be4     0xa8f8
 *(.rel.init)
 .rel.init      0x0000000000000000        0x0 /usr/lib/gcc/i686-linux-gnu/4.8/../../../i386-linux-gnu/crti.o
 *(.rel.text .rel.text.* .rel.gnu.linkonce.t.*)
 .rel.text      0x0000000000000000        0x0 /usr/lib/gcc/i686-linux-gnu/4.8/../../../i386-linux-gnu/crti.o
 .rel.text.try_send
                0x0000000000006be4       0x48 /usr/lib/gcc/i686-linux-gnu/4.8/../../../i386-linux-gnu/crti.o
 .rel.text.timeout_handler
                0x0000000000006c2c       0x58 /usr/lib/gcc/i686-linux-gnu/4.8/../../../i386-linux-gnu/crti.o
 .rel.text.send_to_peer
                0x0000000000006c84       0x58 /usr/lib/gcc/i686-linux-gnu/4.8/../../../i386-linux-gnu/crti.o
 .rel.text.get_psk_info
                0x0000000000006cdc       0xa8 /usr/lib/gcc/i686-linux-gnu/4.8/../../../i386-linux-gnu/crti.o
 .rel.text.dtls_handle_read
                0x0000000000006d84       0xc8 /usr/lib/gcc/i686-linux-gnu/4.8/../../../i386-linux-gnu/crti.o
 .rel.text.tcpip_handler
                0x0000000000006e4c       0x18 /usr/lib/gcc/i686-linux-gnu/4.8/../../../i386-linux-gnu/crti.o
 .rel.text.print_local_addresses
                0x0000000000006e64       0x40 /usr/lib/gcc/i686-linux-gnu/4.8/../../../i386-linux-gnu/crti.o
 .rel.text.set_global_address
                0x0000000000006ea4       0x20 /usr/lib/gcc/i686-linux-gnu/4.8/../../../i386-linux-gnu/crti.o
 .rel.text.set_connection_address
                0x0000000000006ec4       0x90 /usr/lib/gcc/i686-linux-gnu/4.8/../../../i386-linux-gnu/crti.o
 .rel.text.init_dtls
                0x0000000000006f54       0x90 /usr/lib/gcc/i686-linux-gnu/4.8/../../../i386-linux-gnu/crti.o
 .rel.text.process_thread_udp_client_process
                0x0000000000006fe4      0x180 /usr/lib/gcc/i686-linux-gnu/4.8/../../../i386-linux-gnu/crti.o
 .rel.text.print_processes
                0x0000000000007164       0x28 /usr/lib/gcc/i686-linux-gnu/4.8/../../../i386-linux-gnu/crti.o
 .rel.text.rtimer_thread_loop
                0x000000000000718c       0x10 /usr/lib/gcc/i686-linux-gnu/4.8/../../../i386-linux-gnu/crti.o
 .rel.text.set_rime_addr
                0x000000000000719c       0x58 /usr/lib/gcc/i686-linux-gnu/4.8/../../../i386-linux-gnu/crti.o
 .rel.text.contiki_init
                0x00000000000071f4      0x1d0 /usr/lib/gcc/i686-linux-gnu/4.8/../../../i386-linux-gnu/crti.o
 .rel.text.process_run_thread_loop
                0x00000000000073c4       0x70 /usr/lib/gcc/i686-linux-gnu/4.8/../../../i386-linux-gnu/crti.o
 .rel.text.Java_org_contikios_cooja_corecomm_Lib4_init
                0x0000000000007434       0x30 /usr/lib/gcc/i686-linux-gnu/4.8/../../../i386-linux-gnu/crti.o
 .rel.text.Java_org_contikios_cooja_corecomm_Lib4_getMemory
                0x0000000000007464        0x8 /usr/lib/gcc/i686-linux-gnu/4.8/../../../i386-linux-gnu/crti.o
 .rel.text.Java_org_contikios_cooja_corecomm_Lib4_setMemory
                0x000000000000746c       0x10 /usr/lib/gcc/i686-linux-gnu/4.8/../../../i386-linux-gnu/crti.o
 .rel.text.Java_org_contikios_cooja_corecomm_Lib4_tick
                0x000000000000747c       0x70 /usr/lib/gcc/i686-linux-gnu/4.8/../../../i386-linux-gnu/crti.o
 .rel.text.Java_org_contikios_cooja_corecomm_Lib4_setReferenceAddress
                0x00000000000074ec       0x10 /usr/lib/gcc/i686-linux-gnu/4.8/../../../i386-linux-gnu/crti.o
 .rel.text.dtls_hash_init
                0x00000000000074fc       0x18 /usr/lib/gcc/i686-linux-gnu/4.8/../../../i386-linux-gnu/crti.o
 .rel.text.dtls_hash_update
                0x0000000000007514       0x10 /usr/lib/gcc/i686-linux-gnu/4.8/../../../i386-linux-gnu/crti.o
 .rel.text.dtls_hash_finalize
                0x0000000000007524       0x10 /usr/lib/gcc/i686-linux-gnu/4.8/../../../i386-linux-gnu/crti.o
 .rel.text.dtls_security_params_next
                0x0000000000007534       0x10 /usr/lib/gcc/i686-linux-gnu/4.8/../../../i386-linux-gnu/crti.o
 .rel.text.dtls_security_params_free_other
                0x0000000000007544        0x8 /usr/lib/gcc/i686-linux-gnu/4.8/../../../i386-linux-gnu/crti.o
 .rel.text.dtls_prng
                0x000000000000754c       0x18 /usr/lib/gcc/i686-linux-gnu/4.8/../../../i386-linux-gnu/crti.o
 .rel.text.malloc_context
                0x0000000000007564        0x8 /usr/lib/gcc/i686-linux-gnu/4.8/../../../i386-linux-gnu/crti.o
 .rel.text.dtls_init
                0x000000000000756c       0x20 /usr/lib/gcc/i686-linux-gnu/4.8/../../../i386-linux-gnu/crti.o
 .rel.text.dtls_get_peer
                0x000000000000758c       0x18 /usr/lib/gcc/i686-linux-gnu/4.8/../../../i386-linux-gnu/crti.o
 .rel.text.dtls_add_peer
                0x00000000000075a4        0x8 /usr/lib/gcc/i686-linux-gnu/4.8/../../../i386-linux-gnu/crti.o
 .rel.text.dtls_write
                0x00000000000075ac       0x10 /usr/lib/gcc/i686-linux-gnu/4.8/../../../i386-linux-gnu/crti.o
 .rel.text.dtls_create_cookie
                0x00000000000075bc       0x40 /usr/lib/gcc/i686-linux-gnu/4.8/../../../i386-linux-gnu/crti.o
 .rel.text.dtls_set_record_header
                0x00000000000075fc       0x10 /usr/lib/gcc/i686-linux-gnu/4.8/../../../i386-linux-gnu/crti.o
 .rel.text.dtls_set_handshake_header
                0x000000000000760c        0x8 /usr/lib/gcc/i686-linux-gnu/4.8/../../../i386-linux-gnu/crti.o
 .rel.text.dtls_debug_keyblock
                0x0000000000007614       0x60 /usr/lib/gcc/i686-linux-gnu/4.8/../../../i386-linux-gnu/crti.o
 .rel.text.dtls_handshake_type_to_name
                0x0000000000007674       0x68 /usr/lib/gcc/i686-linux-gnu/4.8/../../../i386-linux-gnu/crti.o
 .rel.text.calculate_key_block
                0x00000000000076dc       0xb8 /usr/lib/gcc/i686-linux-gnu/4.8/../../../i386-linux-gnu/crti.o
 .rel.text.dtls_check_tls_extension
                0x0000000000007794       0x30 /usr/lib/gcc/i686-linux-gnu/4.8/../../../i386-linux-gnu/crti.o
 .rel.text.dtls_update_parameters
                0x00000000000077c4       0x48 /usr/lib/gcc/i686-linux-gnu/4.8/../../../i386-linux-gnu/crti.o
 .rel.text.check_client_keyexchange
                0x000000000000780c       0x18 /usr/lib/gcc/i686-linux-gnu/4.8/../../../i386-linux-gnu/crti.o
 .rel.text.update_hs_hash
                0x0000000000007824       0x10 /usr/lib/gcc/i686-linux-gnu/4.8/../../../i386-linux-gnu/crti.o
 .rel.text.copy_hs_hash
                0x0000000000007834        0x8 /usr/lib/gcc/i686-linux-gnu/4.8/../../../i386-linux-gnu/crti.o
 .rel.text.clear_hs_hash
                0x000000000000783c       0x10 /usr/lib/gcc/i686-linux-gnu/4.8/../../../i386-linux-gnu/crti.o
 .rel.text.check_finished
                0x000000000000784c       0x58 /usr/lib/gcc/i686-linux-gnu/4.8/../../../i386-linux-gnu/crti.o
 .rel.text.dtls_prepare_record
                0x00000000000078a4       0x90 /usr/lib/gcc/i686-linux-gnu/4.8/../../../i386-linux-gnu/crti.o
 .rel.text.dtls_send_handshake_msg_hash
                0x0000000000007934        0x8 /usr/lib/gcc/i686-linux-gnu/4.8/../../../i386-linux-gnu/crti.o
 .rel.text.dtls_send_multi
                0x000000000000793c       0x98 /usr/lib/gcc/i686-linux-gnu/4.8/../../../i386-linux-gnu/crti.o
 .rel.text.dtls_close
                0x00000000000079d4       0x30 /usr/lib/gcc/i686-linux-gnu/4.8/../../../i386-linux-gnu/crti.o
 .rel.text.dtls_destroy_peer
                0x0000000000007a04       0x28 /usr/lib/gcc/i686-linux-gnu/4.8/../../../i386-linux-gnu/crti.o
 .rel.text.dtls_verify_peer
                0x0000000000007a2c       0x80 /usr/lib/gcc/i686-linux-gnu/4.8/../../../i386-linux-gnu/crti.o
 .rel.text.dtls_send_server_hello
                0x0000000000007aac       0x30 /usr/lib/gcc/i686-linux-gnu/4.8/../../../i386-linux-gnu/crti.o
 .rel.text.dtls_send_server_key_exchange_psk
                0x0000000000007adc       0x40 /usr/lib/gcc/i686-linux-gnu/4.8/../../../i386-linux-gnu/crti.o
 .rel.text.dtls_send_server_hello_msgs
                0x0000000000007b1c        0x8 /usr/lib/gcc/i686-linux-gnu/4.8/../../../i386-linux-gnu/crti.o
 .rel.text.dtls_send_client_key_exchange
                0x0000000000007b24       0x60 /usr/lib/gcc/i686-linux-gnu/4.8/../../../i386-linux-gnu/crti.o
 .rel.text.dtls_send_finished
                0x0000000000007b84       0x38 /usr/lib/gcc/i686-linux-gnu/4.8/../../../i386-linux-gnu/crti.o
 .rel.text.dtls_send_client_hello
                0x0000000000007bbc       0x50 /usr/lib/gcc/i686-linux-gnu/4.8/../../../i386-linux-gnu/crti.o
 .rel.text.check_server_hello
                0x0000000000007c0c       0x38 /usr/lib/gcc/i686-linux-gnu/4.8/../../../i386-linux-gnu/crti.o
 .rel.text.check_server_hello_verify_request
                0x0000000000007c44       0x10 /usr/lib/gcc/i686-linux-gnu/4.8/../../../i386-linux-gnu/crti.o
 .rel.text.check_server_key_exchange_psk
                0x0000000000007c54       0x48 /usr/lib/gcc/i686-linux-gnu/4.8/../../../i386-linux-gnu/crti.o
 .rel.text.check_certificate_request
                0x0000000000007c9c       0x60 /usr/lib/gcc/i686-linux-gnu/4.8/../../../i386-linux-gnu/crti.o
 .rel.text.check_server_hellodone
                0x0000000000007cfc        0x8 /usr/lib/gcc/i686-linux-gnu/4.8/../../../i386-linux-gnu/crti.o
 .rel.text.decrypt_verify
                0x0000000000007d04       0xa8 /usr/lib/gcc/i686-linux-gnu/4.8/../../../i386-linux-gnu/crti.o
 .rel.text.dtls_renegotiate
                0x0000000000007dac       0x20 /usr/lib/gcc/i686-linux-gnu/4.8/../../../i386-linux-gnu/crti.o
 .rel.text.handle_handshake_msg
                0x0000000000007dcc      0x140 /usr/lib/gcc/i686-linux-gnu/4.8/../../../i386-linux-gnu/crti.o
 .rel.text.handle_handshake
                0x0000000000007f0c       0xd8 /usr/lib/gcc/i686-linux-gnu/4.8/../../../i386-linux-gnu/crti.o
 .rel.text.handle_ccs
                0x0000000000007fe4       0x10 /usr/lib/gcc/i686-linux-gnu/4.8/../../../i386-linux-gnu/crti.o
 .rel.text.handle_alert
                0x0000000000007ff4       0x30 /usr/lib/gcc/i686-linux-gnu/4.8/../../../i386-linux-gnu/crti.o
 .rel.text.dtls_alert_send_from_err
                0x0000000000008024       0x10 /usr/lib/gcc/i686-linux-gnu/4.8/../../../i386-linux-gnu/crti.o
 .rel.text.dtls_handle_message
                0x0000000000008034       0xc8 /usr/lib/gcc/i686-linux-gnu/4.8/../../../i386-linux-gnu/crti.o
 .rel.text.dtls_new_context
                0x00000000000080fc       0x70 /usr/lib/gcc/i686-linux-gnu/4.8/../../../i386-linux-gnu/crti.o
 .rel.text.dtls_free_context
                0x000000000000816c       0x10 /usr/lib/gcc/i686-linux-gnu/4.8/../../../i386-linux-gnu/crti.o
 .rel.text.dtls_connect_peer
                0x000000000000817c       0x50 /usr/lib/gcc/i686-linux-gnu/4.8/../../../i386-linux-gnu/crti.o
 .rel.text.dtls_connect
                0x00000000000081cc       0x38 /usr/lib/gcc/i686-linux-gnu/4.8/../../../i386-linux-gnu/crti.o
 .rel.text.dtls_retransmit
                0x0000000000008204       0x50 /usr/lib/gcc/i686-linux-gnu/4.8/../../../i386-linux-gnu/crti.o
 .rel.text.dtls_stop_retransmission
                0x0000000000008254       0x30 /usr/lib/gcc/i686-linux-gnu/4.8/../../../i386-linux-gnu/crti.o
 .rel.text.dtls_check_retransmit
                0x0000000000008284       0x20 /usr/lib/gcc/i686-linux-gnu/4.8/../../../i386-linux-gnu/crti.o
 .rel.text.process_thread_dtls_retransmit_process
                0x00000000000082a4       0xa0 /usr/lib/gcc/i686-linux-gnu/4.8/../../../i386-linux-gnu/crti.o
 .rel.text.dtls_cipher_context_get
                0x0000000000008344        0x8 /usr/lib/gcc/i686-linux-gnu/4.8/../../../i386-linux-gnu/crti.o
 .rel.text.dtls_crypto_init
                0x000000000000834c       0x20 /usr/lib/gcc/i686-linux-gnu/4.8/../../../i386-linux-gnu/crti.o
 .rel.text.dtls_handshake_malloc
                0x000000000000836c       0x10 /usr/lib/gcc/i686-linux-gnu/4.8/../../../i386-linux-gnu/crti.o
 .rel.text.dtls_handshake_dealloc
                0x000000000000837c       0x10 /usr/lib/gcc/i686-linux-gnu/4.8/../../../i386-linux-gnu/crti.o
 .rel.text.dtls_security_malloc
                0x000000000000838c       0x10 /usr/lib/gcc/i686-linux-gnu/4.8/../../../i386-linux-gnu/crti.o
 .rel.text.dtls_security_dealloc
                0x000000000000839c       0x10 /usr/lib/gcc/i686-linux-gnu/4.8/../../../i386-linux-gnu/crti.o
 .rel.text.dtls_handshake_new
                0x00000000000083ac       0x18 /usr/lib/gcc/i686-linux-gnu/4.8/../../../i386-linux-gnu/crti.o
 .rel.text.dtls_handshake_free
                0x00000000000083c4        0x8 /usr/lib/gcc/i686-linux-gnu/4.8/../../../i386-linux-gnu/crti.o
 .rel.text.dtls_security_new
                0x00000000000083cc       0x18 /usr/lib/gcc/i686-linux-gnu/4.8/../../../i386-linux-gnu/crti.o
 .rel.text.dtls_p_hash
                0x00000000000083e4       0xd0 /usr/lib/gcc/i686-linux-gnu/4.8/../../../i386-linux-gnu/crti.o
 .rel.text.dtls_prf
                0x00000000000084b4       0x10 /usr/lib/gcc/i686-linux-gnu/4.8/../../../i386-linux-gnu/crti.o
 .rel.text.dtls_mac
                0x00000000000084c4       0x38 /usr/lib/gcc/i686-linux-gnu/4.8/../../../i386-linux-gnu/crti.o
 .rel.text.dtls_ccm_encrypt
                0x00000000000084fc       0x18 /usr/lib/gcc/i686-linux-gnu/4.8/../../../i386-linux-gnu/crti.o
 .rel.text.dtls_ccm_decrypt
                0x0000000000008514       0x18 /usr/lib/gcc/i686-linux-gnu/4.8/../../../i386-linux-gnu/crti.o
 .rel.text.dtls_psk_pre_master_secret
                0x000000000000852c       0x18 /usr/lib/gcc/i686-linux-gnu/4.8/../../../i386-linux-gnu/crti.o
 .rel.text.dtls_encrypt
                0x0000000000008544       0x20 /usr/lib/gcc/i686-linux-gnu/4.8/../../../i386-linux-gnu/crti.o
 .rel.text.dtls_decrypt
                0x0000000000008564       0x20 /usr/lib/gcc/i686-linux-gnu/4.8/../../../i386-linux-gnu/crti.o
 .rel.text.dtls_hmac_context_new
                0x0000000000008584       0x10 /usr/lib/gcc/i686-linux-gnu/4.8/../../../i386-linux-gnu/crti.o
 .rel.text.dtls_hmac_context_free
                0x0000000000008594       0x10 /usr/lib/gcc/i686-linux-gnu/4.8/../../../i386-linux-gnu/crti.o
 .rel.text.dtls_hmac_storage_init
                0x00000000000085a4       0x10 /usr/lib/gcc/i686-linux-gnu/4.8/../../../i386-linux-gnu/crti.o
 .rel.text.dtls_hmac_update
                0x00000000000085b4       0x10 /usr/lib/gcc/i686-linux-gnu/4.8/../../../i386-linux-gnu/crti.o
 .rel.text.dtls_hmac_new
                0x00000000000085c4        0x8 /usr/lib/gcc/i686-linux-gnu/4.8/../../../i386-linux-gnu/crti.o
 .rel.text.dtls_hmac_init
                0x00000000000085cc       0x28 /usr/lib/gcc/i686-linux-gnu/4.8/../../../i386-linux-gnu/crti.o
 .rel.text.dtls_hmac_finalize
                0x00000000000085f4       0x28 /usr/lib/gcc/i686-linux-gnu/4.8/../../../i386-linux-gnu/crti.o
 .rel.text.netq_malloc_node
                0x000000000000861c       0x10 /usr/lib/gcc/i686-linux-gnu/4.8/../../../i386-linux-gnu/crti.o
 .rel.text.netq_free_node
                0x000000000000862c       0x10 /usr/lib/gcc/i686-linux-gnu/4.8/../../../i386-linux-gnu/crti.o
 .rel.text.netq_init
                0x000000000000863c       0x10 /usr/lib/gcc/i686-linux-gnu/4.8/../../../i386-linux-gnu/crti.o
 .rel.text.netq_insert_node
                0x000000000000864c       0x48 /usr/lib/gcc/i686-linux-gnu/4.8/../../../i386-linux-gnu/crti.o
 .rel.text.netq_head
                0x0000000000008694        0x8 /usr/lib/gcc/i686-linux-gnu/4.8/../../../i386-linux-gnu/crti.o
 .rel.text.netq_next
                0x000000000000869c        0x8 /usr/lib/gcc/i686-linux-gnu/4.8/../../../i386-linux-gnu/crti.o
 .rel.text.netq_remove
                0x00000000000086a4        0x8 /usr/lib/gcc/i686-linux-gnu/4.8/../../../i386-linux-gnu/crti.o
 .rel.text.netq_pop_first
                0x00000000000086ac        0x8 /usr/lib/gcc/i686-linux-gnu/4.8/../../../i386-linux-gnu/crti.o
 .rel.text.netq_node_new
                0x00000000000086b4       0x18 /usr/lib/gcc/i686-linux-gnu/4.8/../../../i386-linux-gnu/crti.o
 .rel.text.netq_delete_all
                0x00000000000086cc        0x8 /usr/lib/gcc/i686-linux-gnu/4.8/../../../i386-linux-gnu/crti.o
 .rel.text.dtls_clock_init
                0x00000000000086d4       0x10 /usr/lib/gcc/i686-linux-gnu/4.8/../../../i386-linux-gnu/crti.o
 .rel.text.dtls_ticks
                0x00000000000086e4        0x8 /usr/lib/gcc/i686-linux-gnu/4.8/../../../i386-linux-gnu/crti.o
 .rel.text.peer_init
                0x00000000000086ec       0x10 /usr/lib/gcc/i686-linux-gnu/4.8/../../../i386-linux-gnu/crti.o
 .rel.text.dtls_malloc_peer
                0x00000000000086fc       0x10 /usr/lib/gcc/i686-linux-gnu/4.8/../../../i386-linux-gnu/crti.o
 .rel.text.dtls_free_peer
                0x000000000000870c       0x28 /usr/lib/gcc/i686-linux-gnu/4.8/../../../i386-linux-gnu/crti.o
 .rel.text.dtls_new_peer
                0x0000000000008734       0x30 /usr/lib/gcc/i686-linux-gnu/4.8/../../../i386-linux-gnu/crti.o
 .rel.text.dtls_session_init
                0x0000000000008764       0x18 /usr/lib/gcc/i686-linux-gnu/4.8/../../../i386-linux-gnu/crti.o
 .rel.text.dtls_session_equals
                0x000000000000877c       0x28 /usr/lib/gcc/i686-linux-gnu/4.8/../../../i386-linux-gnu/crti.o
 .rel.text.rijndaelKeySetupEnc
                0x00000000000087a4       0x98 /usr/lib/gcc/i686-linux-gnu/4.8/../../../i386-linux-gnu/crti.o
 .rel.text.rijndaelEncrypt
                0x000000000000883c      0x180 /usr/lib/gcc/i686-linux-gnu/4.8/../../../i386-linux-gnu/crti.o
 .rel.text.rijndael_set_key_enc_only
                0x00000000000089bc        0x8 /usr/lib/gcc/i686-linux-gnu/4.8/../../../i386-linux-gnu/crti.o
 .rel.text.rijndael_encrypt
                0x00000000000089c4        0x8 /usr/lib/gcc/i686-linux-gnu/4.8/../../../i386-linux-gnu/crti.o
 .rel.text.block0
                0x00000000000089cc        0x8 /usr/lib/gcc/i686-linux-gnu/4.8/../../../i386-linux-gnu/crti.o
 .rel.text.add_auth_data
                0x00000000000089d4       0x50 /usr/lib/gcc/i686-linux-gnu/4.8/../../../i386-linux-gnu/crti.o
 .rel.text.encrypt
                0x0000000000008a24       0x38 /usr/lib/gcc/i686-linux-gnu/4.8/../../../i386-linux-gnu/crti.o
 .rel.text.mac  0x0000000000008a5c        0x8 /usr/lib/gcc/i686-linux-gnu/4.8/../../../i386-linux-gnu/crti.o
 .rel.text.dtls_ccm_encrypt_message
                0x0000000000008a64       0x28 /usr/lib/gcc/i686-linux-gnu/4.8/../../../i386-linux-gnu/crti.o
 .rel.text.dtls_ccm_decrypt_message
                0x0000000000008a8c       0x28 /usr/lib/gcc/i686-linux-gnu/4.8/../../../i386-linux-gnu/crti.o
 .rel.text.SHA256_Init
                0x0000000000008ab4       0x18 /usr/lib/gcc/i686-linux-gnu/4.8/../../../i386-linux-gnu/crti.o
 .rel.text.SHA256_Transform
                0x0000000000008acc       0x10 /usr/lib/gcc/i686-linux-gnu/4.8/../../../i386-linux-gnu/crti.o
 .rel.text.SHA256_Update
                0x0000000000008adc       0x38 /usr/lib/gcc/i686-linux-gnu/4.8/../../../i386-linux-gnu/crti.o
 .rel.text.SHA256_Final
                0x0000000000008b14       0x48 /usr/lib/gcc/i686-linux-gnu/4.8/../../../i386-linux-gnu/crti.o
 .rel.text.SHA256_End
                0x0000000000008b5c       0x40 /usr/lib/gcc/i686-linux-gnu/4.8/../../../i386-linux-gnu/crti.o
 .rel.text.SHA256_Data
                0x0000000000008b9c       0x20 /usr/lib/gcc/i686-linux-gnu/4.8/../../../i386-linux-gnu/crti.o
 .rel.text.dtls_package_name
                0x0000000000008bbc        0x8 /usr/lib/gcc/i686-linux-gnu/4.8/../../../i386-linux-gnu/crti.o
 .rel.text.dtls_package_version
                0x0000000000008bc4        0x8 /usr/lib/gcc/i686-linux-gnu/4.8/../../../i386-linux-gnu/crti.o
 .rel.text.dtls_get_log_level
                0x0000000000008bcc        0x8 /usr/lib/gcc/i686-linux-gnu/4.8/../../../i386-linux-gnu/crti.o
 .rel.text.dtls_set_log_level
                0x0000000000008bd4        0x8 /usr/lib/gcc/i686-linux-gnu/4.8/../../../i386-linux-gnu/crti.o
 .rel.text.dsrv_print_addr
                0x0000000000008bdc       0x20 /usr/lib/gcc/i686-linux-gnu/4.8/../../../i386-linux-gnu/crti.o
 .rel.text.hexdump
                0x0000000000008bfc       0x40 /usr/lib/gcc/i686-linux-gnu/4.8/../../../i386-linux-gnu/crti.o
 .rel.text.dump
                0x0000000000008c3c       0x10 /usr/lib/gcc/i686-linux-gnu/4.8/../../../i386-linux-gnu/crti.o
 .rel.text.dtls_dsrv_log_addr
                0x0000000000008c4c       0x18 /usr/lib/gcc/i686-linux-gnu/4.8/../../../i386-linux-gnu/crti.o
 .rel.text.dtls_dsrv_hexdump_log
                0x0000000000008c64       0xc8 /usr/lib/gcc/i686-linux-gnu/4.8/../../../i386-linux-gnu/crti.o
 .rel.text.doActionsBeforeTick
                0x0000000000008d2c       0x10 /usr/lib/gcc/i686-linux-gnu/4.8/../../../i386-linux-gnu/crti.o
 .rel.text.doActionsAfterTick
                0x0000000000008d3c       0x10 /usr/lib/gcc/i686-linux-gnu/4.8/../../../i386-linux-gnu/crti.o
 .rel.text.cooja_mt_init
                0x0000000000008d4c        0x8 /usr/lib/gcc/i686-linux-gnu/4.8/../../../i386-linux-gnu/crti.o
 .rel.text.cooja_mt_remove
                0x0000000000008d54        0x8 /usr/lib/gcc/i686-linux-gnu/4.8/../../../i386-linux-gnu/crti.o
 .rel.text.cooja_mt_start
                0x0000000000008d5c        0x8 /usr/lib/gcc/i686-linux-gnu/4.8/../../../i386-linux-gnu/crti.o
 .rel.text.cooja_mt_exec
                0x0000000000008d64       0x10 /usr/lib/gcc/i686-linux-gnu/4.8/../../../i386-linux-gnu/crti.o
 .rel.text.cooja_mt_exit
                0x0000000000008d74       0x18 /usr/lib/gcc/i686-linux-gnu/4.8/../../../i386-linux-gnu/crti.o
 .rel.text.cooja_mt_yield
                0x0000000000008d8c       0x18 /usr/lib/gcc/i686-linux-gnu/4.8/../../../i386-linux-gnu/crti.o
 .rel.text.cooja_mtarch_start
                0x0000000000008da4        0x8 /usr/lib/gcc/i686-linux-gnu/4.8/../../../i386-linux-gnu/crti.o
 .rel.text.cooja_sw
                0x0000000000008dac        0x8 /usr/lib/gcc/i686-linux-gnu/4.8/../../../i386-linux-gnu/crti.o
 .rel.text.cooja_mtarch_exec
                0x0000000000008db4       0x18 /usr/lib/gcc/i686-linux-gnu/4.8/../../../i386-linux-gnu/crti.o
 .rel.text.cooja_mtarch_yield
                0x0000000000008dcc        0x8 /usr/lib/gcc/i686-linux-gnu/4.8/../../../i386-linux-gnu/crti.o
 .rel.text.rtimer_arch_init
                0x0000000000008dd4       0x18 /usr/lib/gcc/i686-linux-gnu/4.8/../../../i386-linux-gnu/crti.o
 .rel.text.rtimer_arch_schedule
                0x0000000000008dec       0x18 /usr/lib/gcc/i686-linux-gnu/4.8/../../../i386-linux-gnu/crti.o
 .rel.text.rtimer_arch_next
                0x0000000000008e04       0x10 /usr/lib/gcc/i686-linux-gnu/4.8/../../../i386-linux-gnu/crti.o
 .rel.text.rtimer_arch_pending
                0x0000000000008e14        0x8 /usr/lib/gcc/i686-linux-gnu/4.8/../../../i386-linux-gnu/crti.o
 .rel.text.rtimer_arch_check
                0x0000000000008e1c       0x30 /usr/lib/gcc/i686-linux-gnu/4.8/../../../i386-linux-gnu/crti.o
 .rel.text.rtimer_arch_now
                0x0000000000008e4c       0x10 /usr/lib/gcc/i686-linux-gnu/4.8/../../../i386-linux-gnu/crti.o
 .rel.text.beep_alarm
                0x0000000000008e5c        0x8 /usr/lib/gcc/i686-linux-gnu/4.8/../../../i386-linux-gnu/crti.o
 .rel.text.beep_beep
                0x0000000000008e64        0x8 /usr/lib/gcc/i686-linux-gnu/4.8/../../../i386-linux-gnu/crti.o
 .rel.text.beep
                0x0000000000008e6c        0x8 /usr/lib/gcc/i686-linux-gnu/4.8/../../../i386-linux-gnu/crti.o
 .rel.text.beep_down
                0x0000000000008e74        0x8 /usr/lib/gcc/i686-linux-gnu/4.8/../../../i386-linux-gnu/crti.o
 .rel.text.beep_on
                0x0000000000008e7c        0x8 /usr/lib/gcc/i686-linux-gnu/4.8/../../../i386-linux-gnu/crti.o
 .rel.text.beep_off
                0x0000000000008e84        0x8 /usr/lib/gcc/i686-linux-gnu/4.8/../../../i386-linux-gnu/crti.o
 .rel.text.beep_spinup
                0x0000000000008e8c        0x8 /usr/lib/gcc/i686-linux-gnu/4.8/../../../i386-linux-gnu/crti.o
 .rel.text.beep_quick
                0x0000000000008e94        0x8 /usr/lib/gcc/i686-linux-gnu/4.8/../../../i386-linux-gnu/crti.o
 .rel.text.beep_long
                0x0000000000008e9c        0x8 /usr/lib/gcc/i686-linux-gnu/4.8/../../../i386-linux-gnu/crti.o
 .rel.text.value
                0x0000000000008ea4       0x28 /usr/lib/gcc/i686-linux-gnu/4.8/../../../i386-linux-gnu/crti.o
 .rel.text.configure
                0x0000000000008ecc       0x40 /usr/lib/gcc/i686-linux-gnu/4.8/../../../i386-linux-gnu/crti.o
 .rel.text.status
                0x0000000000008f0c       0x18 /usr/lib/gcc/i686-linux-gnu/4.8/../../../i386-linux-gnu/crti.o
 .rel.text.doInterfaceActionsBeforeTick
                0x0000000000008f24      0x188 /usr/lib/gcc/i686-linux-gnu/4.8/../../../i386-linux-gnu/crti.o
 .rel.text.leds_arch_init
                0x00000000000090ac        0x8 /usr/lib/gcc/i686-linux-gnu/4.8/../../../i386-linux-gnu/crti.o
 .rel.text.leds_arch_get
                0x00000000000090b4        0x8 /usr/lib/gcc/i686-linux-gnu/4.8/../../../i386-linux-gnu/crti.o
 .rel.text.leds_arch_set
                0x00000000000090bc       0x10 /usr/lib/gcc/i686-linux-gnu/4.8/../../../i386-linux-gnu/crti.o
 .rel.text.rs232_set_input
                0x00000000000090cc        0x8 /usr/lib/gcc/i686-linux-gnu/4.8/../../../i386-linux-gnu/crti.o
 .rel.text.rs232_send
                0x00000000000090d4       0x10 /usr/lib/gcc/i686-linux-gnu/4.8/../../../i386-linux-gnu/crti.o
 .rel.text.rs232_print
                0x00000000000090e4       0x10 /usr/lib/gcc/i686-linux-gnu/4.8/../../../i386-linux-gnu/crti.o
 .rel.text.slip_arch_writeb
                0x00000000000090f4        0x8 /usr/lib/gcc/i686-linux-gnu/4.8/../../../i386-linux-gnu/crti.o
 .rel.text.clock_time
                0x00000000000090fc        0x8 /usr/lib/gcc/i686-linux-gnu/4.8/../../../i386-linux-gnu/crti.o
 .rel.text.clock_seconds
                0x0000000000009104        0x8 /usr/lib/gcc/i686-linux-gnu/4.8/../../../i386-linux-gnu/crti.o
 .rel.text.simlog_char
                0x000000000000910c       0x30 /usr/lib/gcc/i686-linux-gnu/4.8/../../../i386-linux-gnu/crti.o
 .rel.text.simlog
                0x000000000000913c       0x50 /usr/lib/gcc/i686-linux-gnu/4.8/../../../i386-linux-gnu/crti.o
 .rel.text.log_message
                0x000000000000918c       0x10 /usr/lib/gcc/i686-linux-gnu/4.8/../../../i386-linux-gnu/crti.o
 .rel.text.log_set_putchar_with_slip
                0x000000000000919c        0x8 /usr/lib/gcc/i686-linux-gnu/4.8/../../../i386-linux-gnu/crti.o
 .rel.text.putchar
                0x00000000000091a4       0x50 /usr/lib/gcc/i686-linux-gnu/4.8/../../../i386-linux-gnu/crti.o
 .rel.text.puts
                0x00000000000091f4       0x10 /usr/lib/gcc/i686-linux-gnu/4.8/../../../i386-linux-gnu/crti.o
 .rel.text.printf
                0x0000000000009204       0x20 /usr/lib/gcc/i686-linux-gnu/4.8/../../../i386-linux-gnu/crti.o
 .rel.text.cfs_open
                0x0000000000009224       0x48 /usr/lib/gcc/i686-linux-gnu/4.8/../../../i386-linux-gnu/crti.o
 .rel.text.cfs_close
                0x000000000000926c        0x8 /usr/lib/gcc/i686-linux-gnu/4.8/../../../i386-linux-gnu/crti.o
 .rel.text.cfs_read
                0x0000000000009274       0x70 /usr/lib/gcc/i686-linux-gnu/4.8/../../../i386-linux-gnu/crti.o
 .rel.text.cfs_write
                0x00000000000092e4       0xb0 /usr/lib/gcc/i686-linux-gnu/4.8/../../../i386-linux-gnu/crti.o
 .rel.text.cfs_seek
                0x0000000000009394       0x68 /usr/lib/gcc/i686-linux-gnu/4.8/../../../i386-linux-gnu/crti.o
 .rel.text.cfs_remove
                0x00000000000093fc       0x10 /usr/lib/gcc/i686-linux-gnu/4.8/../../../i386-linux-gnu/crti.o
 .rel.text.packetbuf_set_attr
                0x000000000000940c       0x30 /usr/lib/gcc/i686-linux-gnu/4.8/../../../i386-linux-gnu/crti.o
 .rel.text.set_send_on_cca
                0x000000000000943c        0x8 /usr/lib/gcc/i686-linux-gnu/4.8/../../../i386-linux-gnu/crti.o
 .rel.text.set_frame_filtering
                0x0000000000009444        0x8 /usr/lib/gcc/i686-linux-gnu/4.8/../../../i386-linux-gnu/crti.o
 .rel.text.set_auto_ack
                0x000000000000944c        0x8 /usr/lib/gcc/i686-linux-gnu/4.8/../../../i386-linux-gnu/crti.o
 .rel.text.set_poll_mode
                0x0000000000009454        0x8 /usr/lib/gcc/i686-linux-gnu/4.8/../../../i386-linux-gnu/crti.o
 .rel.text.radio_set_channel
                0x000000000000945c        0x8 /usr/lib/gcc/i686-linux-gnu/4.8/../../../i386-linux-gnu/crti.o
 .rel.text.radio_set_txpower
                0x0000000000009464        0x8 /usr/lib/gcc/i686-linux-gnu/4.8/../../../i386-linux-gnu/crti.o
 .rel.text.radio_signal_strength_last
                0x000000000000946c        0x8 /usr/lib/gcc/i686-linux-gnu/4.8/../../../i386-linux-gnu/crti.o
 .rel.text.radio_signal_strength_current
                0x0000000000009474        0x8 /usr/lib/gcc/i686-linux-gnu/4.8/../../../i386-linux-gnu/crti.o
 .rel.text.radio_LQI
                0x000000000000947c        0x8 /usr/lib/gcc/i686-linux-gnu/4.8/../../../i386-linux-gnu/crti.o
 .rel.text.radio_on
                0x0000000000009484        0x8 /usr/lib/gcc/i686-linux-gnu/4.8/../../../i386-linux-gnu/crti.o
 .rel.text.radio_off
                0x000000000000948c        0x8 /usr/lib/gcc/i686-linux-gnu/4.8/../../../i386-linux-gnu/crti.o
 .rel.text.radio_read
                0x0000000000009494       0x68 /usr/lib/gcc/i686-linux-gnu/4.8/../../../i386-linux-gnu/crti.o
 .rel.text.channel_clear
                0x00000000000094fc        0x8 /usr/lib/gcc/i686-linux-gnu/4.8/../../../i386-linux-gnu/crti.o
 .rel.text.radio_send
                0x0000000000009504       0x78 /usr/lib/gcc/i686-linux-gnu/4.8/../../../i386-linux-gnu/crti.o
 .rel.text.prepare_packet
                0x000000000000957c        0x8 /usr/lib/gcc/i686-linux-gnu/4.8/../../../i386-linux-gnu/crti.o
 .rel.text.transmit_packet
                0x0000000000009584       0x10 /usr/lib/gcc/i686-linux-gnu/4.8/../../../i386-linux-gnu/crti.o
 .rel.text.receiving_packet
                0x0000000000009594        0x8 /usr/lib/gcc/i686-linux-gnu/4.8/../../../i386-linux-gnu/crti.o
 .rel.text.pending_packet
                0x000000000000959c       0x10 /usr/lib/gcc/i686-linux-gnu/4.8/../../../i386-linux-gnu/crti.o
 .rel.text.process_thread_cooja_radio_process
                0x00000000000095ac       0x28 /usr/lib/gcc/i686-linux-gnu/4.8/../../../i386-linux-gnu/crti.o
 .rel.text.init
                0x00000000000095d4       0x60 /usr/lib/gcc/i686-linux-gnu/4.8/../../../i386-linux-gnu/crti.o
 .rel.text.get_value
                0x0000000000009634       0x30 /usr/lib/gcc/i686-linux-gnu/4.8/../../../i386-linux-gnu/crti.o
 .rel.text.set_value
                0x0000000000009664        0x8 /usr/lib/gcc/i686-linux-gnu/4.8/../../../i386-linux-gnu/crti.o
 .rel.text.get_object
                0x000000000000966c       0x10 /usr/lib/gcc/i686-linux-gnu/4.8/../../../i386-linux-gnu/crti.o
 .rel.text.eeprom_read
                0x000000000000967c       0x28 /usr/lib/gcc/i686-linux-gnu/4.8/../../../i386-linux-gnu/crti.o
 .rel.text.eeprom_write
                0x00000000000096a4       0x28 /usr/lib/gcc/i686-linux-gnu/4.8/../../../i386-linux-gnu/crti.o
 .rel.text.random_init
                0x00000000000096cc        0x8 /usr/lib/gcc/i686-linux-gnu/4.8/../../../i386-linux-gnu/crti.o
 .rel.text.random_rand
                0x00000000000096d4        0x8 /usr/lib/gcc/i686-linux-gnu/4.8/../../../i386-linux-gnu/crti.o
 .rel.text.get_sensor_index
                0x00000000000096dc       0x10 /usr/lib/gcc/i686-linux-gnu/4.8/../../../i386-linux-gnu/crti.o
 .rel.text.sensors_first
                0x00000000000096ec        0x8 /usr/lib/gcc/i686-linux-gnu/4.8/../../../i386-linux-gnu/crti.o
 .rel.text.sensors_next
                0x00000000000096f4        0x8 /usr/lib/gcc/i686-linux-gnu/4.8/../../../i386-linux-gnu/crti.o
 .rel.text.sensors_changed
                0x00000000000096fc       0x20 /usr/lib/gcc/i686-linux-gnu/4.8/../../../i386-linux-gnu/crti.o
 .rel.text.sensors_find
                0x000000000000971c       0x28 /usr/lib/gcc/i686-linux-gnu/4.8/../../../i386-linux-gnu/crti.o
 .rel.text.process_thread_sensors_process
                0x0000000000009744      0x108 /usr/lib/gcc/i686-linux-gnu/4.8/../../../i386-linux-gnu/crti.o
 .rel.text.autostart_start
                0x000000000000984c        0x8 /usr/lib/gcc/i686-linux-gnu/4.8/../../../i386-linux-gnu/crti.o
 .rel.text.autostart_exit
                0x0000000000009854        0x8 /usr/lib/gcc/i686-linux-gnu/4.8/../../../i386-linux-gnu/crti.o
 .rel.text.process_thread_ctimer_process
                0x000000000000985c       0x58 /usr/lib/gcc/i686-linux-gnu/4.8/../../../i386-linux-gnu/crti.o
 .rel.text.ctimer_init
                0x00000000000098b4       0x28 /usr/lib/gcc/i686-linux-gnu/4.8/../../../i386-linux-gnu/crti.o
 .rel.text.ctimer_set
                0x00000000000098dc       0x10 /usr/lib/gcc/i686-linux-gnu/4.8/../../../i386-linux-gnu/crti.o
 .rel.text.ctimer_set_with_process
                0x00000000000098ec       0x40 /usr/lib/gcc/i686-linux-gnu/4.8/../../../i386-linux-gnu/crti.o
 .rel.text.ctimer_reset
                0x000000000000992c       0x40 /usr/lib/gcc/i686-linux-gnu/4.8/../../../i386-linux-gnu/crti.o
 .rel.text.ctimer_restart
                0x000000000000996c       0x40 /usr/lib/gcc/i686-linux-gnu/4.8/../../../i386-linux-gnu/crti.o
 .rel.text.ctimer_stop
                0x00000000000099ac       0x20 /usr/lib/gcc/i686-linux-gnu/4.8/../../../i386-linux-gnu/crti.o
 .rel.text.ctimer_expired
                0x00000000000099cc       0x20 /usr/lib/gcc/i686-linux-gnu/4.8/../../../i386-linux-gnu/crti.o
 .rel.text.update_time
                0x00000000000099ec       0x28 /usr/lib/gcc/i686-linux-gnu/4.8/../../../i386-linux-gnu/crti.o
 .rel.text.process_thread_etimer_process
                0x0000000000009a14       0x60 /usr/lib/gcc/i686-linux-gnu/4.8/../../../i386-linux-gnu/crti.o
 .rel.text.etimer_request_poll
                0x0000000000009a74       0x10 /usr/lib/gcc/i686-linux-gnu/4.8/../../../i386-linux-gnu/crti.o
 .rel.text.add_timer
                0x0000000000009a84       0x30 /usr/lib/gcc/i686-linux-gnu/4.8/../../../i386-linux-gnu/crti.o
 .rel.text.etimer_set
                0x0000000000009ab4        0x8 /usr/lib/gcc/i686-linux-gnu/4.8/../../../i386-linux-gnu/crti.o
 .rel.text.etimer_reset_with_new_interval
                0x0000000000009abc        0x8 /usr/lib/gcc/i686-linux-gnu/4.8/../../../i386-linux-gnu/crti.o
 .rel.text.etimer_reset
                0x0000000000009ac4        0x8 /usr/lib/gcc/i686-linux-gnu/4.8/../../../i386-linux-gnu/crti.o
 .rel.text.etimer_restart
                0x0000000000009acc        0x8 /usr/lib/gcc/i686-linux-gnu/4.8/../../../i386-linux-gnu/crti.o
 .rel.text.etimer_pending
                0x0000000000009ad4        0x8 /usr/lib/gcc/i686-linux-gnu/4.8/../../../i386-linux-gnu/crti.o
 .rel.text.etimer_next_expiration_time
                0x0000000000009adc       0x10 /usr/lib/gcc/i686-linux-gnu/4.8/../../../i386-linux-gnu/crti.o
 .rel.text.etimer_stop
                0x0000000000009aec       0x20 /usr/lib/gcc/i686-linux-gnu/4.8/../../../i386-linux-gnu/crti.o
 .rel.text.process_alloc_event
                0x0000000000009b0c       0x10 /usr/lib/gcc/i686-linux-gnu/4.8/../../../i386-linux-gnu/crti.o
 .rel.text.process_start
                0x0000000000009b1c       0x20 /usr/lib/gcc/i686-linux-gnu/4.8/../../../i386-linux-gnu/crti.o
 .rel.text.exit_process
                0x0000000000009b3c       0x50 /usr/lib/gcc/i686-linux-gnu/4.8/../../../i386-linux-gnu/crti.o
 .rel.text.call_process
                0x0000000000009b8c        0x8 /usr/lib/gcc/i686-linux-gnu/4.8/../../../i386-linux-gnu/crti.o
 .rel.text.process_exit
                0x0000000000009b94        0x8 /usr/lib/gcc/i686-linux-gnu/4.8/../../../i386-linux-gnu/crti.o
 .rel.text.process_init
                0x0000000000009b9c       0x38 /usr/lib/gcc/i686-linux-gnu/4.8/../../../i386-linux-gnu/crti.o
 .rel.text.do_poll
                0x0000000000009bd4       0x10 /usr/lib/gcc/i686-linux-gnu/4.8/../../../i386-linux-gnu/crti.o
 .rel.text.do_event
                0x0000000000009be4       0x68 /usr/lib/gcc/i686-linux-gnu/4.8/../../../i386-linux-gnu/crti.o
 .rel.text.process_run
                0x0000000000009c4c       0x18 /usr/lib/gcc/i686-linux-gnu/4.8/../../../i386-linux-gnu/crti.o
 .rel.text.process_nevents
                0x0000000000009c64       0x10 /usr/lib/gcc/i686-linux-gnu/4.8/../../../i386-linux-gnu/crti.o
 .rel.text.process_post
                0x0000000000009c74       0x40 /usr/lib/gcc/i686-linux-gnu/4.8/../../../i386-linux-gnu/crti.o
 .rel.text.process_post_synch
                0x0000000000009cb4       0x10 /usr/lib/gcc/i686-linux-gnu/4.8/../../../i386-linux-gnu/crti.o
 .rel.text.process_poll
                0x0000000000009cc4        0x8 /usr/lib/gcc/i686-linux-gnu/4.8/../../../i386-linux-gnu/crti.o
 .rel.text.rtimer_init
                0x0000000000009ccc        0x8 /usr/lib/gcc/i686-linux-gnu/4.8/../../../i386-linux-gnu/crti.o
 .rel.text.rtimer_set
                0x0000000000009cd4       0x18 /usr/lib/gcc/i686-linux-gnu/4.8/../../../i386-linux-gnu/crti.o
 .rel.text.rtimer_run_next
                0x0000000000009cec       0x30 /usr/lib/gcc/i686-linux-gnu/4.8/../../../i386-linux-gnu/crti.o
 .rel.text.timer_set
                0x0000000000009d1c        0x8 /usr/lib/gcc/i686-linux-gnu/4.8/../../../i386-linux-gnu/crti.o
 .rel.text.timer_restart
                0x0000000000009d24        0x8 /usr/lib/gcc/i686-linux-gnu/4.8/../../../i386-linux-gnu/crti.o
 .rel.text.timer_expired
                0x0000000000009d2c        0x8 /usr/lib/gcc/i686-linux-gnu/4.8/../../../i386-linux-gnu/crti.o
 .rel.text.timer_remaining
                0x0000000000009d34        0x8 /usr/lib/gcc/i686-linux-gnu/4.8/../../../i386-linux-gnu/crti.o
 .rel.text.serial_line_input_byte
                0x0000000000009d3c       0x48 /usr/lib/gcc/i686-linux-gnu/4.8/../../../i386-linux-gnu/crti.o
 .rel.text.process_thread_serial_line_process
                0x0000000000009d84       0x90 /usr/lib/gcc/i686-linux-gnu/4.8/../../../i386-linux-gnu/crti.o
 .rel.text.serial_line_init
                0x0000000000009e14       0x28 /usr/lib/gcc/i686-linux-gnu/4.8/../../../i386-linux-gnu/crti.o
 .rel.text._xassert
                0x0000000000009e3c       0x10 /usr/lib/gcc/i686-linux-gnu/4.8/../../../i386-linux-gnu/crti.o
 .rel.text.list_add
                0x0000000000009e4c       0x10 /usr/lib/gcc/i686-linux-gnu/4.8/../../../i386-linux-gnu/crti.o
 .rel.text.list_push
                0x0000000000009e5c        0x8 /usr/lib/gcc/i686-linux-gnu/4.8/../../../i386-linux-gnu/crti.o
 .rel.text.list_insert
                0x0000000000009e64        0x8 /usr/lib/gcc/i686-linux-gnu/4.8/../../../i386-linux-gnu/crti.o
 .rel.text.memb_init
                0x0000000000009e6c       0x10 /usr/lib/gcc/i686-linux-gnu/4.8/../../../i386-linux-gnu/crti.o
 .rel.text.packetbuf_attr
                0x0000000000009e7c       0x28 /usr/lib/gcc/i686-linux-gnu/4.8/../../../i386-linux-gnu/crti.o
 .rel.text.packetbuf_set_addr
                0x0000000000009ea4       0x30 /usr/lib/gcc/i686-linux-gnu/4.8/../../../i386-linux-gnu/crti.o
 .rel.text.packetbuf_addr
                0x0000000000009ed4       0x40 /usr/lib/gcc/i686-linux-gnu/4.8/../../../i386-linux-gnu/crti.o
 .rel.text.clear_fragments
                0x0000000000009f14       0x20 /usr/lib/gcc/i686-linux-gnu/4.8/../../../i386-linux-gnu/crti.o
 .rel.text.timeout_fragments
                0x0000000000009f34       0x18 /usr/lib/gcc/i686-linux-gnu/4.8/../../../i386-linux-gnu/crti.o
 .rel.text.store_fragment
                0x0000000000009f4c       0x68 /usr/lib/gcc/i686-linux-gnu/4.8/../../../i386-linux-gnu/crti.o
 .rel.text.add_fragment
                0x0000000000009fb4       0x80 /usr/lib/gcc/i686-linux-gnu/4.8/../../../i386-linux-gnu/crti.o
 .rel.text.copy_frags2uip
                0x000000000000a034       0x58 /usr/lib/gcc/i686-linux-gnu/4.8/../../../i386-linux-gnu/crti.o
 .rel.text.rime_sniffer_add
                0x000000000000a08c        0x8 /usr/lib/gcc/i686-linux-gnu/4.8/../../../i386-linux-gnu/crti.o
 .rel.text.rime_sniffer_remove
                0x000000000000a094        0x8 /usr/lib/gcc/i686-linux-gnu/4.8/../../../i386-linux-gnu/crti.o
 .rel.text.set_packet_attrs
                0x000000000000a09c       0x60 /usr/lib/gcc/i686-linux-gnu/4.8/../../../i386-linux-gnu/crti.o
 .rel.text.addr_context_lookup_by_prefix
                0x000000000000a0fc       0x20 /usr/lib/gcc/i686-linux-gnu/4.8/../../../i386-linux-gnu/crti.o
 .rel.text.addr_context_lookup_by_number
                0x000000000000a11c       0x18 /usr/lib/gcc/i686-linux-gnu/4.8/../../../i386-linux-gnu/crti.o
 .rel.text.compress_addr_64
                0x000000000000a134       0x40 /usr/lib/gcc/i686-linux-gnu/4.8/../../../i386-linux-gnu/crti.o
 .rel.text.uncompress_addr
                0x000000000000a174       0x38 /usr/lib/gcc/i686-linux-gnu/4.8/../../../i386-linux-gnu/crti.o
 .rel.text.compress_hdr_iphc
                0x000000000000a1ac      0x5f8 /usr/lib/gcc/i686-linux-gnu/4.8/../../../i386-linux-gnu/crti.o
 .rel.text.uncompress_hdr_iphc
                0x000000000000a7a4      0x2f0 /usr/lib/gcc/i686-linux-gnu/4.8/../../../i386-linux-gnu/crti.o
 .rel.text.compress_hdr_ipv6
                0x000000000000aa94       0x58 /usr/lib/gcc/i686-linux-gnu/4.8/../../../i386-linux-gnu/crti.o
 .rel.text.packet_sent
                0x000000000000aaec       0x38 /usr/lib/gcc/i686-linux-gnu/4.8/../../../i386-linux-gnu/crti.o
 .rel.text.send_packet
                0x000000000000ab24      0x120 /usr/lib/gcc/i686-linux-gnu/4.8/../../../i386-linux-gnu/crti.o
 .rel.text.output
                0x000000000000ac44      0x2c8 /usr/lib/gcc/i686-linux-gnu/4.8/../../../i386-linux-gnu/crti.o
 .rel.text.input
                0x000000000000af0c      0x200 /usr/lib/gcc/i686-linux-gnu/4.8/../../../i386-linux-gnu/crti.o
 .rel.text.sicslowpan_init
                0x000000000000b10c       0x38 /usr/lib/gcc/i686-linux-gnu/4.8/../../../i386-linux-gnu/crti.o
 .rel.text.sicslowpan_get_last_rssi
                0x000000000000b144        0x8 /usr/lib/gcc/i686-linux-gnu/4.8/../../../i386-linux-gnu/crti.o
 .rel.text.uip_ds6_neighbors_init
                0x000000000000b14c       0x20 /usr/lib/gcc/i686-linux-gnu/4.8/../../../i386-linux-gnu/crti.o
 .rel.text.uip_ds6_nbr_add
                0x000000000000b16c       0x38 /usr/lib/gcc/i686-linux-gnu/4.8/../../../i386-linux-gnu/crti.o
 .rel.text.uip_ds6_nbr_rm
                0x000000000000b1a4       0x20 /usr/lib/gcc/i686-linux-gnu/4.8/../../../i386-linux-gnu/crti.o
 .rel.text.uip_ds6_nbr_get_ll
                0x000000000000b1c4       0x10 /usr/lib/gcc/i686-linux-gnu/4.8/../../../i386-linux-gnu/crti.o
 .rel.text.uip_ds6_nbr_num
                0x000000000000b1d4       0x20 /usr/lib/gcc/i686-linux-gnu/4.8/../../../i386-linux-gnu/crti.o
 .rel.text.uip_ds6_nbr_lookup
                0x000000000000b1f4       0x28 /usr/lib/gcc/i686-linux-gnu/4.8/../../../i386-linux-gnu/crti.o
 .rel.text.uip_ds6_nbr_ll_lookup
                0x000000000000b21c       0x10 /usr/lib/gcc/i686-linux-gnu/4.8/../../../i386-linux-gnu/crti.o
 .rel.text.uip_ds6_nbr_ipaddr_from_lladdr
                0x000000000000b22c        0x8 /usr/lib/gcc/i686-linux-gnu/4.8/../../../i386-linux-gnu/crti.o
 .rel.text.uip_ds6_nbr_lladdr_from_ipaddr
                0x000000000000b234       0x10 /usr/lib/gcc/i686-linux-gnu/4.8/../../../i386-linux-gnu/crti.o
 .rel.text.uip_ds6_link_neighbor_callback
                0x000000000000b244       0x20 /usr/lib/gcc/i686-linux-gnu/4.8/../../../i386-linux-gnu/crti.o
 .rel.text.uip_ds6_neighbor_periodic
                0x000000000000b264       0xb8 /usr/lib/gcc/i686-linux-gnu/4.8/../../../i386-linux-gnu/crti.o
 .rel.text.uip_ds6_nbr_refresh_reachable_state
                0x000000000000b31c       0x10 /usr/lib/gcc/i686-linux-gnu/4.8/../../../i386-linux-gnu/crti.o
 .rel.text.uip_ds6_get_least_lifetime_neighbor
                0x000000000000b32c       0x30 /usr/lib/gcc/i686-linux-gnu/4.8/../../../i386-linux-gnu/crti.o
 .rel.text.call_route_callback
                0x000000000000b35c       0x30 /usr/lib/gcc/i686-linux-gnu/4.8/../../../i386-linux-gnu/crti.o
 .rel.text.uip_ds6_notification_add
                0x000000000000b38c       0x10 /usr/lib/gcc/i686-linux-gnu/4.8/../../../i386-linux-gnu/crti.o
 .rel.text.uip_ds6_notification_rm
                0x000000000000b39c       0x10 /usr/lib/gcc/i686-linux-gnu/4.8/../../../i386-linux-gnu/crti.o
 .rel.text.uip_ds6_route_init
                0x000000000000b3ac       0x68 /usr/lib/gcc/i686-linux-gnu/4.8/../../../i386-linux-gnu/crti.o
 .rel.text.uip_ds6_route_nexthop_lladdr
                0x000000000000b414       0x10 /usr/lib/gcc/i686-linux-gnu/4.8/../../../i386-linux-gnu/crti.o
 .rel.text.uip_ds6_route_nexthop
                0x000000000000b424        0x8 /usr/lib/gcc/i686-linux-gnu/4.8/../../../i386-linux-gnu/crti.o
 .rel.text.uip_ds6_route_head
                0x000000000000b42c       0x10 /usr/lib/gcc/i686-linux-gnu/4.8/../../../i386-linux-gnu/crti.o
 .rel.text.uip_ds6_route_next
                0x000000000000b43c        0x8 /usr/lib/gcc/i686-linux-gnu/4.8/../../../i386-linux-gnu/crti.o
 .rel.text.uip_ds6_route_is_nexthop
                0x000000000000b444       0x18 /usr/lib/gcc/i686-linux-gnu/4.8/../../../i386-linux-gnu/crti.o
 .rel.text.uip_ds6_route_num_routes
                0x000000000000b45c        0x8 /usr/lib/gcc/i686-linux-gnu/4.8/../../../i386-linux-gnu/crti.o
 .rel.text.uip_ds6_route_lookup
                0x000000000000b464       0x48 /usr/lib/gcc/i686-linux-gnu/4.8/../../../i386-linux-gnu/crti.o
 .rel.text.uip_ds6_route_add
                0x000000000000b4ac       0xd0 /usr/lib/gcc/i686-linux-gnu/4.8/../../../i386-linux-gnu/crti.o
 .rel.text.uip_ds6_route_rm
                0x000000000000b57c       0x80 /usr/lib/gcc/i686-linux-gnu/4.8/../../../i386-linux-gnu/crti.o
 .rel.text.rm_routelist
                0x000000000000b5fc       0x28 /usr/lib/gcc/i686-linux-gnu/4.8/../../../i386-linux-gnu/crti.o
 .rel.text.uip_ds6_route_rm_by_nexthop
                0x000000000000b624       0x18 /usr/lib/gcc/i686-linux-gnu/4.8/../../../i386-linux-gnu/crti.o
 .rel.text.uip_ds6_defrt_head
                0x000000000000b63c       0x10 /usr/lib/gcc/i686-linux-gnu/4.8/../../../i386-linux-gnu/crti.o
 .rel.text.uip_ds6_defrt_add
                0x000000000000b64c       0x30 /usr/lib/gcc/i686-linux-gnu/4.8/../../../i386-linux-gnu/crti.o
 .rel.text.uip_ds6_defrt_rm
                0x000000000000b67c       0x38 /usr/lib/gcc/i686-linux-gnu/4.8/../../../i386-linux-gnu/crti.o
 .rel.text.uip_ds6_defrt_lookup
                0x000000000000b6b4       0x20 /usr/lib/gcc/i686-linux-gnu/4.8/../../../i386-linux-gnu/crti.o
 .rel.text.uip_ds6_defrt_choose
                0x000000000000b6d4       0x20 /usr/lib/gcc/i686-linux-gnu/4.8/../../../i386-linux-gnu/crti.o
 .rel.text.uip_ds6_defrt_periodic
                0x000000000000b6f4       0x38 /usr/lib/gcc/i686-linux-gnu/4.8/../../../i386-linux-gnu/crti.o
 .rel.text.uip_ds6_init
                0x000000000000b72c      0x180 /usr/lib/gcc/i686-linux-gnu/4.8/../../../i386-linux-gnu/crti.o
 .rel.text.uip_ds6_periodic
                0x000000000000b8ac       0x80 /usr/lib/gcc/i686-linux-gnu/4.8/../../../i386-linux-gnu/crti.o
 .rel.text.uip_ds6_list_loop
                0x000000000000b92c        0x8 /usr/lib/gcc/i686-linux-gnu/4.8/../../../i386-linux-gnu/crti.o
 .rel.text.uip_ds6_prefix_add
                0x000000000000b934       0x58 /usr/lib/gcc/i686-linux-gnu/4.8/../../../i386-linux-gnu/crti.o
 .rel.text.uip_ds6_prefix_lookup
                0x000000000000b98c       0x20 /usr/lib/gcc/i686-linux-gnu/4.8/../../../i386-linux-gnu/crti.o
 .rel.text.uip_ds6_is_addr_onlink
                0x000000000000b9ac       0x50 /usr/lib/gcc/i686-linux-gnu/4.8/../../../i386-linux-gnu/crti.o
 .rel.text.uip_ds6_addr_add
                0x000000000000b9fc       0xc8 /usr/lib/gcc/i686-linux-gnu/4.8/../../../i386-linux-gnu/crti.o
 .rel.text.uip_ds6_addr_rm
                0x000000000000bac4       0x88 /usr/lib/gcc/i686-linux-gnu/4.8/../../../i386-linux-gnu/crti.o
 .rel.text.uip_ds6_addr_lookup
                0x000000000000bb4c       0x20 /usr/lib/gcc/i686-linux-gnu/4.8/../../../i386-linux-gnu/crti.o
 .rel.text.uip_ds6_get_link_local
                0x000000000000bb6c       0x58 /usr/lib/gcc/i686-linux-gnu/4.8/../../../i386-linux-gnu/crti.o
 .rel.text.uip_ds6_get_global
                0x000000000000bbc4       0x58 /usr/lib/gcc/i686-linux-gnu/4.8/../../../i386-linux-gnu/crti.o
 .rel.text.uip_ds6_maddr_add
                0x000000000000bc1c       0x30 /usr/lib/gcc/i686-linux-gnu/4.8/../../../i386-linux-gnu/crti.o
 .rel.text.uip_ds6_maddr_lookup
                0x000000000000bc4c       0x20 /usr/lib/gcc/i686-linux-gnu/4.8/../../../i386-linux-gnu/crti.o
 .rel.text.uip_ds6_aaddr_add
                0x000000000000bc6c       0x30 /usr/lib/gcc/i686-linux-gnu/4.8/../../../i386-linux-gnu/crti.o
 .rel.text.uip_ds6_aaddr_lookup
                0x000000000000bc9c       0x20 /usr/lib/gcc/i686-linux-gnu/4.8/../../../i386-linux-gnu/crti.o
 .rel.text.uip_ds6_select_src
                0x000000000000bcbc       0x70 /usr/lib/gcc/i686-linux-gnu/4.8/../../../i386-linux-gnu/crti.o
 .rel.text.uip_ds6_set_addr_iid
                0x000000000000bd2c        0x8 /usr/lib/gcc/i686-linux-gnu/4.8/../../../i386-linux-gnu/crti.o
 .rel.text.uip_ds6_compute_reachable_time
                0x000000000000bd34       0x30 /usr/lib/gcc/i686-linux-gnu/4.8/../../../i386-linux-gnu/crti.o
 .rel.text.extract_lladdr_from_llao_aligned
                0x000000000000bd64       0x18 /usr/lib/gcc/i686-linux-gnu/4.8/../../../i386-linux-gnu/crti.o
 .rel.text.create_llao
                0x000000000000bd7c       0x18 /usr/lib/gcc/i686-linux-gnu/4.8/../../../i386-linux-gnu/crti.o
 .rel.text.ns_input
                0x000000000000bd94      0x388 /usr/lib/gcc/i686-linux-gnu/4.8/../../../i386-linux-gnu/crti.o
 .rel.text.uip_nd6_ns_output
                0x000000000000c11c      0x1e8 /usr/lib/gcc/i686-linux-gnu/4.8/../../../i386-linux-gnu/crti.o
 .rel.text.na_input
                0x000000000000c304      0x280 /usr/lib/gcc/i686-linux-gnu/4.8/../../../i386-linux-gnu/crti.o
 .rel.text.uip_nd6_init
                0x000000000000c584       0x20 /usr/lib/gcc/i686-linux-gnu/4.8/../../../i386-linux-gnu/crti.o
 .rel.text.uip_add32
                0x000000000000c5a4       0x98 /usr/lib/gcc/i686-linux-gnu/4.8/../../../i386-linux-gnu/crti.o
 .rel.text.uip_chksum
                0x000000000000c63c        0x8 /usr/lib/gcc/i686-linux-gnu/4.8/../../../i386-linux-gnu/crti.o
 .rel.text.upper_layer_chksum
                0x000000000000c644       0x38 /usr/lib/gcc/i686-linux-gnu/4.8/../../../i386-linux-gnu/crti.o
 .rel.text.uip_init
                0x000000000000c67c       0x38 /usr/lib/gcc/i686-linux-gnu/4.8/../../../i386-linux-gnu/crti.o
 .rel.text.uip_connect
                0x000000000000c6b4       0x70 /usr/lib/gcc/i686-linux-gnu/4.8/../../../i386-linux-gnu/crti.o
 .rel.text.remove_ext_hdr
                0x000000000000c724       0x98 /usr/lib/gcc/i686-linux-gnu/4.8/../../../i386-linux-gnu/crti.o
 .rel.text.uip_udp_new
                0x000000000000c7bc       0x68 /usr/lib/gcc/i686-linux-gnu/4.8/../../../i386-linux-gnu/crti.o
 .rel.text.uip_unlisten
                0x000000000000c824       0x10 /usr/lib/gcc/i686-linux-gnu/4.8/../../../i386-linux-gnu/crti.o
 .rel.text.uip_listen
                0x000000000000c834       0x10 /usr/lib/gcc/i686-linux-gnu/4.8/../../../i386-linux-gnu/crti.o
 .rel.text.uip_add_rcv_nxt
                0x000000000000c844       0x50 /usr/lib/gcc/i686-linux-gnu/4.8/../../../i386-linux-gnu/crti.o
 .rel.text.ext_hdr_options_process
                0x000000000000c894      0x108 /usr/lib/gcc/i686-linux-gnu/4.8/../../../i386-linux-gnu/crti.o
 .rel.text.uip_process
                0x000000000000c99c      0xf70 /usr/lib/gcc/i686-linux-gnu/4.8/../../../i386-linux-gnu/crti.o
 .rel.text.uip_send
                0x000000000000d90c       0x60 /usr/lib/gcc/i686-linux-gnu/4.8/../../../i386-linux-gnu/crti.o
 .rel.text.dns_name_isequal
                0x000000000000d96c       0x10 /usr/lib/gcc/i686-linux-gnu/4.8/../../../i386-linux-gnu/crti.o
 .rel.text.mdns_announce_requested
                0x000000000000d97c        0x8 /usr/lib/gcc/i686-linux-gnu/4.8/../../../i386-linux-gnu/crti.o
 .rel.text.start_name_collision_check
                0x000000000000d984       0x20 /usr/lib/gcc/i686-linux-gnu/4.8/../../../i386-linux-gnu/crti.o
 .rel.text.mdns_write_announce_records
                0x000000000000d9a4       0x28 /usr/lib/gcc/i686-linux-gnu/4.8/../../../i386-linux-gnu/crti.o
 .rel.text.mdns_prep_host_announce_packet
                0x000000000000d9cc       0x50 /usr/lib/gcc/i686-linux-gnu/4.8/../../../i386-linux-gnu/crti.o
 .rel.text.try_next_server
                0x000000000000da1c        0x8 /usr/lib/gcc/i686-linux-gnu/4.8/../../../i386-linux-gnu/crti.o
 .rel.text.check_entries
                0x000000000000da24       0xc0 /usr/lib/gcc/i686-linux-gnu/4.8/../../../i386-linux-gnu/crti.o
 .rel.text.newdata
                0x000000000000dae4      0x180 /usr/lib/gcc/i686-linux-gnu/4.8/../../../i386-linux-gnu/crti.o
 .rel.text.resolv_set_hostname
                0x000000000000dc64       0x88 /usr/lib/gcc/i686-linux-gnu/4.8/../../../i386-linux-gnu/crti.o
 .rel.text.resolv_get_hostname
                0x000000000000dcec        0x8 /usr/lib/gcc/i686-linux-gnu/4.8/../../../i386-linux-gnu/crti.o
 .rel.text.process_thread_mdns_probe_process
                0x000000000000dcf4       0x98 /usr/lib/gcc/i686-linux-gnu/4.8/../../../i386-linux-gnu/crti.o
 .rel.text.process_thread_resolv_process
                0x000000000000dd8c      0x130 /usr/lib/gcc/i686-linux-gnu/4.8/../../../i386-linux-gnu/crti.o
 .rel.text.remove_trailing_dots
                0x000000000000debc       0x30 /usr/lib/gcc/i686-linux-gnu/4.8/../../../i386-linux-gnu/crti.o
 .rel.text.resolv_query
                0x000000000000deec       0xb8 /usr/lib/gcc/i686-linux-gnu/4.8/../../../i386-linux-gnu/crti.o
 .rel.text.resolv_lookup
                0x000000000000dfa4       0x20 /usr/lib/gcc/i686-linux-gnu/4.8/../../../i386-linux-gnu/crti.o
 .rel.text.resolv_found
                0x000000000000dfc4       0xd8 /usr/lib/gcc/i686-linux-gnu/4.8/../../../i386-linux-gnu/crti.o
 .rel.text.tcpip_output
                0x000000000000e09c       0x10 /usr/lib/gcc/i686-linux-gnu/4.8/../../../i386-linux-gnu/crti.o
 .rel.text.tcpip_set_outputfunc
                0x000000000000e0ac        0x8 /usr/lib/gcc/i686-linux-gnu/4.8/../../../i386-linux-gnu/crti.o
 .rel.text.start_periodic_tcp_timer
                0x000000000000e0b4       0x20 /usr/lib/gcc/i686-linux-gnu/4.8/../../../i386-linux-gnu/crti.o
 .rel.text.check_for_tcp_syn
                0x000000000000e0d4       0x10 /usr/lib/gcc/i686-linux-gnu/4.8/../../../i386-linux-gnu/crti.o
 .rel.text.packet_input
                0x000000000000e0e4       0x98 /usr/lib/gcc/i686-linux-gnu/4.8/../../../i386-linux-gnu/crti.o
 .rel.text.tcp_connect
                0x000000000000e17c       0x18 /usr/lib/gcc/i686-linux-gnu/4.8/../../../i386-linux-gnu/crti.o
 .rel.text.tcp_unlisten
                0x000000000000e194       0x18 /usr/lib/gcc/i686-linux-gnu/4.8/../../../i386-linux-gnu/crti.o
 .rel.text.tcp_listen
                0x000000000000e1ac       0x18 /usr/lib/gcc/i686-linux-gnu/4.8/../../../i386-linux-gnu/crti.o
 .rel.text.tcp_attach
                0x000000000000e1c4        0x8 /usr/lib/gcc/i686-linux-gnu/4.8/../../../i386-linux-gnu/crti.o
 .rel.text.udp_attach
                0x000000000000e1cc        0x8 /usr/lib/gcc/i686-linux-gnu/4.8/../../../i386-linux-gnu/crti.o
 .rel.text.udp_new
                0x000000000000e1d4       0x10 /usr/lib/gcc/i686-linux-gnu/4.8/../../../i386-linux-gnu/crti.o
 .rel.text.udp_broadcast_new
                0x000000000000e1e4       0x10 /usr/lib/gcc/i686-linux-gnu/4.8/../../../i386-linux-gnu/crti.o
 .rel.text.eventhandler
                0x000000000000e1f4       0xd8 /usr/lib/gcc/i686-linux-gnu/4.8/../../../i386-linux-gnu/crti.o
 .rel.text.tcpip_input
                0x000000000000e2cc       0x20 /usr/lib/gcc/i686-linux-gnu/4.8/../../../i386-linux-gnu/crti.o
 .rel.text.tcpip_ipv6_output
                0x000000000000e2ec      0x290 /usr/lib/gcc/i686-linux-gnu/4.8/../../../i386-linux-gnu/crti.o
 .rel.text.tcpip_poll_udp
                0x000000000000e57c       0x10 /usr/lib/gcc/i686-linux-gnu/4.8/../../../i386-linux-gnu/crti.o
 .rel.text.tcpip_poll_tcp
                0x000000000000e58c       0x10 /usr/lib/gcc/i686-linux-gnu/4.8/../../../i386-linux-gnu/crti.o
 .rel.text.tcpip_uipcall
                0x000000000000e59c       0x40 /usr/lib/gcc/i686-linux-gnu/4.8/../../../i386-linux-gnu/crti.o
 .rel.text.process_thread_tcpip_process
                0x000000000000e5dc       0x48 /usr/lib/gcc/i686-linux-gnu/4.8/../../../i386-linux-gnu/crti.o
 .rel.text.uip_debug_ipaddr_print
                0x000000000000e624       0x50 /usr/lib/gcc/i686-linux-gnu/4.8/../../../i386-linux-gnu/crti.o
 .rel.text.uip_nameserver_update
                0x000000000000e674       0x28 /usr/lib/gcc/i686-linux-gnu/4.8/../../../i386-linux-gnu/crti.o
 .rel.text.uip_nameserver_get
                0x000000000000e69c        0x8 /usr/lib/gcc/i686-linux-gnu/4.8/../../../i386-linux-gnu/crti.o
 .rel.text.uip_nameserver_next_expiration
                0x000000000000e6a4        0x8 /usr/lib/gcc/i686-linux-gnu/4.8/../../../i386-linux-gnu/crti.o
 .rel.text.uip_nameserver_count
                0x000000000000e6ac       0x40 /usr/lib/gcc/i686-linux-gnu/4.8/../../../i386-linux-gnu/crti.o
 .rel.text.packet_timedout
                0x000000000000e6ec       0x10 /usr/lib/gcc/i686-linux-gnu/4.8/../../../i386-linux-gnu/crti.o
 .rel.text.uip_packetqueue_alloc
                0x000000000000e6fc       0x20 /usr/lib/gcc/i686-linux-gnu/4.8/../../../i386-linux-gnu/crti.o
 .rel.text.uip_packetqueue_free
                0x000000000000e71c       0x18 /usr/lib/gcc/i686-linux-gnu/4.8/../../../i386-linux-gnu/crti.o
 .rel.text.uip_udp_packet_send
                0x000000000000e734       0x38 /usr/lib/gcc/i686-linux-gnu/4.8/../../../i386-linux-gnu/crti.o
 .rel.text.uip_udp_packet_sendto
                0x000000000000e76c       0x10 /usr/lib/gcc/i686-linux-gnu/4.8/../../../i386-linux-gnu/crti.o
 .rel.text.uiplib_ip6addrconv
                0x000000000000e77c       0x10 /usr/lib/gcc/i686-linux-gnu/4.8/../../../i386-linux-gnu/crti.o
 .rel.text.rpl_print_neighbor_list
                0x000000000000e78c       0xc8 /usr/lib/gcc/i686-linux-gnu/4.8/../../../i386-linux-gnu/crti.o
 .rel.text.rpl_get_nbr
                0x000000000000e854       0x18 /usr/lib/gcc/i686-linux-gnu/4.8/../../../i386-linux-gnu/crti.o
 .rel.text.nbr_callback
                0x000000000000e86c        0x8 /usr/lib/gcc/i686-linux-gnu/4.8/../../../i386-linux-gnu/crti.o
 .rel.text.rpl_dag_init
                0x000000000000e874       0x18 /usr/lib/gcc/i686-linux-gnu/4.8/../../../i386-linux-gnu/crti.o
 .rel.text.rpl_get_parent
                0x000000000000e88c       0x10 /usr/lib/gcc/i686-linux-gnu/4.8/../../../i386-linux-gnu/crti.o
 .rel.text.rpl_get_parent_rank
                0x000000000000e89c       0x10 /usr/lib/gcc/i686-linux-gnu/4.8/../../../i386-linux-gnu/crti.o
 .rel.text.rpl_get_parent_lladdr
                0x000000000000e8ac       0x10 /usr/lib/gcc/i686-linux-gnu/4.8/../../../i386-linux-gnu/crti.o
 .rel.text.rpl_get_parent_ipaddr
                0x000000000000e8bc       0x10 /usr/lib/gcc/i686-linux-gnu/4.8/../../../i386-linux-gnu/crti.o
 .rel.text.rpl_get_parent_link_stats
                0x000000000000e8cc       0x10 /usr/lib/gcc/i686-linux-gnu/4.8/../../../i386-linux-gnu/crti.o
 .rel.text.rpl_parent_is_fresh
                0x000000000000e8dc       0x10 /usr/lib/gcc/i686-linux-gnu/4.8/../../../i386-linux-gnu/crti.o
 .rel.text.rpl_parent_is_reachable
                0x000000000000e8ec       0x10 /usr/lib/gcc/i686-linux-gnu/4.8/../../../i386-linux-gnu/crti.o
 .rel.text.rpl_set_preferred_parent
                0x000000000000e8fc       0x20 /usr/lib/gcc/i686-linux-gnu/4.8/../../../i386-linux-gnu/crti.o
 .rel.text.remove_parents
                0x000000000000e91c       0x28 /usr/lib/gcc/i686-linux-gnu/4.8/../../../i386-linux-gnu/crti.o
 .rel.text.nullify_parents
                0x000000000000e944       0x28 /usr/lib/gcc/i686-linux-gnu/4.8/../../../i386-linux-gnu/crti.o
 .rel.text.get_dag
                0x000000000000e96c       0x10 /usr/lib/gcc/i686-linux-gnu/4.8/../../../i386-linux-gnu/crti.o
 .rel.text.rpl_set_root
                0x000000000000e97c       0x48 /usr/lib/gcc/i686-linux-gnu/4.8/../../../i386-linux-gnu/crti.o
 .rel.text.rpl_repair_root
                0x000000000000e9c4       0x10 /usr/lib/gcc/i686-linux-gnu/4.8/../../../i386-linux-gnu/crti.o
 .rel.text.set_ip_from_prefix
                0x000000000000e9d4       0x20 /usr/lib/gcc/i686-linux-gnu/4.8/../../../i386-linux-gnu/crti.o
 .rel.text.check_prefix
                0x000000000000e9f4       0x30 /usr/lib/gcc/i686-linux-gnu/4.8/../../../i386-linux-gnu/crti.o
 .rel.text.rpl_set_prefix
                0x000000000000ea24       0x20 /usr/lib/gcc/i686-linux-gnu/4.8/../../../i386-linux-gnu/crti.o
 .rel.text.rpl_set_default_route
                0x000000000000ea44       0x10 /usr/lib/gcc/i686-linux-gnu/4.8/../../../i386-linux-gnu/crti.o
 .rel.text.rpl_alloc_instance
                0x000000000000ea54       0x18 /usr/lib/gcc/i686-linux-gnu/4.8/../../../i386-linux-gnu/crti.o
 .rel.text.rpl_alloc_dag
                0x000000000000ea6c       0x18 /usr/lib/gcc/i686-linux-gnu/4.8/../../../i386-linux-gnu/crti.o
 .rel.text.rpl_set_default_instance
                0x000000000000ea84        0x8 /usr/lib/gcc/i686-linux-gnu/4.8/../../../i386-linux-gnu/crti.o
 .rel.text.rpl_get_default_instance
                0x000000000000ea8c        0x8 /usr/lib/gcc/i686-linux-gnu/4.8/../../../i386-linux-gnu/crti.o
 .rel.text.rpl_free_instance
                0x000000000000ea94       0x40 /usr/lib/gcc/i686-linux-gnu/4.8/../../../i386-linux-gnu/crti.o
 .rel.text.rpl_free_dag
                0x000000000000ead4        0x8 /usr/lib/gcc/i686-linux-gnu/4.8/../../../i386-linux-gnu/crti.o
 .rel.text.rpl_add_parent
                0x000000000000eadc       0x18 /usr/lib/gcc/i686-linux-gnu/4.8/../../../i386-linux-gnu/crti.o
 .rel.text.find_parent_any_dag_any_instance
                0x000000000000eaf4       0x20 /usr/lib/gcc/i686-linux-gnu/4.8/../../../i386-linux-gnu/crti.o
 .rel.text.rpl_select_dag
                0x000000000000eb14       0x48 /usr/lib/gcc/i686-linux-gnu/4.8/../../../i386-linux-gnu/crti.o
 .rel.text.best_parent
                0x000000000000eb5c       0x30 /usr/lib/gcc/i686-linux-gnu/4.8/../../../i386-linux-gnu/crti.o
 .rel.text.rpl_select_parent
                0x000000000000eb8c       0x18 /usr/lib/gcc/i686-linux-gnu/4.8/../../../i386-linux-gnu/crti.o
 .rel.text.rpl_remove_parent
                0x000000000000eba4       0x18 /usr/lib/gcc/i686-linux-gnu/4.8/../../../i386-linux-gnu/crti.o
 .rel.text.rpl_nullify_parent
                0x000000000000ebbc       0x10 /usr/lib/gcc/i686-linux-gnu/4.8/../../../i386-linux-gnu/crti.o
 .rel.text.rpl_move_parent
                0x000000000000ebcc       0x18 /usr/lib/gcc/i686-linux-gnu/4.8/../../../i386-linux-gnu/crti.o
 .rel.text.rpl_has_downward_route
                0x000000000000ebe4       0x10 /usr/lib/gcc/i686-linux-gnu/4.8/../../../i386-linux-gnu/crti.o
 .rel.text.rpl_get_dag
                0x000000000000ebf4       0x30 /usr/lib/gcc/i686-linux-gnu/4.8/../../../i386-linux-gnu/crti.o
 .rel.text.rpl_get_any_dag
                0x000000000000ec24       0x18 /usr/lib/gcc/i686-linux-gnu/4.8/../../../i386-linux-gnu/crti.o
 .rel.text.rpl_get_instance
                0x000000000000ec3c       0x18 /usr/lib/gcc/i686-linux-gnu/4.8/../../../i386-linux-gnu/crti.o
 .rel.text.rpl_find_of
                0x000000000000ec54       0x10 /usr/lib/gcc/i686-linux-gnu/4.8/../../../i386-linux-gnu/crti.o
 .rel.text.rpl_join_instance
                0x000000000000ec64       0x58 /usr/lib/gcc/i686-linux-gnu/4.8/../../../i386-linux-gnu/crti.o
 .rel.text.rpl_add_dag
                0x000000000000ecbc       0x50 /usr/lib/gcc/i686-linux-gnu/4.8/../../../i386-linux-gnu/crti.o
 .rel.text.global_repair
                0x000000000000ed0c       0x18 /usr/lib/gcc/i686-linux-gnu/4.8/../../../i386-linux-gnu/crti.o
 .rel.text.rpl_local_repair
                0x000000000000ed24        0x8 /usr/lib/gcc/i686-linux-gnu/4.8/../../../i386-linux-gnu/crti.o
 .rel.text.rpl_recalculate_ranks
                0x000000000000ed2c       0x28 /usr/lib/gcc/i686-linux-gnu/4.8/../../../i386-linux-gnu/crti.o
 .rel.text.rpl_process_parent_event
                0x000000000000ed54       0x40 /usr/lib/gcc/i686-linux-gnu/4.8/../../../i386-linux-gnu/crti.o
 .rel.text.add_nbr_from_dio
                0x000000000000ed94        0x8 /usr/lib/gcc/i686-linux-gnu/4.8/../../../i386-linux-gnu/crti.o
 .rel.text.rpl_process_dio
                0x000000000000ed9c       0x78 /usr/lib/gcc/i686-linux-gnu/4.8/../../../i386-linux-gnu/crti.o
 .rel.text.rpl_verify_hbh_header
                0x000000000000ee14      0x108 /usr/lib/gcc/i686-linux-gnu/4.8/../../../i386-linux-gnu/crti.o
 .rel.text.update_hbh_header
                0x000000000000ef1c      0x138 /usr/lib/gcc/i686-linux-gnu/4.8/../../../i386-linux-gnu/crti.o
 .rel.text.insert_hbh_header
                0x000000000000f054      0x128 /usr/lib/gcc/i686-linux-gnu/4.8/../../../i386-linux-gnu/crti.o
 .rel.text.rpl_remove_header
                0x000000000000f17c       0xc8 /usr/lib/gcc/i686-linux-gnu/4.8/../../../i386-linux-gnu/crti.o
 .rel.text.rpl_update_header
                0x000000000000f244       0x80 /usr/lib/gcc/i686-linux-gnu/4.8/../../../i386-linux-gnu/crti.o
 .rel.text.prepare_for_dao_fwd
                0x000000000000f2c4       0x38 /usr/lib/gcc/i686-linux-gnu/4.8/../../../i386-linux-gnu/crti.o
 .rel.text.get_global_addr
                0x000000000000f2fc       0x30 /usr/lib/gcc/i686-linux-gnu/4.8/../../../i386-linux-gnu/crti.o
 .rel.text.rpl_icmp6_update_nbr_table
                0x000000000000f32c       0x10 /usr/lib/gcc/i686-linux-gnu/4.8/../../../i386-linux-gnu/crti.o
 .rel.text.dis_input
                0x000000000000f33c       0x48 /usr/lib/gcc/i686-linux-gnu/4.8/../../../i386-linux-gnu/crti.o
 .rel.text.dis_output
                0x000000000000f384       0x20 /usr/lib/gcc/i686-linux-gnu/4.8/../../../i386-linux-gnu/crti.o
 .rel.text.dio_input
                0x000000000000f3a4       0x58 /usr/lib/gcc/i686-linux-gnu/4.8/../../../i386-linux-gnu/crti.o
 .rel.text.dio_output
                0x000000000000f3fc       0x40 /usr/lib/gcc/i686-linux-gnu/4.8/../../../i386-linux-gnu/crti.o
 .rel.text.dao_input_storing
                0x000000000000f43c      0x120 /usr/lib/gcc/i686-linux-gnu/4.8/../../../i386-linux-gnu/crti.o
 .rel.text.dao_input
                0x000000000000f55c       0x28 /usr/lib/gcc/i686-linux-gnu/4.8/../../../i386-linux-gnu/crti.o
 .rel.text.dao_output
                0x000000000000f584       0x38 /usr/lib/gcc/i686-linux-gnu/4.8/../../../i386-linux-gnu/crti.o
 .rel.text.dao_output_target
                0x000000000000f5bc        0x8 /usr/lib/gcc/i686-linux-gnu/4.8/../../../i386-linux-gnu/crti.o
 .rel.text.dao_output_target_seq
                0x000000000000f5c4       0x48 /usr/lib/gcc/i686-linux-gnu/4.8/../../../i386-linux-gnu/crti.o
 .rel.text.dao_ack_input
                0x000000000000f60c       0x10 /usr/lib/gcc/i686-linux-gnu/4.8/../../../i386-linux-gnu/crti.o
 .rel.text.rpl_icmp6_register_handlers
                0x000000000000f61c       0x40 /usr/lib/gcc/i686-linux-gnu/4.8/../../../i386-linux-gnu/crti.o
 .rel.text.parent_link_metric
                0x000000000000f65c        0x8 /usr/lib/gcc/i686-linux-gnu/4.8/../../../i386-linux-gnu/crti.o
 .rel.text.handle_periodic_timer
                0x000000000000f664       0x68 /usr/lib/gcc/i686-linux-gnu/4.8/../../../i386-linux-gnu/crti.o
 .rel.text.new_dio_interval
                0x000000000000f6cc       0x18 /usr/lib/gcc/i686-linux-gnu/4.8/../../../i386-linux-gnu/crti.o
 .rel.text.handle_dio_timer
                0x000000000000f6e4       0x40 /usr/lib/gcc/i686-linux-gnu/4.8/../../../i386-linux-gnu/crti.o
 .rel.text.rpl_reset_periodic_timer
                0x000000000000f724       0x28 /usr/lib/gcc/i686-linux-gnu/4.8/../../../i386-linux-gnu/crti.o
 .rel.text.set_dao_lifetime_timer
                0x000000000000f74c       0x20 /usr/lib/gcc/i686-linux-gnu/4.8/../../../i386-linux-gnu/crti.o
 .rel.text.handle_dao_timer
                0x000000000000f76c       0x38 /usr/lib/gcc/i686-linux-gnu/4.8/../../../i386-linux-gnu/crti.o
 .rel.text.schedule_dao
                0x000000000000f7a4       0x30 /usr/lib/gcc/i686-linux-gnu/4.8/../../../i386-linux-gnu/crti.o
 .rel.text.rpl_cancel_dao
                0x000000000000f7d4       0x10 /usr/lib/gcc/i686-linux-gnu/4.8/../../../i386-linux-gnu/crti.o
 .rel.text.handle_unicast_dio_timer
                0x000000000000f7e4       0x10 /usr/lib/gcc/i686-linux-gnu/4.8/../../../i386-linux-gnu/crti.o
 .rel.text.rpl_schedule_unicast_dio_immediately
                0x000000000000f7f4       0x10 /usr/lib/gcc/i686-linux-gnu/4.8/../../../i386-linux-gnu/crti.o
 .rel.text.get_probing_delay
                0x000000000000f804       0x10 /usr/lib/gcc/i686-linux-gnu/4.8/../../../i386-linux-gnu/crti.o
 .rel.text.get_probing_target
                0x000000000000f814       0x70 /usr/lib/gcc/i686-linux-gnu/4.8/../../../i386-linux-gnu/crti.o
 .rel.text.handle_probing_timer
                0x000000000000f884       0x28 /usr/lib/gcc/i686-linux-gnu/4.8/../../../i386-linux-gnu/crti.o
 .rel.text.rpl_schedule_probing
                0x000000000000f8ac       0x18 /usr/lib/gcc/i686-linux-gnu/4.8/../../../i386-linux-gnu/crti.o
 .rel.text.rpl_get_mode
                0x000000000000f8c4        0x8 /usr/lib/gcc/i686-linux-gnu/4.8/../../../i386-linux-gnu/crti.o
 .rel.text.rpl_set_mode
                0x000000000000f8cc       0x68 /usr/lib/gcc/i686-linux-gnu/4.8/../../../i386-linux-gnu/crti.o
 .rel.text.rpl_purge_routes
                0x000000000000f934       0x50 /usr/lib/gcc/i686-linux-gnu/4.8/../../../i386-linux-gnu/crti.o
 .rel.text.rpl_remove_routes
                0x000000000000f984       0x20 /usr/lib/gcc/i686-linux-gnu/4.8/../../../i386-linux-gnu/crti.o
 .rel.text.rpl_remove_routes_by_nexthop
                0x000000000000f9a4       0x20 /usr/lib/gcc/i686-linux-gnu/4.8/../../../i386-linux-gnu/crti.o
 .rel.text.rpl_add_route
                0x000000000000f9c4        0x8 /usr/lib/gcc/i686-linux-gnu/4.8/../../../i386-linux-gnu/crti.o
 .rel.text.rpl_link_neighbor_callback
                0x000000000000f9cc       0x20 /usr/lib/gcc/i686-linux-gnu/4.8/../../../i386-linux-gnu/crti.o
 .rel.text.rpl_ipv6_neighbor_callback
                0x000000000000f9ec       0x10 /usr/lib/gcc/i686-linux-gnu/4.8/../../../i386-linux-gnu/crti.o
 .rel.text.rpl_purge_dags
                0x000000000000f9fc       0x10 /usr/lib/gcc/i686-linux-gnu/4.8/../../../i386-linux-gnu/crti.o
 .rel.text.rpl_init
                0x000000000000fa0c       0x30 /usr/lib/gcc/i686-linux-gnu/4.8/../../../i386-linux-gnu/crti.o
 .rel.text.link_stats_from_lladdr
                0x000000000000fa3c       0x10 /usr/lib/gcc/i686-linux-gnu/4.8/../../../i386-linux-gnu/crti.o
 .rel.text.link_stats_is_fresh
                0x000000000000fa4c        0x8 /usr/lib/gcc/i686-linux-gnu/4.8/../../../i386-linux-gnu/crti.o
 .rel.text.link_stats_packet_sent
                0x000000000000fa54       0x30 /usr/lib/gcc/i686-linux-gnu/4.8/../../../i386-linux-gnu/crti.o
 .rel.text.link_stats_input_callback
                0x000000000000fa84       0x20 /usr/lib/gcc/i686-linux-gnu/4.8/../../../i386-linux-gnu/crti.o
 .rel.text.periodic
                0x000000000000faa4       0x30 /usr/lib/gcc/i686-linux-gnu/4.8/../../../i386-linux-gnu/crti.o
 .rel.text.link_stats_init
                0x000000000000fad4       0x28 /usr/lib/gcc/i686-linux-gnu/4.8/../../../i386-linux-gnu/crti.o
 .rel.text.linkaddr_copy
                0x000000000000fafc        0x8 /usr/lib/gcc/i686-linux-gnu/4.8/../../../i386-linux-gnu/crti.o
 .rel.text.linkaddr_cmp
                0x000000000000fb04        0x8 /usr/lib/gcc/i686-linux-gnu/4.8/../../../i386-linux-gnu/crti.o
 .rel.text.linkaddr_set_node_addr
                0x000000000000fb0c       0x10 /usr/lib/gcc/i686-linux-gnu/4.8/../../../i386-linux-gnu/crti.o
 .rel.text.key_from_index
                0x000000000000fb1c        0x8 /usr/lib/gcc/i686-linux-gnu/4.8/../../../i386-linux-gnu/crti.o
 .rel.text.index_from_key
                0x000000000000fb24        0x8 /usr/lib/gcc/i686-linux-gnu/4.8/../../../i386-linux-gnu/crti.o
 .rel.text.index_from_lladdr
                0x000000000000fb2c       0x28 /usr/lib/gcc/i686-linux-gnu/4.8/../../../i386-linux-gnu/crti.o
 .rel.text.remove_key
                0x000000000000fb54       0x48 /usr/lib/gcc/i686-linux-gnu/4.8/../../../i386-linux-gnu/crti.o
 .rel.text.nbr_table_allocate
                0x000000000000fb9c       0x50 /usr/lib/gcc/i686-linux-gnu/4.8/../../../i386-linux-gnu/crti.o
 .rel.text.nbr_table_register
                0x000000000000fbec       0x20 /usr/lib/gcc/i686-linux-gnu/4.8/../../../i386-linux-gnu/crti.o
 .rel.text.nbr_table_head
                0x000000000000fc0c       0x20 /usr/lib/gcc/i686-linux-gnu/4.8/../../../i386-linux-gnu/crti.o
 .rel.text.nbr_table_next
                0x000000000000fc2c       0x10 /usr/lib/gcc/i686-linux-gnu/4.8/../../../i386-linux-gnu/crti.o
 .rel.text.nbr_table_add_lladdr
                0x000000000000fc3c       0x30 /usr/lib/gcc/i686-linux-gnu/4.8/../../../i386-linux-gnu/crti.o
 .rel.text.nbr_table_get_from_lladdr
                0x000000000000fc6c        0x8 /usr/lib/gcc/i686-linux-gnu/4.8/../../../i386-linux-gnu/crti.o
 .rel.text.nbr_table_remove
                0x000000000000fc74       0x10 /usr/lib/gcc/i686-linux-gnu/4.8/../../../i386-linux-gnu/crti.o
 .rel.text.nbr_table_lock
                0x000000000000fc84        0x8 /usr/lib/gcc/i686-linux-gnu/4.8/../../../i386-linux-gnu/crti.o
 .rel.text.nbr_table_unlock
                0x000000000000fc8c        0x8 /usr/lib/gcc/i686-linux-gnu/4.8/../../../i386-linux-gnu/crti.o
 .rel.text.nbr_table_update_lladdr
                0x000000000000fc94        0x8 /usr/lib/gcc/i686-linux-gnu/4.8/../../../i386-linux-gnu/crti.o
 .rel.text.netstack_init
                0x000000000000fc9c       0x28 /usr/lib/gcc/i686-linux-gnu/4.8/../../../i386-linux-gnu/crti.o
 .rel.text.packetbuf_clear
                0x000000000000fcc4       0x28 /usr/lib/gcc/i686-linux-gnu/4.8/../../../i386-linux-gnu/crti.o
 .rel.text.packetbuf_copyfrom
                0x000000000000fcec       0x20 /usr/lib/gcc/i686-linux-gnu/4.8/../../../i386-linux-gnu/crti.o
 .rel.text.packetbuf_compact
                0x000000000000fd0c       0x38 /usr/lib/gcc/i686-linux-gnu/4.8/../../../i386-linux-gnu/crti.o
 .rel.text.packetbuf_copyto
                0x000000000000fd44       0x58 /usr/lib/gcc/i686-linux-gnu/4.8/../../../i386-linux-gnu/crti.o
 .rel.text.packetbuf_hdralloc
                0x000000000000fd9c       0x30 /usr/lib/gcc/i686-linux-gnu/4.8/../../../i386-linux-gnu/crti.o
 .rel.text.packetbuf_hdrreduce
                0x000000000000fdcc       0x28 /usr/lib/gcc/i686-linux-gnu/4.8/../../../i386-linux-gnu/crti.o
 .rel.text.packetbuf_set_datalen
                0x000000000000fdf4        0x8 /usr/lib/gcc/i686-linux-gnu/4.8/../../../i386-linux-gnu/crti.o
 .rel.text.packetbuf_dataptr
                0x000000000000fdfc       0x10 /usr/lib/gcc/i686-linux-gnu/4.8/../../../i386-linux-gnu/crti.o
 .rel.text.packetbuf_hdrptr
                0x000000000000fe0c        0x8 /usr/lib/gcc/i686-linux-gnu/4.8/../../../i386-linux-gnu/crti.o
 .rel.text.packetbuf_datalen
                0x000000000000fe14        0x8 /usr/lib/gcc/i686-linux-gnu/4.8/../../../i386-linux-gnu/crti.o
 .rel.text.packetbuf_hdrlen
                0x000000000000fe1c       0x10 /usr/lib/gcc/i686-linux-gnu/4.8/../../../i386-linux-gnu/crti.o
 .rel.text.packetbuf_totlen
                0x000000000000fe2c       0x10 /usr/lib/gcc/i686-linux-gnu/4.8/../../../i386-linux-gnu/crti.o
 .rel.text.packetbuf_remaininglen
                0x000000000000fe3c        0x8 /usr/lib/gcc/i686-linux-gnu/4.8/../../../i386-linux-gnu/crti.o
 .rel.text.packetbuf_attr_clear
                0x000000000000fe44       0x28 /usr/lib/gcc/i686-linux-gnu/4.8/../../../i386-linux-gnu/crti.o
 .rel.text.packetbuf_attr_copyto
                0x000000000000fe6c       0x30 /usr/lib/gcc/i686-linux-gnu/4.8/../../../i386-linux-gnu/crti.o
 .rel.text.packetbuf_attr_copyfrom
                0x000000000000fe9c       0x30 /usr/lib/gcc/i686-linux-gnu/4.8/../../../i386-linux-gnu/crti.o
 .rel.text.packetbuf_holds_broadcast
                0x000000000000fecc       0x18 /usr/lib/gcc/i686-linux-gnu/4.8/../../../i386-linux-gnu/crti.o
 .rel.text.queuebuf_init
                0x000000000000fee4       0x20 /usr/lib/gcc/i686-linux-gnu/4.8/../../../i386-linux-gnu/crti.o
 .rel.text.queuebuf_numfree
                0x000000000000ff04       0x10 /usr/lib/gcc/i686-linux-gnu/4.8/../../../i386-linux-gnu/crti.o
 .rel.text.queuebuf_new_from_packetbuf
                0x000000000000ff14       0x40 /usr/lib/gcc/i686-linux-gnu/4.8/../../../i386-linux-gnu/crti.o
 .rel.text.queuebuf_update_attr_from_packetbuf
                0x000000000000ff54        0x8 /usr/lib/gcc/i686-linux-gnu/4.8/../../../i386-linux-gnu/crti.o
 .rel.text.queuebuf_update_from_packetbuf
                0x000000000000ff5c       0x10 /usr/lib/gcc/i686-linux-gnu/4.8/../../../i386-linux-gnu/crti.o
 .rel.text.queuebuf_free
                0x000000000000ff6c       0x30 /usr/lib/gcc/i686-linux-gnu/4.8/../../../i386-linux-gnu/crti.o
 .rel.text.queuebuf_to_packetbuf
                0x000000000000ff9c       0x20 /usr/lib/gcc/i686-linux-gnu/4.8/../../../i386-linux-gnu/crti.o
 .rel.text.queuebuf_dataptr
                0x000000000000ffbc       0x10 /usr/lib/gcc/i686-linux-gnu/4.8/../../../i386-linux-gnu/crti.o
 .rel.text.neighbor_queue_from_addr
                0x000000000000ffcc       0x20 /usr/lib/gcc/i686-linux-gnu/4.8/../../../i386-linux-gnu/crti.o
 .rel.text.backoff_period
                0x000000000000ffec        0x8 /usr/lib/gcc/i686-linux-gnu/4.8/../../../i386-linux-gnu/crti.o
 .rel.text.transmit_packet_list
                0x000000000000fff4       0x18 /usr/lib/gcc/i686-linux-gnu/4.8/../../../i386-linux-gnu/crti.o
 .rel.text.schedule_transmission
                0x000000000001000c       0x18 /usr/lib/gcc/i686-linux-gnu/4.8/../../../i386-linux-gnu/crti.o
 .rel.text.free_packet
                0x0000000000010024       0x60 /usr/lib/gcc/i686-linux-gnu/4.8/../../../i386-linux-gnu/crti.o
 .rel.text.tx_done
                0x0000000000010084        0x8 /usr/lib/gcc/i686-linux-gnu/4.8/../../../i386-linux-gnu/crti.o
 .rel.text.rexmit
                0x000000000001008c        0x8 /usr/lib/gcc/i686-linux-gnu/4.8/../../../i386-linux-gnu/crti.o
 .rel.text.input_packet
                0x0000000000010094        0x8 /usr/lib/gcc/i686-linux-gnu/4.8/../../../i386-linux-gnu/crti.o
 .rel.text.on   0x000000000001009c       0x10 /usr/lib/gcc/i686-linux-gnu/4.8/../../../i386-linux-gnu/crti.o
 .rel.text.off  0x00000000000100ac       0x18 /usr/lib/gcc/i686-linux-gnu/4.8/../../../i386-linux-gnu/crti.o
 .rel.text.channel_check_interval
                0x00000000000100c4       0x10 /usr/lib/gcc/i686-linux-gnu/4.8/../../../i386-linux-gnu/crti.o
 .rel.text.create_frame
                0x00000000000100d4       0xc0 /usr/lib/gcc/i686-linux-gnu/4.8/../../../i386-linux-gnu/crti.o
 .rel.text.parse
                0x0000000000010194       0x38 /usr/lib/gcc/i686-linux-gnu/4.8/../../../i386-linux-gnu/crti.o
 .rel.text.send_one_packet
                0x00000000000101cc       0xd0 /usr/lib/gcc/i686-linux-gnu/4.8/../../../i386-linux-gnu/crti.o
 .rel.text.send_list
                0x000000000001029c        0x8 /usr/lib/gcc/i686-linux-gnu/4.8/../../../i386-linux-gnu/crti.o
 .rel.text.send
                0x00000000000102a4        0x8 /usr/lib/gcc/i686-linux-gnu/4.8/../../../i386-linux-gnu/crti.o
 .rel.text.stimer_set
                0x00000000000102ac        0x8 /usr/lib/gcc/i686-linux-gnu/4.8/../../../i386-linux-gnu/crti.o
 .rel.text.stimer_restart
                0x00000000000102b4        0x8 /usr/lib/gcc/i686-linux-gnu/4.8/../../../i386-linux-gnu/crti.o
 .rel.text.stimer_expired
                0x00000000000102bc        0x8 /usr/lib/gcc/i686-linux-gnu/4.8/../../../i386-linux-gnu/crti.o
 .rel.text.stimer_remaining
                0x00000000000102c4        0x8 /usr/lib/gcc/i686-linux-gnu/4.8/../../../i386-linux-gnu/crti.o
 .rel.text.stimer_elapsed
                0x00000000000102cc        0x8 /usr/lib/gcc/i686-linux-gnu/4.8/../../../i386-linux-gnu/crti.o
 .rel.text.input_handler_lookup
                0x00000000000102d4       0x18 /usr/lib/gcc/i686-linux-gnu/4.8/../../../i386-linux-gnu/crti.o
 .rel.text.uip_icmp6_register_input_handler
                0x00000000000102ec       0x10 /usr/lib/gcc/i686-linux-gnu/4.8/../../../i386-linux-gnu/crti.o
 .rel.text.echo_request_input
                0x00000000000102fc      0x160 /usr/lib/gcc/i686-linux-gnu/4.8/../../../i386-linux-gnu/crti.o
 .rel.text.uip_icmp6_error_output
                0x000000000001045c      0x250 /usr/lib/gcc/i686-linux-gnu/4.8/../../../i386-linux-gnu/crti.o
 .rel.text.uip_icmp6_send
                0x00000000000106ac       0xc0 /usr/lib/gcc/i686-linux-gnu/4.8/../../../i386-linux-gnu/crti.o
 .rel.text.echo_reply_input
                0x000000000001076c       0xd0 /usr/lib/gcc/i686-linux-gnu/4.8/../../../i386-linux-gnu/crti.o
 .rel.text.uip_icmp6_echo_reply_callback_add
                0x000000000001083c       0x10 /usr/lib/gcc/i686-linux-gnu/4.8/../../../i386-linux-gnu/crti.o
 .rel.text.uip_icmp6_echo_reply_callback_rm
                0x000000000001084c       0x10 /usr/lib/gcc/i686-linux-gnu/4.8/../../../i386-linux-gnu/crti.o
 .rel.text.uip_icmp6_init
                0x000000000001085c       0x20 /usr/lib/gcc/i686-linux-gnu/4.8/../../../i386-linux-gnu/crti.o
 .rel.text.update_nbr
                0x000000000001087c       0xe0 /usr/lib/gcc/i686-linux-gnu/4.8/../../../i386-linux-gnu/crti.o
 .rel.text.find_removable_dis
                0x000000000001095c       0x10 /usr/lib/gcc/i686-linux-gnu/4.8/../../../i386-linux-gnu/crti.o
 .rel.text.find_removable_dio
                0x000000000001096c       0x18 /usr/lib/gcc/i686-linux-gnu/4.8/../../../i386-linux-gnu/crti.o
 .rel.text.find_removable_dao
                0x0000000000010984       0x10 /usr/lib/gcc/i686-linux-gnu/4.8/../../../i386-linux-gnu/crti.o
 .rel.text.rpl_nbr_policy_find_removable
                0x0000000000010994       0x30 /usr/lib/gcc/i686-linux-gnu/4.8/../../../i386-linux-gnu/crti.o
 .rel.text.frame802154_get_pan_id
                0x00000000000109c4        0x8 /usr/lib/gcc/i686-linux-gnu/4.8/../../../i386-linux-gnu/crti.o
 .rel.text.frame802154_set_pan_id
                0x00000000000109cc        0x8 /usr/lib/gcc/i686-linux-gnu/4.8/../../../i386-linux-gnu/crti.o
 .rel.text.frame802154_check_dest_panid
                0x00000000000109d4       0x10 /usr/lib/gcc/i686-linux-gnu/4.8/../../../i386-linux-gnu/crti.o
 .rel.text.frame802154_extract_linkaddr
                0x00000000000109e4       0x40 /usr/lib/gcc/i686-linux-gnu/4.8/../../../i386-linux-gnu/crti.o
 .rel.text.field_len
                0x0000000000010a24       0x10 /usr/lib/gcc/i686-linux-gnu/4.8/../../../i386-linux-gnu/crti.o
 .rel.text.frame802154_create
                0x0000000000010a34        0x8 /usr/lib/gcc/i686-linux-gnu/4.8/../../../i386-linux-gnu/crti.o
 .rel.text.frame802154_parse
                0x0000000000010a3c       0x50 /usr/lib/gcc/i686-linux-gnu/4.8/../../../i386-linux-gnu/crti.o
 .rel.text.mac_sequence_is_duplicate
                0x0000000000010a8c       0x28 /usr/lib/gcc/i686-linux-gnu/4.8/../../../i386-linux-gnu/crti.o
 .rel.text.mac_sequence_register_seqno
                0x0000000000010ab4       0x48 /usr/lib/gcc/i686-linux-gnu/4.8/../../../i386-linux-gnu/crti.o
 *(.rel.fini)
 .rel.fini      0x0000000000000000        0x0 /usr/lib/gcc/i686-linux-gnu/4.8/../../../i386-linux-gnu/crti.o
 *(.rel.rodata .rel.rodata.* .rel.gnu.linkonce.r.*)
 .rel.rodata    0x0000000000010afc      0x638 /usr/lib/gcc/i686-linux-gnu/4.8/../../../i386-linux-gnu/crti.o
 *(.rel.data.rel.ro .rel.data.rel.ro.* .rel.gnu.linkonce.d.rel.ro.*)
 *(.rel.data .rel.data.* .rel.gnu.linkonce.d.*)
 .rel.data.rel  0x0000000000011134        0x8 /usr/lib/gcc/i686-linux-gnu/4.8/../../../i386-linux-gnu/crti.o
 .rel.data      0x000000000001113c      0x368 /usr/lib/gcc/i686-linux-gnu/4.8/../../../i386-linux-gnu/crti.o
 *(.rel.tdata .rel.tdata.* .rel.gnu.linkonce.td.*)
 *(.rel.tbss .rel.tbss.* .rel.gnu.linkonce.tb.*)
 *(.rel.ctors)
 *(.rel.dtors)
 *(.rel.got)
 .rel.got       0x00000000000114a4       0x28 /usr/lib/gcc/i686-linux-gnu/4.8/../../../i386-linux-gnu/crti.o
 *(.rel.bss .rel.bss.* .rel.gnu.linkonce.b.*)
 *(.rel.ifunc)
 .rel.ifunc     0x0000000000000000        0x0 /usr/lib/gcc/i686-linux-gnu/4.8/../../../i386-linux-gnu/crti.o
 .rel.fini_array
                0x00000000000114cc        0x8 /usr/lib/gcc/i686-linux-gnu/4.8/../../../i386-linux-gnu/crti.o
 .rel.init_array
                0x00000000000114d4        0x8 /usr/lib/gcc/i686-linux-gnu/4.8/../../../i386-linux-gnu/crti.o

.rel.plt        0x00000000000114dc       0x10
 *(.rel.plt)
 .rel.plt       0x00000000000114dc       0x10 /usr/lib/gcc/i686-linux-gnu/4.8/../../../i386-linux-gnu/crti.o
 *(.rel.iplt)

.init           0x00000000000114ec       0x23
 *(SORT(.init))
 .init          0x00000000000114ec       0x1e /usr/lib/gcc/i686-linux-gnu/4.8/../../../i386-linux-gnu/crti.o
                0x00000000000114ec                _init
 .init          0x000000000001150a        0x5 /usr/lib/gcc/i686-linux-gnu/4.8/../../../i386-linux-gnu/crtn.o

.plt            0x0000000000011510       0x30
 *(.plt)
 .plt           0x0000000000011510       0x30 /usr/lib/gcc/i686-linux-gnu/4.8/../../../i386-linux-gnu/crti.o
 *(.iplt)

.text           0x0000000000011540    0x207b4
 *(.text.unlikely .text.*_unlikely .text.unlikely.*)
 *(.text.exit .text.exit.*)
 *(.text.startup .text.startup.*)
 *(.text.hot .text.hot.*)
 *(.text .stub .text.* .gnu.linkonce.t.*)
 .text          0x0000000000011540        0x0 /usr/lib/gcc/i686-linux-gnu/4.8/../../../i386-linux-gnu/crti.o
 .gnu.linkonce.t.__x86.get_pc_thunk.bx
                0x0000000000011540        0x4 /usr/lib/gcc/i686-linux-gnu/4.8/../../../i386-linux-gnu/crti.o
                0x0000000000011540                __x86.get_pc_thunk.bx
 *fill*         0x0000000000011544        0xc 
 .text          0x0000000000011550      0x11b /usr/lib/gcc/i686-linux-gnu/4.8/crtbeginS.o
 .text          0x000000000001166b        0x0 dtls-client.co
 .text.dtls_alert_create
                0x000000000001166b       0x10 dtls-client.co
 .text.dtls_alert_fatal_create
                0x000000000001167b       0x1b dtls-client.co
 .text.dtls_set_handler
                0x0000000000011696        0xe dtls-client.co
 .text.try_send
                0x00000000000116a4       0x6d dtls-client.co
 .text.read_from_peer
                0x0000000000011711       0x1e dtls-client.co
 .text.timeout_handler
                0x000000000001172f       0x59 dtls-client.co
 .text.send_to_peer
                0x0000000000011788       0xd6 dtls-client.co
 .text.get_psk_info
                0x000000000001185e      0x10f dtls-client.co
 .text.dtls_handle_read
                0x000000000001196d       0xe1 dtls-client.co
 .text.tcpip_handler
                0x0000000000011a4e       0x33 dtls-client.co
 .text.print_local_addresses
                0x0000000000011a81       0x80 dtls-client.co
 .text.set_global_address
                0x0000000000011b01       0x82 dtls-client.co
 .text.set_connection_address
                0x0000000000011b83      0x100 dtls-client.co
 .text.init_dtls
                0x0000000000011c83       0xd7 dtls-client.co
                0x0000000000011c83                init_dtls
 .text.process_thread_udp_client_process
                0x0000000000011d5a      0x2a5 dtls-client.co
 .text          0x0000000000011fff        0x0 obj_cooja/mtype802.o
 .text.print_processes
                0x0000000000011fff       0x47 obj_cooja/mtype802.o
 .text.rtimer_thread_loop
                0x0000000000012046       0x12 obj_cooja/mtype802.o
 .text.set_rime_addr
                0x0000000000012058       0xdd obj_cooja/mtype802.o
 .text.contiki_init
                0x0000000000012135      0x385 obj_cooja/mtype802.o
                0x0000000000012135                contiki_init
 .text.process_run_thread_loop
                0x00000000000124ba       0x6a obj_cooja/mtype802.o
 .text.Java_org_contikios_cooja_corecomm_Lib4_init
                0x0000000000012524       0x40 obj_cooja/mtype802.o
                0x0000000000012524                Java_org_contikios_cooja_corecomm_Lib4_init
 .text.Java_org_contikios_cooja_corecomm_Lib4_getMemory
                0x0000000000012564       0x40 obj_cooja/mtype802.o
                0x0000000000012564                Java_org_contikios_cooja_corecomm_Lib4_getMemory
 .text.Java_org_contikios_cooja_corecomm_Lib4_setMemory
                0x00000000000125a4       0x77 obj_cooja/mtype802.o
                0x00000000000125a4                Java_org_contikios_cooja_corecomm_Lib4_setMemory
 .text.Java_org_contikios_cooja_corecomm_Lib4_tick
                0x000000000001261b       0x5f obj_cooja/mtype802.o
                0x000000000001261b                Java_org_contikios_cooja_corecomm_Lib4_tick
 .text.Java_org_contikios_cooja_corecomm_Lib4_setReferenceAddress
                0x000000000001267a       0x12 obj_cooja/mtype802.o
                0x000000000001267a                Java_org_contikios_cooja_corecomm_Lib4_setReferenceAddress
 .text          0x000000000001268c        0x0 obj_cooja/mtype802.a(dtls.o)
 .text.equals   0x000000000001268c       0x44 obj_cooja/mtype802.a(dtls.o)
 .text.check_stack
                0x00000000000126d0        0x5 obj_cooja/mtype802.a(dtls.o)
 .text.dtls_int_to_uint8
                0x00000000000126d5       0x1c obj_cooja/mtype802.a(dtls.o)
 .text.dtls_int_to_uint16
                0x00000000000126f1       0x2f obj_cooja/mtype802.a(dtls.o)
 .text.dtls_int_to_uint24
                0x0000000000012720       0x30 obj_cooja/mtype802.a(dtls.o)
 .text.dtls_int_to_uint32
                0x0000000000012750       0x3e obj_cooja/mtype802.a(dtls.o)
 .text.dtls_int_to_uint48
                0x000000000001278e       0x89 obj_cooja/mtype802.a(dtls.o)
 .text.dtls_uint8_to_int
                0x0000000000012817        0xb obj_cooja/mtype802.a(dtls.o)
 .text.dtls_uint16_to_int
                0x0000000000012822       0x21 obj_cooja/mtype802.a(dtls.o)
 .text.dtls_uint24_to_int
                0x0000000000012843       0x32 obj_cooja/mtype802.a(dtls.o)
 .text.dtls_hash_init
                0x0000000000012875       0x13 obj_cooja/mtype802.a(dtls.o)
 .text.dtls_hash_update
                0x0000000000012888       0x21 obj_cooja/mtype802.a(dtls.o)
 .text.dtls_hash_finalize
                0x00000000000128a9       0x1f obj_cooja/mtype802.a(dtls.o)
 .text.dtls_security_params_epoch
                0x00000000000128c8       0x58 obj_cooja/mtype802.a(dtls.o)
 .text.dtls_security_params
                0x0000000000012920        0xb obj_cooja/mtype802.a(dtls.o)
 .text.dtls_security_params_next
                0x000000000001292b       0x59 obj_cooja/mtype802.a(dtls.o)
 .text.dtls_security_params_free_other
                0x0000000000012984       0x50 obj_cooja/mtype802.a(dtls.o)
 .text.dtls_security_params_switch
                0x00000000000129d4       0x26 obj_cooja/mtype802.a(dtls.o)
 .text.dtls_alert_create
                0x00000000000129fa       0x10 obj_cooja/mtype802.a(dtls.o)
 .text.dtls_alert_fatal_create
                0x0000000000012a0a       0x1b obj_cooja/mtype802.a(dtls.o)
 .text.dtls_prng
                0x0000000000012a25       0x52 obj_cooja/mtype802.a(dtls.o)
 .text.dtls_prng_init
                0x0000000000012a77        0xf obj_cooja/mtype802.a(dtls.o)
 .text.malloc_context
                0x0000000000012a86        0xa obj_cooja/mtype802.a(dtls.o)
 .text.free_context
                0x0000000000012a90        0x5 obj_cooja/mtype802.a(dtls.o)
 .text.dtls_init
                0x0000000000012a95       0x1c obj_cooja/mtype802.a(dtls.o)
                0x0000000000012a95                dtls_init
 .text.dtls_send
                0x0000000000012ab1       0x5e obj_cooja/mtype802.a(dtls.o)
 .text.dtls_get_peer
                0x0000000000012b0f       0x57 obj_cooja/mtype802.a(dtls.o)
                0x0000000000012b0f                dtls_get_peer
 .text.dtls_add_peer
                0x0000000000012b66       0x1d obj_cooja/mtype802.a(dtls.o)
 .text.dtls_write