Archive member included to satisfy reference by file (symbol)

/usr/share/gcc-arm-none-eabi-8-2019-q3-update/bin/../lib/gcc/arm-none-eabi/8.3.1/thumb/v7-m/nofp/libgcc.a(_aeabi_ldivmod.o)
                              obj_openmote-cc2538/spi.o (__aeabi_ldivmod)
/usr/share/gcc-arm-none-eabi-8-2019-q3-update/bin/../lib/gcc/arm-none-eabi/8.3.1/thumb/v7-m/nofp/libgcc.a(_aeabi_uldivmod.o)
                              obj_openmote-cc2538/spi.o (__aeabi_uldivmod)
/usr/share/gcc-arm-none-eabi-8-2019-q3-update/bin/../lib/gcc/arm-none-eabi/8.3.1/thumb/v7-m/nofp/libgcc.a(_udivmoddi4.o)
                              /usr/share/gcc-arm-none-eabi-8-2019-q3-update/bin/../lib/gcc/arm-none-eabi/8.3.1/thumb/v7-m/nofp/libgcc.a(_aeabi_ldivmod.o) (__udivmoddi4)
/usr/share/gcc-arm-none-eabi-8-2019-q3-update/bin/../lib/gcc/arm-none-eabi/8.3.1/thumb/v7-m/nofp/libgcc.a(_dvmd_tls.o)
                              /usr/share/gcc-arm-none-eabi-8-2019-q3-update/bin/../lib/gcc/arm-none-eabi/8.3.1/thumb/v7-m/nofp/libgcc.a(_aeabi_ldivmod.o) (__aeabi_ldiv0)
/usr/share/gcc-arm-none-eabi-8-2019-q3-update/bin/../lib/gcc/arm-none-eabi/8.3.1/../../../../arm-none-eabi/lib/thumb/v7-m/nofp/libc.a(lib_a-ctype_.o)
                              obj_openmote-cc2538/resolv.o (_ctype_)
/usr/share/gcc-arm-none-eabi-8-2019-q3-update/bin/../lib/gcc/arm-none-eabi/8.3.1/../../../../arm-none-eabi/lib/thumb/v7-m/nofp/libc.a(lib_a-memcmp.o)
                              obj_openmote-cc2538/uip-ds6.o (memcmp)
/usr/share/gcc-arm-none-eabi-8-2019-q3-update/bin/../lib/gcc/arm-none-eabi/8.3.1/../../../../arm-none-eabi/lib/thumb/v7-m/nofp/libc.a(lib_a-memcpy.o)
                              obj_openmote-cc2538/dbg-snprintf.o (memcpy)
/usr/share/gcc-arm-none-eabi-8-2019-q3-update/bin/../lib/gcc/arm-none-eabi/8.3.1/../../../../arm-none-eabi/lib/thumb/v7-m/nofp/libc.a(lib_a-memmove.o)
                              obj_openmote-cc2538/mmem.o (memmove)
/usr/share/gcc-arm-none-eabi-8-2019-q3-update/bin/../lib/gcc/arm-none-eabi/8.3.1/../../../../arm-none-eabi/lib/thumb/v7-m/nofp/libc.a(lib_a-memset.o)
                              obj_openmote-cc2538/gpio.o (memset)
/usr/share/gcc-arm-none-eabi-8-2019-q3-update/bin/../lib/gcc/arm-none-eabi/8.3.1/../../../../arm-none-eabi/lib/thumb/v7-m/nofp/libc.a(lib_a-reent.o)
                              obj_openmote-cc2538/syscalls.o (errno)
/usr/share/gcc-arm-none-eabi-8-2019-q3-update/bin/../lib/gcc/arm-none-eabi/8.3.1/../../../../arm-none-eabi/lib/thumb/v7-m/nofp/libc.a(lib_a-strcasecmp.o)
                              obj_openmote-cc2538/resolv.o (strcasecmp)
/usr/share/gcc-arm-none-eabi-8-2019-q3-update/bin/../lib/gcc/arm-none-eabi/8.3.1/../../../../arm-none-eabi/lib/thumb/v7-m/nofp/libc.a(lib_a-strcmp.o)
                              obj_openmote-cc2538/cfs-coffee.o (strcmp)
/usr/share/gcc-arm-none-eabi-8-2019-q3-update/bin/../lib/gcc/arm-none-eabi/8.3.1/../../../../arm-none-eabi/lib/thumb/v7-m/nofp/libc.a(lib_a-strlen-stub.o)
                              obj_openmote-cc2538/sensors.o (strlen)
/usr/share/gcc-arm-none-eabi-8-2019-q3-update/bin/../lib/gcc/arm-none-eabi/8.3.1/../../../../arm-none-eabi/lib/thumb/v7-m/nofp/libc.a(lib_a-strncasecmp.o)
                              obj_openmote-cc2538/resolv.o (strncasecmp)
/usr/share/gcc-arm-none-eabi-8-2019-q3-update/bin/../lib/gcc/arm-none-eabi/8.3.1/../../../../arm-none-eabi/lib/thumb/v7-m/nofp/libc.a(lib_a-strncat.o)
                              obj_openmote-cc2538/resolv.o (strncat)
/usr/share/gcc-arm-none-eabi-8-2019-q3-update/bin/../lib/gcc/arm-none-eabi/8.3.1/../../../../arm-none-eabi/lib/thumb/v7-m/nofp/libc.a(lib_a-strncmp.o)
                              obj_openmote-cc2538/sensors.o (strncmp)
/usr/share/gcc-arm-none-eabi-8-2019-q3-update/bin/../lib/gcc/arm-none-eabi/8.3.1/../../../../arm-none-eabi/lib/thumb/v7-m/nofp/libc.a(lib_a-strncpy.o)
                              obj_openmote-cc2538/cfs-coffee.o (strncpy)
/usr/share/gcc-arm-none-eabi-8-2019-q3-update/bin/../lib/gcc/arm-none-eabi/8.3.1/../../../../arm-none-eabi/lib/thumb/v7-m/nofp/libc.a(lib_a-freer.o)
                              /usr/share/gcc-arm-none-eabi-8-2019-q3-update/bin/../lib/gcc/arm-none-eabi/8.3.1/../../../../arm-none-eabi/lib/thumb/v7-m/nofp/libc.a(lib_a-reent.o) (_free_r)
/usr/share/gcc-arm-none-eabi-8-2019-q3-update/bin/../lib/gcc/arm-none-eabi/8.3.1/../../../../arm-none-eabi/lib/thumb/v7-m/nofp/libc.a(lib_a-impure.o)
                              /usr/share/gcc-arm-none-eabi-8-2019-q3-update/bin/../lib/gcc/arm-none-eabi/8.3.1/../../../../arm-none-eabi/lib/thumb/v7-m/nofp/libc.a(lib_a-reent.o) (_impure_ptr)
/usr/share/gcc-arm-none-eabi-8-2019-q3-update/bin/../lib/gcc/arm-none-eabi/8.3.1/../../../../arm-none-eabi/lib/thumb/v7-m/nofp/libc.a(lib_a-mallocr.o)
                              /usr/share/gcc-arm-none-eabi-8-2019-q3-update/bin/../lib/gcc/arm-none-eabi/8.3.1/../../../../arm-none-eabi/lib/thumb/v7-m/nofp/libc.a(lib_a-freer.o) (__malloc_current_mallinfo)
[...]
Memory Configuration

Name             Origin             Length             Attributes
FLASH_FW         0x0000000000202000 0x000000000007dfd4 xr
FLASH_CCA        0x000000000027ffd4 0x000000000000002c xr
NRSRAM           0x0000000020000000 0x0000000000000000 xrw
FRSRAM           0x0000000020000000 0x0000000000008000 xrw
*default*        0x0000000000000000 0xffffffffffffffff

Linker script and memory map

LOAD obj_openmote-cc2538/startup-gcc.o
LOAD obj_openmote-cc2538/contiki-main.o
LOAD obj_openmote-cc2538/board.o
LOAD obj_openmote-cc2538/leds-arch.o
LOAD obj_openmote-cc2538/button-sensor.o
LOAD obj_openmote-cc2538/openmote-sensors.o
LOAD obj_openmote-cc2538/antenna.o
LOAD obj_openmote-cc2538/adxl346.o
LOAD obj_openmote-cc2538/max44009.o
LOAD obj_openmote-cc2538/sht21.o
LOAD obj_openmote-cc2538/tps62730.o
LOAD obj_openmote-cc2538/soc.o
LOAD obj_openmote-cc2538/clock.o
LOAD obj_openmote-cc2538/rtimer-arch.o
LOAD obj_openmote-cc2538/uart.o
LOAD obj_openmote-cc2538/watchdog.o
LOAD obj_openmote-cc2538/nvic.o
LOAD obj_openmote-cc2538/sys-ctrl.o
LOAD obj_openmote-cc2538/gpio.o
LOAD obj_openmote-cc2538/ioc.o
LOAD obj_openmote-cc2538/spi.o
LOAD obj_openmote-cc2538/adc.o
LOAD obj_openmote-cc2538/crypto.o
LOAD obj_openmote-cc2538/aes.o
LOAD obj_openmote-cc2538/ecb.o
LOAD obj_openmote-cc2538/cbc.o
LOAD obj_openmote-cc2538/ctr.o
LOAD obj_openmote-cc2538/cbc-mac.o
LOAD obj_openmote-cc2538/gcm.o
LOAD obj_openmote-cc2538/ccm.o
LOAD obj_openmote-cc2538/sha256.o
LOAD obj_openmote-cc2538/cc2538-aes-128.o
LOAD obj_openmote-cc2538/cc2538-ccm-star.o
LOAD obj_openmote-cc2538/cc2538-rf.o
LOAD obj_openmote-cc2538/udma.o
LOAD obj_openmote-cc2538/lpm.o
LOAD obj_openmote-cc2538/pka.o
LOAD obj_openmote-cc2538/bignum-driver.o
LOAD obj_openmote-cc2538/ecc-driver.o
LOAD obj_openmote-cc2538/ecc-algorithm.o
LOAD obj_openmote-cc2538/ecc-curve.o
LOAD obj_openmote-cc2538/dbg.o
LOAD obj_openmote-cc2538/ieee-addr.o
LOAD obj_openmote-cc2538/slip-arch.o
LOAD obj_openmote-cc2538/slip.o
LOAD obj_openmote-cc2538/i2c.o
LOAD obj_openmote-cc2538/cc2538-temp-sensor.o
LOAD obj_openmote-cc2538/vdd3-sensor.o
LOAD obj_openmote-cc2538/cfs-coffee.o
LOAD obj_openmote-cc2538/cfs-coffee-arch.o
LOAD obj_openmote-cc2538/pwm.o
LOAD obj_openmote-cc2538/dbg-printf.o
LOAD obj_openmote-cc2538/dbg-snprintf.o
LOAD obj_openmote-cc2538/dbg-sprintf.o
LOAD obj_openmote-cc2538/strformat.o
LOAD obj_openmote-cc2538/usb-core.o
LOAD obj_openmote-cc2538/cdc-acm.o
LOAD obj_openmote-cc2538/usb-arch.o
LOAD obj_openmote-cc2538/usb-serial.o
LOAD obj_openmote-cc2538/cdc-acm-descriptors.o
LOAD obj_openmote-cc2538/autostart.o
LOAD obj_openmote-cc2538/ctimer.o
LOAD obj_openmote-cc2538/energest.o
LOAD obj_openmote-cc2538/arg.o
LOAD obj_openmote-cc2538/stimer.o
LOAD obj_openmote-cc2538/etimer.o
LOAD obj_openmote-cc2538/compower.o
LOAD obj_openmote-cc2538/process.o
LOAD obj_openmote-cc2538/rtimer.o
LOAD obj_openmote-cc2538/mt.o
LOAD obj_openmote-cc2538/procinit.o
LOAD obj_openmote-cc2538/timer.o
LOAD obj_openmote-cc2538/serial-line.o
LOAD obj_openmote-cc2538/leds.o
LOAD obj_openmote-cc2538/nullradio.o
LOAD obj_openmote-cc2538/settings.o
LOAD obj_openmote-cc2538/crc16.o
LOAD obj_openmote-cc2538/mmem.o
LOAD obj_openmote-cc2538/ccm-star.o
LOAD obj_openmote-cc2538/ifft.o
LOAD obj_openmote-cc2538/me_tabs.o
LOAD obj_openmote-cc2538/sensors.o
LOAD obj_openmote-cc2538/ringbufindex.o
LOAD obj_openmote-cc2538/list.o
LOAD obj_openmote-cc2538/gcr.o
LOAD obj_openmote-cc2538/aes-128.o
LOAD obj_openmote-cc2538/trickle-timer.o
LOAD obj_openmote-cc2538/print-stats.o
LOAD obj_openmote-cc2538/memb.o
LOAD obj_openmote-cc2538/me.o
LOAD obj_openmote-cc2538/petsciiconv.o
LOAD obj_openmote-cc2538/random.o
LOAD obj_openmote-cc2538/assert.o
LOAD obj_openmote-cc2538/ringbuf.o
LOAD obj_openmote-cc2538/websocket.o
LOAD obj_openmote-cc2538/uip-icmp6.o
LOAD obj_openmote-cc2538/uip-ds6.o
LOAD obj_openmote-cc2538/uip-ds6-route.o
LOAD obj_openmote-cc2538/uip6.o
LOAD obj_openmote-cc2538/uip-ds6-nbr.o
LOAD obj_openmote-cc2538/uip-nd6.o
LOAD obj_openmote-cc2538/websocket-http-client.o
LOAD obj_openmote-cc2538/sicslowpan.o
LOAD obj_openmote-cc2538/slipdev.o
LOAD obj_openmote-cc2538/dhcpc.o
LOAD obj_openmote-cc2538/uip-packetqueue.o
LOAD obj_openmote-cc2538/tcp-socket.o
LOAD obj_openmote-cc2538/uip-debug.o
LOAD obj_openmote-cc2538/ip64-addr.o
LOAD obj_openmote-cc2538/uip-udp-packet.o
LOAD obj_openmote-cc2538/psock.o
LOAD obj_openmote-cc2538/tcpip.o
LOAD obj_openmote-cc2538/resolv.o
LOAD obj_openmote-cc2538/uip-nameserver.o
LOAD obj_openmote-cc2538/uip-split.o
LOAD obj_openmote-cc2538/udp-socket.o
LOAD obj_openmote-cc2538/simple-udp.o
LOAD obj_openmote-cc2538/uiplib.o
LOAD obj_openmote-cc2538/rpl-icmp6.o
LOAD obj_openmote-cc2538/rpl-of0.o
LOAD obj_openmote-cc2538/rpl-dag.o
LOAD obj_openmote-cc2538/rpl-timers.o
LOAD obj_openmote-cc2538/rpl-ext-header.o
LOAD obj_openmote-cc2538/rpl.o
LOAD obj_openmote-cc2538/rpl-nbr-policy.o
LOAD obj_openmote-cc2538/rpl-mrhof.o
LOAD obj_openmote-cc2538/rpl-ns.o
LOAD obj_openmote-cc2538/rpl-dag-root.o
LOAD obj_openmote-cc2538/syscalls.o
LOAD obj_openmote-cc2538/mtarch.o
LOAD obj_openmote-cc2538/queuebuf.o
LOAD obj_openmote-cc2538/nbr-table.o
LOAD obj_openmote-cc2538/packetbuf.o
LOAD obj_openmote-cc2538/netstack.o
LOAD obj_openmote-cc2538/linkaddr.o
LOAD obj_openmote-cc2538/net-debug.o
LOAD obj_openmote-cc2538/link-stats.o
LOAD obj_openmote-cc2538/nullmac.o
LOAD obj_openmote-cc2538/nullrdc-noframer.o
LOAD obj_openmote-cc2538/nordc.o
LOAD obj_openmote-cc2538/frame802154e-ie.o
LOAD obj_openmote-cc2538/mac-sequence.o
LOAD obj_openmote-cc2538/framer-nullmac.o
LOAD obj_openmote-cc2538/csma.o
LOAD obj_openmote-cc2538/frame802154.o
LOAD obj_openmote-cc2538/mac.o
LOAD obj_openmote-cc2538/framer-802154.o
LOAD obj_openmote-cc2538/phase.o
LOAD obj_openmote-cc2538/nullrdc.o
LOAD obj_openmote-cc2538/contikimac.o
LOAD obj_openmote-cc2538/contikimac-framer.o
LOAD obj_openmote-cc2538/nullsec.o
LOAD obj_openmote-cc2538/anti-replay.o
LOAD obj_openmote-cc2538/ccm-star-packetbuf.o
LOAD obj_openmote-cc2538/noncoresec.o
LOAD hello-world.co
START GROUP
LOAD /usr/share/gcc-arm-none-eabi-8-2019-q3-update/bin/../lib/gcc/arm-none-eabi/8.3.1/thumb/v7-m/nofp/libgcc.a
LOAD /usr/share/gcc-arm-none-eabi-8-2019-q3-update/bin/../lib/gcc/arm-none-eabi/8.3.1/../../../../arm-none-eabi/lib/thumb/v7-m/nofp/libc.a
END GROUP

.text           0x0000000000202000     0xa904
                0x0000000000202000                _text = .
 *(SORT_BY_ALIGNMENT(.vectors))
 .vectors       0x0000000000202000      0x28c obj_openmote-cc2538/startup-gcc.o
                0x0000000000202000                vectors
 *(SORT_BY_ALIGNMENT(.text*))
 .text.reset_handler
                0x000000000020228c       0x40 obj_openmote-cc2538/startup-gcc.o
                0x000000000020228c                reset_handler
 .text.startup.main
                0x00000000002022cc      0x1d0 obj_openmote-cc2538/contiki-main.o
                0x00000000002022cc                main
 .text.leds_arch_init
                0x000000000020249c       0x10 obj_openmote-cc2538/leds-arch.o
                0x000000000020249c                leds_arch_init
 .text.leds_arch_set
                0x00000000002024ac        0xc obj_openmote-cc2538/leds-arch.o
                0x00000000002024ac                leds_arch_set
 .text.value    0x00000000002024b8       0x20 obj_openmote-cc2538/button-sensor.o
 .text.duration_exceeded_callback
                0x00000000002024d8       0x3c obj_openmote-cc2538/button-sensor.o
 .text.config_user
                0x0000000000202514       0xa0 obj_openmote-cc2538/button-sensor.o
 .text.btn_callback
                0x00000000002025b4       0x5c obj_openmote-cc2538/button-sensor.o
 .text.antenna_external
                0x0000000000202610       0x14 obj_openmote-cc2538/antenna.o
                0x0000000000202610                antenna_external
 .text.antenna_init
                0x0000000000202624       0x1c obj_openmote-cc2538/antenna.o
                0x0000000000202624                antenna_init
 .text.soc_get_rev
                0x0000000000202640       0x18 obj_openmote-cc2538/soc.o
                0x0000000000202640                soc_get_rev
 .text.soc_get_sram_size
                0x0000000000202658       0x20 obj_openmote-cc2538/soc.o
                0x0000000000202658                soc_get_sram_size
 .text.soc_print_info
                0x0000000000202678       0x70 obj_openmote-cc2538/soc.o
                0x0000000000202678                soc_print_info
 .text.update_ticks
                0x00000000002026e8       0x54 obj_openmote-cc2538/clock.o
 .text.clock_init
                0x000000000020273c       0x4c obj_openmote-cc2538/clock.o
                0x000000000020273c                clock_init
 .text.clock_time
                0x0000000000202788       0x14 obj_openmote-cc2538/clock.o
                0x0000000000202788                clock_time
 .text.clock_seconds
                0x000000000020279c       0x14 obj_openmote-cc2538/clock.o
                0x000000000020279c                clock_seconds
 .text.clock_delay_usec
                0x00000000002027b0       0x1c obj_openmote-cc2538/clock.o
                0x00000000002027b0                clock_delay_usec
 .text.clock_adjust
                0x00000000002027cc       0x20 obj_openmote-cc2538/clock.o
                0x00000000002027cc                clock_adjust
 .text.rtimer_arch_next_trigger
                0x00000000002027ec        0xc obj_openmote-cc2538/rtimer-arch.o
                0x00000000002027ec                rtimer_arch_next_trigger
 .text.rtimer_arch_now
                0x00000000002027f8       0x24 obj_openmote-cc2538/rtimer-arch.o
                0x00000000002027f8                rtimer_arch_now
 .text.rtimer_arch_schedule
                0x000000000020281c       0x58 obj_openmote-cc2538/rtimer-arch.o
                0x000000000020281c                rtimer_arch_schedule
 .text.rtimer_isr
                0x0000000000202874       0x2c obj_openmote-cc2538/rtimer-arch.o
                0x0000000000202874                rtimer_isr
 .text.uart_isr
                0x00000000002028a0       0x60 obj_openmote-cc2538/uart.o
 .text.permit_pm1
                0x0000000000202900       0x24 obj_openmote-cc2538/uart.o
 .text.uart_init
                0x0000000000202924      0x198 obj_openmote-cc2538/uart.o
                0x0000000000202924                uart_init
 .text.uart_set_input
                0x0000000000202abc       0x10 obj_openmote-cc2538/uart.o
                0x0000000000202abc                uart_set_input
 .text.uart_write_byte
                0x0000000000202acc       0x1c obj_openmote-cc2538/uart.o
                0x0000000000202acc                uart_write_byte
 .text.watchdog_init
                0x0000000000202ae8        0xc obj_openmote-cc2538/watchdog.o
                0x0000000000202ae8                watchdog_init
 .text.watchdog_start
                0x0000000000202af4        0xc obj_openmote-cc2538/watchdog.o
                0x0000000000202af4                watchdog_start
 .text.watchdog_periodic
                0x0000000000202b00       0x10 obj_openmote-cc2538/watchdog.o
                0x0000000000202b00                watchdog_periodic
 .text.nvic_init
                0x0000000000202b10       0x10 obj_openmote-cc2538/nvic.o
                0x0000000000202b10                nvic_init
 .text.sys_ctrl_get_reset_cause
                0x0000000000202b20       0x10 obj_openmote-cc2538/sys-ctrl.o
                0x0000000000202b20                sys_ctrl_get_reset_cause
 .text.sys_ctrl_get_reset_cause_str
                0x0000000000202b30       0x14 obj_openmote-cc2538/sys-ctrl.o
                0x0000000000202b30                sys_ctrl_get_reset_cause_str
 .text.sys_ctrl_init
                0x0000000000202b44       0x74 obj_openmote-cc2538/sys-ctrl.o
                0x0000000000202b44                sys_ctrl_init
 .text.sys_ctrl_get_sys_clock
                0x0000000000202bb8       0x18 obj_openmote-cc2538/sys-ctrl.o
                0x0000000000202bb8                sys_ctrl_get_sys_clock
 .text.sys_ctrl_get_io_clock
                0x0000000000202bd0       0x18 obj_openmote-cc2538/sys-ctrl.o
                0x0000000000202bd0                sys_ctrl_get_io_clock
 .text.gpio_register_callback
                0x0000000000202be8       0x10 obj_openmote-cc2538/gpio.o
                0x0000000000202be8                gpio_register_callback
 .text.notify   0x0000000000202bf8       0x30 obj_openmote-cc2538/gpio.o
                0x0000000000202bf8                notify
 .text.gpio_port_isr
                0x0000000000202c28       0x4c obj_openmote-cc2538/gpio.o
 .text.gpio_init
                0x0000000000202c74       0x10 obj_openmote-cc2538/gpio.o
                0x0000000000202c74                gpio_init
 .text.ioc_init
                0x0000000000202c84       0x1c obj_openmote-cc2538/ioc.o
                0x0000000000202c84                ioc_init
 .text.ioc_set_over
                0x0000000000202ca0       0x14 obj_openmote-cc2538/ioc.o
                0x0000000000202ca0                ioc_set_over
 .text.ioc_set_sel
                0x0000000000202cb4       0x14 obj_openmote-cc2538/ioc.o
                0x0000000000202cb4                ioc_set_sel
 .text.adc_get  0x0000000000202cc8       0x74 obj_openmote-cc2538/adc.o
                0x0000000000202cc8                adc_get
 .text.permit_pm1
                0x0000000000202d3c       0x10 obj_openmote-cc2538/crypto.o
 .text.crypto_isr
                0x0000000000202d4c       0x28 obj_openmote-cc2538/crypto.o
                0x0000000000202d4c                crypto_isr
 .text.crypto_enable
                0x0000000000202d74       0x20 obj_openmote-cc2538/crypto.o
                0x0000000000202d74                crypto_enable
 .text.crypto_init
                0x0000000000202d94       0x3c obj_openmote-cc2538/crypto.o
                0x0000000000202d94                crypto_init
 .text.crypto_disable
                0x0000000000202dd0       0x20 obj_openmote-cc2538/crypto.o
                0x0000000000202dd0                crypto_disable
 .text.off      0x0000000000202df0       0x40 obj_openmote-cc2538/cc2538-rf.o
 .text.receiving_packet
                0x0000000000202e30       0x18 obj_openmote-cc2538/cc2538-rf.o
 .text.pending_packet
                0x0000000000202e48       0x10 obj_openmote-cc2538/cc2538-rf.o
 .text.set_poll_mode
                0x0000000000202e58       0x98 obj_openmote-cc2538/cc2538-rf.o
 .text.on       0x0000000000202ef0       0x2c obj_openmote-cc2538/cc2538-rf.o
 .text.set_channel
                0x0000000000202f1c       0x48 obj_openmote-cc2538/cc2538-rf.o
 .text.get_value
                0x0000000000202f64      0x160 obj_openmote-cc2538/cc2538-rf.o
 .text.channel_clear
                0x00000000002030c4       0x3c obj_openmote-cc2538/cc2538-rf.o
 .text.set_value
                0x0000000000203100       0xf4 obj_openmote-cc2538/cc2538-rf.o
 .text.prepare  0x00000000002031f4       0x64 obj_openmote-cc2538/cc2538-rf.o
 .text.transmit
                0x0000000000203258       0x9c obj_openmote-cc2538/cc2538-rf.o
 .text.set_object
                0x00000000002032f4       0x30 obj_openmote-cc2538/cc2538-rf.o
 .text.read     0x0000000000203324       0xe4 obj_openmote-cc2538/cc2538-rf.o
 .text.init     0x0000000000203408       0xc8 obj_openmote-cc2538/cc2538-rf.o
 .text.process_thread_cc2538_rf_process
                0x00000000002034d0       0x90 obj_openmote-cc2538/cc2538-rf.o
 .text.get_object
                0x0000000000203560      0x130 obj_openmote-cc2538/cc2538-rf.o
 .text.cc2538_rf_rx_tx_isr
                0x0000000000203690       0x24 obj_openmote-cc2538/cc2538-rf.o
                0x0000000000203690                cc2538_rf_rx_tx_isr
 .text.cc2538_rf_err_isr
                0x00000000002036b4       0x28 obj_openmote-cc2538/cc2538-rf.o
                0x00000000002036b4                cc2538_rf_err_isr
 .text.udma_init
                0x00000000002036dc       0x34 obj_openmote-cc2538/udma.o
                0x00000000002036dc                udma_init
 .text.udma_set_channel_src
                0x0000000000203710       0x10 obj_openmote-cc2538/udma.o
                0x0000000000203710                udma_set_channel_src
 .text.udma_set_channel_dst
                0x0000000000203720       0x14 obj_openmote-cc2538/udma.o
                0x0000000000203720                udma_set_channel_dst
 .text.udma_set_channel_control_word
                0x0000000000203734       0x14 obj_openmote-cc2538/udma.o
                0x0000000000203734                udma_set_channel_control_word
 .text.udma_channel_enable
                0x0000000000203748       0x18 obj_openmote-cc2538/udma.o
                0x0000000000203748                udma_channel_enable
 .text.udma_channel_mask_set
                0x0000000000203760       0x18 obj_openmote-cc2538/udma.o
                0x0000000000203760                udma_channel_mask_set
 .text.udma_channel_sw_request
                0x0000000000203778       0x18 obj_openmote-cc2538/udma.o
                0x0000000000203778                udma_channel_sw_request
 .text.udma_channel_get_mode
                0x0000000000203790       0x1c obj_openmote-cc2538/udma.o
                0x0000000000203790                udma_channel_get_mode
 .text.udma_isr
                0x00000000002037ac       0x10 obj_openmote-cc2538/udma.o
                0x00000000002037ac                udma_isr
 .text.udma_err_isr
                0x00000000002037bc        0xc obj_openmote-cc2538/udma.o
                0x00000000002037bc                udma_err_isr
 .text.select_32_mhz_xosc
                0x00000000002037c8       0x2c obj_openmote-cc2538/lpm.o
 .text.lpm_exit
                0x00000000002037f4       0x30 obj_openmote-cc2538/lpm.o
                0x00000000002037f4                lpm_exit
 .text.lpm_enter
                0x0000000000203824       0xb4 obj_openmote-cc2538/lpm.o
                0x0000000000203824                lpm_enter
 .text.lpm_register_peripheral
                0x00000000002038d8       0x24 obj_openmote-cc2538/lpm.o
                0x00000000002038d8                lpm_register_peripheral
 .text.lpm_init
                0x00000000002038fc       0x24 obj_openmote-cc2538/lpm.o
                0x00000000002038fc                lpm_init
 .text.pka_isr  0x0000000000203920       0x28 obj_openmote-cc2538/pka.o
                0x0000000000203920                pka_isr
 .text.ieee_addr_cpy_to
                0x0000000000203948       0x74 obj_openmote-cc2538/ieee-addr.o
                0x0000000000203948                ieee_addr_cpy_to
 .text.i2c_master_enable
                0x00000000002039bc       0x10 obj_openmote-cc2538/i2c.o
                0x00000000002039bc                i2c_master_enable
 .text.i2c_set_frequency
                0x00000000002039cc       0x1c obj_openmote-cc2538/i2c.o
                0x00000000002039cc                i2c_set_frequency
 .text.i2c_init
                0x00000000002039e8       0xc8 obj_openmote-cc2538/i2c.o
                0x00000000002039e8                i2c_init
 .text.printf   0x0000000000203ab0       0x20 obj_openmote-cc2538/dbg-printf.o
                0x0000000000203ab0                printf
 .text.fill_space
                0x0000000000203ad0       0x34 obj_openmote-cc2538/strformat.o
 .text.format_str_v
                0x0000000000203b04      0x6e8 obj_openmote-cc2538/strformat.o
                0x0000000000203b04                format_str_v
 .text.process_thread_ctimer_process
                0x00000000002041ec       0x7c obj_openmote-cc2538/ctimer.o
 .text.ctimer_init
                0x0000000000204268       0x28 obj_openmote-cc2538/ctimer.o
                0x0000000000204268                ctimer_init
 .text.ctimer_set_with_process
                0x0000000000204290       0x44 obj_openmote-cc2538/ctimer.o
                0x0000000000204290                ctimer_set_with_process
 .text.ctimer_set
                0x00000000002042d4       0x14 obj_openmote-cc2538/ctimer.o
                0x00000000002042d4                ctimer_set
 .text.ctimer_reset
                0x00000000002042e8       0x38 obj_openmote-cc2538/ctimer.o
                0x00000000002042e8                ctimer_reset
 .text.ctimer_restart
                0x0000000000204320       0x38 obj_openmote-cc2538/ctimer.o
                0x0000000000204320                ctimer_restart
 .text.ctimer_stop
                0x0000000000204358       0x2c obj_openmote-cc2538/ctimer.o
                0x0000000000204358                ctimer_stop
 .text.stimer_expired
                0x0000000000204384       0x20 obj_openmote-cc2538/stimer.o
                0x0000000000204384                stimer_expired
 .text.update_time
                0x00000000002043a4       0x44 obj_openmote-cc2538/etimer.o
 .text.etimer_request_poll
                0x00000000002043e8        0xc obj_openmote-cc2538/etimer.o
                0x00000000002043e8                etimer_request_poll
 .text.process_thread_etimer_process
                0x00000000002043f4       0xac obj_openmote-cc2538/etimer.o
 .text.add_timer
                0x00000000002044a0       0x40 obj_openmote-cc2538/etimer.o
 .text.etimer_pending
                0x00000000002044e0       0x10 obj_openmote-cc2538/etimer.o
                0x00000000002044e0                etimer_pending
 .text.etimer_stop
                0x00000000002044f0       0x34 obj_openmote-cc2538/etimer.o
                0x00000000002044f0                etimer_stop
 .text.call_process.part.0
                0x0000000000204524       0x38 obj_openmote-cc2538/process.o
 .text.exit_process
                0x000000000020455c       0x80 obj_openmote-cc2538/process.o
 .text.do_poll  0x00000000002045dc       0x30 obj_openmote-cc2538/process.o
 .text.process_alloc_event
                0x000000000020460c       0x10 obj_openmote-cc2538/process.o
                0x000000000020460c                process_alloc_event
 .text.process_init
                0x000000000020461c       0x30 obj_openmote-cc2538/process.o
                0x000000000020461c                process_init
 .text.process_run
                0x000000000020464c       0x88 obj_openmote-cc2538/process.o
                0x000000000020464c                process_run
 .text.process_nevents
                0x00000000002046d4       0x14 obj_openmote-cc2538/process.o
                0x00000000002046d4                process_nevents
 .text.process_post
                0x00000000002046e8       0x3c obj_openmote-cc2538/process.o
                0x00000000002046e8                process_post
 .text.process_post_synch
                0x0000000000204724       0x14 obj_openmote-cc2538/process.o
                0x0000000000204724                process_post_synch
 .text.process_start
                0x0000000000204738       0x30 obj_openmote-cc2538/process.o
                0x0000000000204738                process_start
 .text.process_poll
                0x0000000000204768       0x18 obj_openmote-cc2538/process.o
                0x0000000000204768                process_poll
 .text.rtimer_set
                0x0000000000204780       0x24 obj_openmote-cc2538/rtimer.o
                0x0000000000204780                rtimer_set
 .text.rtimer_run_next
                0x00000000002047a4       0x28 obj_openmote-cc2538/rtimer.o
                0x00000000002047a4                rtimer_run_next
 .text.process_thread_serial_line_process
                0x00000000002047cc       0x98 obj_openmote-cc2538/serial-line.o
 .text.serial_line_input_byte
                0x0000000000204864       0x48 obj_openmote-cc2538/serial-line.o
                0x0000000000204864                serial_line_input_byte
 .text.serial_line_init
                0x00000000002048ac       0x24 obj_openmote-cc2538/serial-line.o
                0x00000000002048ac                serial_line_init
 .text.leds_init
                0x00000000002048d0       0x14 obj_openmote-cc2538/leds.o
                0x00000000002048d0                leds_init
 .text.leds_on  0x00000000002048e4       0x10 obj_openmote-cc2538/leds.o
                0x00000000002048e4                leds_on
 .text.leds_off
                0x00000000002048f4       0x14 obj_openmote-cc2538/leds.o
                0x00000000002048f4                leds_off
 .text.process_thread_sensors_process
                0x0000000000204908       0xd4 obj_openmote-cc2538/sensors.o
 .text.sensors_changed
                0x00000000002049dc       0x3c obj_openmote-cc2538/sensors.o
                0x00000000002049dc                sensors_changed
 .text.random_rand
                0x0000000000204a18       0x24 obj_openmote-cc2538/random.o
                0x0000000000204a18                random_rand
 .text.random_init
                0x0000000000204a3c       0x78 obj_openmote-cc2538/random.o
                0x0000000000204a3c                random_init
 .text.echo_reply_input
                0x0000000000204ab4       0xa0 obj_openmote-cc2538/uip-icmp6.o
 .text.echo_request_input
                0x0000000000204b54       0xd0 obj_openmote-cc2538/uip-icmp6.o
 .text.uip_icmp6_input
                0x0000000000204c24       0x38 obj_openmote-cc2538/uip-icmp6.o
                0x0000000000204c24                uip_icmp6_input
 .text.uip_icmp6_register_input_handler
                0x0000000000204c5c        0xc obj_openmote-cc2538/uip-icmp6.o
                0x0000000000204c5c                uip_icmp6_register_input_handler
 .text.uip_icmp6_error_output
                0x0000000000204c68      0x144 obj_openmote-cc2538/uip-icmp6.o
                0x0000000000204c68                uip_icmp6_error_output
 .text.uip_icmp6_send
                0x0000000000204dac       0x8c obj_openmote-cc2538/uip-icmp6.o
                0x0000000000204dac                uip_icmp6_send
 .text.uip_icmp6_init
                0x0000000000204e38       0x1c obj_openmote-cc2538/uip-icmp6.o
                0x0000000000204e38                uip_icmp6_init
 .text.uip_ds6_prefix_add
                0x0000000000204e54       0x64 obj_openmote-cc2538/uip-ds6.o
                0x0000000000204e54                uip_ds6_prefix_add
 .text.uip_ds6_is_addr_onlink
                0x0000000000204eb8       0x3c obj_openmote-cc2538/uip-ds6.o
                0x0000000000204eb8                uip_ds6_is_addr_onlink
 .text.uip_ds6_addr_lookup
                0x0000000000204ef4       0x2c obj_openmote-cc2538/uip-ds6.o
                0x0000000000204ef4                uip_ds6_addr_lookup
 .text.uip_ds6_get_link_local
                0x0000000000204f20       0x3c obj_openmote-cc2538/uip-ds6.o
                0x0000000000204f20                uip_ds6_get_link_local
 .text.uip_ds6_maddr_add
                0x0000000000204f5c       0x4c obj_openmote-cc2538/uip-ds6.o
                0x0000000000204f5c                uip_ds6_maddr_add
 .text.uip_ds6_addr_add
                0x0000000000204fa8       0x98 obj_openmote-cc2538/uip-ds6.o
                0x0000000000204fa8                uip_ds6_addr_add
 .text.uip_ds6_maddr_lookup
                0x0000000000205040       0x2c obj_openmote-cc2538/uip-ds6.o
                0x0000000000205040                uip_ds6_maddr_lookup
 .text.uip_ds6_addr_rm
                0x000000000020506c       0x44 obj_openmote-cc2538/uip-ds6.o
                0x000000000020506c                uip_ds6_addr_rm
 .text.uip_ds6_periodic
                0x00000000002050b0       0x48 obj_openmote-cc2538/uip-ds6.o
                0x00000000002050b0                uip_ds6_periodic
 .text.uip_ds6_select_src
                0x00000000002050f8       0x94 obj_openmote-cc2538/uip-ds6.o
                0x00000000002050f8                uip_ds6_select_src
 .text.uip_ds6_compute_reachable_time
                0x000000000020518c       0x2c obj_openmote-cc2538/uip-ds6.o
                0x000000000020518c                uip_ds6_compute_reachable_time
 .text.uip_ds6_init
                0x00000000002051b8       0xe4 obj_openmote-cc2538/uip-ds6.o
                0x00000000002051b8                uip_ds6_init
 .text.call_route_callback
                0x000000000020529c       0x54 obj_openmote-cc2538/uip-ds6-route.o
 .text.uip_ds6_route_init
                0x00000000002052f0       0x4c obj_openmote-cc2538/uip-ds6-route.o
                0x00000000002052f0                uip_ds6_route_init
 .text.uip_ds6_route_nexthop
                0x000000000020533c       0x1c obj_openmote-cc2538/uip-ds6-route.o
                0x000000000020533c                uip_ds6_route_nexthop
 .text.uip_ds6_route_head
                0x0000000000205358        0xc obj_openmote-cc2538/uip-ds6-route.o
                0x0000000000205358                uip_ds6_route_head
 .text.uip_ds6_route_is_nexthop
                0x0000000000205364       0x20 obj_openmote-cc2538/uip-ds6-route.o
                0x0000000000205364                uip_ds6_route_is_nexthop
 .text.uip_ds6_route_lookup
                0x0000000000205384       0x64 obj_openmote-cc2538/uip-ds6-route.o
                0x0000000000205384                uip_ds6_route_lookup
 .text.uip_ds6_route_rm
                0x00000000002053e8       0xa0 obj_openmote-cc2538/uip-ds6-route.o
                0x00000000002053e8                uip_ds6_route_rm
 .text.rm_routelist
                0x0000000000205488       0x30 obj_openmote-cc2538/uip-ds6-route.o
 .text.uip_ds6_route_add
                0x00000000002054b8      0x104 obj_openmote-cc2538/uip-ds6-route.o
                0x00000000002054b8                uip_ds6_route_add
 .text.uip_ds6_defrt_rm
                0x00000000002055bc       0x44 obj_openmote-cc2538/uip-ds6-route.o
                0x00000000002055bc                uip_ds6_defrt_rm
 .text.uip_ds6_defrt_lookup
                0x0000000000205600       0x2c obj_openmote-cc2538/uip-ds6-route.o
                0x0000000000205600                uip_ds6_defrt_lookup
 .text.uip_ds6_defrt_add
                0x000000000020562c       0x64 obj_openmote-cc2538/uip-ds6-route.o
                0x000000000020562c                uip_ds6_defrt_add
 .text.uip_ds6_defrt_choose
                0x0000000000205690       0x30 obj_openmote-cc2538/uip-ds6-route.o
                0x0000000000205690                uip_ds6_defrt_choose
 .text.uip_ds6_defrt_periodic
                0x00000000002056c0       0x3c obj_openmote-cc2538/uip-ds6-route.o
                0x00000000002056c0                uip_ds6_defrt_periodic
 .text.upper_layer_chksum
                0x00000000002056fc       0x50 obj_openmote-cc2538/uip6.o
 .text.ext_hdr_options_process
                0x000000000020574c       0xb8 obj_openmote-cc2538/uip6.o
 .text.uip_add32
                0x0000000000205804       0x54 obj_openmote-cc2538/uip6.o
                0x0000000000205804                uip_add32
 .text.uip_add_rcv_nxt
                0x0000000000205858       0x30 obj_openmote-cc2538/uip6.o
 .text.uip_init
                0x0000000000205888       0x60 obj_openmote-cc2538/uip6.o
                0x0000000000205888                uip_init
 .text.remove_ext_hdr
                0x00000000002058e8       0x50 obj_openmote-cc2538/uip6.o
                0x00000000002058e8                remove_ext_hdr
 .text.uip_unlisten
                0x0000000000205938       0x24 obj_openmote-cc2538/uip6.o
                0x0000000000205938                uip_unlisten
 .text.uip_process
                0x000000000020595c      0xca0 obj_openmote-cc2538/uip6.o
                0x000000000020595c                uip_process
 .text.uip_htonl
                0x00000000002065fc       0x1c obj_openmote-cc2538/uip6.o
                0x00000000002065fc                uip_htonl
 .text.uip_ds6_nbr_rm
                0x0000000000206618       0x20 obj_openmote-cc2538/uip-ds6-nbr.o
                0x0000000000206618                uip_ds6_nbr_rm
 .text.uip_ds6_neighbors_init
                0x0000000000206638       0x1c obj_openmote-cc2538/uip-ds6-nbr.o
                0x0000000000206638                uip_ds6_neighbors_init
 .text.uip_ds6_nbr_add
                0x0000000000206654       0x3c obj_openmote-cc2538/uip-ds6-nbr.o
                0x0000000000206654                uip_ds6_nbr_add
 .text.uip_ds6_nbr_get_ll
                0x0000000000206690       0x10 obj_openmote-cc2538/uip-ds6-nbr.o
                0x0000000000206690                uip_ds6_nbr_get_ll
 .text.uip_ds6_nbr_lookup
                0x00000000002066a0       0x38 obj_openmote-cc2538/uip-ds6-nbr.o
                0x00000000002066a0                uip_ds6_nbr_lookup
 .text.uip_ds6_nbr_ll_lookup
                0x00000000002066d8       0x10 obj_openmote-cc2538/uip-ds6-nbr.o
                0x00000000002066d8                uip_ds6_nbr_ll_lookup
 .text.uip_ds6_link_neighbor_callback
                0x00000000002066e8       0x34 obj_openmote-cc2538/uip-ds6-nbr.o
                0x00000000002066e8                uip_ds6_link_neighbor_callback
 .text.ns_input
                0x000000000020671c      0x264 obj_openmote-cc2538/uip-nd6.o
 .text.uip_nd6_init
                0x0000000000206980        0xc obj_openmote-cc2538/uip-nd6.o
                0x0000000000206980                uip_nd6_init
 .text.clear_fragments
                0x000000000020698c       0x38 obj_openmote-cc2538/sicslowpan.o
 .text.sicslowpan_init
                0x00000000002069c4       0x24 obj_openmote-cc2538/sicslowpan.o
                0x00000000002069c4                sicslowpan_init
 .text.compress_addr_64
                0x00000000002069e8       0x90 obj_openmote-cc2538/sicslowpan.o
 .text.set_packet_attrs
                0x0000000000206a78       0x40 obj_openmote-cc2538/sicslowpan.o
 .text.addr_context_lookup_by_prefix
                0x0000000000206ab8       0x28 obj_openmote-cc2538/sicslowpan.o
 .text.send_packet
                0x0000000000206ae0       0x24 obj_openmote-cc2538/sicslowpan.o
 .text.packet_sent
                0x0000000000206b04       0x28 obj_openmote-cc2538/sicslowpan.o
 .text.store_fragment
                0x0000000000206b2c       0x68 obj_openmote-cc2538/sicslowpan.o
 .text.uncompress_addr
                0x0000000000206b94       0x78 obj_openmote-cc2538/sicslowpan.o
 .text.output   0x0000000000206c0c      0x698 obj_openmote-cc2538/sicslowpan.o
 .text.add_fragment
                0x00000000002072a4      0x14c obj_openmote-cc2538/sicslowpan.o
 .text.input    0x00000000002073f0      0x564 obj_openmote-cc2538/sicslowpan.o
 .text.uip_debug_ipaddr_print
                0x0000000000207954       0xb0 obj_openmote-cc2538/uip-debug.o
                0x0000000000207954                uip_debug_ipaddr_print
 .text.start_periodic_tcp_timer
                0x0000000000207a04       0x1c obj_openmote-cc2538/tcpip.o
 .text.tcpip_output
                0x0000000000207a20       0x10 obj_openmote-cc2538/tcpip.o
                0x0000000000207a20                tcpip_output
 .text.tcpip_set_outputfunc
                0x0000000000207a30        0xc obj_openmote-cc2538/tcpip.o
                0x0000000000207a30                tcpip_set_outputfunc
 .text.tcpip_icmp6_call
                0x0000000000207a3c       0x28 obj_openmote-cc2538/tcpip.o
                0x0000000000207a3c                tcpip_icmp6_call
 .text.tcpip_input
                0x0000000000207a64       0x24 obj_openmote-cc2538/tcpip.o
                0x0000000000207a64                tcpip_input
 .text.tcpip_ipv6_output
                0x0000000000207a88       0xbc obj_openmote-cc2538/tcpip.o
                0x0000000000207a88                tcpip_ipv6_output
 .text.process_thread_tcpip_process
                0x0000000000207b44      0x1b0 obj_openmote-cc2538/tcpip.o
 .text.tcpip_uipcall
                0x0000000000207cf4       0x6c obj_openmote-cc2538/tcpip.o
                0x0000000000207cf4                tcpip_uipcall
 .text.dao_ack_input
                0x0000000000207d60       0x14 obj_openmote-cc2538/rpl-icmp6.o
 .text.dio_input
                0x0000000000207d74      0x238 obj_openmote-cc2538/rpl-icmp6.o
 .text.dao_input
                0x0000000000207fac      0x268 obj_openmote-cc2538/rpl-icmp6.o
 .text.dis_output
                0x0000000000208214       0x3c obj_openmote-cc2538/rpl-icmp6.o
                0x0000000000208214                dis_output
 .text.dio_output
                0x0000000000208250      0x1f4 obj_openmote-cc2538/rpl-icmp6.o
                0x0000000000208250                dio_output
 .text.dis_input
                0x0000000000208444       0x50 obj_openmote-cc2538/rpl-icmp6.o
 .text.dao_output_target
                0x0000000000208494      0x100 obj_openmote-cc2538/rpl-icmp6.o
                0x0000000000208494                dao_output_target
 .text.dao_output
                0x0000000000208594       0x94 obj_openmote-cc2538/rpl-icmp6.o
                0x0000000000208594                dao_output
 .text.rpl_icmp6_register_handlers
                0x0000000000208628       0x30 obj_openmote-cc2538/rpl-icmp6.o
                0x0000000000208628                rpl_icmp6_register_handlers
 .text.rpl_set_preferred_parent
                0x0000000000208658       0x28 obj_openmote-cc2538/rpl-dag.o
 .text.set_ip_from_prefix
                0x0000000000208680       0x28 obj_openmote-cc2538/rpl-dag.o
 .text.find_parent_any_dag_any_instance
                0x00000000002086a8       0x1c obj_openmote-cc2538/rpl-dag.o
 .text.rpl_alloc_instance.part.5
                0x00000000002086c4       0x34 obj_openmote-cc2538/rpl-dag.o
 .text.rpl_dag_init
                0x00000000002086f8       0x14 obj_openmote-cc2538/rpl-dag.o
                0x00000000002086f8                rpl_dag_init
 .text.rpl_get_parent
                0x000000000020870c       0x10 obj_openmote-cc2538/rpl-dag.o
                0x000000000020870c                rpl_get_parent
 .text.rpl_get_parent_lladdr
                0x000000000020871c       0x10 obj_openmote-cc2538/rpl-dag.o
                0x000000000020871c                rpl_get_parent_lladdr
 .text.best_parent
                0x000000000020872c       0x7c obj_openmote-cc2538/rpl-dag.o
 .text.rpl_add_parent
                0x00000000002087a8       0x30 obj_openmote-cc2538/rpl-dag.o
                0x00000000002087a8                rpl_add_parent
 .text.rpl_remove_parent
                0x00000000002087d8       0x1c obj_openmote-cc2538/rpl-dag.o
                0x00000000002087d8                rpl_remove_parent
 .text.remove_parents.constprop.9
                0x00000000002087f4       0x2c obj_openmote-cc2538/rpl-dag.o
 .text.rpl_get_dag
                0x0000000000208820       0x54 obj_openmote-cc2538/rpl-dag.o
                0x0000000000208820                rpl_get_dag
 .text.rpl_get_any_dag
                0x0000000000208874       0x18 obj_openmote-cc2538/rpl-dag.o
                0x0000000000208874                rpl_get_any_dag
 .text.rpl_get_instance
                0x000000000020888c       0x20 obj_openmote-cc2538/rpl-dag.o
                0x000000000020888c                rpl_get_instance
 .text.rpl_find_of
                0x00000000002088ac       0x14 obj_openmote-cc2538/rpl-dag.o
                0x00000000002088ac                rpl_find_of
 .text.rpl_join_instance
                0x00000000002088c0      0x130 obj_openmote-cc2538/rpl-dag.o
                0x00000000002088c0                rpl_join_instance
 .text.rpl_local_repair
                0x00000000002089f0       0x78 obj_openmote-cc2538/rpl-dag.o
                0x00000000002089f0                rpl_local_repair
 .text.rpl_recalculate_ranks
                0x0000000000208a68       0x3c obj_openmote-cc2538/rpl-dag.o
                0x0000000000208a68                rpl_recalculate_ranks
 .text.new_dio_interval
                0x0000000000208aa4       0x5c obj_openmote-cc2538/rpl-timers.o
 .text.handle_periodic_timer
                0x0000000000208b00       0x4c obj_openmote-cc2538/rpl-timers.o
 .text.set_dao_lifetime_timer
                0x0000000000208b4c       0x44 obj_openmote-cc2538/rpl-timers.o
 .text.handle_dio_timer
                0x0000000000208b90       0x80 obj_openmote-cc2538/rpl-timers.o
 .text.schedule_dao
                0x0000000000208c10       0x50 obj_openmote-cc2538/rpl-timers.o
 .text.handle_dao_timer
                0x0000000000208c60       0x58 obj_openmote-cc2538/rpl-timers.o
 .text.rpl_reset_periodic_timer
                0x0000000000208cb8       0x34 obj_openmote-cc2538/rpl-timers.o
                0x0000000000208cb8                rpl_reset_periodic_timer
 .text.rpl_schedule_unicast_dio_immediately
                0x0000000000208cec       0x14 obj_openmote-cc2538/rpl-timers.o
                0x0000000000208cec                rpl_schedule_unicast_dio_immediately
 .text.get_probing_target
                0x0000000000208d00       0xbc obj_openmote-cc2538/rpl-timers.o
                0x0000000000208d00                get_probing_target
 .text.rpl_schedule_probing
                0x0000000000208dbc       0x20 obj_openmote-cc2538/rpl-timers.o
                0x0000000000208dbc                rpl_schedule_probing
 .text.update_hbh_header
                0x0000000000208ddc       0xc8 obj_openmote-cc2538/rpl-ext-header.o
 .text.insert_hbh_header
                0x0000000000208ea4       0xa8 obj_openmote-cc2538/rpl-ext-header.o
 .text.rpl_verify_hbh_header
                0x0000000000208f4c       0xfc obj_openmote-cc2538/rpl-ext-header.o
                0x0000000000208f4c                rpl_verify_hbh_header
 .text.rpl_remove_header
                0x0000000000209048       0x74 obj_openmote-cc2538/rpl-ext-header.o
                0x0000000000209048                rpl_remove_header
 .text.rpl_update_header
                0x00000000002090bc       0x6c obj_openmote-cc2538/rpl-ext-header.o
                0x00000000002090bc                rpl_update_header
 .text.rpl_get_mode
                0x0000000000209128        0xc obj_openmote-cc2538/rpl.o
                0x0000000000209128                rpl_get_mode
 .text.rpl_purge_routes
                0x0000000000209134       0x6c obj_openmote-cc2538/rpl.o
                0x0000000000209134                rpl_purge_routes
 .text.rpl_link_neighbor_callback
                0x00000000002091a0       0x3c obj_openmote-cc2538/rpl.o
                0x00000000002091a0                rpl_link_neighbor_callback
 .text.rpl_ipv6_neighbor_callback
                0x00000000002091dc       0x28 obj_openmote-cc2538/rpl.o
                0x00000000002091dc                rpl_ipv6_neighbor_callback
 .text.rpl_purge_dags
                0x0000000000209204       0x58 obj_openmote-cc2538/rpl.o
                0x0000000000209204                rpl_purge_dags
 .text.rpl_init
                0x000000000020925c       0x34 obj_openmote-cc2538/rpl.o
                0x000000000020925c                rpl_init
 .text.update_nbr
                0x0000000000209290       0xe8 obj_openmote-cc2538/rpl-nbr-policy.o
 .text.handle_periodic_timer
                0x0000000000209378       0x14 obj_openmote-cc2538/rpl-nbr-policy.o
 .text.find_removable_dis
                0x000000000020938c       0x20 obj_openmote-cc2538/rpl-nbr-policy.o
                0x000000000020938c                find_removable_dis
 .text.find_removable_dio
                0x00000000002093ac       0x3c obj_openmote-cc2538/rpl-nbr-policy.o
                0x00000000002093ac                find_removable_dio
 .text.find_removable_dao
                0x00000000002093e8       0x38 obj_openmote-cc2538/rpl-nbr-policy.o
                0x00000000002093e8                find_removable_dao
 .text.rpl_nbr_policy_find_removable
                0x0000000000209420       0x28 obj_openmote-cc2538/rpl-nbr-policy.o
                0x0000000000209420                rpl_nbr_policy_find_removable
 .text.queuebuf_init
                0x0000000000209448       0x1c obj_openmote-cc2538/queuebuf.o
                0x0000000000209448                queuebuf_init
 .text.queuebuf_numfree
                0x0000000000209464        0xc obj_openmote-cc2538/queuebuf.o
                0x0000000000209464                queuebuf_numfree
 .text.queuebuf_new_from_packetbuf
                0x0000000000209470       0x44 obj_openmote-cc2538/queuebuf.o
                0x0000000000209470                queuebuf_new_from_packetbuf
 .text.queuebuf_free
                0x00000000002094b4       0x2c obj_openmote-cc2538/queuebuf.o
                0x00000000002094b4                queuebuf_free
 .text.queuebuf_to_packetbuf
                0x00000000002094e0       0x30 obj_openmote-cc2538/queuebuf.o
                0x00000000002094e0                queuebuf_to_packetbuf
 .text.key_from_index
                0x0000000000209510       0x18 obj_openmote-cc2538/nbr-table.o
 .text.index_from_key
                0x0000000000209528       0x20 obj_openmote-cc2538/nbr-table.o
 .text.index_from_lladdr
                0x0000000000209548       0x40 obj_openmote-cc2538/nbr-table.o
 .text.nbr_get_bit.constprop.0
                0x0000000000209588       0x24 obj_openmote-cc2538/nbr-table.o
 .text.remove_key
                0x00000000002095ac       0x60 obj_openmote-cc2538/nbr-table.o
 .text.nbr_table_register
                0x000000000020960c       0x28 obj_openmote-cc2538/nbr-table.o
                0x000000000020960c                nbr_table_register
 .text.nbr_table_head
                0x0000000000209634       0x38 obj_openmote-cc2538/nbr-table.o
                0x0000000000209634                nbr_table_head
 .text.nbr_table_add_lladdr
                0x000000000020966c       0xf8 obj_openmote-cc2538/nbr-table.o
                0x000000000020966c                nbr_table_add_lladdr
 .text.nbr_table_remove
                0x0000000000209764       0x2c obj_openmote-cc2538/nbr-table.o
                0x0000000000209764                nbr_table_remove
 .text.nbr_table_lock
                0x0000000000209790       0x10 obj_openmote-cc2538/nbr-table.o
                0x0000000000209790                nbr_table_lock
 .text.nbr_table_unlock
                0x00000000002097a0       0x10 obj_openmote-cc2538/nbr-table.o
                0x00000000002097a0                nbr_table_unlock
 .text.packetbuf_hdrreduce
                0x00000000002097b0       0x28 obj_openmote-cc2538/packetbuf.o
                0x00000000002097b0                packetbuf_hdrreduce
 .text.packetbuf_set_datalen
                0x00000000002097d8        0xc obj_openmote-cc2538/packetbuf.o
                0x00000000002097d8                packetbuf_set_datalen
 .text.packetbuf_hdrptr
                0x00000000002097e4        0x8 obj_openmote-cc2538/packetbuf.o
                0x00000000002097e4                packetbuf_hdrptr
 .text.packetbuf_datalen
                0x00000000002097ec        0xc obj_openmote-cc2538/packetbuf.o
                0x00000000002097ec                packetbuf_datalen
 .text.packetbuf_hdrlen
                0x00000000002097f8       0x18 obj_openmote-cc2538/packetbuf.o
                0x00000000002097f8                packetbuf_hdrlen
 .text.packetbuf_dataptr
                0x0000000000209810       0x10 obj_openmote-cc2538/packetbuf.o
                0x0000000000209810                packetbuf_dataptr
 .text.packetbuf_copyto
                0x0000000000209820       0x40 obj_openmote-cc2538/packetbuf.o
                0x0000000000209820                packetbuf_copyto
 .text.packetbuf_totlen
                0x0000000000209860       0x14 obj_openmote-cc2538/packetbuf.o
                0x0000000000209860                packetbuf_totlen
 .text.packetbuf_hdralloc
                0x0000000000209874       0x40 obj_openmote-cc2538/packetbuf.o
                0x0000000000209874                packetbuf_hdralloc
 .text.packetbuf_attr_clear
                0x00000000002098b4       0x34 obj_openmote-cc2538/packetbuf.o
                0x00000000002098b4                packetbuf_attr_clear
 .text.packetbuf_clear
                0x00000000002098e8       0x20 obj_openmote-cc2538/packetbuf.o
                0x00000000002098e8                packetbuf_clear
 .text.packetbuf_copyfrom
                0x0000000000209908       0x2c obj_openmote-cc2538/packetbuf.o
                0x0000000000209908                packetbuf_copyfrom
 .text.packetbuf_attr_copyto
                0x0000000000209934       0x34 obj_openmote-cc2538/packetbuf.o
                0x0000000000209934                packetbuf_attr_copyto
 .text.packetbuf_attr_copyfrom
                0x0000000000209968       0x34 obj_openmote-cc2538/packetbuf.o
                0x0000000000209968                packetbuf_attr_copyfrom
 .text.packetbuf_set_attr
                0x000000000020999c       0x10 obj_openmote-cc2538/packetbuf.o
                0x000000000020999c                packetbuf_set_attr
 .text.packetbuf_attr
                0x00000000002099ac        0xc obj_openmote-cc2538/packetbuf.o
                0x00000000002099ac                packetbuf_attr
 .text.packetbuf_set_addr
                0x00000000002099b8       0x18 obj_openmote-cc2538/packetbuf.o
                0x00000000002099b8                packetbuf_set_addr
 .text.packetbuf_addr
                0x00000000002099d0       0x10 obj_openmote-cc2538/packetbuf.o
                0x00000000002099d0                packetbuf_addr
 .text.packetbuf_holds_broadcast
                0x00000000002099e0       0x10 obj_openmote-cc2538/packetbuf.o
                0x00000000002099e0                packetbuf_holds_broadcast
 .text.netstack_init
                0x00000000002099f0       0x38 obj_openmote-cc2538/netstack.o
                0x00000000002099f0                netstack_init
 .text.periodic
                0x0000000000209a28       0x2c obj_openmote-cc2538/link-stats.o
 .text.link_stats_from_lladdr
                0x0000000000209a54        0xc obj_openmote-cc2538/link-stats.o
                0x0000000000209a54                link_stats_from_lladdr
 .text.link_stats_packet_sent
                0x0000000000209a60       0x78 obj_openmote-cc2538/link-stats.o
                0x0000000000209a60                link_stats_packet_sent
 .text.link_stats_input_callback
                0x0000000000209ad8       0x4c obj_openmote-cc2538/link-stats.o
                0x0000000000209ad8                link_stats_input_callback
 .text.link_stats_init
                0x0000000000209b24       0x28 obj_openmote-cc2538/link-stats.o
                0x0000000000209b24                link_stats_init
 .text.mac_sequence_is_duplicate
                0x0000000000209b4c       0x50 obj_openmote-cc2538/mac-sequence.o
                0x0000000000209b4c                mac_sequence_is_duplicate
 .text.mac_sequence_register_seqno
                0x0000000000209b9c       0x68 obj_openmote-cc2538/mac-sequence.o
                0x0000000000209b9c                mac_sequence_register_seqno
 .text.input_packet
                0x0000000000209c04        0xc obj_openmote-cc2538/csma.o
 .text.on       0x0000000000209c10        0xc obj_openmote-cc2538/csma.o
 .text.off      0x0000000000209c1c        0xc obj_openmote-cc2538/csma.o
 .text.channel_check_interval
                0x0000000000209c28       0x10 obj_openmote-cc2538/csma.o
 .text.schedule_transmission
                0x0000000000209c38       0x4c obj_openmote-cc2538/csma.o
 .text.send_packet
                0x0000000000209c84      0x138 obj_openmote-cc2538/csma.o
 .text.init     0x0000000000209dbc       0x24 obj_openmote-cc2538/csma.o
 .text.transmit_packet_list
                0x0000000000209de0       0x30 obj_openmote-cc2538/csma.o
 .text.tx_done  0x0000000000209e10       0x7c obj_openmote-cc2538/csma.o
 .text.packet_sent
                0x0000000000209e8c       0xdc obj_openmote-cc2538/csma.o
 .text.frame802154_get_pan_id
                0x0000000000209f68        0xc obj_openmote-cc2538/frame802154.o
                0x0000000000209f68                frame802154_get_pan_id
 .text.frame802154_parse
                0x0000000000209f74      0x12c obj_openmote-cc2538/frame802154.o
                0x0000000000209f74                frame802154_parse
 .text.create_frame.isra.0
                0x000000000020a0a0      0x130 obj_openmote-cc2538/framer-802154.o
 .text.init     0x000000000020a1d0       0x40 obj_openmote-cc2538/contikimac.o
 .text.on       0x000000000020a210       0x2c obj_openmote-cc2538/contikimac.o
 .text.off      0x000000000020a23c       0x38 obj_openmote-cc2538/contikimac.o
 .text.recv_burst_off
                0x000000000020a274       0x14 obj_openmote-cc2538/contikimac.o
 .text.powercycle_turn_radio_off
                0x000000000020a288       0x1c obj_openmote-cc2538/contikimac.o
 .text.turn_off
                0x000000000020a2a4       0x38 obj_openmote-cc2538/contikimac.o
 .text.turn_on  0x000000000020a2dc       0x40 obj_openmote-cc2538/contikimac.o
 .text.schedule_powercycle_fixed
                0x000000000020a31c       0x38 obj_openmote-cc2538/contikimac.o
 .text.input_packet
                0x000000000020a354       0xa4 obj_openmote-cc2538/contikimac.o
 .text.send_packet.isra.8
                0x000000000020a3f8      0x208 obj_openmote-cc2538/contikimac.o
 .text.qsend_list
                0x000000000020a600       0xdc obj_openmote-cc2538/contikimac.o
 .text.powercycle_wrapper
                0x000000000020a6dc      0x1fc obj_openmote-cc2538/contikimac.o
 .text.input    0x000000000020a8d8        0xc obj_openmote-cc2538/nullsec.o
 .text.send     0x000000000020a8e4       0x20 obj_openmote-cc2538/nullsec.o
 .text.process_thread_hello_world_process
                0x000000000020a904       0x1c hello-world.co
 .text          0x000000000020a920       0x30 /usr/share/gcc-arm-none-eabi-8-2019-q3-update/bin/../lib/gcc/arm-none-eabi/8.3.1/thumb/v7-m/nofp/libgcc.a(_aeabi_uldivmod.o)
                0x000000000020a920                __aeabi_uldivmod
 .text          0x000000000020a950      0x2d0 /usr/share/gcc-arm-none-eabi-8-2019-q3-update/bin/../lib/gcc/arm-none-eabi/8.3.1/thumb/v7-m/nofp/libgcc.a(_udivmoddi4.o)
                0x000000000020a950                __udivmoddi4
 .text          0x000000000020ac20        0x4 /usr/share/gcc-arm-none-eabi-8-2019-q3-update/bin/../lib/gcc/arm-none-eabi/8.3.1/thumb/v7-m/nofp/libgcc.a(_dvmd_tls.o)
                0x000000000020ac20                __aeabi_ldiv0
                0x000000000020ac20                __aeabi_idiv0
 .text.memcmp   0x000000000020ac24       0x60 /usr/share/gcc-arm-none-eabi-8-2019-q3-update/bin/../lib/gcc/arm-none-eabi/8.3.1/../../../../arm-none-eabi/lib/thumb/v7-m/nofp/libc.a(lib_a-memcmp.o)
                0x000000000020ac24                memcmp
 .text          0x000000000020ac84       0xec /usr/share/gcc-arm-none-eabi-8-2019-q3-update/bin/../lib/gcc/arm-none-eabi/8.3.1/../../../../arm-none-eabi/lib/thumb/v7-m/nofp/libc.a(lib_a-memcpy.o)
                0x000000000020ac84                memcpy
 .text.memmove  0x000000000020ad70       0xcc /usr/share/gcc-arm-none-eabi-8-2019-q3-update/bin/../lib/gcc/arm-none-eabi/8.3.1/../../../../arm-none-eabi/lib/thumb/v7-m/nofp/libc.a(lib_a-memmove.o)
                0x000000000020ad70                memmove
 .text.memset   0x000000000020ae3c       0xa0 /usr/share/gcc-arm-none-eabi-8-2019-q3-update/bin/../lib/gcc/arm-none-eabi/8.3.1/../../../../arm-none-eabi/lib/thumb/v7-m/nofp/libc.a(lib_a-memset.o)
                0x000000000020ae3c                memset
 .text.default_handler
                0x000000000020aedc        0x2 obj_openmote-cc2538/startup-gcc.o
                0x000000000020aedc                default_handler
 .text.nmi_handler
                0x000000000020aede        0x6 obj_openmote-cc2538/startup-gcc.o
                0x000000000020aede                nmi_handler
 .text.fade     0x000000000020aee4       0x58 obj_openmote-cc2538/contiki-main.o
 .text.board_init
                0x000000000020af3c        0x4 obj_openmote-cc2538/board.o
                0x000000000020af3c                board_init
 .text.clock_isr
                0x000000000020af40        0x4 obj_openmote-cc2538/clock.o
                0x000000000020af40                clock_isr
 .text.rtimer_arch_init
                0x000000000020af44        0x2 obj_openmote-cc2538/rtimer-arch.o
                0x000000000020af44                rtimer_arch_init
 .text.uart0_isr
                0x000000000020af46        0x6 obj_openmote-cc2538/uart.o
                0x000000000020af46                uart0_isr
 .text.uart1_isr
                0x000000000020af4c        0x6 obj_openmote-cc2538/uart.o
                0x000000000020af4c                uart1_isr
 .text.gpio_port_a_isr
                0x000000000020af52        0x6 obj_openmote-cc2538/gpio.o
                0x000000000020af52                gpio_port_a_isr
 .text.gpio_port_b_isr
                0x000000000020af58        0x6 obj_openmote-cc2538/gpio.o
                0x000000000020af58                gpio_port_b_isr
 .text.gpio_port_c_isr
                0x000000000020af5e        0x6 obj_openmote-cc2538/gpio.o
                0x000000000020af5e                gpio_port_c_isr
 .text.gpio_port_d_isr
                0x000000000020af64        0x6 obj_openmote-cc2538/gpio.o
                0x000000000020af64                gpio_port_d_isr
 .text.send     0x000000000020af6a       0x12 obj_openmote-cc2538/cc2538-rf.o
 .text.putchar  0x000000000020af7c       0x10 obj_openmote-cc2538/dbg.o
                0x000000000020af7c                putchar
 .text.dbg_send_bytes
                0x000000000020af8c       0x22 obj_openmote-cc2538/dbg.o
                0x000000000020af8c                dbg_send_bytes
 .text.puts     0x000000000020afae       0x20 obj_openmote-cc2538/dbg.o
                0x000000000020afae                puts
 .text.configure
                0x000000000020afce        0x4 obj_openmote-cc2538/cc2538-temp-sensor.o
 .text.status   0x000000000020afd2        0x4 obj_openmote-cc2538/cc2538-temp-sensor.o
 .text.value    0x000000000020afd6       0x34 obj_openmote-cc2538/cc2538-temp-sensor.o
 .text.write_str
                0x000000000020b00a       0x10 obj_openmote-cc2538/dbg-printf.o
 .text.autostart_start
                0x000000000020b01a       0x14 obj_openmote-cc2538/autostart.o
                0x000000000020b01a                autostart_start
 .text.energest_init
                0x000000000020b02e        0x2 obj_openmote-cc2538/energest.o
                0x000000000020b02e                energest_init
 .text.stimer_set
                0x000000000020b030        0xe obj_openmote-cc2538/stimer.o
                0x000000000020b030                stimer_set
 .text.etimer_set
                0x000000000020b03e       0x12 obj_openmote-cc2538/etimer.o
                0x000000000020b03e                etimer_set
 .text.etimer_reset
                0x000000000020b050       0x12 obj_openmote-cc2538/etimer.o
                0x000000000020b050                etimer_reset
 .text.etimer_restart
                0x000000000020b062       0x12 obj_openmote-cc2538/etimer.o
                0x000000000020b062                etimer_restart
 .text.etimer_expired
                0x000000000020b074        0xa obj_openmote-cc2538/etimer.o
                0x000000000020b074                etimer_expired
 .text.etimer_expiration_time
                0x000000000020b07e        0x8 obj_openmote-cc2538/etimer.o
                0x000000000020b07e                etimer_expiration_time
 .text.call_process
                0x000000000020b086        0xc obj_openmote-cc2538/process.o
 .text.rtimer_init
                0x000000000020b092        0x4 obj_openmote-cc2538/rtimer.o
                0x000000000020b092                rtimer_init
 .text.timer_set
                0x000000000020b096        0xe obj_openmote-cc2538/timer.o
                0x000000000020b096                timer_set
 .text.timer_reset
                0x000000000020b0a4        0xa obj_openmote-cc2538/timer.o
                0x000000000020b0a4                timer_reset
 .text.timer_restart
                0x000000000020b0ae        0xc obj_openmote-cc2538/timer.o
                0x000000000020b0ae                timer_restart
 .text.timer_expired
                0x000000000020b0ba       0x1c obj_openmote-cc2538/timer.o
                0x000000000020b0ba                timer_expired
 .text.list_init
                0x000000000020b0d6        0x6 obj_openmote-cc2538/list.o
                0x000000000020b0d6                list_init
 .text.list_head
                0x000000000020b0dc        0x4 obj_openmote-cc2538/list.o
                0x000000000020b0dc                list_head
 .text.list_tail
                0x000000000020b0e0       0x10 obj_openmote-cc2538/list.o
                0x000000000020b0e0                list_tail
 .text.list_remove
                0x000000000020b0f0       0x26 obj_openmote-cc2538/list.o
                0x000000000020b0f0                list_remove
 .text.list_add
                0x000000000020b116       0x1a obj_openmote-cc2538/list.o
                0x000000000020b116                list_add
 .text.list_push
                0x000000000020b130       0x10 obj_openmote-cc2538/list.o
                0x000000000020b130                list_push
 .text.list_length
                0x000000000020b140        0xe obj_openmote-cc2538/list.o
                0x000000000020b140                list_length
 .text.list_item_next
                0x000000000020b14e        0x6 obj_openmote-cc2538/list.o
                0x000000000020b14e                list_item_next
 .text.memb_init
                0x000000000020b154       0x20 obj_openmote-cc2538/memb.o
                0x000000000020b154                memb_init
 .text.memb_alloc
                0x000000000020b174       0x28 obj_openmote-cc2538/memb.o
                0x000000000020b174                memb_alloc
 .text.memb_free
                0x000000000020b19c       0x2c obj_openmote-cc2538/memb.o
                0x000000000020b19c                memb_free
 .text.memb_inmemb
                0x000000000020b1c8       0x1c obj_openmote-cc2538/memb.o
                0x000000000020b1c8                memb_inmemb
 .text.memb_numfree
                0x000000000020b1e4       0x1c obj_openmote-cc2538/memb.o
                0x000000000020b1e4                memb_numfree
 .text.ringbuf_init
                0x000000000020b200        0xe obj_openmote-cc2538/ringbuf.o
                0x000000000020b200                ringbuf_init
 .text.ringbuf_put
                0x000000000020b20e       0x26 obj_openmote-cc2538/ringbuf.o
                0x000000000020b20e                ringbuf_put
 .text.ringbuf_get
                0x000000000020b234       0x20 obj_openmote-cc2538/ringbuf.o
                0x000000000020b234                ringbuf_get
 .text.uip_ds6_list_loop
                0x000000000020b254       0x46 obj_openmote-cc2538/uip-ds6.o
                0x000000000020b254                uip_ds6_list_loop
 .text.uip_ds6_maddr_rm
                0x000000000020b29a        0x8 obj_openmote-cc2538/uip-ds6.o
                0x000000000020b29a                uip_ds6_maddr_rm
 .text.uip_ds6_set_addr_iid
                0x000000000020b2a2       0x12 obj_openmote-cc2538/uip-ds6.o
                0x000000000020b2a2                uip_ds6_set_addr_iid
 .text.get_match_length
                0x000000000020b2b4       0x36 obj_openmote-cc2538/uip-ds6.o
                0x000000000020b2b4                get_match_length
 .text.uip_ds6_route_next
                0x000000000020b2ea        0x8 obj_openmote-cc2538/uip-ds6-route.o
                0x000000000020b2ea                uip_ds6_route_next
 .text.rm_routelist_callback
                0x000000000020b2f2        0x4 obj_openmote-cc2538/uip-ds6-route.o
 .text.chksum   0x000000000020b2f6       0x38 obj_openmote-cc2538/uip6.o
 .text.uip_icmp6chksum
                0x000000000020b32e        0x6 obj_openmote-cc2538/uip6.o
                0x000000000020b32e                uip_icmp6chksum
 .text.uip_tcpchksum
                0x000000000020b334        0x6 obj_openmote-cc2538/uip6.o
                0x000000000020b334                uip_tcpchksum
 .text.uip_udpchksum
                0x000000000020b33a        0x6 obj_openmote-cc2538/uip6.o
                0x000000000020b33a                uip_udpchksum
 .text.uip_ds6_nbr_ipaddr_from_lladdr
                0x000000000020b340        0x4 obj_openmote-cc2538/uip-ds6-nbr.o
                0x000000000020b340                uip_ds6_nbr_ipaddr_from_lladdr
 .text.uip_ds6_nbr_lladdr_from_ipaddr
                0x000000000020b344       0x12 obj_openmote-cc2538/uip-ds6-nbr.o
                0x000000000020b344                uip_ds6_nbr_lladdr_from_ipaddr
 .text.get32    0x000000000020b356       0x18 obj_openmote-cc2538/rpl-icmp6.o
 .text.set32    0x000000000020b36e       0x12 obj_openmote-cc2538/rpl-icmp6.o
 .text.get16    0x000000000020b380        0xc obj_openmote-cc2538/rpl-icmp6.o
 .text.set16    0x000000000020b38c        0xa obj_openmote-cc2538/rpl-icmp6.o
 .text.rpl_icmp6_update_nbr_table
                0x000000000020b396       0x2e obj_openmote-cc2538/rpl-icmp6.o
                0x000000000020b396                rpl_icmp6_update_nbr_table
 .text.check_prefix
                0x000000000020b3c4       0x58 obj_openmote-cc2538/rpl-dag.o
 .text.lollipop_greater_than
                0x000000000020b41c       0x34 obj_openmote-cc2538/rpl-dag.o
 .text.rpl_rank_via_parent
                0x000000000020b450       0x1a obj_openmote-cc2538/rpl-dag.o
                0x000000000020b450                rpl_rank_via_parent
 .text.rpl_get_parent_ipaddr
                0x000000000020b46a        0xe obj_openmote-cc2538/rpl-dag.o
                0x000000000020b46a                rpl_get_parent_ipaddr
 .text.rpl_get_parent_link_stats
                0x000000000020b478        0xe obj_openmote-cc2538/rpl-dag.o
                0x000000000020b478                rpl_get_parent_link_stats
 .text.rpl_parent_is_fresh
                0x000000000020b486        0xe obj_openmote-cc2538/rpl-dag.o
                0x000000000020b486                rpl_parent_is_fresh
 .text.rpl_parent_is_reachable
                0x000000000020b494       0x36 obj_openmote-cc2538/rpl-dag.o
                0x000000000020b494                rpl_parent_is_reachable
 .text.rpl_set_prefix
                0x000000000020b4ca       0x6a obj_openmote-cc2538/rpl-dag.o
                0x000000000020b4ca                rpl_set_prefix
 .text.rpl_set_default_route
                0x000000000020b534       0x30 obj_openmote-cc2538/rpl-dag.o
                0x000000000020b534                rpl_set_default_route
 .text.rpl_find_parent
                0x000000000020b564       0x16 obj_openmote-cc2538/rpl-dag.o
                0x000000000020b564                rpl_find_parent
 .text.rpl_find_parent_any_dag
                0x000000000020b57a       0x1e obj_openmote-cc2538/rpl-dag.o
                0x000000000020b57a                rpl_find_parent_any_dag
 .text.rpl_select_parent
                0x000000000020b598       0x4a obj_openmote-cc2538/rpl-dag.o
                0x000000000020b598                rpl_select_parent
 .text.rpl_select_dag
                0x000000000020b5e2      0x152 obj_openmote-cc2538/rpl-dag.o
                0x000000000020b5e2                rpl_select_dag
 .text.rpl_nullify_parent
                0x000000000020b734       0x54 obj_openmote-cc2538/rpl-dag.o
                0x000000000020b734                rpl_nullify_parent
 .text.nbr_callback
                0x000000000020b788        0x4 obj_openmote-cc2538/rpl-dag.o
 .text.rpl_free_dag
                0x000000000020b78c       0x3a obj_openmote-cc2538/rpl-dag.o
                0x000000000020b78c                rpl_free_dag
 .text.rpl_move_parent
                0x000000000020b7c6       0x58 obj_openmote-cc2538/rpl-dag.o
                0x000000000020b7c6                rpl_move_parent
 .text.rpl_repair_root
                0x000000000020b81e       0x48 obj_openmote-cc2538/rpl-dag.o
                0x000000000020b81e                rpl_repair_root
 .text.rpl_alloc_dag
                0x000000000020b866       0x50 obj_openmote-cc2538/rpl-dag.o
                0x000000000020b866                rpl_alloc_dag
 .text.rpl_process_parent_event
                0x000000000020b8b6       0x90 obj_openmote-cc2538/rpl-dag.o
                0x000000000020b8b6                rpl_process_parent_event
 .text.rpl_add_dag
                0x000000000020b946      0x110 obj_openmote-cc2538/rpl-dag.o
                0x000000000020b946                rpl_add_dag
 .text.rpl_process_dio
                0x000000000020ba56      0x2da obj_openmote-cc2538/rpl-dag.o
                0x000000000020ba56                rpl_process_dio
 .text.handle_unicast_dio_timer
                0x000000000020bd30       0x1c obj_openmote-cc2538/rpl-timers.o
 .text.rpl_reset_dio_timer
                0x000000000020bd4c       0x1c obj_openmote-cc2538/rpl-timers.o
                0x000000000020bd4c                rpl_reset_dio_timer
 .text.rpl_schedule_dao
                0x000000000020bd68        0x8 obj_openmote-cc2538/rpl-timers.o
                0x000000000020bd68                rpl_schedule_dao
 .text.get_probing_delay
                0x000000000020bd70       0x3a obj_openmote-cc2538/rpl-timers.o
                0x000000000020bd70                get_probing_delay
 .text.handle_probing_timer
                0x000000000020bdaa       0x32 obj_openmote-cc2538/rpl-timers.o
 .text.rpl_remove_routes
                0x000000000020bddc       0x1e obj_openmote-cc2538/rpl.o
                0x000000000020bddc                rpl_remove_routes
 .text.rpl_remove_routes_by_nexthop
                0x000000000020bdfa       0x30 obj_openmote-cc2538/rpl.o
                0x000000000020bdfa                rpl_remove_routes_by_nexthop
 .text.rpl_add_route
                0x000000000020be2a       0x36 obj_openmote-cc2538/rpl.o
                0x000000000020be2a                rpl_add_route
 .text.reset    0x000000000020be60        0x2 obj_openmote-cc2538/rpl-mrhof.o
 .text.update_metric_container
                0x000000000020be62        0x6 obj_openmote-cc2538/rpl-mrhof.o
 .text.parent_link_metric
                0x000000000020be68       0x12 obj_openmote-cc2538/rpl-mrhof.o
 .text.parent_has_usable_link
                0x000000000020be7a       0x12 obj_openmote-cc2538/rpl-mrhof.o
 .text.best_dag
                0x000000000020be8c       0x2c obj_openmote-cc2538/rpl-mrhof.o
 .text.parent_path_cost
                0x000000000020beb8       0x34 obj_openmote-cc2538/rpl-mrhof.o
 .text.rank_via_parent
                0x000000000020beec       0x34 obj_openmote-cc2538/rpl-mrhof.o
 .text.parent_is_acceptable
                0x000000000020bf20       0x26 obj_openmote-cc2538/rpl-mrhof.o
 .text.best_parent
                0x000000000020bf46       0x64 obj_openmote-cc2538/rpl-mrhof.o
 .text.svcall_handler
                0x000000000020bfaa       0x1e obj_openmote-cc2538/mtarch.o
                0x000000000020bfaa                svcall_handler
 .text.pendsv_handler
                0x000000000020bfc8       0x18 obj_openmote-cc2538/mtarch.o
                0x000000000020bfc8                pendsv_handler
 .text.queuebuf_update_attr_from_packetbuf
                0x000000000020bfe0        0xc obj_openmote-cc2538/queuebuf.o
                0x000000000020bfe0                queuebuf_update_attr_from_packetbuf
 .text.queuebuf_update_from_packetbuf
                0x000000000020bfec       0x1c obj_openmote-cc2538/queuebuf.o
                0x000000000020bfec                queuebuf_update_from_packetbuf
 .text.queuebuf_attr
                0x000000000020c008        0xc obj_openmote-cc2538/queuebuf.o
                0x000000000020c008                queuebuf_attr
 .text.item_from_index
                0x000000000020c014       0x14 obj_openmote-cc2538/nbr-table.o
 .text.index_from_item
                0x000000000020c028       0x16 obj_openmote-cc2538/nbr-table.o
 .text.nbr_set_bit
                0x000000000020c03e       0x3a obj_openmote-cc2538/nbr-table.o
 .text.nbr_table_next
                0x000000000020c078       0x36 obj_openmote-cc2538/nbr-table.o
                0x000000000020c078                nbr_table_next
 .text.nbr_table_get_from_lladdr
                0x000000000020c0ae       0x26 obj_openmote-cc2538/nbr-table.o
                0x000000000020c0ae                nbr_table_get_from_lladdr
 .text.nbr_table_get_lladdr
                0x000000000020c0d4       0x10 obj_openmote-cc2538/nbr-table.o
                0x000000000020c0d4                nbr_table_get_lladdr
 .text.nbr_table_update_lladdr
                0x000000000020c0e4       0x44 obj_openmote-cc2538/nbr-table.o
                0x000000000020c0e4                nbr_table_update_lladdr
 .text.linkaddr_copy
                0x000000000020c128        0xa obj_openmote-cc2538/linkaddr.o
                0x000000000020c128                linkaddr_copy
 .text.linkaddr_cmp
                0x000000000020c132       0x10 obj_openmote-cc2538/linkaddr.o
                0x000000000020c132                linkaddr_cmp
 .text.link_stats_is_fresh
                0x000000000020c142       0x24 obj_openmote-cc2538/link-stats.o
                0x000000000020c142                link_stats_is_fresh
 .text.frame802154_has_panid
                0x000000000020c166       0xb6 obj_openmote-cc2538/frame802154.o
                0x000000000020c166                frame802154_has_panid
 .text.field_len
                0x000000000020c21c       0x80 obj_openmote-cc2538/frame802154.o
 .text.frame802154_is_broadcast_addr
                0x000000000020c29c       0x1e obj_openmote-cc2538/frame802154.o
                0x000000000020c29c                frame802154_is_broadcast_addr
 .text.frame802154_hdrlen
                0x000000000020c2ba       0x32 obj_openmote-cc2538/frame802154.o
                0x000000000020c2ba                frame802154_hdrlen
 .text.frame802154_create_fcf
                0x000000000020c2ec       0x5e obj_openmote-cc2538/frame802154.o
                0x000000000020c2ec                frame802154_create_fcf
 .text.frame802154_create
                0x000000000020c34a       0x8e obj_openmote-cc2538/frame802154.o
                0x000000000020c34a                frame802154_create
 .text.frame802154_parse_fcf
                0x000000000020c3d8       0x40 obj_openmote-cc2538/frame802154.o
                0x000000000020c3d8                frame802154_parse_fcf
 .text.mac_call_sent_callback
                0x000000000020c418       0x18 obj_openmote-cc2538/mac.o
                0x000000000020c418                mac_call_sent_callback
 .text.parse    0x000000000020c430       0x94 obj_openmote-cc2538/framer-802154.o
 .text.create   0x000000000020c4c4        0x6 obj_openmote-cc2538/framer-802154.o
 .text.hdr_length
                0x000000000020c4ca        0x6 obj_openmote-cc2538/framer-802154.o
 .text.duty_cycle
                0x000000000020c4d0        0x4 obj_openmote-cc2538/contikimac.o
 .text.qsend_packet
                0x000000000020c4d4       0x22 obj_openmote-cc2538/contikimac.o
 .text.init     0x000000000020c4f6        0x2 obj_openmote-cc2538/nullsec.o
 *(SORT_BY_ALIGNMENT(.rodata*))
 .rodata.button_sensor
                0x000000000020c4f8       0x10 obj_openmote-cc2538/button-sensor.o
                0x000000000020c4f8                button_sensor
 .rodata.uart_regs
                0x000000000020c508       0x58 obj_openmote-cc2538/uart.o
 .rodata.reset_cause.5368
                0x000000000020c560       0x10 obj_openmote-cc2538/sys-ctrl.o
 .rodata.cc2538_rf_driver
                0x000000000020c570       0x38 obj_openmote-cc2538/cc2538-rf.o
                0x000000000020c570                cc2538_rf_driver
 .rodata.output_power
                0x000000000020c5a8       0x70 obj_openmote-cc2538/cc2538-rf.o
 .rodata.cc2538_temp_sensor
                0x000000000020c618       0x10 obj_openmote-cc2538/cc2538-temp-sensor.o
                0x000000000020c618                cc2538_temp_sensor
 .rodata.sicslowpan_driver
                0x000000000020c628        0xc obj_openmote-cc2538/sicslowpan.o
                0x000000000020c628                sicslowpan_driver
 .rodata.csma_driver
                0x000000000020c634       0x1c obj_openmote-cc2538/csma.o
                0x000000000020c634                csma_driver
 .rodata.framer_802154
                0x000000000020c650        0xc obj_openmote-cc2538/framer-802154.o
                0x000000000020c650                framer_802154
 .rodata.contikimac_driver
                0x000000000020c65c       0x20 obj_openmote-cc2538/contikimac.o
                0x000000000020c65c                contikimac_driver
 .rodata.nullsec_driver
                0x000000000020c67c       0x10 obj_openmote-cc2538/nullsec.o
                0x000000000020c67c                nullsec_driver
 .rodata.autostart_processes
                0x000000000020c68c        0x8 hello-world.co
                0x000000000020c68c                autostart_processes
 .rodata.main.str1.1
                0x000000000020c694       0x68 obj_openmote-cc2538/contiki-main.o
 .rodata.str1.1
                0x000000000020c6fc        0x7 obj_openmote-cc2538/button-sensor.o
 .rodata.soc_print_info.str1.1
                0x000000000020c703       0x94 obj_openmote-cc2538/soc.o
 .rodata.str1.1
                0x000000000020c797       0x2d obj_openmote-cc2538/sys-ctrl.o
 .rodata.str1.1
                0x000000000020c7c4       0x11 obj_openmote-cc2538/cc2538-rf.o
 .rodata.str1.1
                0x000000000020c7d5       0x14 obj_openmote-cc2538/cc2538-temp-sensor.o
 .rodata.buffer.4265
                0x000000000020c7e9       0x10 obj_openmote-cc2538/strformat.o
 .rodata.buffer.4274
                0x000000000020c7f9       0x10 obj_openmote-cc2538/strformat.o
 .rodata.format_str_v.str1.1
                0x000000000020c809       0x35 obj_openmote-cc2538/strformat.o
                                         0x37 (size before relaxing)
 .rodata.str1.1
                0x000000000020c83e        0xf obj_openmote-cc2538/ctimer.o
 .rodata.str1.1
                0x000000000020c84d        0xc obj_openmote-cc2538/etimer.o
 .rodata.str1.1
                0x000000000020c859        0xe obj_openmote-cc2538/serial-line.o
 .rodata.str1.1
                0x000000000020c867        0x8 obj_openmote-cc2538/sensors.o
 .rodata        0x000000000020c86f        0x2 obj_openmote-cc2538/sicslowpan.o
 .rodata.llprefix
                0x000000000020c871        0x2 obj_openmote-cc2538/sicslowpan.o
                0x000000000020c871                llprefix
 .rodata.str1.1
                0x000000000020c873        0xb obj_openmote-cc2538/sicslowpan.o
 .rodata.ttl_values
                0x000000000020c87e        0x4 obj_openmote-cc2538/sicslowpan.o
 .rodata.unc_ctxconf
                0x000000000020c882        0x4 obj_openmote-cc2538/sicslowpan.o
                0x000000000020c882                unc_ctxconf
 .rodata.unc_llconf
                0x000000000020c886        0x4 obj_openmote-cc2538/sicslowpan.o
                0x000000000020c886                unc_llconf
 .rodata.unc_mxconf
                0x000000000020c88a        0x4 obj_openmote-cc2538/sicslowpan.o
                0x000000000020c88a                unc_mxconf
 .rodata.uip_debug_ipaddr_print.str1.1
                0x000000000020c88e       0x28 obj_openmote-cc2538/uip-debug.o
 .rodata.str1.1
                0x000000000020c8b6        0xd obj_openmote-cc2538/tcpip.o
 .rodata.linkaddr_null
                0x000000000020c8c3        0x8 obj_openmote-cc2538/linkaddr.o
                0x000000000020c8c3                linkaddr_null
 .rodata.str1.1
                0x000000000020c8cb        0x5 obj_openmote-cc2538/csma.o
 .rodata.str1.1
                0x000000000020c8d0        0xb obj_openmote-cc2538/contikimac.o
 .rodata.str1.1
                0x000000000020c8db        0x8 obj_openmote-cc2538/nullsec.o
 .rodata.process_thread_hello_world_process.str1.1
                0x000000000020c8e3        0xd hello-world.co
 .rodata.str1.1
                0x000000000020c8f0       0x14 hello-world.co
                0x000000000020c904                _etext = .

.glue_7         0x000000000020c904        0x0
 .glue_7        0x000000000020c904        0x0 linker stubs

.glue_7t        0x000000000020c904        0x0
 .glue_7t       0x000000000020c904        0x0 linker stubs

.vfp11_veneer   0x000000000020c904        0x0
 .vfp11_veneer  0x000000000020c904        0x0 linker stubs

.v4_bx          0x000000000020c904        0x0
 .v4_bx         0x000000000020c904        0x0 linker stubs

.iplt           0x000000000020c904        0x0
 .iplt          0x000000000020c904        0x0 obj_openmote-cc2538/startup-gcc.o

.socdata        0x0000000020000000       0x40
 *(SORT_BY_ALIGNMENT(.udma_channel_control_table))
 .udma_channel_control_table
                0x0000000020000000       0x40 obj_openmote-cc2538/udma.o

.data           0x0000000020000040      0x1b9 load address 0x000000000020c904
                0x0000000020000040                _data = .
 *(SORT_BY_ALIGNMENT(.data*))
 .data.sensors  0x0000000020000040        0xc obj_openmote-cc2538/openmote-sensors.o
                0x0000000020000040                sensors
 .data.cc2538_rf_process
                0x000000002000004c       0x10 obj_openmote-cc2538/cc2538-rf.o
                0x000000002000004c                cc2538_rf_process
 .data.ctxt     0x000000002000005c        0x8 obj_openmote-cc2538/dbg-printf.o
 .data.ctimer_process
                0x0000000020000064       0x10 obj_openmote-cc2538/ctimer.o
                0x0000000020000064                ctimer_process
 .data.etimer_process
                0x0000000020000074       0x10 obj_openmote-cc2538/etimer.o
                0x0000000020000074                etimer_process
 .data.serial_line_process
                0x0000000020000084       0x10 obj_openmote-cc2538/serial-line.o
                0x0000000020000084                serial_line_process
 .data.sensors_process
                0x0000000020000094       0x10 obj_openmote-cc2538/sensors.o
                0x0000000020000094                sensors_process
 .data.echo_reply_handler
                0x00000000200000a4        0xc obj_openmote-cc2538/uip-icmp6.o
 .data.echo_request_handler
                0x00000000200000b0        0xc obj_openmote-cc2538/uip-icmp6.o
 .data.defaultroutermemb
                0x00000000200000bc        0xc obj_openmote-cc2538/uip-ds6-route.o
 .data.nbr_routes
                0x00000000200000c8        0x4 obj_openmote-cc2538/uip-ds6-route.o
                0x00000000200000c8                nbr_routes
 .data.nbr_routes_struct
                0x00000000200000cc       0x10 obj_openmote-cc2538/uip-ds6-route.o
 .data.neighborroutememb
                0x00000000200000dc        0xc obj_openmote-cc2538/uip-ds6-route.o
 .data.routememb
                0x00000000200000e8        0xc obj_openmote-cc2538/uip-ds6-route.o
 .data.ds6_neighbors
                0x00000000200000f4        0x4 obj_openmote-cc2538/uip-ds6-nbr.o
                0x00000000200000f4                ds6_neighbors
 .data.ds6_neighbors_struct
                0x00000000200000f8       0x10 obj_openmote-cc2538/uip-ds6-nbr.o
 .data.ns_input_handler
                0x0000000020000108        0xc obj_openmote-cc2538/uip-nd6.o
 .data.tcpip_process
                0x0000000020000114       0x10 obj_openmote-cc2538/tcpip.o
                0x0000000020000114                tcpip_process
 .data.dao_ack_handler
                0x0000000020000124        0xc obj_openmote-cc2538/rpl-icmp6.o
 .data.dao_handler
                0x0000000020000130        0xc obj_openmote-cc2538/rpl-icmp6.o
 .data.dio_handler
                0x000000002000013c        0xc obj_openmote-cc2538/rpl-icmp6.o
 .data.dis_handler
                0x0000000020000148        0xc obj_openmote-cc2538/rpl-icmp6.o
 .data.rpl_parents
                0x0000000020000154        0x4 obj_openmote-cc2538/rpl-dag.o
                0x0000000020000154                rpl_parents
 .data.rpl_parents_struct
                0x0000000020000158       0x10 obj_openmote-cc2538/rpl-dag.o
 .data.rpl_mrhof
                0x0000000020000168       0x24 obj_openmote-cc2538/rpl-mrhof.o
                0x0000000020000168                rpl_mrhof
 .data.bufmem   0x000000002000018c        0xc obj_openmote-cc2538/queuebuf.o
 .data.buframmem
                0x0000000020000198        0xc obj_openmote-cc2538/queuebuf.o
 .data.neighbor_addr_mem
                0x00000000200001a4        0xc obj_openmote-cc2538/nbr-table.o
 .data.link_stats_struct
                0x00000000200001b0       0x10 obj_openmote-cc2538/link-stats.o
 .data.metadata_memb
                0x00000000200001c0        0xc obj_openmote-cc2538/csma.o
 .data.neighbor_memb
                0x00000000200001cc        0xc obj_openmote-cc2538/csma.o
 .data.packet_memb
                0x00000000200001d8        0xc obj_openmote-cc2538/csma.o
 .data.hello_world_process
                0x00000000200001e4       0x10 hello-world.co
                0x00000000200001e4                hello_world_process
 .data.mac_pan_id
                0x00000000200001f4        0x2 obj_openmote-cc2538/frame802154.o
 .data.rf_channel
                0x00000000200001f6        0x1 obj_openmote-cc2538/cc2538-rf.o
 .data.send_on_cca
                0x00000000200001f7        0x1 obj_openmote-cc2538/cc2538-rf.o
 .data.dao_sequence
                0x00000000200001f8        0x1 obj_openmote-cc2538/rpl-icmp6.o
                0x00000000200001f9                _edata = .
                0x000000000020c904                _ldata = LOADADDR (.data)

.igot.plt       0x00000000200001fc        0x0 load address 0x000000000020cabd
 .igot.plt      0x00000000200001fc        0x0 obj_openmote-cc2538/startup-gcc.o

.ARM.exidx      0x000000000020cac0        0x8
 *(SORT_BY_ALIGNMENT(.ARM.exidx*))
 .ARM.exidx     0x000000000020cac0        0x8 /usr/share/gcc-arm-none-eabi-8-2019-q3-update/bin/../lib/gcc/arm-none-eabi/8.3.1/thumb/v7-m/nofp/libgcc.a(_udivmoddi4.o)

.bss            0x0000000020000200     0x290e
                0x0000000020000200                _bss = .
 *(SORT_BY_ALIGNMENT(.bss*))
 .bss.rt_ticks_epoch
                0x0000000020000200        0x8 obj_openmote-cc2538/clock.o
 .bss.rt_ticks_startup
                0x0000000020000208        0x8 obj_openmote-cc2538/clock.o
 .bss.debouncetimer
                0x0000000020000210        0x8 obj_openmote-cc2538/button-sensor.o
 .bss.press_counter
                0x0000000020000218       0x20 obj_openmote-cc2538/button-sensor.o
 .bss.press_duration
                0x0000000020000238        0x4 obj_openmote-cc2538/button-sensor.o
 .bss.next_trigger
                0x000000002000023c        0x4 obj_openmote-cc2538/rtimer-arch.o
 .bss.input_handler
                0x0000000020000240        0x8 obj_openmote-cc2538/uart.o
 .bss.gpio_callbacks
                0x0000000020000248       0x80 obj_openmote-cc2538/gpio.o
 .bss.ioc_over  0x00000000200002c8        0x4 obj_openmote-cc2538/ioc.o
 .bss.ioc_sel   0x00000000200002cc        0x4 obj_openmote-cc2538/ioc.o
 .bss.notification_process
                0x00000000200002d0        0x4 obj_openmote-cc2538/crypto.o
 .bss.periph_permit_pm1_funcs
                0x00000000200002d4       0x14 obj_openmote-cc2538/lpm.o
 .bss.notification_process
                0x00000000200002e8        0x4 obj_openmote-cc2538/pka.o
 .bss.ctimer_list_list
                0x00000000200002ec        0x4 obj_openmote-cc2538/ctimer.o
 .bss.next_expiration
                0x00000000200002f0        0x4 obj_openmote-cc2538/etimer.o
 .bss.timerlist
                0x00000000200002f4        0x4 obj_openmote-cc2538/etimer.o
 .bss.events    0x00000000200002f8      0x180 obj_openmote-cc2538/process.o
 .bss.process_current
                0x0000000020000478        0x4 obj_openmote-cc2538/process.o
                0x0000000020000478                process_current
 .bss.process_list
                0x000000002000047c        0x4 obj_openmote-cc2538/process.o
                0x000000002000047c                process_list
 .bss.next_rtimer
                0x0000000020000480        0x4 obj_openmote-cc2538/rtimer.o
 .bss.ptr.5387  0x0000000020000484        0x4 obj_openmote-cc2538/serial-line.o
 .bss.rxbuf     0x0000000020000488        0x8 obj_openmote-cc2538/serial-line.o
 .bss.events.5403
                0x0000000020000490        0x4 obj_openmote-cc2538/sensors.o
 .bss.i.5402    0x0000000020000494        0x4 obj_openmote-cc2538/sensors.o
 .bss.echo_reply_callback_list_list
                0x0000000020000498        0x4 obj_openmote-cc2538/uip-icmp6.o
 .bss.input_handler_list_list
                0x000000002000049c        0x4 obj_openmote-cc2538/uip-icmp6.o
 .bss.locaddr   0x00000000200004a0        0x4 obj_openmote-cc2538/uip-ds6.o
 .bss.locmaddr  0x00000000200004a4        0x4 obj_openmote-cc2538/uip-ds6.o
 .bss.locprefix
                0x00000000200004a8        0x4 obj_openmote-cc2538/uip-ds6.o
 .bss._nbr_routes_mem
                0x00000000200004ac       0xa0 obj_openmote-cc2538/uip-ds6-route.o
 .bss.defaultrouterlist_list
                0x000000002000054c        0x4 obj_openmote-cc2538/uip-ds6-route.o
 .bss.defaultroutermemb_memb_mem
                0x0000000020000550       0x40 obj_openmote-cc2538/uip-ds6-route.o
 .bss.neighborroutememb_memb_mem
                0x0000000020000590       0xa0 obj_openmote-cc2538/uip-ds6-route.o
 .bss.notificationlist_list
                0x0000000020000630        0x4 obj_openmote-cc2538/uip-ds6-route.o
 .bss.num_routes
                0x0000000020000634        0x4 obj_openmote-cc2538/uip-ds6-route.o
 .bss.routelist_list
                0x0000000020000638        0x4 obj_openmote-cc2538/uip-ds6-route.o
 .bss.routememb_memb_mem
                0x000000002000063c      0x320 obj_openmote-cc2538/uip-ds6-route.o
 .bss.addr      0x000000002000095c        0x4 obj_openmote-cc2538/uip-nd6.o
 .bss.nbr       0x0000000020000960        0x4 obj_openmote-cc2538/uip-nd6.o
 .bss.nd6_opt_llao
                0x0000000020000964        0x4 obj_openmote-cc2538/uip-nd6.o
 .bss.callback  0x0000000020000968        0x4 obj_openmote-cc2538/sicslowpan.o
 .bss.context   0x000000002000096c        0x4 obj_openmote-cc2538/sicslowpan.o
 .bss.frag_info
                0x0000000020000970      0x170 obj_openmote-cc2538/sicslowpan.o
 .bss.hc06_ptr  0x0000000020000ae0        0x4 obj_openmote-cc2538/sicslowpan.o
 .bss.last_rssi
                0x0000000020000ae4        0x4 obj_openmote-cc2538/sicslowpan.o
 .bss.last_tx_status
                0x0000000020000ae8        0x4 obj_openmote-cc2538/sicslowpan.o
 .bss.packetbuf_payload_len
                0x0000000020000aec        0x4 obj_openmote-cc2538/sicslowpan.o
 .bss.packetbuf_ptr
                0x0000000020000af0        0x4 obj_openmote-cc2538/sicslowpan.o
 .bss.outputfunc
                0x0000000020000af4        0x4 obj_openmote-cc2538/tcpip.o
 .bss.periodic  0x0000000020000af8       0x10 obj_openmote-cc2538/tcpip.o
 .bss.s         0x0000000020000b08       0x44 obj_openmote-cc2538/tcpip.o
 .bss._rpl_parents_mem
                0x0000000020000b4c       0xa0 obj_openmote-cc2538/rpl-dag.o
 .bss.periodic_timer
                0x0000000020000bec       0x20 obj_openmote-cc2538/rpl-timers.o
 .bss.num_children
                0x0000000020000c0c        0x4 obj_openmote-cc2538/rpl-nbr-policy.o
 .bss.num_parents
                0x0000000020000c10        0x4 obj_openmote-cc2538/rpl-nbr-policy.o
 .bss.periodic_timer
                0x0000000020000c14       0x20 obj_openmote-cc2538/rpl-nbr-policy.o
 .bss.timer_init
                0x0000000020000c34        0x4 obj_openmote-cc2538/rpl-nbr-policy.o
 .bss.worst_rank_nbr
                0x0000000020000c38        0x4 obj_openmote-cc2538/rpl-nbr-policy.o
 .bss.bufmem_memb_mem
                0x0000000020000c3c       0x20 obj_openmote-cc2538/queuebuf.o
 .bss.all_tables
                0x0000000020000c5c       0x20 obj_openmote-cc2538/nbr-table.o
 .bss.nbr_table_keys_list
                0x0000000020000c7c        0x4 obj_openmote-cc2538/nbr-table.o
 .bss.neighbor_addr_mem_memb_mem
                0x0000000020000c80       0xf0 obj_openmote-cc2538/nbr-table.o
 .bss.num_tables
                0x0000000020000d70        0x4 obj_openmote-cc2538/nbr-table.o
 .bss.packetbuf_aligned
                0x0000000020000d74       0x80 obj_openmote-cc2538/packetbuf.o
 .bss._link_stats_mem
                0x0000000020000df4       0xf0 obj_openmote-cc2538/link-stats.o
 .bss.received_seqnos
                0x0000000020000ee4      0x100 obj_openmote-cc2538/mac-sequence.o
 .bss.metadata_memb_memb_mem
                0x0000000020000fe4       0x60 obj_openmote-cc2538/csma.o
 .bss.neighbor_list_list
                0x0000000020001044        0x4 obj_openmote-cc2538/csma.o
 .bss.neighbor_memb_memb_mem
                0x0000000020001048       0x70 obj_openmote-cc2538/csma.o
 .bss.packet_memb_memb_mem
                0x00000000200010b8       0x60 obj_openmote-cc2538/csma.o
 .bss.ct.7801   0x0000000020001118       0x20 obj_openmote-cc2538/contikimac.o
 .bss.cycle_start
                0x0000000020001138        0x4 obj_openmote-cc2538/contikimac.o
 .bss.rt        0x000000002000113c        0xc obj_openmote-cc2538/contikimac.o
 .bss.start.7726
                0x0000000020001148        0x4 obj_openmote-cc2538/contikimac.o
 .bss.we_are_receiving_burst
                0x000000002000114c        0x4 obj_openmote-cc2538/contikimac.o
 .bss.tmp_ipaddr
                0x0000000020001150       0x10 obj_openmote-cc2538/uip-icmp6.o
 .bss.loc_fipaddr
                0x0000000020001160       0x10 obj_openmote-cc2538/uip-ds6.o
 .bss.lastport  0x0000000020001170        0x2 obj_openmote-cc2538/uip6.o
 .bss._ds6_neighbors_mem
                0x0000000020001172      0x168 obj_openmote-cc2538/uip-ds6-nbr.o
 .bss.my_tag    0x00000000200012da        0x2 obj_openmote-cc2538/sicslowpan.o
 .bss.next_dis  0x00000000200012dc        0x2 obj_openmote-cc2538/rpl-timers.o
 .bss.worst_rank
                0x00000000200012de        0x2 obj_openmote-cc2538/rpl-nbr-policy.o
 .bss.buframmem_memb_mem
                0x00000000200012e0      0x580 obj_openmote-cc2538/queuebuf.o
 .bss.buflen    0x0000000020001860        0x2 obj_openmote-cc2538/packetbuf.o
 .bss.bufptr    0x0000000020001862        0x2 obj_openmote-cc2538/packetbuf.o
 .bss.seqno.7001
                0x0000000020001864        0x2 obj_openmote-cc2538/csma.o
 .bss.pt        0x0000000020001866        0x2 obj_openmote-cc2538/contikimac.o
 .bss.press_event_counter
                0x0000000020001868        0x1 obj_openmote-cc2538/button-sensor.o
 .bss.crc_corr  0x0000000020001869        0x1 obj_openmote-cc2538/cc2538-rf.o
 .bss.poll_mode
                0x000000002000186a        0x1 obj_openmote-cc2538/cc2538-rf.o
 .bss.rf_flags  0x000000002000186b        0x1 obj_openmote-cc2538/cc2538-rf.o
 .bss.rssi      0x000000002000186c        0x1 obj_openmote-cc2538/cc2538-rf.o
 .bss.max_pm    0x000000002000186d        0x1 obj_openmote-cc2538/lpm.o
 .bss.initialized
                0x000000002000186e        0x1 obj_openmote-cc2538/ctimer.o
 .bss.fevent    0x000000002000186f        0x1 obj_openmote-cc2538/process.o
 .bss.lastevent