Archive member included to satisfy reference by file (symbol)

contiki-native.a(dtls.o)      dtls-client.co (dtls_init)
contiki-native.a(tinydtls-crypto)
                              contiki-native.a(dtls.o) (dtls_crypto_init)
contiki-native.a(hmac.o)      contiki-native.a(dtls.o) (dtls_hmac_update)
contiki-native.a(netq.o)      contiki-native.a(dtls.o) (netq_init)
contiki-native.a(dtls_time.o)
                              contiki-native.a(dtls.o) (dtls_clock_init)
contiki-native.a(peer.o)      contiki-native.a(dtls.o) (peer_init)
contiki-native.a(session.o)   contiki-native.a(dtls.o) (dtls_session_equals)
contiki-native.a(rijndael.o)  contiki-native.a(tinydtls-crypto) (rijndael_set_key_enc_only)
contiki-native.a(tinydtls-ccm.o)
                              contiki-native.a(tinydtls-crypto) (dtls_ccm_encrypt_message)
contiki-native.a(sha2.o)      contiki-native.a(dtls.o) (SHA256_Init)
contiki-native.a(debug.o)     dtls-client.co (dtls_set_log_level)
contiki-native.a(contiki-main.o)
                              /usr/lib/gcc/i686-linux-gnu/4.8/../../../i386-linux-gnu/crt1.o (main)
contiki-native.a(clock.o)     contiki-native.a(dtls.o) (clock_time)
contiki-native.a(button-sensor.o)
                              contiki-native.a(contiki-main.o) (button_sensor)
contiki-native.a(pir-sensor.o)
                              contiki-native.a(contiki-main.o) (pir_sensor)
contiki-native.a(vib-sensor.o)
                              contiki-native.a(contiki-main.o) (vib_sensor)
contiki-native.a(sensors.o)   contiki-native.a(button-sensor.o) (sensors_changed)
contiki-native.a(cfs-posix.o)
                              dtls-client.co (cfs_open)
contiki-native.a(autostart.o)
                              contiki-native.a(contiki-main.o) (autostart_start)
contiki-native.a(ctimer.o)    contiki-native.a(contiki-main.o) (ctimer_init)
contiki-native.a(etimer.o)    contiki-native.a(contiki-main.o) (etimer_process)
contiki-native.a(process.o)   contiki-native.a(dtls.o) (process_current)
contiki-native.a(rtimer.o)    contiki-native.a(contiki-main.o) (rtimer_init)
contiki-native.a(timer.o)     contiki-native.a(etimer.o) (timer_set)
contiki-native.a(serial-line.o)
                              contiki-native.a(contiki-main.o) (serial_line_input_byte)
contiki-native.a(assert.o)    contiki-native.a(dtls.o) (_xassert)
contiki-native.a(list.o)      contiki-native.a(dtls.o) (list_init)
contiki-native.a(memb.o)      contiki-native.a(tinydtls-crypto) (memb_init)
contiki-native.a(random.o)    contiki-native.a(dtls.o) (random_rand)
contiki-native.a(ringbuf.o)   contiki-native.a(serial-line.o) (ringbuf_init)
contiki-native.a(sicslowpan.o)
                              contiki-native.a(contiki-main.o) (sicslowpan_driver)
contiki-native.a(uip6.o)      dtls-client.co (uip_lladdr)
contiki-native.a(uip-ds6.o)   dtls-client.co (uip_ds6_if)
contiki-native.a(uip-ds6-nbr.o)
                              contiki-native.a(uip-ds6.o) (uip_ds6_neighbors_init)
contiki-native.a(uip-ds6-route.o)
                              contiki-native.a(uip-ds6.o) (uip_ds6_route_init)
contiki-native.a(uip-icmp6.o)
                              contiki-native.a(uip6.o) (uip_icmp6_input)
contiki-native.a(uip-nd6.o)   contiki-native.a(uip-ds6-nbr.o) (uip_nd6_ns_output)
contiki-native.a(resolv.o)    dtls-client.co (resolv_event_found)
contiki-native.a(tcpip.o)     dtls-client.co (tcpip_event)
contiki-native.a(uip-debug.o)
                              dtls-client.co (uip_debug_ipaddr_print)
contiki-native.a(uiplib.o)    dtls-client.co (uiplib_ip6addrconv)
contiki-native.a(uip-nameserver.)
                              contiki-native.a(resolv.o) (uip_nameserver_get)
contiki-native.a(uip-packetqueue)
                              contiki-native.a(uip-ds6-nbr.o) (uip_packetqueue_new)
contiki-native.a(uip-udp-packet.)
                              dtls-client.co (uip_udp_packet_send)
contiki-native.a(rpl.o)       contiki-native.a(uip-ds6-nbr.o) (rpl_link_neighbor_callback)
contiki-native.a(rpl-dag.o)   contiki-native.a(rpl.o) (instance_table)
contiki-native.a(rpl-ext-header.)
                              contiki-native.a(uip6.o) (rpl_verify_hbh_header)
contiki-native.a(rpl-icmp6.o)
                              contiki-native.a(rpl-dag.o) (rpl_icmp6_update_nbr_table)
contiki-native.a(rpl-mrhof.o)
                              contiki-native.a(rpl-dag.o) (rpl_mrhof)
contiki-native.a(rpl-timers.o)
                              contiki-native.a(rpl.o) (rpl_reset_periodic_timer)
contiki-native.a(linkaddr.o)  contiki-native.a(sicslowpan.o) (linkaddr_null)
contiki-native.a(link-stats.o)
                              contiki-native.a(rpl-dag.o) (link_stats_from_lladdr)
contiki-native.a(nbr-table.o)
                              contiki-native.a(uip-ds6-nbr.o) (nbr_table_register)
contiki-native.a(netstack.o)  contiki-native.a(contiki-main.o) (netstack_init)
contiki-native.a(packetbuf.o)
                              contiki-native.a(sicslowpan.o) (packetbuf_clear)
[...]
Memory Configuration

Name             Origin             Length             Attributes
*default*        0x0000000000000000 0xffffffffffffffff

Linker script and memory map

LOAD /usr/lib/gcc/i686-linux-gnu/4.8/../../../i386-linux-gnu/crt1.o
LOAD /usr/lib/gcc/i686-linux-gnu/4.8/../../../i386-linux-gnu/crti.o
LOAD /usr/lib/gcc/i686-linux-gnu/4.8/crtbegin.o
LOAD dtls-client.co
LOAD contiki-native.a
LOAD /usr/lib/gcc/i686-linux-gnu/4.8/../../../i386-linux-gnu/libncurses.so
LOAD /lib/i386-linux-gnu/libncurses.so.5
LOAD /usr/lib/gcc/i686-linux-gnu/4.8/../../../i386-linux-gnu/libtinfo.so
LOAD /usr/lib/gcc/i686-linux-gnu/4.8/libgcc.a
LOAD /usr/lib/gcc/i686-linux-gnu/4.8/libgcc_s.so
LOAD /usr/lib/gcc/i686-linux-gnu/4.8/../../../i386-linux-gnu/libc.so
START GROUP
LOAD /lib/i386-linux-gnu/libc.so.6
LOAD /usr/lib/i386-linux-gnu/libc_nonshared.a
LOAD /lib/i386-linux-gnu/ld-linux.so.2
END GROUP
LOAD /usr/lib/gcc/i686-linux-gnu/4.8/libgcc.a
LOAD /usr/lib/gcc/i686-linux-gnu/4.8/libgcc_s.so
LOAD /usr/lib/gcc/i686-linux-gnu/4.8/crtend.o
LOAD /usr/lib/gcc/i686-linux-gnu/4.8/../../../i386-linux-gnu/crtn.o
                0x0000000008048000                PROVIDE (__executable_start, 0x8048000)
                0x0000000008048154                . = (0x8048000 + SIZEOF_HEADERS)

.interp         0x0000000008048154       0x13
 *(.interp)
 .interp        0x0000000008048154       0x13 /usr/lib/gcc/i686-linux-gnu/4.8/../../../i386-linux-gnu/crt1.o

.note.ABI-tag   0x0000000008048168       0x20
 .note.ABI-tag  0x0000000008048168       0x20 /usr/lib/gcc/i686-linux-gnu/4.8/../../../i386-linux-gnu/crt1.o

.note.gnu.build-id
                0x0000000008048188       0x24
 *(.note.gnu.build-id)
 .note.gnu.build-id
                0x0000000008048188       0x24 /usr/lib/gcc/i686-linux-gnu/4.8/../../../i386-linux-gnu/crt1.o

.hash
 *(.hash)

.gnu.hash       0x00000000080481ac      0xe2c
 *(.gnu.hash)
 .gnu.hash      0x00000000080481ac      0xe2c /usr/lib/gcc/i686-linux-gnu/4.8/../../../i386-linux-gnu/crt1.o

.dynsym         0x0000000008048fd8     0x22b0
 *(.dynsym)
 .dynsym        0x0000000008048fd8     0x22b0 /usr/lib/gcc/i686-linux-gnu/4.8/../../../i386-linux-gnu/crt1.o

.dynstr         0x000000000804b288     0x2265
 *(.dynstr)
 .dynstr        0x000000000804b288     0x2265 /usr/lib/gcc/i686-linux-gnu/4.8/../../../i386-linux-gnu/crt1.o

.gnu.version    0x000000000804d4ee      0x456
 *(.gnu.version)
 .gnu.version   0x000000000804d4ee      0x456 /usr/lib/gcc/i686-linux-gnu/4.8/../../../i386-linux-gnu/crt1.o

.gnu.version_d  0x000000000804d944        0x0
 *(.gnu.version_d)
 .gnu.version_d
                0x0000000000000000        0x0 /usr/lib/gcc/i686-linux-gnu/4.8/../../../i386-linux-gnu/crt1.o

.gnu.version_r  0x000000000804d944       0x30
 *(.gnu.version_r)
 .gnu.version_r
                0x000000000804d944       0x30 /usr/lib/gcc/i686-linux-gnu/4.8/../../../i386-linux-gnu/crt1.o

.rel.dyn        0x000000000804d974       0x18
 *(.rel.init)
 *(.rel.text .rel.text.* .rel.gnu.linkonce.t.*)
 .rel.text      0x0000000000000000        0x0 /usr/lib/gcc/i686-linux-gnu/4.8/../../../i386-linux-gnu/crt1.o
 .rel.text.try_send
                0x0000000000000000        0x0 /usr/lib/gcc/i686-linux-gnu/4.8/../../../i386-linux-gnu/crt1.o
 .rel.text.timeout_handler
                0x0000000000000000        0x0 /usr/lib/gcc/i686-linux-gnu/4.8/../../../i386-linux-gnu/crt1.o
 .rel.text.send_to_peer
                0x0000000000000000        0x0 /usr/lib/gcc/i686-linux-gnu/4.8/../../../i386-linux-gnu/crt1.o
 .rel.text.get_psk_info
                0x0000000000000000        0x0 /usr/lib/gcc/i686-linux-gnu/4.8/../../../i386-linux-gnu/crt1.o
 .rel.text.dtls_handle_read
                0x0000000000000000        0x0 /usr/lib/gcc/i686-linux-gnu/4.8/../../../i386-linux-gnu/crt1.o
 .rel.text.tcpip_handler
                0x0000000000000000        0x0 /usr/lib/gcc/i686-linux-gnu/4.8/../../../i386-linux-gnu/crt1.o
 .rel.text.print_local_addresses
                0x0000000000000000        0x0 /usr/lib/gcc/i686-linux-gnu/4.8/../../../i386-linux-gnu/crt1.o
 .rel.text.set_global_address
                0x0000000000000000        0x0 /usr/lib/gcc/i686-linux-gnu/4.8/../../../i386-linux-gnu/crt1.o
 .rel.text.set_connection_address
                0x0000000000000000        0x0 /usr/lib/gcc/i686-linux-gnu/4.8/../../../i386-linux-gnu/crt1.o
 .rel.text.init_dtls
                0x0000000000000000        0x0 /usr/lib/gcc/i686-linux-gnu/4.8/../../../i386-linux-gnu/crt1.o
 .rel.text.process_thread_udp_client_process
                0x0000000000000000        0x0 /usr/lib/gcc/i686-linux-gnu/4.8/../../../i386-linux-gnu/crt1.o
 .rel.text.dtls_hash_init
                0x0000000000000000        0x0 /usr/lib/gcc/i686-linux-gnu/4.8/../../../i386-linux-gnu/crt1.o
 .rel.text.dtls_hash_update
                0x0000000000000000        0x0 /usr/lib/gcc/i686-linux-gnu/4.8/../../../i386-linux-gnu/crt1.o
 .rel.text.dtls_hash_finalize
                0x0000000000000000        0x0 /usr/lib/gcc/i686-linux-gnu/4.8/../../../i386-linux-gnu/crt1.o
 .rel.text.dtls_security_params_next
                0x0000000000000000        0x0 /usr/lib/gcc/i686-linux-gnu/4.8/../../../i386-linux-gnu/crt1.o
 .rel.text.dtls_security_params_free_other
                0x0000000000000000        0x0 /usr/lib/gcc/i686-linux-gnu/4.8/../../../i386-linux-gnu/crt1.o
 .rel.text.dtls_prng
                0x0000000000000000        0x0 /usr/lib/gcc/i686-linux-gnu/4.8/../../../i386-linux-gnu/crt1.o
 .rel.text.dtls_init
                0x0000000000000000        0x0 /usr/lib/gcc/i686-linux-gnu/4.8/../../../i386-linux-gnu/crt1.o
 .rel.text.dtls_get_peer
                0x0000000000000000        0x0 /usr/lib/gcc/i686-linux-gnu/4.8/../../../i386-linux-gnu/crt1.o
 .rel.text.dtls_add_peer
                0x0000000000000000        0x0 /usr/lib/gcc/i686-linux-gnu/4.8/../../../i386-linux-gnu/crt1.o
 .rel.text.dtls_create_cookie
                0x0000000000000000        0x0 /usr/lib/gcc/i686-linux-gnu/4.8/../../../i386-linux-gnu/crt1.o
 .rel.text.dtls_set_record_header
                0x0000000000000000        0x0 /usr/lib/gcc/i686-linux-gnu/4.8/../../../i386-linux-gnu/crt1.o
 .rel.text.dtls_set_handshake_header
                0x0000000000000000        0x0 /usr/lib/gcc/i686-linux-gnu/4.8/../../../i386-linux-gnu/crt1.o
 .rel.text.dtls_debug_keyblock
                0x0000000000000000        0x0 /usr/lib/gcc/i686-linux-gnu/4.8/../../../i386-linux-gnu/crt1.o
 .rel.text.calculate_key_block
                0x0000000000000000        0x0 /usr/lib/gcc/i686-linux-gnu/4.8/../../../i386-linux-gnu/crt1.o
 .rel.text.dtls_check_tls_extension
                0x0000000000000000        0x0 /usr/lib/gcc/i686-linux-gnu/4.8/../../../i386-linux-gnu/crt1.o
 .rel.text.dtls_update_parameters
                0x0000000000000000        0x0 /usr/lib/gcc/i686-linux-gnu/4.8/../../../i386-linux-gnu/crt1.o
 .rel.text.check_client_keyexchange
                0x0000000000000000        0x0 /usr/lib/gcc/i686-linux-gnu/4.8/../../../i386-linux-gnu/crt1.o
 .rel.text.update_hs_hash
                0x0000000000000000        0x0 /usr/lib/gcc/i686-linux-gnu/4.8/../../../i386-linux-gnu/crt1.o
 .rel.text.copy_hs_hash
                0x0000000000000000        0x0 /usr/lib/gcc/i686-linux-gnu/4.8/../../../i386-linux-gnu/crt1.o
 .rel.text.clear_hs_hash
                0x0000000000000000        0x0 /usr/lib/gcc/i686-linux-gnu/4.8/../../../i386-linux-gnu/crt1.o
 .rel.text.check_finished
                0x0000000000000000        0x0 /usr/lib/gcc/i686-linux-gnu/4.8/../../../i386-linux-gnu/crt1.o
 .rel.text.dtls_prepare_record
                0x0000000000000000        0x0 /usr/lib/gcc/i686-linux-gnu/4.8/../../../i386-linux-gnu/crt1.o
 .rel.text.dtls_send_handshake_msg_hash
                0x0000000000000000        0x0 /usr/lib/gcc/i686-linux-gnu/4.8/../../../i386-linux-gnu/crt1.o
 .rel.text.dtls_send_multi
                0x0000000000000000        0x0 /usr/lib/gcc/i686-linux-gnu/4.8/../../../i386-linux-gnu/crt1.o
 .rel.text.dtls_close
                0x0000000000000000        0x0 /usr/lib/gcc/i686-linux-gnu/4.8/../../../i386-linux-gnu/crt1.o
 .rel.text.dtls_destroy_peer
                0x0000000000000000        0x0 /usr/lib/gcc/i686-linux-gnu/4.8/../../../i386-linux-gnu/crt1.o
 .rel.text.dtls_verify_peer
                0x0000000000000000        0x0 /usr/lib/gcc/i686-linux-gnu/4.8/../../../i386-linux-gnu/crt1.o
 .rel.text.dtls_send_server_hello
                0x0000000000000000        0x0 /usr/lib/gcc/i686-linux-gnu/4.8/../../../i386-linux-gnu/crt1.o
 .rel.text.dtls_send_server_key_exchange_psk
                0x0000000000000000        0x0 /usr/lib/gcc/i686-linux-gnu/4.8/../../../i386-linux-gnu/crt1.o
 .rel.text.dtls_send_server_hello_msgs
                0x0000000000000000        0x0 /usr/lib/gcc/i686-linux-gnu/4.8/../../../i386-linux-gnu/crt1.o
 .rel.text.dtls_send_client_key_exchange
                0x0000000000000000        0x0 /usr/lib/gcc/i686-linux-gnu/4.8/../../../i386-linux-gnu/crt1.o
 .rel.text.dtls_send_finished
                0x0000000000000000        0x0 /usr/lib/gcc/i686-linux-gnu/4.8/../../../i386-linux-gnu/crt1.o
 .rel.text.dtls_send_client_hello
                0x0000000000000000        0x0 /usr/lib/gcc/i686-linux-gnu/4.8/../../../i386-linux-gnu/crt1.o
 .rel.text.check_server_hello
                0x0000000000000000        0x0 /usr/lib/gcc/i686-linux-gnu/4.8/../../../i386-linux-gnu/crt1.o
 .rel.text.check_server_hello_verify_request
                0x0000000000000000        0x0 /usr/lib/gcc/i686-linux-gnu/4.8/../../../i386-linux-gnu/crt1.o
 .rel.text.check_server_key_exchange_psk
                0x0000000000000000        0x0 /usr/lib/gcc/i686-linux-gnu/4.8/../../../i386-linux-gnu/crt1.o
 .rel.text.check_certificate_request
                0x0000000000000000        0x0 /usr/lib/gcc/i686-linux-gnu/4.8/../../../i386-linux-gnu/crt1.o
 .rel.text.decrypt_verify
                0x0000000000000000        0x0 /usr/lib/gcc/i686-linux-gnu/4.8/../../../i386-linux-gnu/crt1.o
 .rel.text.dtls_renegotiate
                0x0000000000000000        0x0 /usr/lib/gcc/i686-linux-gnu/4.8/../../../i386-linux-gnu/crt1.o
 .rel.text.handle_handshake_msg
                0x0000000000000000        0x0 /usr/lib/gcc/i686-linux-gnu/4.8/../../../i386-linux-gnu/crt1.o
 .rel.text.handle_handshake
                0x0000000000000000        0x0 /usr/lib/gcc/i686-linux-gnu/4.8/../../../i386-linux-gnu/crt1.o
 .rel.text.handle_ccs
                0x0000000000000000        0x0 /usr/lib/gcc/i686-linux-gnu/4.8/../../../i386-linux-gnu/crt1.o
 .rel.text.handle_alert
                0x0000000000000000        0x0 /usr/lib/gcc/i686-linux-gnu/4.8/../../../i386-linux-gnu/crt1.o
 .rel.text.dtls_handle_message
                0x0000000000000000        0x0 /usr/lib/gcc/i686-linux-gnu/4.8/../../../i386-linux-gnu/crt1.o
 .rel.text.dtls_new_context
                0x0000000000000000        0x0 /usr/lib/gcc/i686-linux-gnu/4.8/../../../i386-linux-gnu/crt1.o
 .rel.text.dtls_free_context
                0x0000000000000000        0x0 /usr/lib/gcc/i686-linux-gnu/4.8/../../../i386-linux-gnu/crt1.o
 .rel.text.dtls_connect_peer
                0x0000000000000000        0x0 /usr/lib/gcc/i686-linux-gnu/4.8/../../../i386-linux-gnu/crt1.o
 .rel.text.dtls_connect
                0x0000000000000000        0x0 /usr/lib/gcc/i686-linux-gnu/4.8/../../../i386-linux-gnu/crt1.o
 .rel.text.dtls_retransmit
                0x0000000000000000        0x0 /usr/lib/gcc/i686-linux-gnu/4.8/../../../i386-linux-gnu/crt1.o
 .rel.text.dtls_stop_retransmission
                0x0000000000000000        0x0 /usr/lib/gcc/i686-linux-gnu/4.8/../../../i386-linux-gnu/crt1.o
 .rel.text.dtls_check_retransmit
                0x0000000000000000        0x0 /usr/lib/gcc/i686-linux-gnu/4.8/../../../i386-linux-gnu/crt1.o
 .rel.text.process_thread_dtls_retransmit_process
                0x0000000000000000        0x0 /usr/lib/gcc/i686-linux-gnu/4.8/../../../i386-linux-gnu/crt1.o
 .rel.text.dtls_crypto_init
                0x0000000000000000        0x0 /usr/lib/gcc/i686-linux-gnu/4.8/../../../i386-linux-gnu/crt1.o
 .rel.text.dtls_handshake_malloc
                0x0000000000000000        0x0 /usr/lib/gcc/i686-linux-gnu/4.8/../../../i386-linux-gnu/crt1.o
 .rel.text.dtls_handshake_dealloc
                0x0000000000000000        0x0 /usr/lib/gcc/i686-linux-gnu/4.8/../../../i386-linux-gnu/crt1.o
 .rel.text.dtls_security_malloc
                0x0000000000000000        0x0 /usr/lib/gcc/i686-linux-gnu/4.8/../../../i386-linux-gnu/crt1.o
 .rel.text.dtls_security_dealloc
                0x0000000000000000        0x0 /usr/lib/gcc/i686-linux-gnu/4.8/../../../i386-linux-gnu/crt1.o
 .rel.text.dtls_handshake_new
                0x0000000000000000        0x0 /usr/lib/gcc/i686-linux-gnu/4.8/../../../i386-linux-gnu/crt1.o
 .rel.text.dtls_handshake_free
                0x0000000000000000        0x0 /usr/lib/gcc/i686-linux-gnu/4.8/../../../i386-linux-gnu/crt1.o
 .rel.text.dtls_security_new
                0x0000000000000000        0x0 /usr/lib/gcc/i686-linux-gnu/4.8/../../../i386-linux-gnu/crt1.o
 .rel.text.dtls_p_hash
                0x0000000000000000        0x0 /usr/lib/gcc/i686-linux-gnu/4.8/../../../i386-linux-gnu/crt1.o
 .rel.text.dtls_prf
                0x0000000000000000        0x0 /usr/lib/gcc/i686-linux-gnu/4.8/../../../i386-linux-gnu/crt1.o
 .rel.text.dtls_mac
                0x0000000000000000        0x0 /usr/lib/gcc/i686-linux-gnu/4.8/../../../i386-linux-gnu/crt1.o
 .rel.text.dtls_ccm_encrypt
                0x0000000000000000        0x0 /usr/lib/gcc/i686-linux-gnu/4.8/../../../i386-linux-gnu/crt1.o
 .rel.text.dtls_ccm_decrypt
                0x0000000000000000        0x0 /usr/lib/gcc/i686-linux-gnu/4.8/../../../i386-linux-gnu/crt1.o
 .rel.text.dtls_psk_pre_master_secret
                0x0000000000000000        0x0 /usr/lib/gcc/i686-linux-gnu/4.8/../../../i386-linux-gnu/crt1.o
 .rel.text.dtls_encrypt
                0x0000000000000000        0x0 /usr/lib/gcc/i686-linux-gnu/4.8/../../../i386-linux-gnu/crt1.o
 .rel.text.dtls_decrypt
                0x0000000000000000        0x0 /usr/lib/gcc/i686-linux-gnu/4.8/../../../i386-linux-gnu/crt1.o
 .rel.text.dtls_hmac_context_new
                0x0000000000000000        0x0 /usr/lib/gcc/i686-linux-gnu/4.8/../../../i386-linux-gnu/crt1.o
 .rel.text.dtls_hmac_context_free
                0x0000000000000000        0x0 /usr/lib/gcc/i686-linux-gnu/4.8/../../../i386-linux-gnu/crt1.o
 .rel.text.dtls_hmac_storage_init
                0x0000000000000000        0x0 /usr/lib/gcc/i686-linux-gnu/4.8/../../../i386-linux-gnu/crt1.o
 .rel.text.dtls_hmac_update
                0x0000000000000000        0x0 /usr/lib/gcc/i686-linux-gnu/4.8/../../../i386-linux-gnu/crt1.o
 .rel.text.dtls_hmac_init
                0x0000000000000000        0x0 /usr/lib/gcc/i686-linux-gnu/4.8/../../../i386-linux-gnu/crt1.o
 .rel.text.dtls_hmac_finalize
                0x0000000000000000        0x0 /usr/lib/gcc/i686-linux-gnu/4.8/../../../i386-linux-gnu/crt1.o
 .rel.text.netq_malloc_node
                0x0000000000000000        0x0 /usr/lib/gcc/i686-linux-gnu/4.8/../../../i386-linux-gnu/crt1.o
 .rel.text.netq_free_node
                0x0000000000000000        0x0 /usr/lib/gcc/i686-linux-gnu/4.8/../../../i386-linux-gnu/crt1.o
 .rel.text.netq_init
                0x0000000000000000        0x0 /usr/lib/gcc/i686-linux-gnu/4.8/../../../i386-linux-gnu/crt1.o
 .rel.text.netq_insert_node
                0x0000000000000000        0x0 /usr/lib/gcc/i686-linux-gnu/4.8/../../../i386-linux-gnu/crt1.o
 .rel.text.netq_head
                0x0000000000000000        0x0 /usr/lib/gcc/i686-linux-gnu/4.8/../../../i386-linux-gnu/crt1.o
 .rel.text.netq_next
                0x0000000000000000        0x0 /usr/lib/gcc/i686-linux-gnu/4.8/../../../i386-linux-gnu/crt1.o
 .rel.text.netq_remove
                0x0000000000000000        0x0 /usr/lib/gcc/i686-linux-gnu/4.8/../../../i386-linux-gnu/crt1.o
 .rel.text.netq_pop_first
                0x0000000000000000        0x0 /usr/lib/gcc/i686-linux-gnu/4.8/../../../i386-linux-gnu/crt1.o
 .rel.text.netq_node_new
                0x0000000000000000        0x0 /usr/lib/gcc/i686-linux-gnu/4.8/../../../i386-linux-gnu/crt1.o
 .rel.text.netq_delete_all
                0x0000000000000000        0x0 /usr/lib/gcc/i686-linux-gnu/4.8/../../../i386-linux-gnu/crt1.o
 .rel.text.dtls_clock_init
                0x0000000000000000        0x0 /usr/lib/gcc/i686-linux-gnu/4.8/../../../i386-linux-gnu/crt1.o
 .rel.text.dtls_ticks
                0x0000000000000000        0x0 /usr/lib/gcc/i686-linux-gnu/4.8/../../../i386-linux-gnu/crt1.o
 .rel.text.peer_init
                0x0000000000000000        0x0 /usr/lib/gcc/i686-linux-gnu/4.8/../../../i386-linux-gnu/crt1.o
 .rel.text.dtls_malloc_peer
                0x0000000000000000        0x0 /usr/lib/gcc/i686-linux-gnu/4.8/../../../i386-linux-gnu/crt1.o
 .rel.text.dtls_free_peer
                0x0000000000000000        0x0 /usr/lib/gcc/i686-linux-gnu/4.8/../../../i386-linux-gnu/crt1.o
 .rel.text.dtls_new_peer
                0x0000000000000000        0x0 /usr/lib/gcc/i686-linux-gnu/4.8/../../../i386-linux-gnu/crt1.o
 .rel.text.dtls_session_init
                0x0000000000000000        0x0 /usr/lib/gcc/i686-linux-gnu/4.8/../../../i386-linux-gnu/crt1.o
 .rel.text.dtls_session_equals
                0x0000000000000000        0x0 /usr/lib/gcc/i686-linux-gnu/4.8/../../../i386-linux-gnu/crt1.o
 .rel.text.block0
                0x0000000000000000        0x0 /usr/lib/gcc/i686-linux-gnu/4.8/../../../i386-linux-gnu/crt1.o
 .rel.text.add_auth_data
                0x0000000000000000        0x0 /usr/lib/gcc/i686-linux-gnu/4.8/../../../i386-linux-gnu/crt1.o
 .rel.text.encrypt
                0x0000000000000000        0x0 /usr/lib/gcc/i686-linux-gnu/4.8/../../../i386-linux-gnu/crt1.o
 .rel.text.dtls_ccm_encrypt_message
                0x0000000000000000        0x0 /usr/lib/gcc/i686-linux-gnu/4.8/../../../i386-linux-gnu/crt1.o
 .rel.text.dtls_ccm_decrypt_message
                0x0000000000000000        0x0 /usr/lib/gcc/i686-linux-gnu/4.8/../../../i386-linux-gnu/crt1.o
 .rel.text.SHA256_Init
                0x0000000000000000        0x0 /usr/lib/gcc/i686-linux-gnu/4.8/../../../i386-linux-gnu/crt1.o
 .rel.text.SHA256_Update
                0x0000000000000000        0x0 /usr/lib/gcc/i686-linux-gnu/4.8/../../../i386-linux-gnu/crt1.o
 .rel.text.SHA256_Final
                0x0000000000000000        0x0 /usr/lib/gcc/i686-linux-gnu/4.8/../../../i386-linux-gnu/crt1.o
 .rel.text.SHA256_End
                0x0000000000000000        0x0 /usr/lib/gcc/i686-linux-gnu/4.8/../../../i386-linux-gnu/crt1.o
 .rel.text.SHA256_Data
                0x0000000000000000        0x0 /usr/lib/gcc/i686-linux-gnu/4.8/../../../i386-linux-gnu/crt1.o
 .rel.text.dsrv_print_addr
                0x0000000000000000        0x0 /usr/lib/gcc/i686-linux-gnu/4.8/../../../i386-linux-gnu/crt1.o
 .rel.text.hexdump
                0x0000000000000000        0x0 /usr/lib/gcc/i686-linux-gnu/4.8/../../../i386-linux-gnu/crt1.o
 .rel.text.dump
                0x0000000000000000        0x0 /usr/lib/gcc/i686-linux-gnu/4.8/../../../i386-linux-gnu/crt1.o
 .rel.text.dtls_dsrv_log_addr
                0x0000000000000000        0x0 /usr/lib/gcc/i686-linux-gnu/4.8/../../../i386-linux-gnu/crt1.o
 .rel.text.dtls_dsrv_hexdump_log
                0x0000000000000000        0x0 /usr/lib/gcc/i686-linux-gnu/4.8/../../../i386-linux-gnu/crt1.o
 .rel.text.stdin_handle_fd
                0x0000000000000000        0x0 /usr/lib/gcc/i686-linux-gnu/4.8/../../../i386-linux-gnu/crt1.o
 .rel.text.set_rime_addr
                0x0000000000000000        0x0 /usr/lib/gcc/i686-linux-gnu/4.8/../../../i386-linux-gnu/crt1.o
 .rel.text.main
                0x0000000000000000        0x0 /usr/lib/gcc/i686-linux-gnu/4.8/../../../i386-linux-gnu/crt1.o
 .rel.text.log_message
                0x0000000000000000        0x0 /usr/lib/gcc/i686-linux-gnu/4.8/../../../i386-linux-gnu/crt1.o
 .rel.text.uip_log
                0x0000000000000000        0x0 /usr/lib/gcc/i686-linux-gnu/4.8/../../../i386-linux-gnu/crt1.o
 .rel.text.clock_time
                0x0000000000000000        0x0 /usr/lib/gcc/i686-linux-gnu/4.8/../../../i386-linux-gnu/crt1.o
 .rel.text.clock_seconds
                0x0000000000000000        0x0 /usr/lib/gcc/i686-linux-gnu/4.8/../../../i386-linux-gnu/crt1.o
 .rel.text.button_press
                0x0000000000000000        0x0 /usr/lib/gcc/i686-linux-gnu/4.8/../../../i386-linux-gnu/crt1.o
 .rel.text.pir_sensor_changed
                0x0000000000000000        0x0 /usr/lib/gcc/i686-linux-gnu/4.8/../../../i386-linux-gnu/crt1.o
 .rel.text.vib_sensor_changed
                0x0000000000000000        0x0 /usr/lib/gcc/i686-linux-gnu/4.8/../../../i386-linux-gnu/crt1.o
 .rel.text.sensors_changed
                0x0000000000000000        0x0 /usr/lib/gcc/i686-linux-gnu/4.8/../../../i386-linux-gnu/crt1.o
 .rel.text.sensors_find
                0x0000000000000000        0x0 /usr/lib/gcc/i686-linux-gnu/4.8/../../../i386-linux-gnu/crt1.o
 .rel.text.process_thread_sensors_process
                0x0000000000000000        0x0 /usr/lib/gcc/i686-linux-gnu/4.8/../../../i386-linux-gnu/crt1.o
 .rel.text.cfs_open
                0x0000000000000000        0x0 /usr/lib/gcc/i686-linux-gnu/4.8/../../../i386-linux-gnu/crt1.o
 .rel.text.cfs_close
                0x0000000000000000        0x0 /usr/lib/gcc/i686-linux-gnu/4.8/../../../i386-linux-gnu/crt1.o
 .rel.text.cfs_read
                0x0000000000000000        0x0 /usr/lib/gcc/i686-linux-gnu/4.8/../../../i386-linux-gnu/crt1.o
 .rel.text.cfs_write
                0x0000000000000000        0x0 /usr/lib/gcc/i686-linux-gnu/4.8/../../../i386-linux-gnu/crt1.o
 .rel.text.cfs_seek
                0x0000000000000000        0x0 /usr/lib/gcc/i686-linux-gnu/4.8/../../../i386-linux-gnu/crt1.o
 .rel.text.cfs_remove
                0x0000000000000000        0x0 /usr/lib/gcc/i686-linux-gnu/4.8/../../../i386-linux-gnu/crt1.o
 .rel.text.autostart_start
                0x0000000000000000        0x0 /usr/lib/gcc/i686-linux-gnu/4.8/../../../i386-linux-gnu/crt1.o
 .rel.text.autostart_exit
                0x0000000000000000        0x0 /usr/lib/gcc/i686-linux-gnu/4.8/../../../i386-linux-gnu/crt1.o
 .rel.text.process_thread_ctimer_process
                0x0000000000000000        0x0 /usr/lib/gcc/i686-linux-gnu/4.8/../../../i386-linux-gnu/crt1.o
 .rel.text.ctimer_init
                0x0000000000000000        0x0 /usr/lib/gcc/i686-linux-gnu/4.8/../../../i386-linux-gnu/crt1.o
 .rel.text.ctimer_set
                0x0000000000000000        0x0 /usr/lib/gcc/i686-linux-gnu/4.8/../../../i386-linux-gnu/crt1.o
 .rel.text.ctimer_set_with_process
                0x0000000000000000        0x0 /usr/lib/gcc/i686-linux-gnu/4.8/../../../i386-linux-gnu/crt1.o
 .rel.text.ctimer_reset
                0x0000000000000000        0x0 /usr/lib/gcc/i686-linux-gnu/4.8/../../../i386-linux-gnu/crt1.o
 .rel.text.ctimer_restart
                0x0000000000000000        0x0 /usr/lib/gcc/i686-linux-gnu/4.8/../../../i386-linux-gnu/crt1.o
 .rel.text.ctimer_stop
                0x0000000000000000        0x0 /usr/lib/gcc/i686-linux-gnu/4.8/../../../i386-linux-gnu/crt1.o
 .rel.text.ctimer_expired
                0x0000000000000000        0x0 /usr/lib/gcc/i686-linux-gnu/4.8/../../../i386-linux-gnu/crt1.o
 .rel.text.process_thread_etimer_process
                0x0000000000000000        0x0 /usr/lib/gcc/i686-linux-gnu/4.8/../../../i386-linux-gnu/crt1.o
 .rel.text.etimer_request_poll
                0x0000000000000000        0x0 /usr/lib/gcc/i686-linux-gnu/4.8/../../../i386-linux-gnu/crt1.o
 .rel.text.add_timer
                0x0000000000000000        0x0 /usr/lib/gcc/i686-linux-gnu/4.8/../../../i386-linux-gnu/crt1.o
 .rel.text.etimer_set
                0x0000000000000000        0x0 /usr/lib/gcc/i686-linux-gnu/4.8/../../../i386-linux-gnu/crt1.o
 .rel.text.etimer_reset_with_new_interval
                0x0000000000000000        0x0 /usr/lib/gcc/i686-linux-gnu/4.8/../../../i386-linux-gnu/crt1.o
 .rel.text.etimer_reset
                0x0000000000000000        0x0 /usr/lib/gcc/i686-linux-gnu/4.8/../../../i386-linux-gnu/crt1.o
 .rel.text.etimer_restart
                0x0000000000000000        0x0 /usr/lib/gcc/i686-linux-gnu/4.8/../../../i386-linux-gnu/crt1.o
 .rel.text.rtimer_init
                0x0000000000000000        0x0 /usr/lib/gcc/i686-linux-gnu/4.8/../../../i386-linux-gnu/crt1.o
 .rel.text.rtimer_set
                0x0000000000000000        0x0 /usr/lib/gcc/i686-linux-gnu/4.8/../../../i386-linux-gnu/crt1.o
 .rel.text.rtimer_run_next
                0x0000000000000000        0x0 /usr/lib/gcc/i686-linux-gnu/4.8/../../../i386-linux-gnu/crt1.o
 .rel.text.serial_line_input_byte
                0x0000000000000000        0x0 /usr/lib/gcc/i686-linux-gnu/4.8/../../../i386-linux-gnu/crt1.o
 .rel.text.process_thread_serial_line_process
                0x0000000000000000        0x0 /usr/lib/gcc/i686-linux-gnu/4.8/../../../i386-linux-gnu/crt1.o
 .rel.text.serial_line_init
                0x0000000000000000        0x0 /usr/lib/gcc/i686-linux-gnu/4.8/../../../i386-linux-gnu/crt1.o
 .rel.text._xassert
                0x0000000000000000        0x0 /usr/lib/gcc/i686-linux-gnu/4.8/../../../i386-linux-gnu/crt1.o
 .rel.text.memb_init
                0x0000000000000000        0x0 /usr/lib/gcc/i686-linux-gnu/4.8/../../../i386-linux-gnu/crt1.o
 .rel.text.random_init
                0x0000000000000000        0x0 /usr/lib/gcc/i686-linux-gnu/4.8/../../../i386-linux-gnu/crt1.o
 .rel.text.random_rand
                0x0000000000000000        0x0 /usr/lib/gcc/i686-linux-gnu/4.8/../../../i386-linux-gnu/crt1.o
 .rel.text.store_fragment
                0x0000000000000000        0x0 /usr/lib/gcc/i686-linux-gnu/4.8/../../../i386-linux-gnu/crt1.o
 .rel.text.add_fragment
                0x0000000000000000        0x0 /usr/lib/gcc/i686-linux-gnu/4.8/../../../i386-linux-gnu/crt1.o
 .rel.text.copy_frags2uip
                0x0000000000000000        0x0 /usr/lib/gcc/i686-linux-gnu/4.8/../../../i386-linux-gnu/crt1.o
 .rel.text.set_packet_attrs
                0x0000000000000000        0x0 /usr/lib/gcc/i686-linux-gnu/4.8/../../../i386-linux-gnu/crt1.o
 .rel.text.addr_context_lookup_by_prefix
                0x0000000000000000        0x0 /usr/lib/gcc/i686-linux-gnu/4.8/../../../i386-linux-gnu/crt1.o
 .rel.text.compress_addr_64
                0x0000000000000000        0x0 /usr/lib/gcc/i686-linux-gnu/4.8/../../../i386-linux-gnu/crt1.o
 .rel.text.uncompress_addr
                0x0000000000000000        0x0 /usr/lib/gcc/i686-linux-gnu/4.8/../../../i386-linux-gnu/crt1.o
 .rel.text.compress_hdr_iphc
                0x0000000000000000        0x0 /usr/lib/gcc/i686-linux-gnu/4.8/../../../i386-linux-gnu/crt1.o
 .rel.text.uncompress_hdr_iphc
                0x0000000000000000        0x0 /usr/lib/gcc/i686-linux-gnu/4.8/../../../i386-linux-gnu/crt1.o
 .rel.text.compress_hdr_ipv6
                0x0000000000000000        0x0 /usr/lib/gcc/i686-linux-gnu/4.8/../../../i386-linux-gnu/crt1.o
 .rel.text.packet_sent
                0x0000000000000000        0x0 /usr/lib/gcc/i686-linux-gnu/4.8/../../../i386-linux-gnu/crt1.o
 .rel.text.send_packet
                0x0000000000000000        0x0 /usr/lib/gcc/i686-linux-gnu/4.8/../../../i386-linux-gnu/crt1.o
 .rel.text.output
                0x0000000000000000        0x0 /usr/lib/gcc/i686-linux-gnu/4.8/../../../i386-linux-gnu/crt1.o
 .rel.text.input
                0x0000000000000000        0x0 /usr/lib/gcc/i686-linux-gnu/4.8/../../../i386-linux-gnu/crt1.o
 .rel.text.sicslowpan_init
                0x0000000000000000        0x0 /usr/lib/gcc/i686-linux-gnu/4.8/../../../i386-linux-gnu/crt1.o
 .rel.text.uip_add32
                0x0000000000000000        0x0 /usr/lib/gcc/i686-linux-gnu/4.8/../../../i386-linux-gnu/crt1.o
 .rel.text.upper_layer_chksum
                0x0000000000000000        0x0 /usr/lib/gcc/i686-linux-gnu/4.8/../../../i386-linux-gnu/crt1.o
 .rel.text.uip_init
                0x0000000000000000        0x0 /usr/lib/gcc/i686-linux-gnu/4.8/../../../i386-linux-gnu/crt1.o
 .rel.text.uip_connect
                0x0000000000000000        0x0 /usr/lib/gcc/i686-linux-gnu/4.8/../../../i386-linux-gnu/crt1.o
 .rel.text.remove_ext_hdr
                0x0000000000000000        0x0 /usr/lib/gcc/i686-linux-gnu/4.8/../../../i386-linux-gnu/crt1.o
 .rel.text.uip_udp_new
                0x0000000000000000        0x0 /usr/lib/gcc/i686-linux-gnu/4.8/../../../i386-linux-gnu/crt1.o
 .rel.text.uip_unlisten
                0x0000000000000000        0x0 /usr/lib/gcc/i686-linux-gnu/4.8/../../../i386-linux-gnu/crt1.o
 .rel.text.uip_listen
                0x0000000000000000        0x0 /usr/lib/gcc/i686-linux-gnu/4.8/../../../i386-linux-gnu/crt1.o
 .rel.text.uip_add_rcv_nxt
                0x0000000000000000        0x0 /usr/lib/gcc/i686-linux-gnu/4.8/../../../i386-linux-gnu/crt1.o
 .rel.text.ext_hdr_options_process
                0x0000000000000000        0x0 /usr/lib/gcc/i686-linux-gnu/4.8/../../../i386-linux-gnu/crt1.o
 .rel.text.uip_process
                0x0000000000000000        0x0 /usr/lib/gcc/i686-linux-gnu/4.8/../../../i386-linux-gnu/crt1.o
 .rel.text.uip_send
                0x0000000000000000        0x0 /usr/lib/gcc/i686-linux-gnu/4.8/../../../i386-linux-gnu/crt1.o
 .rel.text.uip_ds6_init
                0x0000000000000000        0x0 /usr/lib/gcc/i686-linux-gnu/4.8/../../../i386-linux-gnu/crt1.o
 .rel.text.uip_ds6_periodic
                0x0000000000000000        0x0 /usr/lib/gcc/i686-linux-gnu/4.8/../../../i386-linux-gnu/crt1.o
 .rel.text.uip_ds6_list_loop
                0x0000000000000000        0x0 /usr/lib/gcc/i686-linux-gnu/4.8/../../../i386-linux-gnu/crt1.o
 .rel.text.uip_ds6_prefix_add
                0x0000000000000000        0x0 /usr/lib/gcc/i686-linux-gnu/4.8/../../../i386-linux-gnu/crt1.o
 .rel.text.uip_ds6_prefix_lookup
                0x0000000000000000        0x0 /usr/lib/gcc/i686-linux-gnu/4.8/../../../i386-linux-gnu/crt1.o
 .rel.text.uip_ds6_is_addr_onlink
                0x0000000000000000        0x0 /usr/lib/gcc/i686-linux-gnu/4.8/../../../i386-linux-gnu/crt1.o
 .rel.text.uip_ds6_addr_add
                0x0000000000000000        0x0 /usr/lib/gcc/i686-linux-gnu/4.8/../../../i386-linux-gnu/crt1.o
 .rel.text.uip_ds6_addr_lookup
                0x0000000000000000        0x0 /usr/lib/gcc/i686-linux-gnu/4.8/../../../i386-linux-gnu/crt1.o
 .rel.text.uip_ds6_get_link_local
                0x0000000000000000        0x0 /usr/lib/gcc/i686-linux-gnu/4.8/../../../i386-linux-gnu/crt1.o
 .rel.text.uip_ds6_get_global
                0x0000000000000000        0x0 /usr/lib/gcc/i686-linux-gnu/4.8/../../../i386-linux-gnu/crt1.o
 .rel.text.uip_ds6_maddr_add
                0x0000000000000000        0x0 /usr/lib/gcc/i686-linux-gnu/4.8/../../../i386-linux-gnu/crt1.o
 .rel.text.uip_ds6_maddr_lookup
                0x0000000000000000        0x0 /usr/lib/gcc/i686-linux-gnu/4.8/../../../i386-linux-gnu/crt1.o
 .rel.text.uip_ds6_aaddr_add
                0x0000000000000000        0x0 /usr/lib/gcc/i686-linux-gnu/4.8/../../../i386-linux-gnu/crt1.o
 .rel.text.uip_ds6_aaddr_lookup
                0x0000000000000000        0x0 /usr/lib/gcc/i686-linux-gnu/4.8/../../../i386-linux-gnu/crt1.o
 .rel.text.uip_ds6_select_src
                0x0000000000000000        0x0 /usr/lib/gcc/i686-linux-gnu/4.8/../../../i386-linux-gnu/crt1.o
 .rel.text.uip_ds6_set_addr_iid
                0x0000000000000000        0x0 /usr/lib/gcc/i686-linux-gnu/4.8/../../../i386-linux-gnu/crt1.o
 .rel.text.uip_ds6_compute_reachable_time
                0x0000000000000000        0x0 /usr/lib/gcc/i686-linux-gnu/4.8/../../../i386-linux-gnu/crt1.o
 .rel.text.uip_ds6_neighbors_init
                0x0000000000000000        0x0 /usr/lib/gcc/i686-linux-gnu/4.8/../../../i386-linux-gnu/crt1.o
 .rel.text.uip_ds6_nbr_add
                0x0000000000000000        0x0 /usr/lib/gcc/i686-linux-gnu/4.8/../../../i386-linux-gnu/crt1.o
 .rel.text.uip_ds6_nbr_rm
                0x0000000000000000        0x0 /usr/lib/gcc/i686-linux-gnu/4.8/../../../i386-linux-gnu/crt1.o
 .rel.text.uip_ds6_nbr_get_ll
                0x0000000000000000        0x0 /usr/lib/gcc/i686-linux-gnu/4.8/../../../i386-linux-gnu/crt1.o
 .rel.text.uip_ds6_nbr_num
                0x0000000000000000        0x0 /usr/lib/gcc/i686-linux-gnu/4.8/../../../i386-linux-gnu/crt1.o
 .rel.text.uip_ds6_nbr_lookup
                0x0000000000000000        0x0 /usr/lib/gcc/i686-linux-gnu/4.8/../../../i386-linux-gnu/crt1.o
 .rel.text.uip_ds6_nbr_ll_lookup
                0x0000000000000000        0x0 /usr/lib/gcc/i686-linux-gnu/4.8/../../../i386-linux-gnu/crt1.o
 .rel.text.uip_ds6_link_neighbor_callback
                0x0000000000000000        0x0 /usr/lib/gcc/i686-linux-gnu/4.8/../../../i386-linux-gnu/crt1.o
 .rel.text.uip_ds6_neighbor_periodic
                0x0000000000000000        0x0 /usr/lib/gcc/i686-linux-gnu/4.8/../../../i386-linux-gnu/crt1.o
 .rel.text.uip_ds6_nbr_refresh_reachable_state
                0x0000000000000000        0x0 /usr/lib/gcc/i686-linux-gnu/4.8/../../../i386-linux-gnu/crt1.o
 .rel.text.uip_ds6_get_least_lifetime_neighbor
                0x0000000000000000        0x0 /usr/lib/gcc/i686-linux-gnu/4.8/../../../i386-linux-gnu/crt1.o
 .rel.text.uip_ds6_route_init
                0x0000000000000000        0x0 /usr/lib/gcc/i686-linux-gnu/4.8/../../../i386-linux-gnu/crt1.o
 .rel.text.uip_ds6_route_nexthop_lladdr
                0x0000000000000000        0x0 /usr/lib/gcc/i686-linux-gnu/4.8/../../../i386-linux-gnu/crt1.o
 .rel.text.uip_ds6_route_is_nexthop
                0x0000000000000000        0x0 /usr/lib/gcc/i686-linux-gnu/4.8/../../../i386-linux-gnu/crt1.o
 .rel.text.uip_ds6_route_lookup
                0x0000000000000000        0x0 /usr/lib/gcc/i686-linux-gnu/4.8/../../../i386-linux-gnu/crt1.o
 .rel.text.uip_ds6_route_add
                0x0000000000000000        0x0 /usr/lib/gcc/i686-linux-gnu/4.8/../../../i386-linux-gnu/crt1.o
 .rel.text.uip_ds6_route_rm
                0x0000000000000000        0x0 /usr/lib/gcc/i686-linux-gnu/4.8/../../../i386-linux-gnu/crt1.o
 .rel.text.rm_routelist
                0x0000000000000000        0x0 /usr/lib/gcc/i686-linux-gnu/4.8/../../../i386-linux-gnu/crt1.o
 .rel.text.uip_ds6_route_rm_by_nexthop
                0x0000000000000000        0x0 /usr/lib/gcc/i686-linux-gnu/4.8/../../../i386-linux-gnu/crt1.o
 .rel.text.uip_ds6_defrt_add
                0x0000000000000000        0x0 /usr/lib/gcc/i686-linux-gnu/4.8/../../../i386-linux-gnu/crt1.o
 .rel.text.uip_ds6_defrt_lookup
                0x0000000000000000        0x0 /usr/lib/gcc/i686-linux-gnu/4.8/../../../i386-linux-gnu/crt1.o
 .rel.text.uip_ds6_defrt_periodic
                0x0000000000000000        0x0 /usr/lib/gcc/i686-linux-gnu/4.8/../../../i386-linux-gnu/crt1.o
 .rel.text.echo_request_input
                0x0000000000000000        0x0 /usr/lib/gcc/i686-linux-gnu/4.8/../../../i386-linux-gnu/crt1.o
 .rel.text.uip_icmp6_error_output
                0x0000000000000000        0x0 /usr/lib/gcc/i686-linux-gnu/4.8/../../../i386-linux-gnu/crt1.o
 .rel.text.uip_icmp6_send
                0x0000000000000000        0x0 /usr/lib/gcc/i686-linux-gnu/4.8/../../../i386-linux-gnu/crt1.o
 .rel.text.echo_reply_input
                0x0000000000000000        0x0 /usr/lib/gcc/i686-linux-gnu/4.8/../../../i386-linux-gnu/crt1.o
 .rel.text.extract_lladdr_from_llao_aligned
                0x0000000000000000        0x0 /usr/lib/gcc/i686-linux-gnu/4.8/../../../i386-linux-gnu/crt1.o
 .rel.text.create_llao
                0x0000000000000000        0x0 /usr/lib/gcc/i686-linux-gnu/4.8/../../../i386-linux-gnu/crt1.o
 .rel.text.ns_input
                0x0000000000000000        0x0 /usr/lib/gcc/i686-linux-gnu/4.8/../../../i386-linux-gnu/crt1.o
 .rel.text.uip_nd6_ns_output
                0x0000000000000000        0x0 /usr/lib/gcc/i686-linux-gnu/4.8/../../../i386-linux-gnu/crt1.o
 .rel.text.na_input
                0x0000000000000000        0x0 /usr/lib/gcc/i686-linux-gnu/4.8/../../../i386-linux-gnu/crt1.o
 .rel.text.dns_name_isequal
                0x0000000000000000        0x0 /usr/lib/gcc/i686-linux-gnu/4.8/../../../i386-linux-gnu/crt1.o
 .rel.text.mdns_write_announce_records
                0x0000000000000000        0x0 /usr/lib/gcc/i686-linux-gnu/4.8/../../../i386-linux-gnu/crt1.o
 .rel.text.mdns_prep_host_announce_packet
                0x0000000000000000        0x0 /usr/lib/gcc/i686-linux-gnu/4.8/../../../i386-linux-gnu/crt1.o
 .rel.text.try_next_server
                0x0000000000000000        0x0 /usr/lib/gcc/i686-linux-gnu/4.8/../../../i386-linux-gnu/crt1.o
 .rel.text.check_entries
                0x0000000000000000        0x0 /usr/lib/gcc/i686-linux-gnu/4.8/../../../i386-linux-gnu/crt1.o
 .rel.text.newdata
                0x0000000000000000        0x0 /usr/lib/gcc/i686-linux-gnu/4.8/../../../i386-linux-gnu/crt1.o
 .rel.text.resolv_set_hostname
                0x0000000000000000        0x0 /usr/lib/gcc/i686-linux-gnu/4.8/../../../i386-linux-gnu/crt1.o
 .rel.text.process_thread_mdns_probe_process
                0x0000000000000000        0x0 /usr/lib/gcc/i686-linux-gnu/4.8/../../../i386-linux-gnu/crt1.o
 .rel.text.process_thread_resolv_process
                0x0000000000000000        0x0 /usr/lib/gcc/i686-linux-gnu/4.8/../../../i386-linux-gnu/crt1.o
 .rel.text.remove_trailing_dots
                0x0000000000000000        0x0 /usr/lib/gcc/i686-linux-gnu/4.8/../../../i386-linux-gnu/crt1.o
 .rel.text.resolv_query
                0x0000000000000000        0x0 /usr/lib/gcc/i686-linux-gnu/4.8/../../../i386-linux-gnu/crt1.o
 .rel.text.resolv_lookup
                0x0000000000000000        0x0 /usr/lib/gcc/i686-linux-gnu/4.8/../../../i386-linux-gnu/crt1.o
 .rel.text.resolv_found
                0x0000000000000000        0x0 /usr/lib/gcc/i686-linux-gnu/4.8/../../../i386-linux-gnu/crt1.o
 .rel.text.check_for_tcp_syn
                0x0000000000000000        0x0 /usr/lib/gcc/i686-linux-gnu/4.8/../../../i386-linux-gnu/crt1.o
 .rel.text.packet_input
                0x0000000000000000        0x0 /usr/lib/gcc/i686-linux-gnu/4.8/../../../i386-linux-gnu/crt1.o
 .rel.text.udp_broadcast_new
                0x0000000000000000        0x0 /usr/lib/gcc/i686-linux-gnu/4.8/../../../i386-linux-gnu/crt1.o
 .rel.text.icmp6_new
                0x0000000000000000        0x0 /usr/lib/gcc/i686-linux-gnu/4.8/../../../i386-linux-gnu/crt1.o
 .rel.text.tcpip_icmp6_call
                0x0000000000000000        0x0 /usr/lib/gcc/i686-linux-gnu/4.8/../../../i386-linux-gnu/crt1.o
 .rel.text.eventhandler
                0x0000000000000000        0x0 /usr/lib/gcc/i686-linux-gnu/4.8/../../../i386-linux-gnu/crt1.o
 .rel.text.tcpip_input
                0x0000000000000000        0x0 /usr/lib/gcc/i686-linux-gnu/4.8/../../../i386-linux-gnu/crt1.o
 .rel.text.tcpip_ipv6_output
                0x0000000000000000        0x0 /usr/lib/gcc/i686-linux-gnu/4.8/../../../i386-linux-gnu/crt1.o
 .rel.text.tcpip_uipcall
                0x0000000000000000        0x0 /usr/lib/gcc/i686-linux-gnu/4.8/../../../i386-linux-gnu/crt1.o
 .rel.text.process_thread_tcpip_process
                0x0000000000000000        0x0 /usr/lib/gcc/i686-linux-gnu/4.8/../../../i386-linux-gnu/crt1.o
 .rel.text.uip_debug_ipaddr_print
                0x0000000000000000        0x0 /usr/lib/gcc/i686-linux-gnu/4.8/../../../i386-linux-gnu/crt1.o
 .rel.text.uiplib_ip6addrconv
                0x0000000000000000        0x0 /usr/lib/gcc/i686-linux-gnu/4.8/../../../i386-linux-gnu/crt1.o
 .rel.text.uip_udp_packet_send
                0x0000000000000000        0x0 /usr/lib/gcc/i686-linux-gnu/4.8/../../../i386-linux-gnu/crt1.o
 .rel.text.uip_udp_packet_sendto
                0x0000000000000000        0x0 /usr/lib/gcc/i686-linux-gnu/4.8/../../../i386-linux-gnu/crt1.o
 .rel.text.rpl_set_mode
                0x0000000000000000        0x0 /usr/lib/gcc/i686-linux-gnu/4.8/../../../i386-linux-gnu/crt1.o
 .rel.text.rpl_purge_routes
                0x0000000000000000        0x0 /usr/lib/gcc/i686-linux-gnu/4.8/../../../i386-linux-gnu/crt1.o
 .rel.text.rpl_remove_routes_by_nexthop
                0x0000000000000000        0x0 /usr/lib/gcc/i686-linux-gnu/4.8/../../../i386-linux-gnu/crt1.o
 .rel.text.rpl_link_neighbor_callback
                0x0000000000000000        0x0 /usr/lib/gcc/i686-linux-gnu/4.8/../../../i386-linux-gnu/crt1.o
 .rel.text.rpl_ipv6_neighbor_callback
                0x0000000000000000        0x0 /usr/lib/gcc/i686-linux-gnu/4.8/../../../i386-linux-gnu/crt1.o
 .rel.text.rpl_purge_dags
                0x0000000000000000        0x0 /usr/lib/gcc/i686-linux-gnu/4.8/../../../i386-linux-gnu/crt1.o
 .rel.text.rpl_init
                0x0000000000000000        0x0 /usr/lib/gcc/i686-linux-gnu/4.8/../../../i386-linux-gnu/crt1.o
 .rel.text.rpl_print_neighbor_list
                0x0000000000000000        0x0 /usr/lib/gcc/i686-linux-gnu/4.8/../../../i386-linux-gnu/crt1.o
 .rel.text.rpl_get_nbr
                0x0000000000000000        0x0 /usr/lib/gcc/i686-linux-gnu/4.8/../../../i386-linux-gnu/crt1.o
 .rel.text.rpl_dag_init
                0x0000000000000000        0x0 /usr/lib/gcc/i686-linux-gnu/4.8/../../../i386-linux-gnu/crt1.o
 .rel.text.rpl_get_parent
                0x0000000000000000        0x0 /usr/lib/gcc/i686-linux-gnu/4.8/../../../i386-linux-gnu/crt1.o
 .rel.text.rpl_get_parent_rank
                0x0000000000000000        0x0 /usr/lib/gcc/i686-linux-gnu/4.8/../../../i386-linux-gnu/crt1.o
 .rel.text.rpl_get_parent_lladdr
                0x0000000000000000        0x0 /usr/lib/gcc/i686-linux-gnu/4.8/../../../i386-linux-gnu/crt1.o
 .rel.text.rpl_get_parent_link_stats
                0x0000000000000000        0x0 /usr/lib/gcc/i686-linux-gnu/4.8/../../../i386-linux-gnu/crt1.o
 .rel.text.rpl_parent_is_fresh
                0x0000000000000000        0x0 /usr/lib/gcc/i686-linux-gnu/4.8/../../../i386-linux-gnu/crt1.o
 .rel.text.rpl_set_preferred_parent
                0x0000000000000000        0x0 /usr/lib/gcc/i686-linux-gnu/4.8/../../../i386-linux-gnu/crt1.o
 .rel.text.remove_parents
                0x0000000000000000        0x0 /usr/lib/gcc/i686-linux-gnu/4.8/../../../i386-linux-gnu/crt1.o
 .rel.text.nullify_parents
                0x0000000000000000        0x0 /usr/lib/gcc/i686-linux-gnu/4.8/../../../i386-linux-gnu/crt1.o
 .rel.text.get_dag
                0x0000000000000000        0x0 /usr/lib/gcc/i686-linux-gnu/4.8/../../../i386-linux-gnu/crt1.o
 .rel.text.rpl_set_root
                0x0000000000000000        0x0 /usr/lib/gcc/i686-linux-gnu/4.8/../../../i386-linux-gnu/crt1.o
 .rel.text.rpl_repair_root
                0x0000000000000000        0x0 /usr/lib/gcc/i686-linux-gnu/4.8/../../../i386-linux-gnu/crt1.o
 .rel.text.set_ip_from_prefix
                0x0000000000000000        0x0 /usr/lib/gcc/i686-linux-gnu/4.8/../../../i386-linux-gnu/crt1.o
 .rel.text.check_prefix
                0x0000000000000000        0x0 /usr/lib/gcc/i686-linux-gnu/4.8/../../../i386-linux-gnu/crt1.o
 .rel.text.rpl_set_prefix
                0x0000000000000000        0x0 /usr/lib/gcc/i686-linux-gnu/4.8/../../../i386-linux-gnu/crt1.o
 .rel.text.rpl_alloc_instance
                0x0000000000000000        0x0 /usr/lib/gcc/i686-linux-gnu/4.8/../../../i386-linux-gnu/crt1.o
 .rel.text.rpl_alloc_dag
                0x0000000000000000        0x0 /usr/lib/gcc/i686-linux-gnu/4.8/../../../i386-linux-gnu/crt1.o
 .rel.text.rpl_set_default_instance
                0x0000000000000000        0x0 /usr/lib/gcc/i686-linux-gnu/4.8/../../../i386-linux-gnu/crt1.o
 .rel.text.rpl_get_default_instance
                0x0000000000000000        0x0 /usr/lib/gcc/i686-linux-gnu/4.8/../../../i386-linux-gnu/crt1.o
 .rel.text.rpl_free_instance
                0x0000000000000000        0x0 /usr/lib/gcc/i686-linux-gnu/4.8/../../../i386-linux-gnu/crt1.o
 .rel.text.rpl_add_parent
                0x0000000000000000        0x0 /usr/lib/gcc/i686-linux-gnu/4.8/../../../i386-linux-gnu/crt1.o
 .rel.text.find_parent_any_dag_any_instance
                0x0000000000000000        0x0 /usr/lib/gcc/i686-linux-gnu/4.8/../../../i386-linux-gnu/crt1.o
 .rel.text.rpl_select_dag
                0x0000000000000000        0x0 /usr/lib/gcc/i686-linux-gnu/4.8/../../../i386-linux-gnu/crt1.o
 .rel.text.best_parent
                0x0000000000000000        0x0 /usr/lib/gcc/i686-linux-gnu/4.8/../../../i386-linux-gnu/crt1.o
 .rel.text.rpl_select_parent
                0x0000000000000000        0x0 /usr/lib/gcc/i686-linux-gnu/4.8/../../../i386-linux-gnu/crt1.o
 .rel.text.rpl_remove_parent
                0x0000000000000000        0x0 /usr/lib/gcc/i686-linux-gnu/4.8/../../../i386-linux-gnu/crt1.o
 .rel.text.rpl_nullify_parent
                0x0000000000000000        0x0 /usr/lib/gcc/i686-linux-gnu/4.8/../../../i386-linux-gnu/crt1.o
 .rel.text.rpl_has_downward_route
                0x0000000000000000        0x0 /usr/lib/gcc/i686-linux-gnu/4.8/../../../i386-linux-gnu/crt1.o
 .rel.text.rpl_get_dag
                0x0000000000000000        0x0 /usr/lib/gcc/i686-linux-gnu/4.8/../../../i386-linux-gnu/crt1.o
 .rel.text.rpl_get_any_dag
                0x0000000000000000        0x0 /usr/lib/gcc/i686-linux-gnu/4.8/../../../i386-linux-gnu/crt1.o
 .rel.text.rpl_get_instance
                0x0000000000000000        0x0 /usr/lib/gcc/i686-linux-gnu/4.8/../../../i386-linux-gnu/crt1.o
 .rel.text.rpl_find_of
                0x0000000000000000        0x0 /usr/lib/gcc/i686-linux-gnu/4.8/../../../i386-linux-gnu/crt1.o
 .rel.text.rpl_join_instance
                0x0000000000000000        0x0 /usr/lib/gcc/i686-linux-gnu/4.8/../../../i386-linux-gnu/crt1.o
 .rel.text.rpl_add_dag
                0x0000000000000000        0x0 /usr/lib/gcc/i686-linux-gnu/4.8/../../../i386-linux-gnu/crt1.o
 .rel.text.rpl_local_repair
                0x0000000000000000        0x0 /usr/lib/gcc/i686-linux-gnu/4.8/../../../i386-linux-gnu/crt1.o
 .rel.text.rpl_recalculate_ranks
                0x0000000000000000        0x0 /usr/lib/gcc/i686-linux-gnu/4.8/../../../i386-linux-gnu/crt1.o
 .rel.text.add_nbr_from_dio
                0x0000000000000000        0x0 /usr/lib/gcc/i686-linux-gnu/4.8/../../../i386-linux-gnu/crt1.o
 .rel.text.rpl_process_dio
                0x0000000000000000        0x0 /usr/lib/gcc/i686-linux-gnu/4.8/../../../i386-linux-gnu/crt1.o
 .rel.text.rpl_verify_hbh_header
                0x0000000000000000        0x0 /usr/lib/gcc/i686-linux-gnu/4.8/../../../i386-linux-gnu/crt1.o
 .rel.text.update_hbh_header
                0x0000000000000000        0x0 /usr/lib/gcc/i686-linux-gnu/4.8/../../../i386-linux-gnu/crt1.o
 .rel.text.insert_hbh_header
                0x0000000000000000        0x0 /usr/lib/gcc/i686-linux-gnu/4.8/../../../i386-linux-gnu/crt1.o
 .rel.text.rpl_remove_header
                0x0000000000000000        0x0 /usr/lib/gcc/i686-linux-gnu/4.8/../../../i386-linux-gnu/crt1.o
 .rel.text.rpl_update_header
                0x0000000000000000        0x0 /usr/lib/gcc/i686-linux-gnu/4.8/../../../i386-linux-gnu/crt1.o
 .rel.text.get_global_addr
                0x0000000000000000        0x0 /usr/lib/gcc/i686-linux-gnu/4.8/../../../i386-linux-gnu/crt1.o
 .rel.text.rpl_icmp6_update_nbr_table
                0x0000000000000000        0x0 /usr/lib/gcc/i686-linux-gnu/4.8/../../../i386-linux-gnu/crt1.o
 .rel.text.dis_input
                0x0000000000000000        0x0 /usr/lib/gcc/i686-linux-gnu/4.8/../../../i386-linux-gnu/crt1.o
 .rel.text.dis_output
                0x0000000000000000        0x0 /usr/lib/gcc/i686-linux-gnu/4.8/../../../i386-linux-gnu/crt1.o
 .rel.text.dio_input
                0x0000000000000000        0x0 /usr/lib/gcc/i686-linux-gnu/4.8/../../../i386-linux-gnu/crt1.o
 .rel.text.dio_output
                0x0000000000000000        0x0 /usr/lib/gcc/i686-linux-gnu/4.8/../../../i386-linux-gnu/crt1.o
 .rel.text.dao_input_storing
                0x0000000000000000        0x0 /usr/lib/gcc/i686-linux-gnu/4.8/../../../i386-linux-gnu/crt1.o
 .rel.text.dao_input
                0x0000000000000000        0x0 /usr/lib/gcc/i686-linux-gnu/4.8/../../../i386-linux-gnu/crt1.o
 .rel.text.dao_output
                0x0000000000000000        0x0 /usr/lib/gcc/i686-linux-gnu/4.8/../../../i386-linux-gnu/crt1.o
 .rel.text.dao_output_target_seq
                0x0000000000000000        0x0 /usr/lib/gcc/i686-linux-gnu/4.8/../../../i386-linux-gnu/crt1.o
 .rel.text.dao_ack_input
                0x0000000000000000        0x0 /usr/lib/gcc/i686-linux-gnu/4.8/../../../i386-linux-gnu/crt1.o
 .rel.text.get_probing_target
                0x0000000000000000        0x0 /usr/lib/gcc/i686-linux-gnu/4.8/../../../i386-linux-gnu/crt1.o
 .rel.text.linkaddr_copy
                0x0000000000000000        0x0 /usr/lib/gcc/i686-linux-gnu/4.8/../../../i386-linux-gnu/crt1.o
 .rel.text.linkaddr_cmp
                0x0000000000000000        0x0 /usr/lib/gcc/i686-linux-gnu/4.8/../../../i386-linux-gnu/crt1.o
 .rel.text.linkaddr_set_node_addr
                0x0000000000000000        0x0 /usr/lib/gcc/i686-linux-gnu/4.8/../../../i386-linux-gnu/crt1.o
 .rel.text.link_stats_from_lladdr
                0x0000000000000000        0x0 /usr/lib/gcc/i686-linux-gnu/4.8/../../../i386-linux-gnu/crt1.o
 .rel.text.link_stats_packet_sent
                0x0000000000000000        0x0 /usr/lib/gcc/i686-linux-gnu/4.8/../../../i386-linux-gnu/crt1.o
 .rel.text.link_stats_input_callback
                0x0000000000000000        0x0 /usr/lib/gcc/i686-linux-gnu/4.8/../../../i386-linux-gnu/crt1.o
 .rel.text.periodic
                0x0000000000000000        0x0 /usr/lib/gcc/i686-linux-gnu/4.8/../../../i386-linux-gnu/crt1.o
 .rel.text.link_stats_init
                0x0000000000000000        0x0 /usr/lib/gcc/i686-linux-gnu/4.8/../../../i386-linux-gnu/crt1.o
 .rel.text.nbr_table_allocate
                0x0000000000000000        0x0 /usr/lib/gcc/i686-linux-gnu/4.8/../../../i386-linux-gnu/crt1.o
 .rel.text.nbr_table_add_lladdr
                0x0000000000000000        0x0 /usr/lib/gcc/i686-linux-gnu/4.8/../../../i386-linux-gnu/crt1.o
 .rel.text.nbr_table_update_lladdr
                0x0000000000000000        0x0 /usr/lib/gcc/i686-linux-gnu/4.8/../../../i386-linux-gnu/crt1.o
 .rel.text.netstack_init
                0x0000000000000000        0x0 /usr/lib/gcc/i686-linux-gnu/4.8/../../../i386-linux-gnu/crt1.o
 .rel.text.packetbuf_copyfrom
                0x0000000000000000        0x0 /usr/lib/gcc/i686-linux-gnu/4.8/../../../i386-linux-gnu/crt1.o
 .rel.text.packetbuf_copyto
                0x0000000000000000        0x0 /usr/lib/gcc/i686-linux-gnu/4.8/../../../i386-linux-gnu/crt1.o
 .rel.text.packetbuf_attr_clear
                0x0000000000000000        0x0 /usr/lib/gcc/i686-linux-gnu/4.8/../../../i386-linux-gnu/crt1.o
 .rel.text.packetbuf_attr_copyto
                0x0000000000000000        0x0 /usr/lib/gcc/i686-linux-gnu/4.8/../../../i386-linux-gnu/crt1.o
 .rel.text.packetbuf_attr_copyfrom
                0x0000000000000000        0x0 /usr/lib/gcc/i686-linux-gnu/4.8/../../../i386-linux-gnu/crt1.o
 .rel.text.packetbuf_set_attr
                0x0000000000000000        0x0 /usr/lib/gcc/i686-linux-gnu/4.8/../../../i386-linux-gnu/crt1.o
 .rel.text.packetbuf_attr
                0x0000000000000000        0x0 /usr/lib/gcc/i686-linux-gnu/4.8/../../../i386-linux-gnu/crt1.o
 .rel.text.packetbuf_set_addr
                0x0000000000000000        0x0 /usr/lib/gcc/i686-linux-gnu/4.8/../../../i386-linux-gnu/crt1.o
 .rel.text.packetbuf_addr
                0x0000000000000000        0x0 /usr/lib/gcc/i686-linux-gnu/4.8/../../../i386-linux-gnu/crt1.o
 .rel.text.packetbuf_holds_broadcast
                0x0000000000000000        0x0 /usr/lib/gcc/i686-linux-gnu/4.8/../../../i386-linux-gnu/crt1.o
 .rel.text.create_frame
                0x0000000000000000        0x0 /usr/lib/gcc/i686-linux-gnu/4.8/../../../i386-linux-gnu/crt1.o
 .rel.text.parse
                0x0000000000000000        0x0 /usr/lib/gcc/i686-linux-gnu/4.8/../../../i386-linux-gnu/crt1.o
 .rel.text.on   0x0000000000000000        0x0 /usr/lib/gcc/i686-linux-gnu/4.8/../../../i386-linux-gnu/crt1.o
 .rel.text.off  0x0000000000000000        0x0 /usr/lib/gcc/i686-linux-gnu/4.8/../../../i386-linux-gnu/crt1.o
 .rel.text.send_one_packet
                0x0000000000000000        0x0 /usr/lib/gcc/i686-linux-gnu/4.8/../../../i386-linux-gnu/crt1.o
 .rel.text.interrupt
                0x0000000000000000        0x0 /usr/lib/gcc/i686-linux-gnu/4.8/../../../i386-linux-gnu/crt1.o
 .rel.text.rtimer_arch_init
                0x0000000000000000        0x0 /usr/lib/gcc/i686-linux-gnu/4.8/../../../i386-linux-gnu/crt1.o
 .rel.text.rtimer_arch_schedule
                0x0000000000000000        0x0 /usr/lib/gcc/i686-linux-gnu/4.8/../../../i386-linux-gnu/crt1.o
 .rel.text.watchdog_reboot
                0x0000000000000000        0x0 /usr/lib/gcc/i686-linux-gnu/4.8/../../../i386-linux-gnu/crt1.o
 .rel.text.rpl_nbr_policy_find_removable
                0x0000000000000000        0x0 /usr/lib/gcc/i686-linux-gnu/4.8/../../../i386-linux-gnu/crt1.o
 .rel.text.field_len
                0x0000000000000000        0x0 /usr/lib/gcc/i686-linux-gnu/4.8/../../../i386-linux-gnu/crt1.o
 *(.rel.fini)
 *(.rel.rodata .rel.rodata.* .rel.gnu.linkonce.r.*)
 .rel.rodata    0x0000000000000000        0x0 /usr/lib/gcc/i686-linux-gnu/4.8/../../../i386-linux-gnu/crt1.o
 *(.rel.data.rel.ro .rel.data.rel.ro.* .rel.gnu.linkonce.d.rel.ro.*)
 *(.rel.data .rel.data.* .rel.gnu.linkonce.d.*)
 .rel.data      0x0000000000000000        0x0 /usr/lib/gcc/i686-linux-gnu/4.8/../../../i386-linux-gnu/crt1.o
 *(.rel.tdata .rel.tdata.* .rel.gnu.linkonce.td.*)
 *(.rel.tbss .rel.tbss.* .rel.gnu.linkonce.tb.*)
 *(.rel.ctors)
 *(.rel.dtors)
 *(.rel.got)
 .rel.got       0x000000000804d974        0x8 /usr/lib/gcc/i686-linux-gnu/4.8/../../../i386-linux-gnu/crt1.o
 *(.rel.bss .rel.bss.* .rel.gnu.linkonce.b.*)
 .rel.bss       0x000000000804d97c       0x10 /usr/lib/gcc/i686-linux-gnu/4.8/../../../i386-linux-gnu/crt1.o
 *(.rel.ifunc)

.rel.plt        0x000000000804d98c      0x120
 *(.rel.plt)
 .rel.plt       0x000000000804d98c      0x120 /usr/lib/gcc/i686-linux-gnu/4.8/../../../i386-linux-gnu/crt1.o
                0x000000000804daac                PROVIDE (__rel_iplt_start, .)
 *(.rel.iplt)
 .rel.iplt      0x0000000000000000        0x0 /usr/lib/gcc/i686-linux-gnu/4.8/../../../i386-linux-gnu/crt1.o
                0x000000000804daac                PROVIDE (__rel_iplt_end, .)

.init           0x000000000804daac       0x23
 *(SORT(.init))
 .init          0x000000000804daac       0x1e /usr/lib/gcc/i686-linux-gnu/4.8/../../../i386-linux-gnu/crti.o
                0x000000000804daac                _init
 .init          0x000000000804daca        0x5 /usr/lib/gcc/i686-linux-gnu/4.8/../../../i386-linux-gnu/crtn.o

.plt            0x000000000804dad0      0x250
 *(.plt)
 .plt           0x000000000804dad0      0x250 /usr/lib/gcc/i686-linux-gnu/4.8/../../../i386-linux-gnu/crt1.o
                0x000000000804dae0                setitimer@@GLIBC_2.0
                0x000000000804daf0                strcmp@@GLIBC_2.0
                0x000000000804db00                read@@GLIBC_2.0
                0x000000000804db10                printf@@GLIBC_2.0
                0x000000000804db20                memmove@@GLIBC_2.0
                0x000000000804db30                memcpy@@GLIBC_2.0
                0x000000000804db40                tolower@@GLIBC_2.0
                0x000000000804db50                signal@@GLIBC_2.0
                0x000000000804db60                lseek@@GLIBC_2.0
                0x000000000804db70                memcmp@@GLIBC_2.0
                0x000000000804db80                gettimeofday@@GLIBC_2.0
                0x000000000804db90                select@@GLIBC_2.0
                0x000000000804dba0                __stack_chk_fail@@GLIBC_2.4
                0x000000000804dbb0                perror@@GLIBC_2.0
                0x000000000804dbc0                puts@@GLIBC_2.0
                0x000000000804dbe0                exit@@GLIBC_2.0
                0x000000000804dbf0                open@@GLIBC_2.0
                0x000000000804dc00                srand@@GLIBC_2.0
                0x000000000804dc10                strlen@@GLIBC_2.0
                0x000000000804dc20                __libc_start_main@@GLIBC_2.0
                0x000000000804dc30                fprintf@@GLIBC_2.0
                0x000000000804dc40                write@@GLIBC_2.0
                0x000000000804dc50                strcasecmp@@GLIBC_2.0
                0x000000000804dc60                setvbuf@@GLIBC_2.0
                0x000000000804dc70                memset@@GLIBC_2.0
                0x000000000804dc80                putchar@@GLIBC_2.0
                0x000000000804dc90                __errno_location@@GLIBC_2.0
                0x000000000804dca0                strncpy@@GLIBC_2.0
                0x000000000804dcb0                strncasecmp@@GLIBC_2.0
                0x000000000804dcc0                rand@@GLIBC_2.0
                0x000000000804dcd0                sprintf@@GLIBC_2.0
                0x000000000804dce0                remove@@GLIBC_2.0
                0x000000000804dcf0                strncmp@@GLIBC_2.0
                0x000000000804dd00                close@@GLIBC_2.0
                0x000000000804dd10                strncat@@GLIBC_2.0
 *(.iplt)
 .iplt          0x0000000000000000        0x0 /usr/lib/gcc/i686-linux-gnu/4.8/../../../i386-linux-gnu/crt1.o

.text           0x000000000804dd20    0x1e792
 *(.text.unlikely .text.*_unlikely .text.unlikely.*)
 *(.text.exit .text.exit.*)
 *(.text.startup .text.startup.*)
 *(.text.hot .text.hot.*)
 *(.text .stub .text.* .gnu.linkonce.t.*)
 .text          0x000000000804dd20       0x22 /usr/lib/gcc/i686-linux-gnu/4.8/../../../i386-linux-gnu/crt1.o
                0x000000000804dd20                _start
 *fill*         0x000000000804dd42        0xe 
 .gnu.linkonce.t.__x86.get_pc_thunk.bx
                0x000000000804dd50        0x4 /usr/lib/gcc/i686-linux-gnu/4.8/../../../i386-linux-gnu/crti.o
                0x000000000804dd50                __x86.get_pc_thunk.bx
 *fill*         0x000000000804dd54        0xc 
 .text          0x000000000804dd60       0xbd /usr/lib/gcc/i686-linux-gnu/4.8/crtbegin.o
 .text.dtls_alert_create
                0x000000000804de1d       0x10 dtls-client.co
 .text.dtls_alert_fatal_create
                0x000000000804de2d       0x1b dtls-client.co
 .text.dtls_set_handler
                0x000000000804de48        0xe dtls-client.co
 .text.try_send
                0x000000000804de56       0x6d dtls-client.co
 .text.read_from_peer
                0x000000000804dec3       0x1e dtls-client.co
 .text.send_to_peer
                0x000000000804dee1       0xd6 dtls-client.co
 .text.get_psk_info
                0x000000000804dfb7      0x10f dtls-client.co
 .text.dtls_handle_read
                0x000000000804e0c6       0xe1 dtls-client.co
 .text.print_local_addresses
                0x000000000804e1a7       0x80 dtls-client.co
 .text.set_global_address
                0x000000000804e227       0x82 dtls-client.co
 .text.set_connection_address
                0x000000000804e2a9      0x100 dtls-client.co
 .text.init_dtls
                0x000000000804e3a9       0xd7 dtls-client.co
                0x000000000804e3a9                init_dtls
 .text.process_thread_udp_client_process
                0x000000000804e480      0x2a5 dtls-client.co
 .text.equals   0x000000000804e725       0x44 contiki-native.a(dtls.o)
 .text.check_stack
                0x000000000804e769        0x5 contiki-native.a(dtls.o)
 .text.dtls_int_to_uint8
                0x000000000804e76e       0x1c contiki-native.a(dtls.o)
 .text.dtls_int_to_uint16
                0x000000000804e78a       0x2f contiki-native.a(dtls.o)
 .text.dtls_int_to_uint24
                0x000000000804e7b9       0x30 contiki-native.a(dtls.o)
 .text.dtls_int_to_uint32
                0x000000000804e7e9       0x3e contiki-native.a(dtls.o)
 .text.dtls_int_to_uint48
                0x000000000804e827       0x89 contiki-native.a(dtls.o)
 .text.dtls_uint8_to_int
                0x000000000804e8b0        0xb contiki-native.a(dtls.o)
 .text.dtls_uint16_to_int
                0x000000000804e8bb       0x21 contiki-native.a(dtls.o)
 .text.dtls_uint24_to_int
                0x000000000804e8dc       0x32 contiki-native.a(dtls.o)
 .text.dtls_hash_init
                0x000000000804e90e       0x13 contiki-native.a(dtls.o)
 .text.dtls_hash_update
                0x000000000804e921       0x21 contiki-native.a(dtls.o)
 .text.dtls_hash_finalize
                0x000000000804e942       0x1f contiki-native.a(dtls.o)
 .text.dtls_security_params_epoch
                0x000000000804e961       0x58 contiki-native.a(dtls.o)
 .text.dtls_security_params
                0x000000000804e9b9        0xb contiki-native.a(dtls.o)
 .text.dtls_security_params_next
                0x000000000804e9c4       0x59 contiki-native.a(dtls.o)
 .text.dtls_security_params_free_other
                0x000000000804ea1d       0x50 contiki-native.a(dtls.o)
 .text.dtls_security_params_switch
                0x000000000804ea6d       0x26 contiki-native.a(dtls.o)
 .text.dtls_alert_create
                0x000000000804ea93       0x10 contiki-native.a(dtls.o)
 .text.dtls_alert_fatal_create
                0x000000000804eaa3       0x1b contiki-native.a(dtls.o)
 .text.dtls_prng
                0x000000000804eabe       0x52 contiki-native.a(dtls.o)
 .text.dtls_prng_init
                0x000000000804eb10        0xf contiki-native.a(dtls.o)
 .text.malloc_context
                0x000000000804eb1f        0xa contiki-native.a(dtls.o)
 .text.free_context
                0x000000000804eb29        0x5 contiki-native.a(dtls.o)
 .text.dtls_init
                0x000000000804eb2e       0x1c contiki-native.a(dtls.o)
                0x000000000804eb2e                dtls_init
 .text.dtls_send
                0x000000000804eb4a       0x5e contiki-native.a(dtls.o)
 .text.dtls_get_peer
                0x000000000804eba8       0x57 contiki-native.a(dtls.o)
                0x000000000804eba8                dtls_get_peer
 .text.dtls_add_peer
                0x000000000804ebff       0x1d contiki-native.a(dtls.o)
 .text.dtls_write
                0x000000000804ec1c       0x81 contiki-native.a(dtls.o)
                0x000000000804ec1c                dtls_write
 .text.dtls_get_cookie
                0x000000000804ec9d       0xd8 contiki-native.a(dtls.o)
 .text.dtls_create_cookie
                0x000000000804ed75      0x233 contiki-native.a(dtls.o)
 .text.is_record
                0x000000000804efa8       0x58 contiki-native.a(dtls.o)
 .text.dtls_set_record_header
                0x000000000804f000       0xd9 contiki-native.a(dtls.o)
 .text.dtls_set_handshake_header
                0x000000000804f0d9       0xc8 contiki-native.a(dtls.o)
 .text.is_tls_ecdhe_ecdsa_with_aes_128_ccm_8
                0x000000000804f1a1        0xa contiki-native.a(dtls.o)
 .text.is_tls_psk_with_aes_128_ccm_8
                0x000000000804f1ab       0x12 contiki-native.a(dtls.o)
 .text.is_psk_supported
                0x000000000804f1bd       0x2e contiki-native.a(dtls.o)
 .text.is_rpk_supported
                0x000000000804f1eb        0xa contiki-native.a(dtls.o)
 .text.is_cert_supported
                0x000000000804f1f5        0xa contiki-native.a(dtls.o)
 .text.known_cipher
                0x000000000804f1ff       0x7c contiki-native.a(dtls.o)
 .text.dtls_debug_keyblock
                0x000000000804f27b      0x11c contiki-native.a(dtls.o)
 .text.dtls_handshake_type_to_name
                0x000000000804f397       0x6c contiki-native.a(dtls.o)
 .text.calculate_key_block
                0x000000000804f403      0x39e contiki-native.a(dtls.o)
 .text.dtls_check_tls_extension
                0x000000000804f7a1      0x1a0 contiki-native.a(dtls.o)
 .text.dtls_update_parameters
                0x000000000804f941      0x376 contiki-native.a(dtls.o)
 .text.check_client_keyexchange
                0x000000000804fcb7       0xbd contiki-native.a(dtls.o)
 .text.update_hs_hash
                0x000000000804fd74       0x51 contiki-native.a(dtls.o)
 .text.copy_hs_hash
                0x000000000804fdc5       0x28 contiki-native.a(dtls.o)
 .text.finalize_hs_hash
                0x000000000804fded       0x20 contiki-native.a(dtls.o)
 .text.clear_hs_hash
                0x000000000804fe0d       0x33 contiki-native.a(dtls.o)
 .text.check_finished
                0x000000000804fe40      0x1ef contiki-native.a(dtls.o)
 .text.dtls_prepare_record
                0x000000000805002f      0x461 contiki-native.a(dtls.o)
 .text.dtls_send_handshake_msg_hash
                0x0000000008050490      0x14e contiki-native.a(dtls.o)
 .text.dtls_send_handshake_msg
                0x00000000080505de       0x48 contiki-native.a(dtls.o)
 .text.dtls_send_multi
                0x0000000008050626      0x42f contiki-native.a(dtls.o)
 .text.dtls_send_alert
                0x0000000008050a55       0x42 contiki-native.a(dtls.o)
 .text.dtls_close
                0x0000000008050a97       0x8c contiki-native.a(dtls.o)
                0x0000000008050a97                dtls_close
 .text.dtls_destroy_peer
                0x0000000008050b23       0x77 contiki-native.a(dtls.o)
 .text.dtls_verify_peer
                0x0000000008050b9a      0x253 contiki-native.a(dtls.o)
 .text.dtls_send_server_hello
                0x0000000008050ded      0x1ab contiki-native.a(dtls.o)
 .text.dtls_send_server_key_exchange_psk
                0x0000000008050f98      0x103 contiki-native.a(dtls.o)
 .text.dtls_send_server_hello_done
                0x000000000805109b       0x32 contiki-native.a(dtls.o)
 .text.dtls_send_server_hello_msgs
                0x00000000080510cd      0x13b contiki-native.a(dtls.o)
 .text.dtls_send_ccs
                0x0000000008051208       0x35 contiki-native.a(dtls.o)
 .text.dtls_send_client_key_exchange
                0x000000000805123d      0x231 contiki-native.a(dtls.o)
 .text.dtls_send_finished
                0x000000000805146e      0x182 contiki-native.a(dtls.o)
 .text.dtls_send_client_hello
                0x00000000080515f0      0x631 contiki-native.a(dtls.o)
 .text.check_server_hello
                0x0000000008051c21      0x1db contiki-native.a(dtls.o)
 .text.check_server_hello_verify_request
                0x0000000008051dfc       0x67 contiki-native.a(dtls.o)
 .text.check_server_key_exchange_psk
                0x0000000008051e63      0x109 contiki-native.a(dtls.o)
 .text.check_certificate_request
                0x0000000008051f6c      0x1f7 contiki-native.a(dtls.o)
 .text.check_server_hellodone
                0x0000000008052163       0xdb contiki-native.a(dtls.o)
 .text.decrypt_verify
                0x000000000805223e      0x2ec contiki-native.a(dtls.o)
 .text.dtls_send_hello_request
                0x000000000805252a       0x44 contiki-native.a(dtls.o)
 .text.dtls_renegotiate
                0x000000000805256e       0xf6 contiki-native.a(dtls.o)
                0x000000000805256e                dtls_renegotiate
 .text.handle_handshake_msg
                0x0000000008052664      0x77f contiki-native.a(dtls.o)
 .text.handle_handshake
                0x0000000008052de3      0x3f6 contiki-native.a(dtls.o)
 .text.handle_ccs
                0x00000000080531d9       0xa8 contiki-native.a(dtls.o)
 .text.handle_alert
                0x0000000008053281      0x17e contiki-native.a(dtls.o)
 .text.dtls_alert_send_from_err
                0x00000000080533ff       0xe0 contiki-native.a(dtls.o)
 .text.dtls_handle_message
                0x00000000080534df      0x5aa contiki-native.a(dtls.o)
                0x00000000080534df                dtls_handle_message
 .text.dtls_new_context
                0x0000000008053a89      0x12b contiki-native.a(dtls.o)
                0x0000000008053a89                dtls_new_context
 .text.dtls_free_context
                0x0000000008053bb4       0x5c contiki-native.a(dtls.o)
                0x0000000008053bb4                dtls_free_context
 .text.dtls_connect_peer
                0x0000000008053c10      0x13b contiki-native.a(dtls.o)
                0x0000000008053c10                dtls_connect_peer
 .text.dtls_connect
                0x0000000008053d4b      0x114 contiki-native.a(dtls.o)
                0x0000000008053d4b                dtls_connect
 .text.dtls_retransmit
                0x0000000008053e5f      0x289 contiki-native.a(dtls.o)
 .text.dtls_stop_retransmission
                0x00000000080540e8       0x84 contiki-native.a(dtls.o)
 .text.dtls_check_retransmit
                0x000000000805416c       0x81 contiki-native.a(dtls.o)
                0x000000000805416c                dtls_check_retransmit
 .text.process_thread_dtls_retransmit_process
                0x00000000080541ed      0x19e contiki-native.a(dtls.o)
 .text.dtls_int_to_uint16
                0x000000000805438b       0x2f contiki-native.a(tinydtls-crypto)
 .text.dtls_hash_init
                0x00000000080543ba       0x13 contiki-native.a(tinydtls-crypto)
 .text.dtls_cipher_context_get
                0x00000000080543cd        0xa contiki-native.a(tinydtls-crypto)
 .text.dtls_cipher_context_release
                0x00000000080543d7        0x5 contiki-native.a(tinydtls-crypto)
 .text.dtls_crypto_init
                0x00000000080543dc       0x20 contiki-native.a(tinydtls-crypto)
                0x00000000080543dc                dtls_crypto_init
 .text.dtls_handshake_malloc
                0x00000000080543fc       0x14 contiki-native.a(tinydtls-crypto)
 .text.dtls_handshake_dealloc
                0x0000000008054410       0x1b contiki-native.a(tinydtls-crypto)
 .text.dtls_security_malloc
                0x000000000805442b       0x14 contiki-native.a(tinydtls-crypto)
 .text.dtls_security_dealloc
                0x000000000805443f       0x1b contiki-native.a(tinydtls-crypto)
 .text.dtls_handshake_new
                0x000000000805445a       0x5b contiki-native.a(tinydtls-crypto)
                0x000000000805445a                dtls_handshake_new
 .text.dtls_handshake_free
                0x00000000080544b5       0x29 contiki-native.a(tinydtls-crypto)
                0x00000000080544b5                dtls_handshake_free
 .text.dtls_security_new
                0x00000000080544de       0x60 contiki-native.a(tinydtls-crypto)
                0x00000000080544de                dtls_security_new
 .text.dtls_security_free
                0x000000000805453e       0x1b contiki-native.a(tinydtls-crypto)
                0x000000000805453e                dtls_security_free
 .text.dtls_p_hash
                0x0000000008054559      0x2fa contiki-native.a(tinydtls-crypto)
                0x0000000008054559                dtls_p_hash
 .text.dtls_prf
                0x0000000008054853       0x74 contiki-native.a(tinydtls-crypto)
                0x0000000008054853                dtls_prf
 .text.dtls_mac
                0x00000000080548c7       0xb3 contiki-native.a(tinydtls-crypto)
                0x00000000080548c7                dtls_mac
 .text.dtls_ccm_encrypt
                0x000000000805497a       0x66 contiki-native.a(tinydtls-crypto)
 .text.dtls_ccm_decrypt
                0x00000000080549e0       0x66 contiki-native.a(tinydtls-crypto)
 .text.dtls_psk_pre_master_secret
                0x0000000008054a46       0x9a contiki-native.a(tinydtls-crypto)
                0x0000000008054a46                dtls_psk_pre_master_secret
 .text.dtls_encrypt
                0x0000000008054ae0       0xa6 contiki-native.a(tinydtls-crypto)
                0x0000000008054ae0                dtls_encrypt
 .text.dtls_decrypt
                0x0000000008054b86       0xa6 contiki-native.a(tinydtls-crypto)
                0x0000000008054b86                dtls_decrypt
 .text.dtls_hash_init
                0x0000000008054c2c       0x13 contiki-native.a(hmac.o)
 .text.dtls_hash_update
                0x0000000008054c3f       0x21 contiki-native.a(hmac.o)
 .text.dtls_hash_finalize
                0x0000000008054c60       0x1f contiki-native.a(hmac.o)
 .text.dtls_hmac_context_new
                0x0000000008054c7f       0x14 contiki-native.a(hmac.o)
 .text.dtls_hmac_context_free
                0x0000000008054c93       0x1b contiki-native.a(hmac.o)
 .text.dtls_hmac_storage_init
                0x0000000008054cae       0x14 contiki-native.a(hmac.o)
                0x0000000008054cae                dtls_hmac_storage_init
 .text.dtls_hmac_update
                0x0000000008054cc2       0x3e contiki-native.a(hmac.o)
                0x0000000008054cc2                dtls_hmac_update
 .text.dtls_hmac_new
                0x0000000008054d00       0x32 contiki-native.a(hmac.o)
                0x0000000008054d00                dtls_hmac_new
 .text.dtls_hmac_init
                0x0000000008054d32      0x11b contiki-native.a(hmac.o)
                0x0000000008054d32                dtls_hmac_init
 .text.dtls_hmac_free
                0x0000000008054e4d       0x19 contiki-native.a(hmac.o)
                0x0000000008054e4d                dtls_hmac_free
 .text.dtls_hmac_finalize
                0x0000000008054e66       0xde contiki-native.a(hmac.o)
                0x0000000008054e66                dtls_hmac_finalize
 .text.netq_malloc_node
                0x0000000008054f44       0x14 contiki-native.a(netq.o)
 .text.netq_free_node
                0x0000000008054f58       0x1b contiki-native.a(netq.o)
 .text.netq_init
                0x0000000008054f73       0x14 contiki-native.a(netq.o)
                0x0000000008054f73                netq_init
 .text.netq_insert_node
                0x0000000008054f87       0xb7 contiki-native.a(netq.o)
                0x0000000008054f87                netq_insert_node
 .text.netq_head
                0x000000000805503e       0x20 contiki-native.a(netq.o)
                0x000000000805503e                netq_head
 .text.netq_next
                0x000000000805505e       0x20 contiki-native.a(netq.o)
                0x000000000805505e                netq_next
 .text.netq_remove
                0x000000000805507e       0x28 contiki-native.a(netq.o)
                0x000000000805507e                netq_remove
 .text.netq_pop_first
                0x00000000080550a6       0x20 contiki-native.a(netq.o)
                0x00000000080550a6                netq_pop_first
 .text.netq_node_new
                0x00000000080550c6       0x4c contiki-native.a(netq.o)
                0x00000000080550c6                netq_node_new
 .text.netq_node_free
                0x0000000008055112       0x19 contiki-native.a(netq.o)
                0x0000000008055112                netq_node_free
 .text.netq_delete_all
                0x000000000805512b       0x2f contiki-native.a(netq.o)
                0x000000000805512b                netq_delete_all
 .text.dtls_clock_init
                0x000000000805515a       0x12 contiki-native.a(dtls_time.o)
                0x000000000805515a                dtls_clock_init
 .text.dtls_ticks
                0x000000000805516c       0x12 contiki-native.a(dtls_time.o)
                0x000000000805516c                dtls_ticks
 .text.peer_init
                0x000000000805517e       0x14 contiki-native.a(peer.o)
                0x000000000805517e                peer_init
 .text.dtls_malloc_peer
                0x0000000008055192       0x14 contiki-native.a(peer.o)
 .text.dtls_free_peer
                0x00000000080551a6       0x45 contiki-native.a(peer.o)
                0x00000000080551a6                dtls_free_peer
 .text.dtls_new_peer
                0x00000000080551eb       0x93 contiki-native.a(peer.o)
                0x00000000080551eb                dtls_new_peer
 .text.dtls_session_init
                0x000000000805527e       0x43 contiki-native.a(session.o)
                0x000000000805527e                dtls_session_init
 .text.dtls_session_equals
                0x00000000080552c1       0x9f contiki-native.a(session.o)
                0x00000000080552c1                dtls_session_equals
 .text.rijndaelKeySetupEnc
                0x0000000008055360      0x610 contiki-native.a(rijndael.o)
                0x0000000008055360                rijndaelKeySetupEnc
 .text.rijndaelEncrypt
                0x0000000008055970      0x613 contiki-native.a(rijndael.o)
                0x0000000008055970                rijndaelEncrypt
 .text.rijndael_set_key_enc_only
                0x0000000008055f83       0x41 contiki-native.a(rijndael.o)
                0x0000000008055f83                rijndael_set_key_enc_only
 .text.rijndael_encrypt
                0x0000000008055fc4       0x2d contiki-native.a(rijndael.o)
                0x0000000008055fc4                rijndael_encrypt
 .text.memxor   0x0000000008055ff1       0x2f contiki-native.a(tinydtls-ccm.o)
 .text.equals   0x0000000008056020       0x44 contiki-native.a(tinydtls-ccm.o)
 .text.dtls_int_to_uint16
                0x0000000008056064       0x2f contiki-native.a(tinydtls-ccm.o)
 .text.block0   0x0000000008056093       0x82 contiki-native.a(tinydtls-ccm.o)
 .text.add_auth_data
                0x0000000008056115      0x1c0 contiki-native.a(tinydtls-ccm.o)
 .text.encrypt  0x00000000080562d5       0xc3 contiki-native.a(tinydtls-ccm.o)
 .text.mac      0x0000000008056398       0x5d contiki-native.a(tinydtls-ccm.o)
 .text.dtls_ccm_encrypt_message
                0x00000000080563f5      0x298 contiki-native.a(tinydtls-ccm.o)
                0x00000000080563f5                dtls_ccm_encrypt_message
 .text.dtls_ccm_decrypt_message
                0x000000000805668d      0x2b2 contiki-native.a(tinydtls-ccm.o)
                0x000000000805668d                dtls_ccm_decrypt_message
 .text.SHA256_Init
                0x000000000805693f       0x5a contiki-native.a(sha2.o)
                0x000000000805693f                SHA256_Init
 .text.SHA256_Transform
                0x0000000008056999      0x3c3 contiki-native.a(sha2.o)
                0x0000000008056999                SHA256_Transform
 .text.SHA256_Update
                0x0000000008056d5c      0x1b6 contiki-native.a(sha2.o)
                0x0000000008056d5c                SHA256_Update
 .text.SHA256_Final
                0x0000000008056f12      0x2a4 contiki-native.a(sha2.o)
                0x0000000008056f12                SHA256_Final
 .text.SHA256_End
                0x00000000080571b6      0x109 contiki-native.a(sha2.o)
                0x00000000080571b6                SHA256_End
 .text.SHA256_Data
                0x00000000080572bf       0x69 contiki-native.a(sha2.o)
                0x00000000080572bf                SHA256_Data
 .text.dtls_package_name
                0x0000000008057328        0xa contiki-native.a(debug.o)
                0x0000000008057328                dtls_package_name
 .text.dtls_package_version
                0x0000000008057332        0xa contiki-native.a(debug.o)
                0x0000000008057332                dtls_package_version
 .text.dtls_get_log_level
                0x000000000805733c        0xa contiki-native.a(debug.o)
                0x000000000805733c                dtls_get_log_level
 .text.dtls_set_log_level
                0x0000000008057346        0xd contiki-native.a(debug.o)
                0x0000000008057346                dtls_set_log_level
 .text.print_timestamp
                0x0000000008057353        0xa contiki-native.a(debug.o)
 .text.dsrv_print_addr
                0x000000000805735d      0x190 contiki-native.a(debug.o)
 .text.hexdump  0x00000000080574ed       0x8c contiki-native.a(debug.o)
                0x00000000080574ed                hexdump
 .text.dump     0x0000000008057579       0x36 contiki-native.a(debug.o)
                0x0000000008057579                dump
 .text.dtls_dsrv_log_addr
                0x00000000080575af       0x76 contiki-native.a(debug.o)
                0x00000000080575af                dtls_dsrv_log_addr
 .text.dtls_dsrv_hexdump_log
                0x0000000008057625      0x16a contiki-native.a(debug.o)
                0x0000000008057625                dtls_dsrv_hexdump_log
 .text.select_set_callback
                0x000000000805778f       0xa4 contiki-native.a(contiki-main.o)
                0x000000000805778f                select_set_callback
 .text.stdin_set_fd
                0x0000000008057833       0x19 contiki-native.a(contiki-main.o)
 .text.stdin_handle_fd
                0x000000000805784c       0x42 contiki-native.a(contiki-main.o)
 .text.set_rime_addr
                0x000000000805788e       0xb8 contiki-native.a(contiki-main.o)
 .text.main     0x0000000008057946      0x30d contiki-native.a(contiki-main.o)
                0x0000000008057946                main
 .text.log_message
                0x0000000008057c53       0x2b contiki-native.a(contiki-main.o)
                0x0000000008057c53                log_message
 .text.uip_log  0x0000000008057c7e       0x24 contiki-native.a(contiki-main.o)
                0x0000000008057c7e                uip_log
 .text.clock_time
                0x0000000008057ca2       0x43 contiki-native.a(clock.o)
                0x0000000008057ca2                clock_time
 .text.clock_seconds
                0x0000000008057ce5       0x1e contiki-native.a(clock.o)
                0x0000000008057ce5                clock_seconds
 .text.clock_delay
                0x0000000008057d03        0x5 contiki-native.a(clock.o)
                0x0000000008057d03                clock_delay
 .text.button_press
                0x0000000008057d08       0x14 contiki-native.a(button-sensor.o)
                0x0000000008057d08                button_press
 .text.value    0x0000000008057d1c        0xa contiki-native.a(button-sensor.o)
 .text.configure
                0x0000000008057d26        0xa contiki-native.a(button-sensor.o)
 .text.status   0x0000000008057d30        0xa contiki-native.a(button-sensor.o)
 .text.pir_sensor_changed
                0x0000000008057d3a       0x24 contiki-native.a(pir-sensor.o)
                0x0000000008057d3a                pir_sensor_changed
 .text.value    0x0000000008057d5e        0xa contiki-native.a(pir-sensor.o)
 .text.configure
                0x0000000008057d68        0xa contiki-native.a(pir-sensor.o)
 .text.status   0x0000000008057d72        0xa contiki-native.a(pir-sensor.o)
 .text.vib_sensor_changed
                0x0000000008057d7c       0x21 contiki-native.a(vib-sensor.o)
                0x0000000008057d7c                vib_sensor_changed
 .text.value    0x0000000008057d9d        0xa contiki-native.a(vib-sensor.o)
 .text.configure
                0x0000000008057da7        0xa contiki-native.a(vib-sensor.o)
 .text.status   0x0000000008057db1        0xa contiki-native.a(vib-sensor.o)
 .text.get_sensor_index
                0x0000000008057dbb       0x3b contiki-native.a(sensors.o)
 .text.sensors_first
                0x0000000008057df6        0xa contiki-native.a(sensors.o)
                0x0000000008057df6                sensors_first
 .text.sensors_next
                0x0000000008057e00       0x1d contiki-native.a(sensors.o)
                0x0000000008057e00                sensors_next
 .text.sensors_changed
                0x0000000008057e1d       0x2f contiki-native.a(sensors.o)
                0x0000000008057e1d                sensors_changed
 .text.sensors_find
                0x0000000008057e4c       0x6b contiki-native.a(sensors.o)
                0x0000000008057e4c                sensors_find
 .text.process_thread_sensors_process
                0x0000000008057eb7      0x1a5 contiki-native.a(sensors.o)
 .text.cfs_open
                0x000000000805805c       0x8a contiki-native.a(cfs-posix.o)
                0x000000000805805c                cfs_open
 .text.cfs_close
                0x00000000080580e6       0x13 contiki-native.a(cfs-posix.o)
                0x00000000080580e6                cfs_close
 .text.cfs_read
                0x00000000080580f9       0x21 contiki-native.a(cfs-posix.o)
                0x00000000080580f9                cfs_read
 .text.cfs_write
                0x000000000805811a       0x21 contiki-native.a(cfs-posix.o)
                0x000000000805811a                cfs_write
 .text.cfs_seek
                0x000000000805813b       0x55 contiki-native.a(cfs-posix.o)
                0x000000000805813b                cfs_seek
 .text.cfs_remove
                0x0000000008058190       0x13 contiki-native.a(cfs-posix.o)
                0x0000000008058190                cfs_remove
 .text.autostart_start
                0x00000000080581a3       0x4b contiki-native.a(autostart.o)
                0x00000000080581a3                autostart_start
 .text.autostart_exit
                0x00000000080581ee       0x43 contiki-native.a(autostart.o)
                0x00000000080581ee                autostart_exit
 .text.process_thread_ctimer_process
                0x0000000008058231      0x117 contiki-native.a(ctimer.o)
 .text.ctimer_init
                0x0000000008058348       0x30 contiki-native.a(ctimer.o)
                0x0000000008058348                ctimer_init
 .text.ctimer_set
                0x0000000008058378       0x31 contiki-native.a(ctimer.o)
                0x0000000008058378                ctimer_set
 .text.ctimer_set_with_process
                0x00000000080583a9       0x7c contiki-native.a(ctimer.o)
                0x00000000080583a9                ctimer_set_with_process
 .text.ctimer_reset
                0x0000000008058425       0x4f contiki-native.a(ctimer.o)
                0x0000000008058425                ctimer_reset
 .text.ctimer_restart
                0x0000000008058474       0x4f contiki-native.a(ctimer.o)
                0x0000000008058474                ctimer_restart
 .text.ctimer_stop
                0x00000000080584c3       0x4b contiki-native.a(ctimer.o)
                0x00000000080584c3                ctimer_stop
 .text.ctimer_expired
                0x000000000805850e       0x57 contiki-native.a(ctimer.o)
                0x000000000805850e                ctimer_expired
 .text.update_time
                0x0000000008058565       0x8f contiki-native.a(etimer.o)
 .text.process_thread_etimer_process
                0x00000000080585f4      0x184 contiki-native.a(etimer.o)
 .text.etimer_request_poll
                0x0000000008058778       0x14 contiki-native.a(etimer.o)
                0x0000000008058778                etimer_request_poll
 .text.add_timer
                0x000000000805878c       0x70 contiki-native.a(etimer.o)
 .text.etimer_set
                0x00000000080587fc       0x25 contiki-native.a(etimer.o)
                0x00000000080587fc                etimer_set
 .text.etimer_reset_with_new_interval
                0x0000000008058821       0x27 contiki-native.a(etimer.o)
                0x0000000008058821                etimer_reset_with_new_interval
 .text.etimer_reset
                0x0000000008058848       0x1e contiki-native.a(etimer.o)
                0x0000000008058848                etimer_reset
 .text.etimer_restart
                0x0000000008058866       0x1e contiki-native.a(etimer.o)
                0x0000000008058866                etimer_restart
 .text.etimer_adjust
                0x0000000008058884       0x1c contiki-native.a(etimer.o)
                0x0000000008058884                etimer_adjust
 .text.etimer_expired
                0x00000000080588a0       0x13 contiki-native.a(etimer.o)
                0x00000000080588a0                etimer_expired
 .text.etimer_expiration_time
                0x00000000080588b3       0x12 contiki-native.a(etimer.o)
                0x00000000080588b3                etimer_expiration_time
 .text.etimer_start_time
                0x00000000080588c5        0xa contiki-native.a(etimer.o)
                0x00000000080588c5                etimer_start_time
 .text.etimer_pending
                0x00000000080588cf       0x12 contiki-native.a(etimer.o)
                0x00000000080588cf                etimer_pending
 .text.etimer_next_expiration_time
                0x00000000080588e1       0x1a contiki-native.a(etimer.o)
                0x00000000080588e1                etimer_next_expiration_time
 .text.etimer_stop
                0x00000000080588fb       0x75 contiki-native.a(etimer.o)
                0x00000000080588fb                etimer_stop
 .text.process_alloc_event
                0x0000000008058970       0x15 contiki-native.a(process.o)
                0x0000000008058970                process_alloc_event
 .text.process_start
                0x0000000008058985       0x6f contiki-native.a(process.o)
                0x0000000008058985                process_start
 .text.exit_process
                0x00000000080589f4       0xea contiki-native.a(process.o)
 .text.call_process
                0x0000000008058ade       0x90 contiki-native.a(process.o)
 .text.process_exit
                0x0000000008058b6e       0x1c contiki-native.a(process.o)
                0x0000000008058b6e                process_exit
 .text.process_init
                0x0000000008058b8a       0x33 contiki-native.a(process.o)
                0x0000000008058b8a                process_init
 .text.do_poll  0x0000000008058bbd       0x5b contiki-native.a(process.o)
 .text.do_event
                0x0000000008058c18      0x114 contiki-native.a(process.o)
 .text.process_run
                0x0000000008058d2c       0x33 contiki-native.a(process.o)
                0x0000000008058d2c                process_run
 .text.process_nevents
                0x0000000008058d5f       0x1b contiki-native.a(process.o)
                0x0000000008058d5f                process_nevents
 .text.process_post
                0x0000000008058d7a       0x95 contiki-native.a(process.o)
                0x0000000008058d7a                process_post
 .text.process_post_synch
                0x0000000008058e0f       0x38 contiki-native.a(process.o)
                0x0000000008058e0f                process_post_synch
 .text.process_poll
                0x0000000008058e47       0x2f contiki-native.a(process.o)
                0x0000000008058e47                process_poll
 .text.process_is_running
                0x0000000008058e76       0x14 contiki-native.a(process.o)
                0x0000000008058e76                process_is_running
 .text.rtimer_init
                0x0000000008058e8a        0xd contiki-native.a(rtimer.o)
                0x0000000008058e8a                rtimer_init
 .text.rtimer_set
                0x0000000008058e97       0x68 contiki-native.a(rtimer.o)
                0x0000000008058e97                rtimer_set
 .text.rtimer_run_next
                0x0000000008058eff       0x5a contiki-native.a(rtimer.o)
                0x0000000008058eff                rtimer_run_next
 .text.timer_set
                0x0000000008058f59       0x1b contiki-native.a(timer.o)
                0x0000000008058f59                timer_set
 .text.timer_reset
                0x0000000008058f74       0x17 contiki-native.a(timer.o)
                0x0000000008058f74                timer_reset
 .text.timer_restart
                0x0000000008058f8b       0x12 contiki-native.a(timer.o)
                0x0000000008058f8b                timer_restart
 .text.timer_expired
                0x0000000008058f9d       0x29 contiki-native.a(timer.o)
                0x0000000008058f9d                timer_expired
 .text.timer_remaining
                0x0000000008058fc6       0x24 contiki-native.a(timer.o)
                0x0000000008058fc6                timer_remaining
 .text.serial_line_input_byte
                0x0000000008058fea       0x7d contiki-native.a(serial-line.o)
                0x0000000008058fea                serial_line_input_byte
 .text.process_thread_serial_line_process
                0x0000000008059067      0x146 contiki-native.a(serial-line.o)
 .text.serial_line_init
                0x00000000080591ad       0x38 contiki-native.a(serial-line.o)
                0x00000000080591ad                serial_line_init
 .text._xassert
                0x00000000080591e5       0x22 contiki-native.a(assert.o)
                0x00000000080591e5                _xassert
 .text.list_init
                0x0000000008059207        0xe contiki-native.a(list.o)
                0x0000000008059207                list_init
 .text.list_head
                0x0000000008059215        0xa contiki-native.a(list.o)
                0x0000000008059215                list_head
 .text.list_copy
                0x000000000805921f        0xf contiki-native.a(list.o)
                0x000000000805921f                list_copy
 .text.list_tail
                0x000000000805922e       0x36 contiki-native.a(list.o)
                0x000000000805922e                list_tail
 .text.list_add
                0x0000000008059264       0x49 contiki-native.a(list.o)
                0x0000000008059264                list_add
 .text.list_push
                0x00000000080592ad       0x2c contiki-native.a(list.o)
                0x00000000080592ad                list_push
 .text.list_chop
                0x00000000080592d9       0x6a contiki-native.a(list.o)
                0x00000000080592d9                list_chop
 .text.list_pop
                0x0000000008059343       0x28 contiki-native.a(list.o)
                0x0000000008059343                list_pop
 .text.list_remove
                0x000000000805936b       0x67 contiki-native.a(list.o)
                0x000000000805936b                list_remove
 .text.list_length
                0x00000000080593d2       0x2e contiki-native.a(list.o)
                0x00000000080593d2                list_length
 .text.list_insert
                0x0000000008059400       0x34 contiki-native.a(list.o)
                0x0000000008059400                list_insert
 .text.list_item_next
                0x0000000008059434       0x17 contiki-native.a(list.o)
                0x0000000008059434                list_item_next
 .text.memb_init
                0x000000000805944b       0x5e contiki-native.a(memb.o)
                0x000000000805944b                memb_init
 .text.memb_alloc
                0x00000000080594a9       0x65 contiki-native.a(memb.o)
                0x00000000080594a9                memb_alloc
 .text.memb_free
                0x000000000805950e       0x7b contiki-native.a(memb.o)
                0x000000000805950e                memb_free
 .text.memb_inmemb
                0x0000000008059589       0x3f contiki-native.a(memb.o)
                0x0000000008059589                memb_inmemb
 .text.memb_numfree
                0x00000000080595c8       0x44 contiki-native.a(memb.o)
                0x00000000080595c8                memb_numfree
 .text.random_init
                0x000000000805960c       0x1b contiki-native.a(random.o)
                0x000000000805960c                random_init
 .text.random_rand
                0x0000000008059627        0xd contiki-native.a(random.o)
                0x0000000008059627                random_rand
 .text.ringbuf_init
                0x0000000008059634       0x31 contiki-native.a(ringbuf.o)