Archive member included to satisfy reference by file (symbol)

/usr/lib/gcc/arm-none-eabi/6.3.1/thumb/v7-m/libgcc.a(_aeabi_uldivmod.o)
                              obj_openmote-cc2538/spi.o (__aeabi_uldivmod)
/usr/lib/gcc/arm-none-eabi/6.3.1/thumb/v7-m/libgcc.a(_udivmoddi4.o)
                              /usr/lib/gcc/arm-none-eabi/6.3.1/thumb/v7-m/libgcc.a(_aeabi_uldivmod.o) (__udivmoddi4)
/usr/lib/gcc/arm-none-eabi/6.3.1/thumb/v7-m/libgcc.a(_dvmd_tls.o)
                              /usr/lib/gcc/arm-none-eabi/6.3.1/thumb/v7-m/libgcc.a(_aeabi_uldivmod.o) (__aeabi_ldiv0)
/usr/lib/gcc/arm-none-eabi/6.3.1/../../../arm-none-eabi/lib/thumb/v7-m/libc.a(lib_a-ctype_.o)
                              obj_openmote-cc2538/resolv.o (__ctype_ptr__)
/usr/lib/gcc/arm-none-eabi/6.3.1/../../../arm-none-eabi/lib/thumb/v7-m/libc.a(lib_a-malloc.o)
                              udp-server.co (malloc)
/usr/lib/gcc/arm-none-eabi/6.3.1/../../../arm-none-eabi/lib/thumb/v7-m/libc.a(lib_a-mallocr.o)
                              /usr/lib/gcc/arm-none-eabi/6.3.1/../../../arm-none-eabi/lib/thumb/v7-m/libc.a(lib_a-malloc.o) (_malloc_r)
/usr/lib/gcc/arm-none-eabi/6.3.1/../../../arm-none-eabi/lib/thumb/v7-m/libc.a(lib_a-memcmp.o)
                              obj_openmote-cc2538/dtls.o (memcmp)
/usr/lib/gcc/arm-none-eabi/6.3.1/../../../arm-none-eabi/lib/thumb/v7-m/libc.a(lib_a-memcpy.o)
                              obj_openmote-cc2538/dtls.o (memcpy)
/usr/lib/gcc/arm-none-eabi/6.3.1/../../../arm-none-eabi/lib/thumb/v7-m/libc.a(lib_a-memmove.o)
                              obj_openmote-cc2538/tinydtls-crypto.o (memmove)
/usr/lib/gcc/arm-none-eabi/6.3.1/../../../arm-none-eabi/lib/thumb/v7-m/libc.a(lib_a-memset.o)
                              obj_openmote-cc2538/dtls.o (memset)
/usr/lib/gcc/arm-none-eabi/6.3.1/../../../arm-none-eabi/lib/thumb/v7-m/libc.a(lib_a-mlock.o)
                              /usr/lib/gcc/arm-none-eabi/6.3.1/../../../arm-none-eabi/lib/thumb/v7-m/libc.a(lib_a-mallocr.o) (__malloc_lock)
/usr/lib/gcc/arm-none-eabi/6.3.1/../../../arm-none-eabi/lib/thumb/v7-m/libc.a(lib_a-reent.o)
                              obj_openmote-cc2538/syscalls.o (errno)
/usr/lib/gcc/arm-none-eabi/6.3.1/../../../arm-none-eabi/lib/thumb/v7-m/libc.a(lib_a-sbrkr.o)
                              /usr/lib/gcc/arm-none-eabi/6.3.1/../../../arm-none-eabi/lib/thumb/v7-m/libc.a(lib_a-mallocr.o) (_sbrk_r)
/usr/lib/gcc/arm-none-eabi/6.3.1/../../../arm-none-eabi/lib/thumb/v7-m/libc.a(lib_a-strcasecmp.o)
                              obj_openmote-cc2538/resolv.o (strcasecmp)
/usr/lib/gcc/arm-none-eabi/6.3.1/../../../arm-none-eabi/lib/thumb/v7-m/libc.a(lib_a-strcmp.o)
                              obj_openmote-cc2538/cfs-coffee.o (strcmp)
/usr/lib/gcc/arm-none-eabi/6.3.1/../../../arm-none-eabi/lib/thumb/v7-m/libc.a(lib_a-strlen-stub.o)
                              obj_openmote-cc2538/sensors.o (strlen)
/usr/lib/gcc/arm-none-eabi/6.3.1/../../../arm-none-eabi/lib/thumb/v7-m/libc.a(lib_a-strncasecmp.o)
                              obj_openmote-cc2538/resolv.o (strncasecmp)
/usr/lib/gcc/arm-none-eabi/6.3.1/../../../arm-none-eabi/lib/thumb/v7-m/libc.a(lib_a-strncat.o)
                              obj_openmote-cc2538/resolv.o (strncat)
/usr/lib/gcc/arm-none-eabi/6.3.1/../../../arm-none-eabi/lib/thumb/v7-m/libc.a(lib_a-strncmp.o)
                              obj_openmote-cc2538/sensors.o (strncmp)
/usr/lib/gcc/arm-none-eabi/6.3.1/../../../arm-none-eabi/lib/thumb/v7-m/libc.a(lib_a-strncpy.o)
                              obj_openmote-cc2538/cfs-coffee.o (strncpy)
/usr/lib/gcc/arm-none-eabi/6.3.1/../../../arm-none-eabi/lib/thumb/v7-m/libc.a(lib_a-freer.o)
                              /usr/lib/gcc/arm-none-eabi/6.3.1/../../../arm-none-eabi/lib/thumb/v7-m/libc.a(lib_a-malloc.o) (_free_r)
/usr/lib/gcc/arm-none-eabi/6.3.1/../../../arm-none-eabi/lib/thumb/v7-m/libc.a(lib_a-impure.o)
                              /usr/lib/gcc/arm-none-eabi/6.3.1/../../../arm-none-eabi/lib/thumb/v7-m/libc.a(lib_a-malloc.o) (_impure_ptr)

Allocating common symbols
Common symbol       size              file

compower_idle_activity
                    0x8               obj_openmote-cc2538/compower.o
uip_ds6_timer_ra    0x8               obj_openmote-cc2538/uip-ds6.o
usb_setup_buffer    0x8               obj_openmote-cc2538/usb-core.o
uip_ds6_if          0xf8              obj_openmote-cc2538/uip-ds6.o
resolv_event_found  0x1               obj_openmote-cc2538/resolv.o
uip_ds6_netif_addr_list_offset
                    0x1               obj_openmote-cc2538/uip-ds6.o
uip_len             0x2               obj_openmote-cc2538/uip6.o
errno               0x4               /usr/lib/gcc/arm-none-eabi/6.3.1/../../../arm-none-eabi/lib/thumb/v7-m/libc.a(lib_a-reent.o)
slip_active         0x1               obj_openmote-cc2538/slip.o
uip_ds6_addr_size   0x1               obj_openmote-cc2538/uip-ds6.o
uip_sappdata        0x4               obj_openmote-cc2538/uip6.o
[...]
Memory Configuration

Name             Origin             Length             Attributes
FLASH_FW         0x0000000000202000 0x000000000007dfd4 xr
FLASH_CCA        0x000000000027ffd4 0x000000000000002c xr
NRSRAM           0x0000000020000000 0x0000000000000000 xrw
FRSRAM           0x0000000020000000 0x0000000000008000 xrw
*default*        0x0000000000000000 0xffffffffffffffff

Linker script and memory map

LOAD obj_openmote-cc2538/startup-gcc.o
LOAD obj_openmote-cc2538/dtls.o
LOAD obj_openmote-cc2538/tinydtls-crypto.o
LOAD obj_openmote-cc2538/hmac.o
LOAD obj_openmote-cc2538/netq.o
LOAD obj_openmote-cc2538/dtls_time.o
LOAD obj_openmote-cc2538/peer.o
LOAD obj_openmote-cc2538/session.o
LOAD obj_openmote-cc2538/rijndael.o
LOAD obj_openmote-cc2538/tinydtls-ccm.o
LOAD obj_openmote-cc2538/sha2.o
LOAD obj_openmote-cc2538/debug.o
LOAD obj_openmote-cc2538/contiki-main.o
LOAD obj_openmote-cc2538/board.o
LOAD obj_openmote-cc2538/leds-arch.o
LOAD obj_openmote-cc2538/button-sensor.o
LOAD obj_openmote-cc2538/openmote-sensors.o
LOAD obj_openmote-cc2538/antenna.o
LOAD obj_openmote-cc2538/adxl346.o
LOAD obj_openmote-cc2538/max44009.o
LOAD obj_openmote-cc2538/sht21.o
LOAD obj_openmote-cc2538/tps62730.o
LOAD obj_openmote-cc2538/soc.o
LOAD obj_openmote-cc2538/clock.o
LOAD obj_openmote-cc2538/rtimer-arch.o
LOAD obj_openmote-cc2538/uart.o
LOAD obj_openmote-cc2538/watchdog.o
LOAD obj_openmote-cc2538/nvic.o
LOAD obj_openmote-cc2538/sys-ctrl.o
LOAD obj_openmote-cc2538/gpio.o
LOAD obj_openmote-cc2538/ioc.o
LOAD obj_openmote-cc2538/spi.o
LOAD obj_openmote-cc2538/adc.o
LOAD obj_openmote-cc2538/crypto.o
LOAD obj_openmote-cc2538/aes.o
LOAD obj_openmote-cc2538/ecb.o
LOAD obj_openmote-cc2538/cbc.o
LOAD obj_openmote-cc2538/ctr.o
LOAD obj_openmote-cc2538/cbc-mac.o
LOAD obj_openmote-cc2538/gcm.o
LOAD obj_openmote-cc2538/ccm.o
LOAD obj_openmote-cc2538/sha256.o
LOAD obj_openmote-cc2538/cc2538-aes-128.o
LOAD obj_openmote-cc2538/cc2538-ccm-star.o
LOAD obj_openmote-cc2538/cc2538-rf.o
LOAD obj_openmote-cc2538/udma.o
LOAD obj_openmote-cc2538/lpm.o
LOAD obj_openmote-cc2538/pka.o
LOAD obj_openmote-cc2538/bignum-driver.o
LOAD obj_openmote-cc2538/ecc-driver.o
LOAD obj_openmote-cc2538/ecc-algorithm.o
LOAD obj_openmote-cc2538/ecc-curve.o
LOAD obj_openmote-cc2538/dbg.o
LOAD obj_openmote-cc2538/ieee-addr.o
LOAD obj_openmote-cc2538/slip-arch.o
LOAD obj_openmote-cc2538/slip.o
LOAD obj_openmote-cc2538/i2c.o
LOAD obj_openmote-cc2538/cc2538-temp-sensor.o
LOAD obj_openmote-cc2538/vdd3-sensor.o
LOAD obj_openmote-cc2538/cfs-coffee.o
LOAD obj_openmote-cc2538/cfs-coffee-arch.o
LOAD obj_openmote-cc2538/pwm.o
LOAD obj_openmote-cc2538/dbg-printf.o
LOAD obj_openmote-cc2538/dbg-snprintf.o
LOAD obj_openmote-cc2538/dbg-sprintf.o
LOAD obj_openmote-cc2538/strformat.o
LOAD obj_openmote-cc2538/usb-core.o
LOAD obj_openmote-cc2538/cdc-acm.o
LOAD obj_openmote-cc2538/usb-arch.o
LOAD obj_openmote-cc2538/usb-serial.o
LOAD obj_openmote-cc2538/cdc-acm-descriptors.o
LOAD obj_openmote-cc2538/uip-mcast6-stats.o
LOAD obj_openmote-cc2538/esmrf.o
LOAD obj_openmote-cc2538/roll-tm.o
LOAD obj_openmote-cc2538/smrf.o
LOAD obj_openmote-cc2538/uip-mcast6-route.o
LOAD obj_openmote-cc2538/autostart.o
LOAD obj_openmote-cc2538/stimer.o
LOAD obj_openmote-cc2538/arg.o
LOAD obj_openmote-cc2538/energest.o
LOAD obj_openmote-cc2538/etimer.o
LOAD obj_openmote-cc2538/ctimer.o
LOAD obj_openmote-cc2538/compower.o
LOAD obj_openmote-cc2538/process.o
LOAD obj_openmote-cc2538/rtimer.o
LOAD obj_openmote-cc2538/mt.o
LOAD obj_openmote-cc2538/procinit.o
LOAD obj_openmote-cc2538/timer.o
LOAD obj_openmote-cc2538/serial-line.o
LOAD obj_openmote-cc2538/leds.o
LOAD obj_openmote-cc2538/nullradio.o
LOAD obj_openmote-cc2538/settings.o
LOAD obj_openmote-cc2538/crc16.o
LOAD obj_openmote-cc2538/mmem.o
LOAD obj_openmote-cc2538/sensors.o
LOAD obj_openmote-cc2538/ifft.o
LOAD obj_openmote-cc2538/me_tabs.o
LOAD obj_openmote-cc2538/ccm-star.o
LOAD obj_openmote-cc2538/ringbufindex.o
LOAD obj_openmote-cc2538/list.o
LOAD obj_openmote-cc2538/gcr.o
LOAD obj_openmote-cc2538/aes-128.o
LOAD obj_openmote-cc2538/trickle-timer.o
LOAD obj_openmote-cc2538/print-stats.o
LOAD obj_openmote-cc2538/memb.o
LOAD obj_openmote-cc2538/me.o
LOAD obj_openmote-cc2538/petsciiconv.o
LOAD obj_openmote-cc2538/random.o
LOAD obj_openmote-cc2538/assert.o
LOAD obj_openmote-cc2538/ringbuf.o
LOAD obj_openmote-cc2538/websocket.o
LOAD obj_openmote-cc2538/uip-icmp6.o
LOAD obj_openmote-cc2538/uip-ds6.o
LOAD obj_openmote-cc2538/uip-ds6-route.o
LOAD obj_openmote-cc2538/uip6.o
LOAD obj_openmote-cc2538/uip-ds6-nbr.o
LOAD obj_openmote-cc2538/uip-nd6.o
LOAD obj_openmote-cc2538/websocket-http-client.o
LOAD obj_openmote-cc2538/sicslowpan.o
LOAD obj_openmote-cc2538/slipdev.o
LOAD obj_openmote-cc2538/dhcpc.o
LOAD obj_openmote-cc2538/uip-packetqueue.o
LOAD obj_openmote-cc2538/tcp-socket.o
LOAD obj_openmote-cc2538/uiplib.o
LOAD obj_openmote-cc2538/ip64-addr.o
LOAD obj_openmote-cc2538/uip-udp-packet.o
LOAD obj_openmote-cc2538/psock.o
LOAD obj_openmote-cc2538/tcpip.o
LOAD obj_openmote-cc2538/resolv.o
LOAD obj_openmote-cc2538/uip-nameserver.o
LOAD obj_openmote-cc2538/uip-split.o
LOAD obj_openmote-cc2538/udp-socket.o
LOAD obj_openmote-cc2538/simple-udp.o
LOAD obj_openmote-cc2538/uip-debug.o
LOAD obj_openmote-cc2538/rpl-nbr-policy.o
LOAD obj_openmote-cc2538/rpl-of0.o
LOAD obj_openmote-cc2538/rpl-timers.o
LOAD obj_openmote-cc2538/rpl-ext-header.o
LOAD obj_openmote-cc2538/rpl.o
LOAD obj_openmote-cc2538/rpl-mrhof.o
LOAD obj_openmote-cc2538/rpl-ns.o
LOAD obj_openmote-cc2538/rpl-icmp6.o
LOAD obj_openmote-cc2538/rpl-dag.o
LOAD obj_openmote-cc2538/rpl-dag-root.o
LOAD obj_openmote-cc2538/syscalls.o
LOAD obj_openmote-cc2538/mtarch.o
LOAD obj_openmote-cc2538/queuebuf.o
LOAD obj_openmote-cc2538/nbr-table.o
LOAD obj_openmote-cc2538/packetbuf.o
LOAD obj_openmote-cc2538/netstack.o
LOAD obj_openmote-cc2538/linkaddr.o
LOAD obj_openmote-cc2538/net-debug.o
LOAD obj_openmote-cc2538/link-stats.o
LOAD obj_openmote-cc2538/nullmac.o
LOAD obj_openmote-cc2538/nullrdc-noframer.o
LOAD obj_openmote-cc2538/nordc.o
LOAD obj_openmote-cc2538/frame802154e-ie.o
LOAD obj_openmote-cc2538/mac-sequence.o
LOAD obj_openmote-cc2538/framer-802154.o
LOAD obj_openmote-cc2538/csma.o
LOAD obj_openmote-cc2538/frame802154.o
LOAD obj_openmote-cc2538/framer-nullmac.o
LOAD obj_openmote-cc2538/mac.o
LOAD obj_openmote-cc2538/phase.o
LOAD obj_openmote-cc2538/nullrdc.o
LOAD obj_openmote-cc2538/contikimac.o
LOAD obj_openmote-cc2538/contikimac-framer.o
LOAD obj_openmote-cc2538/nullsec.o
LOAD obj_openmote-cc2538/anti-replay.o
LOAD obj_openmote-cc2538/ccm-star-packetbuf.o
LOAD obj_openmote-cc2538/noncoresec.o
LOAD udp-server.co
START GROUP
LOAD /usr/lib/gcc/arm-none-eabi/6.3.1/thumb/v7-m/libgcc.a
LOAD /usr/lib/gcc/arm-none-eabi/6.3.1/../../../arm-none-eabi/lib/thumb/v7-m/libc.a
END GROUP

.text           0x0000000000202000    0x124c0
                0x0000000000202000                _text = .
 *(SORT(.vectors))
 .vectors       0x0000000000202000      0x28c obj_openmote-cc2538/startup-gcc.o
                0x0000000000202000                vectors
 *(SORT(.text*))
 .text.reset_handler
                0x000000000020228c       0x40 obj_openmote-cc2538/startup-gcc.o
                0x000000000020228c                reset_handler
 .text.dtls_debug_keyblock
                0x00000000002022cc       0x80 obj_openmote-cc2538/dtls.o
 .text.clear_hs_hash
                0x000000000020234c       0x2c obj_openmote-cc2538/dtls.o
 .text.dtls_check_tls_extension.isra.8
                0x0000000000202378       0x7c obj_openmote-cc2538/dtls.o
 .text.dtls_prepare_record.isra.12
                0x00000000002023f4      0x214 obj_openmote-cc2538/dtls.o
 .text.dtls_send_multi
                0x0000000000202608      0x188 obj_openmote-cc2538/dtls.o
 .text.update_hs_hash.isra.17
                0x0000000000202790       0x30 obj_openmote-cc2538/dtls.o
 .text.calculate_key_block.isra.20
                0x00000000002027c0      0x1dc obj_openmote-cc2538/dtls.o
 .text.dtls_send_handshake_msg_hash
                0x000000000020299c       0xf4 obj_openmote-cc2538/dtls.o
 .text.dtls_send_client_hello
                0x0000000000202a90      0x11c obj_openmote-cc2538/dtls.o
 .text.dtls_verify_peer
                0x0000000000202bac      0x1a4 obj_openmote-cc2538/dtls.o
 .text.dtls_send_finished.constprop.27
                0x0000000000202d50       0x78 obj_openmote-cc2538/dtls.o
 .text.handle_handshake_msg
                0x0000000000202dc8      0xac0 obj_openmote-cc2538/dtls.o
 .text.dtls_retransmit.part.13
                0x0000000000203888      0x13c obj_openmote-cc2538/dtls.o
 .text.dtls_retransmit
                0x00000000002039c4       0x2c obj_openmote-cc2538/dtls.o
 .text.dtls_close
                0x00000000002039f0       0x54 obj_openmote-cc2538/dtls.o
                0x00000000002039f0                dtls_close
 .text.dtls_destroy_peer
                0x0000000000203a44       0x38 obj_openmote-cc2538/dtls.o
 .text.process_thread_dtls_retransmit_process
                0x0000000000203a7c       0xd8 obj_openmote-cc2538/dtls.o
 .text.dtls_renegotiate
                0x0000000000203b54       0x80 obj_openmote-cc2538/dtls.o
                0x0000000000203b54                dtls_renegotiate
 .text.dtls_handle_message
                0x0000000000203bd4      0x6ec obj_openmote-cc2538/dtls.o
                0x0000000000203bd4                dtls_handle_message
 .text.dtls_new_context
                0x00000000002042c0       0x88 obj_openmote-cc2538/dtls.o
                0x00000000002042c0                dtls_new_context
 .text.dtls_connect_peer
                0x0000000000204348       0x9c obj_openmote-cc2538/dtls.o
                0x0000000000204348                dtls_connect_peer
 .text.dtls_connect
                0x00000000002043e4       0x74 obj_openmote-cc2538/dtls.o
                0x00000000002043e4                dtls_connect
 .text.dtls_encrypt_data
                0x0000000000204458      0x1c8 obj_openmote-cc2538/dtls.o
                0x0000000000204458                dtls_encrypt_data
 .text.create_virtual_peer
                0x0000000000204620       0x88 obj_openmote-cc2538/dtls.o
                0x0000000000204620                create_virtual_peer
 .text.calculate_key_block_self
                0x00000000002046a8      0x1f0 obj_openmote-cc2538/dtls.o
                0x00000000002046a8                calculate_key_block_self
 .text.dtls_crypto_init
                0x0000000000204898       0x20 obj_openmote-cc2538/tinydtls-crypto.o
                0x0000000000204898                dtls_crypto_init
 .text.dtls_handshake_new
                0x00000000002048b8       0x3c obj_openmote-cc2538/tinydtls-crypto.o
                0x00000000002048b8                dtls_handshake_new
 .text.dtls_handshake_free
                0x00000000002048f4       0x20 obj_openmote-cc2538/tinydtls-crypto.o
                0x00000000002048f4                dtls_handshake_free
 .text.dtls_security_new
                0x0000000000204914       0x30 obj_openmote-cc2538/tinydtls-crypto.o
                0x0000000000204914                dtls_security_new
 .text.dtls_security_free
                0x0000000000204944       0x10 obj_openmote-cc2538/tinydtls-crypto.o
                0x0000000000204944                dtls_security_free
 .text.dtls_prf_custom
                0x0000000000204954       0x68 obj_openmote-cc2538/tinydtls-crypto.o
                0x0000000000204954                dtls_prf_custom
 .text.dtls_encrypt
                0x00000000002049bc       0xb4 obj_openmote-cc2538/tinydtls-crypto.o
                0x00000000002049bc                dtls_encrypt
 .text.dtls_decrypt
                0x0000000000204a70       0xb4 obj_openmote-cc2538/tinydtls-crypto.o
                0x0000000000204a70                dtls_decrypt
 .text.dtls_hmac_update
                0x0000000000204b24       0x28 obj_openmote-cc2538/hmac.o
                0x0000000000204b24                dtls_hmac_update
 .text.dtls_hmac_init
                0x0000000000204b4c       0x84 obj_openmote-cc2538/hmac.o
                0x0000000000204b4c                dtls_hmac_init
 .text.dtls_hmac_new
                0x0000000000204bd0       0x20 obj_openmote-cc2538/hmac.o
                0x0000000000204bd0                dtls_hmac_new
 .text.dtls_hmac_free
                0x0000000000204bf0       0x10 obj_openmote-cc2538/hmac.o
                0x0000000000204bf0                dtls_hmac_free
 .text.dtls_hmac_finalize
                0x0000000000204c00       0x54 obj_openmote-cc2538/hmac.o
                0x0000000000204c00                dtls_hmac_finalize
 .text.netq_init
                0x0000000000204c54        0xc obj_openmote-cc2538/netq.o
                0x0000000000204c54                netq_init
 .text.netq_insert_node
                0x0000000000204c60       0x58 obj_openmote-cc2538/netq.o
                0x0000000000204c60                netq_insert_node
 .text.netq_node_new
                0x0000000000204cb8       0x2c obj_openmote-cc2538/netq.o
                0x0000000000204cb8                netq_node_new
 .text.netq_node_free
                0x0000000000204ce4       0x10 obj_openmote-cc2538/netq.o
                0x0000000000204ce4                netq_node_free
 .text.netq_delete_all
                0x0000000000204cf4       0x24 obj_openmote-cc2538/netq.o
                0x0000000000204cf4                netq_delete_all
 .text.dtls_clock_init
                0x0000000000204d18       0x10 obj_openmote-cc2538/dtls_time.o
                0x0000000000204d18                dtls_clock_init
 .text.peer_init
                0x0000000000204d28        0xc obj_openmote-cc2538/peer.o
                0x0000000000204d28                peer_init
 .text.dtls_free_peer
                0x0000000000204d34       0x28 obj_openmote-cc2538/peer.o
                0x0000000000204d34                dtls_free_peer
 .text.dtls_new_peer
                0x0000000000204d5c       0x54 obj_openmote-cc2538/peer.o
                0x0000000000204d5c                dtls_new_peer
 .text.dtls_session_equals
                0x0000000000204db0       0x4c obj_openmote-cc2538/session.o
                0x0000000000204db0                dtls_session_equals
 .text.SHA256_Init
                0x0000000000204dfc       0x3c obj_openmote-cc2538/sha2.o
                0x0000000000204dfc                SHA256_Init
 .text.SHA256_Transform
                0x0000000000204e38      0x194 obj_openmote-cc2538/sha2.o
                0x0000000000204e38                SHA256_Transform
 .text.SHA256_Update
                0x0000000000204fcc       0xb0 obj_openmote-cc2538/sha2.o
                0x0000000000204fcc                SHA256_Update
 .text.SHA256_Final
                0x000000000020507c       0xb8 obj_openmote-cc2538/sha2.o
                0x000000000020507c                SHA256_Final
 .text.dtls_dsrv_log_addr
                0x0000000000205134       0xc8 obj_openmote-cc2538/debug.o
                0x0000000000205134                dtls_dsrv_log_addr
 .text.dtls_dsrv_hexdump_log
                0x00000000002051fc       0xb8 obj_openmote-cc2538/debug.o
                0x00000000002051fc                dtls_dsrv_hexdump_log
 .text.startup.main
                0x00000000002052b4      0x1cc obj_openmote-cc2538/contiki-main.o
                0x00000000002052b4                main
 .text.leds_arch_init
                0x0000000000205480       0x10 obj_openmote-cc2538/leds-arch.o
                0x0000000000205480                leds_arch_init
 .text.leds_arch_set
                0x0000000000205490        0xc obj_openmote-cc2538/leds-arch.o
                0x0000000000205490                leds_arch_set
 .text.value    0x000000000020549c       0x20 obj_openmote-cc2538/button-sensor.o
 .text.duration_exceeded_callback
                0x00000000002054bc       0x3c obj_openmote-cc2538/button-sensor.o
 .text.config_user
                0x00000000002054f8       0xa0 obj_openmote-cc2538/button-sensor.o
 .text.btn_callback
                0x0000000000205598       0x5c obj_openmote-cc2538/button-sensor.o
 .text.antenna_external
                0x00000000002055f4       0x14 obj_openmote-cc2538/antenna.o
                0x00000000002055f4                antenna_external
 .text.antenna_init
                0x0000000000205608       0x1c obj_openmote-cc2538/antenna.o
                0x0000000000205608                antenna_init
 .text.soc_get_rev
                0x0000000000205624       0x18 obj_openmote-cc2538/soc.o
                0x0000000000205624                soc_get_rev
 .text.soc_get_sram_size
                0x000000000020563c       0x1c obj_openmote-cc2538/soc.o
                0x000000000020563c                soc_get_sram_size
 .text.soc_print_info
                0x0000000000205658       0x70 obj_openmote-cc2538/soc.o
                0x0000000000205658                soc_print_info
 .text.update_ticks
                0x00000000002056c8       0x4c obj_openmote-cc2538/clock.o
 .text.clock_init
                0x0000000000205714       0x4c obj_openmote-cc2538/clock.o
                0x0000000000205714                clock_init
 .text.clock_time
                0x0000000000205760       0x14 obj_openmote-cc2538/clock.o
                0x0000000000205760                clock_time
 .text.clock_seconds
                0x0000000000205774       0x14 obj_openmote-cc2538/clock.o
                0x0000000000205774                clock_seconds
 .text.clock_delay_usec
                0x0000000000205788       0x1c obj_openmote-cc2538/clock.o
                0x0000000000205788                clock_delay_usec
 .text.clock_adjust
                0x00000000002057a4       0x20 obj_openmote-cc2538/clock.o
                0x00000000002057a4                clock_adjust
 .text.rtimer_arch_next_trigger
                0x00000000002057c4        0xc obj_openmote-cc2538/rtimer-arch.o
                0x00000000002057c4                rtimer_arch_next_trigger
 .text.rtimer_arch_now
                0x00000000002057d0       0x24 obj_openmote-cc2538/rtimer-arch.o
                0x00000000002057d0                rtimer_arch_now
 .text.rtimer_arch_schedule
                0x00000000002057f4       0x58 obj_openmote-cc2538/rtimer-arch.o
                0x00000000002057f4                rtimer_arch_schedule
 .text.rtimer_isr
                0x000000000020584c       0x2c obj_openmote-cc2538/rtimer-arch.o
                0x000000000020584c                rtimer_isr
 .text.permit_pm1
                0x0000000000205878       0x24 obj_openmote-cc2538/uart.o
 .text.uart_isr
                0x000000000020589c       0x60 obj_openmote-cc2538/uart.o
 .text.uart_init
                0x00000000002058fc      0x198 obj_openmote-cc2538/uart.o
                0x00000000002058fc                uart_init
 .text.uart_set_input
                0x0000000000205a94       0x10 obj_openmote-cc2538/uart.o
                0x0000000000205a94                uart_set_input
 .text.uart_write_byte
                0x0000000000205aa4       0x1c obj_openmote-cc2538/uart.o
                0x0000000000205aa4                uart_write_byte
 .text.watchdog_init
                0x0000000000205ac0        0xc obj_openmote-cc2538/watchdog.o
                0x0000000000205ac0                watchdog_init
 .text.watchdog_start
                0x0000000000205acc        0xc obj_openmote-cc2538/watchdog.o
                0x0000000000205acc                watchdog_start
 .text.watchdog_periodic
                0x0000000000205ad8       0x10 obj_openmote-cc2538/watchdog.o
                0x0000000000205ad8                watchdog_periodic
 .text.nvic_init
                0x0000000000205ae8       0x10 obj_openmote-cc2538/nvic.o
                0x0000000000205ae8                nvic_init
 .text.sys_ctrl_get_reset_cause
                0x0000000000205af8       0x10 obj_openmote-cc2538/sys-ctrl.o
                0x0000000000205af8                sys_ctrl_get_reset_cause
 .text.sys_ctrl_get_reset_cause_str
                0x0000000000205b08       0x14 obj_openmote-cc2538/sys-ctrl.o
                0x0000000000205b08                sys_ctrl_get_reset_cause_str
 .text.sys_ctrl_init
                0x0000000000205b1c       0x74 obj_openmote-cc2538/sys-ctrl.o
                0x0000000000205b1c                sys_ctrl_init
 .text.sys_ctrl_get_sys_clock
                0x0000000000205b90       0x18 obj_openmote-cc2538/sys-ctrl.o
                0x0000000000205b90                sys_ctrl_get_sys_clock
 .text.sys_ctrl_get_io_clock
                0x0000000000205ba8       0x18 obj_openmote-cc2538/sys-ctrl.o
                0x0000000000205ba8                sys_ctrl_get_io_clock
 .text.gpio_register_callback
                0x0000000000205bc0       0x10 obj_openmote-cc2538/gpio.o
                0x0000000000205bc0                gpio_register_callback
 .text.notify   0x0000000000205bd0       0x30 obj_openmote-cc2538/gpio.o
                0x0000000000205bd0                notify
 .text.gpio_port_isr
                0x0000000000205c00       0x50 obj_openmote-cc2538/gpio.o
 .text.gpio_init
                0x0000000000205c50       0x10 obj_openmote-cc2538/gpio.o
                0x0000000000205c50                gpio_init
 .text.ioc_init
                0x0000000000205c60       0x1c obj_openmote-cc2538/ioc.o
                0x0000000000205c60                ioc_init
 .text.ioc_set_over
                0x0000000000205c7c       0x14 obj_openmote-cc2538/ioc.o
                0x0000000000205c7c                ioc_set_over
 .text.ioc_set_sel
                0x0000000000205c90       0x14 obj_openmote-cc2538/ioc.o
                0x0000000000205c90                ioc_set_sel
 .text.adc_get  0x0000000000205ca4       0x74 obj_openmote-cc2538/adc.o
                0x0000000000205ca4                adc_get
 .text.permit_pm1
                0x0000000000205d18       0x10 obj_openmote-cc2538/crypto.o
 .text.crypto_isr
                0x0000000000205d28       0x28 obj_openmote-cc2538/crypto.o
                0x0000000000205d28                crypto_isr
 .text.crypto_enable
                0x0000000000205d50       0x20 obj_openmote-cc2538/crypto.o
                0x0000000000205d50                crypto_enable
 .text.crypto_init
                0x0000000000205d70       0x3c obj_openmote-cc2538/crypto.o
                0x0000000000205d70                crypto_init
 .text.crypto_disable
                0x0000000000205dac       0x20 obj_openmote-cc2538/crypto.o
                0x0000000000205dac                crypto_disable
 .text.crypto_register_process_notification
                0x0000000000205dcc        0xc obj_openmote-cc2538/crypto.o
                0x0000000000205dcc                crypto_register_process_notification
 .text.aes_load_keys
                0x0000000000205dd8      0x128 obj_openmote-cc2538/aes.o
                0x0000000000205dd8                aes_load_keys
 .text.aes_auth_crypt_start
                0x0000000000205f00      0x150 obj_openmote-cc2538/aes.o
                0x0000000000205f00                aes_auth_crypt_start
 .text.aes_auth_crypt_check_status
                0x0000000000206050       0x18 obj_openmote-cc2538/aes.o
                0x0000000000206050                aes_auth_crypt_check_status
 .text.aes_auth_crypt_get_result
                0x0000000000206068       0xbc obj_openmote-cc2538/aes.o
                0x0000000000206068                aes_auth_crypt_get_result
 .text.ccm_auth_crypt_start
                0x0000000000206124       0x94 obj_openmote-cc2538/ccm.o
 .text.on       0x00000000002061b8       0x2c obj_openmote-cc2538/cc2538-rf.o
 .text.off      0x00000000002061e4       0x40 obj_openmote-cc2538/cc2538-rf.o
 .text.set_channel
                0x0000000000206224       0x48 obj_openmote-cc2538/cc2538-rf.o
 .text.channel_clear
                0x000000000020626c       0x3c obj_openmote-cc2538/cc2538-rf.o
 .text.receiving_packet
                0x00000000002062a8       0x18 obj_openmote-cc2538/cc2538-rf.o
 .text.pending_packet
                0x00000000002062c0       0x10 obj_openmote-cc2538/cc2538-rf.o
 .text.get_value
                0x00000000002062d0      0x160 obj_openmote-cc2538/cc2538-rf.o
 .text.prepare  0x0000000000206430       0x64 obj_openmote-cc2538/cc2538-rf.o
 .text.transmit
                0x0000000000206494       0x98 obj_openmote-cc2538/cc2538-rf.o
 .text.set_poll_mode
                0x000000000020652c       0x98 obj_openmote-cc2538/cc2538-rf.o
 .text.set_value
                0x00000000002065c4       0xf4 obj_openmote-cc2538/cc2538-rf.o
 .text.set_object
                0x00000000002066b8       0x30 obj_openmote-cc2538/cc2538-rf.o
 .text.read     0x00000000002066e8       0xe0 obj_openmote-cc2538/cc2538-rf.o
 .text.init     0x00000000002067c8       0xc8 obj_openmote-cc2538/cc2538-rf.o
 .text.process_thread_cc2538_rf_process
                0x0000000000206890       0x90 obj_openmote-cc2538/cc2538-rf.o
 .text.get_object
                0x0000000000206920      0x140 obj_openmote-cc2538/cc2538-rf.o
 .text.cc2538_rf_rx_tx_isr
                0x0000000000206a60       0x24 obj_openmote-cc2538/cc2538-rf.o
                0x0000000000206a60                cc2538_rf_rx_tx_isr
 .text.cc2538_rf_err_isr
                0x0000000000206a84       0x28 obj_openmote-cc2538/cc2538-rf.o
                0x0000000000206a84                cc2538_rf_err_isr
 .text.udma_init
                0x0000000000206aac       0x34 obj_openmote-cc2538/udma.o
                0x0000000000206aac                udma_init
 .text.udma_set_channel_src
                0x0000000000206ae0       0x10 obj_openmote-cc2538/udma.o
                0x0000000000206ae0                udma_set_channel_src
 .text.udma_set_channel_dst
                0x0000000000206af0       0x14 obj_openmote-cc2538/udma.o
                0x0000000000206af0                udma_set_channel_dst
 .text.udma_set_channel_control_word
                0x0000000000206b04       0x14 obj_openmote-cc2538/udma.o
                0x0000000000206b04                udma_set_channel_control_word
 .text.udma_channel_enable
                0x0000000000206b18       0x18 obj_openmote-cc2538/udma.o
                0x0000000000206b18                udma_channel_enable
 .text.udma_channel_mask_set
                0x0000000000206b30       0x18 obj_openmote-cc2538/udma.o
                0x0000000000206b30                udma_channel_mask_set
 .text.udma_channel_sw_request
                0x0000000000206b48       0x18 obj_openmote-cc2538/udma.o
                0x0000000000206b48                udma_channel_sw_request
 .text.udma_channel_get_mode
                0x0000000000206b60       0x1c obj_openmote-cc2538/udma.o
                0x0000000000206b60                udma_channel_get_mode
 .text.udma_isr
                0x0000000000206b7c       0x10 obj_openmote-cc2538/udma.o
                0x0000000000206b7c                udma_isr
 .text.udma_err_isr
                0x0000000000206b8c        0xc obj_openmote-cc2538/udma.o
                0x0000000000206b8c                udma_err_isr
 .text.select_32_mhz_xosc
                0x0000000000206b98       0x2c obj_openmote-cc2538/lpm.o
 .text.lpm_exit
                0x0000000000206bc4       0x30 obj_openmote-cc2538/lpm.o
                0x0000000000206bc4                lpm_exit
 .text.lpm_enter
                0x0000000000206bf4       0xb4 obj_openmote-cc2538/lpm.o
                0x0000000000206bf4                lpm_enter
 .text.lpm_register_peripheral
                0x0000000000206ca8       0x20 obj_openmote-cc2538/lpm.o
                0x0000000000206ca8                lpm_register_peripheral
 .text.lpm_init
                0x0000000000206cc8       0x24 obj_openmote-cc2538/lpm.o
                0x0000000000206cc8                lpm_init
 .text.pka_isr  0x0000000000206cec       0x28 obj_openmote-cc2538/pka.o
                0x0000000000206cec                pka_isr
 .text.ieee_addr_cpy_to
                0x0000000000206d14       0x74 obj_openmote-cc2538/ieee-addr.o
                0x0000000000206d14                ieee_addr_cpy_to
 .text.i2c_master_enable
                0x0000000000206d88       0x10 obj_openmote-cc2538/i2c.o
                0x0000000000206d88                i2c_master_enable
 .text.i2c_set_frequency
                0x0000000000206d98       0x1c obj_openmote-cc2538/i2c.o
                0x0000000000206d98                i2c_set_frequency
 .text.i2c_init
                0x0000000000206db4       0xc8 obj_openmote-cc2538/i2c.o
                0x0000000000206db4                i2c_init
 .text.load_file
                0x0000000000206e7c       0x54 obj_openmote-cc2538/cfs-coffee.o
 .text.find_file
                0x0000000000206ed0       0x90 obj_openmote-cc2538/cfs-coffee.o
 .text.find_contiguous_pages
                0x0000000000206f60       0x6c obj_openmote-cc2538/cfs-coffee.o
 .text.remove_by_page.isra.1
                0x0000000000206fcc       0xb0 obj_openmote-cc2538/cfs-coffee.o
 .text.reserve.constprop.4
                0x000000000020707c      0x20c obj_openmote-cc2538/cfs-coffee.o
 .text.cfs_open
                0x0000000000207288       0x94 obj_openmote-cc2538/cfs-coffee.o
                0x0000000000207288                cfs_open
 .text.cfs_close
                0x000000000020731c       0x24 obj_openmote-cc2538/cfs-coffee.o
                0x000000000020731c                cfs_close
 .text.cfs_read
                0x0000000000207340       0x80 obj_openmote-cc2538/cfs-coffee.o
                0x0000000000207340                cfs_read
 .text.cfs_write
                0x00000000002073c0      0x1a4 obj_openmote-cc2538/cfs-coffee.o
                0x00000000002073c0                cfs_write
 .text.printf   0x0000000000207564       0x20 obj_openmote-cc2538/dbg-printf.o
                0x0000000000207564                printf
 .text.sprintf  0x0000000000207584       0x30 obj_openmote-cc2538/dbg-sprintf.o
                0x0000000000207584                sprintf
 .text.fill_space
                0x00000000002075b4       0x34 obj_openmote-cc2538/strformat.o
 .text.format_str_v
                0x00000000002075e8      0x6e8 obj_openmote-cc2538/strformat.o
                0x00000000002075e8                format_str_v
 .text.stimer_expired
                0x0000000000207cd0       0x20 obj_openmote-cc2538/stimer.o
                0x0000000000207cd0                stimer_expired
 .text.update_time
                0x0000000000207cf0       0x3c obj_openmote-cc2538/etimer.o
 .text.etimer_request_poll
                0x0000000000207d2c        0xc obj_openmote-cc2538/etimer.o
                0x0000000000207d2c                etimer_request_poll
 .text.process_thread_etimer_process
                0x0000000000207d38       0xac obj_openmote-cc2538/etimer.o
 .text.add_timer
                0x0000000000207de4       0x40 obj_openmote-cc2538/etimer.o
 .text.etimer_pending
                0x0000000000207e24       0x10 obj_openmote-cc2538/etimer.o
                0x0000000000207e24                etimer_pending
 .text.etimer_stop
                0x0000000000207e34       0x34 obj_openmote-cc2538/etimer.o
                0x0000000000207e34                etimer_stop
 .text.process_thread_ctimer_process
                0x0000000000207e68       0x7c obj_openmote-cc2538/ctimer.o
 .text.ctimer_init
                0x0000000000207ee4       0x28 obj_openmote-cc2538/ctimer.o
                0x0000000000207ee4                ctimer_init
 .text.ctimer_set_with_process
                0x0000000000207f0c       0x44 obj_openmote-cc2538/ctimer.o
                0x0000000000207f0c                ctimer_set_with_process
 .text.ctimer_set
                0x0000000000207f50       0x14 obj_openmote-cc2538/ctimer.o
                0x0000000000207f50                ctimer_set
 .text.ctimer_reset
                0x0000000000207f64       0x38 obj_openmote-cc2538/ctimer.o
                0x0000000000207f64                ctimer_reset
 .text.ctimer_restart
                0x0000000000207f9c       0x38 obj_openmote-cc2538/ctimer.o
                0x0000000000207f9c                ctimer_restart
 .text.ctimer_stop
                0x0000000000207fd4       0x2c obj_openmote-cc2538/ctimer.o
                0x0000000000207fd4                ctimer_stop
 .text.call_process.part.0
                0x0000000000208000       0x38 obj_openmote-cc2538/process.o
 .text.exit_process
                0x0000000000208038       0x80 obj_openmote-cc2538/process.o
 .text.do_poll  0x00000000002080b8       0x34 obj_openmote-cc2538/process.o
 .text.process_alloc_event
                0x00000000002080ec       0x10 obj_openmote-cc2538/process.o
                0x00000000002080ec                process_alloc_event
 .text.process_exit
                0x00000000002080fc        0xc obj_openmote-cc2538/process.o
                0x00000000002080fc                process_exit
 .text.process_init
                0x0000000000208108       0x30 obj_openmote-cc2538/process.o
                0x0000000000208108                process_init
 .text.process_run
                0x0000000000208138       0x88 obj_openmote-cc2538/process.o
                0x0000000000208138                process_run
 .text.process_nevents
                0x00000000002081c0       0x14 obj_openmote-cc2538/process.o
                0x00000000002081c0                process_nevents
 .text.process_post
                0x00000000002081d4       0x3c obj_openmote-cc2538/process.o
                0x00000000002081d4                process_post
 .text.process_post_synch
                0x0000000000208210       0x14 obj_openmote-cc2538/process.o
                0x0000000000208210                process_post_synch
 .text.process_start
                0x0000000000208224       0x30 obj_openmote-cc2538/process.o
                0x0000000000208224                process_start
 .text.process_poll
                0x0000000000208254       0x18 obj_openmote-cc2538/process.o
                0x0000000000208254                process_poll
 .text.rtimer_set
                0x000000000020826c       0x24 obj_openmote-cc2538/rtimer.o
                0x000000000020826c                rtimer_set
 .text.rtimer_run_next
                0x0000000000208290       0x28 obj_openmote-cc2538/rtimer.o
                0x0000000000208290                rtimer_run_next
 .text.process_thread_serial_line_process
                0x00000000002082b8       0x94 obj_openmote-cc2538/serial-line.o
 .text.serial_line_input_byte
                0x000000000020834c       0x48 obj_openmote-cc2538/serial-line.o
                0x000000000020834c                serial_line_input_byte
 .text.serial_line_init
                0x0000000000208394       0x24 obj_openmote-cc2538/serial-line.o
                0x0000000000208394                serial_line_init
 .text.leds_init
                0x00000000002083b8       0x14 obj_openmote-cc2538/leds.o
                0x00000000002083b8                leds_init
 .text.leds_on  0x00000000002083cc       0x10 obj_openmote-cc2538/leds.o
                0x00000000002083cc                leds_on
 .text.leds_off
                0x00000000002083dc       0x14 obj_openmote-cc2538/leds.o
                0x00000000002083dc                leds_off
 .text.process_thread_sensors_process
                0x00000000002083f0       0xd8 obj_openmote-cc2538/sensors.o
 .text.sensors_changed
                0x00000000002084c8       0x3c obj_openmote-cc2538/sensors.o
                0x00000000002084c8                sensors_changed
 .text.random_rand
                0x0000000000208504       0x24 obj_openmote-cc2538/random.o
                0x0000000000208504                random_rand
 .text.random_init
                0x0000000000208528       0x78 obj_openmote-cc2538/random.o
                0x0000000000208528                random_init
 .text._xassert
                0x00000000002085a0       0x10 obj_openmote-cc2538/assert.o
                0x00000000002085a0                _xassert
 .text.echo_reply_input
                0x00000000002085b0       0xa0 obj_openmote-cc2538/uip-icmp6.o
 .text.echo_request_input
                0x0000000000208650       0xc8 obj_openmote-cc2538/uip-icmp6.o
 .text.uip_icmp6_input
                0x0000000000208718       0x38 obj_openmote-cc2538/uip-icmp6.o
                0x0000000000208718                uip_icmp6_input
 .text.uip_icmp6_register_input_handler
                0x0000000000208750        0xc obj_openmote-cc2538/uip-icmp6.o
                0x0000000000208750                uip_icmp6_register_input_handler
 .text.uip_icmp6_error_output
                0x000000000020875c      0x148 obj_openmote-cc2538/uip-icmp6.o
                0x000000000020875c                uip_icmp6_error_output
 .text.uip_icmp6_send
                0x00000000002088a4       0x88 obj_openmote-cc2538/uip-icmp6.o
                0x00000000002088a4                uip_icmp6_send
 .text.uip_icmp6_init
                0x000000000020892c       0x1c obj_openmote-cc2538/uip-icmp6.o
                0x000000000020892c                uip_icmp6_init
 .text.uip_ds6_prefix_add
                0x0000000000208948       0x64 obj_openmote-cc2538/uip-ds6.o
                0x0000000000208948                uip_ds6_prefix_add
 .text.uip_ds6_is_addr_onlink
                0x00000000002089ac       0x3c obj_openmote-cc2538/uip-ds6.o
                0x00000000002089ac                uip_ds6_is_addr_onlink
 .text.uip_ds6_addr_lookup
                0x00000000002089e8       0x2c obj_openmote-cc2538/uip-ds6.o
                0x00000000002089e8                uip_ds6_addr_lookup
 .text.uip_ds6_get_link_local
                0x0000000000208a14       0x3c obj_openmote-cc2538/uip-ds6.o
                0x0000000000208a14                uip_ds6_get_link_local
 .text.uip_ds6_maddr_add
                0x0000000000208a50       0x4c obj_openmote-cc2538/uip-ds6.o
                0x0000000000208a50                uip_ds6_maddr_add
 .text.uip_ds6_addr_add
                0x0000000000208a9c       0x94 obj_openmote-cc2538/uip-ds6.o
                0x0000000000208a9c                uip_ds6_addr_add
 .text.uip_ds6_maddr_lookup
                0x0000000000208b30       0x2c obj_openmote-cc2538/uip-ds6.o
                0x0000000000208b30                uip_ds6_maddr_lookup
 .text.uip_ds6_addr_rm
                0x0000000000208b5c       0x44 obj_openmote-cc2538/uip-ds6.o
                0x0000000000208b5c                uip_ds6_addr_rm
 .text.uip_ds6_periodic
                0x0000000000208ba0       0x4c obj_openmote-cc2538/uip-ds6.o
                0x0000000000208ba0                uip_ds6_periodic
 .text.uip_ds6_select_src
                0x0000000000208bec       0x98 obj_openmote-cc2538/uip-ds6.o
                0x0000000000208bec                uip_ds6_select_src
 .text.uip_ds6_compute_reachable_time
                0x0000000000208c84       0x2c obj_openmote-cc2538/uip-ds6.o
                0x0000000000208c84                uip_ds6_compute_reachable_time
 .text.uip_ds6_init
                0x0000000000208cb0       0xe0 obj_openmote-cc2538/uip-ds6.o
                0x0000000000208cb0                uip_ds6_init
 .text.call_route_callback
                0x0000000000208d90       0x54 obj_openmote-cc2538/uip-ds6-route.o
 .text.uip_ds6_route_init
                0x0000000000208de4       0x4c obj_openmote-cc2538/uip-ds6-route.o
                0x0000000000208de4                uip_ds6_route_init
 .text.uip_ds6_route_nexthop
                0x0000000000208e30       0x1c obj_openmote-cc2538/uip-ds6-route.o
                0x0000000000208e30                uip_ds6_route_nexthop
 .text.uip_ds6_route_head
                0x0000000000208e4c        0xc obj_openmote-cc2538/uip-ds6-route.o
                0x0000000000208e4c                uip_ds6_route_head
 .text.uip_ds6_route_is_nexthop
                0x0000000000208e58       0x20 obj_openmote-cc2538/uip-ds6-route.o
                0x0000000000208e58                uip_ds6_route_is_nexthop
 .text.uip_ds6_route_lookup
                0x0000000000208e78       0x64 obj_openmote-cc2538/uip-ds6-route.o
                0x0000000000208e78                uip_ds6_route_lookup
 .text.uip_ds6_route_rm
                0x0000000000208edc       0xa0 obj_openmote-cc2538/uip-ds6-route.o
                0x0000000000208edc                uip_ds6_route_rm
 .text.rm_routelist
                0x0000000000208f7c       0x30 obj_openmote-cc2538/uip-ds6-route.o
 .text.uip_ds6_route_add
                0x0000000000208fac       0xf8 obj_openmote-cc2538/uip-ds6-route.o
                0x0000000000208fac                uip_ds6_route_add
 .text.uip_ds6_defrt_rm
                0x00000000002090a4       0x44 obj_openmote-cc2538/uip-ds6-route.o
                0x00000000002090a4                uip_ds6_defrt_rm
 .text.uip_ds6_defrt_lookup
                0x00000000002090e8       0x2c obj_openmote-cc2538/uip-ds6-route.o
                0x00000000002090e8                uip_ds6_defrt_lookup
 .text.uip_ds6_defrt_add
                0x0000000000209114       0x64 obj_openmote-cc2538/uip-ds6-route.o
                0x0000000000209114                uip_ds6_defrt_add
 .text.uip_ds6_defrt_choose
                0x0000000000209178       0x30 obj_openmote-cc2538/uip-ds6-route.o
                0x0000000000209178                uip_ds6_defrt_choose
 .text.uip_ds6_defrt_periodic
                0x00000000002091a8       0x3c obj_openmote-cc2538/uip-ds6-route.o
                0x00000000002091a8                uip_ds6_defrt_periodic
 .text.upper_layer_chksum
                0x00000000002091e4       0x54 obj_openmote-cc2538/uip6.o
 .text.ext_hdr_options_process
                0x0000000000209238       0xc4 obj_openmote-cc2538/uip6.o
 .text.uip_add32
                0x00000000002092fc       0x54 obj_openmote-cc2538/uip6.o
                0x00000000002092fc                uip_add32
 .text.unlikely.uip_add_rcv_nxt
                0x0000000000209350       0x30 obj_openmote-cc2538/uip6.o
 .text.uip_init
                0x0000000000209380       0x60 obj_openmote-cc2538/uip6.o
                0x0000000000209380                uip_init
 .text.remove_ext_hdr
                0x00000000002093e0       0x50 obj_openmote-cc2538/uip6.o
                0x00000000002093e0                remove_ext_hdr
 .text.uip_udp_new
                0x0000000000209430       0x90 obj_openmote-cc2538/uip6.o
                0x0000000000209430                uip_udp_new
 .text.uip_unlisten
                0x00000000002094c0       0x20 obj_openmote-cc2538/uip6.o
                0x00000000002094c0                uip_unlisten
 .text.uip_process
                0x00000000002094e0      0xcec obj_openmote-cc2538/uip6.o
                0x00000000002094e0                uip_process
 .text.uip_htonl
                0x000000000020a1cc       0x1c obj_openmote-cc2538/uip6.o
                0x000000000020a1cc                uip_htonl
 .text.uip_ds6_nbr_rm
                0x000000000020a1e8       0x20 obj_openmote-cc2538/uip-ds6-nbr.o
                0x000000000020a1e8                uip_ds6_nbr_rm
 .text.uip_ds6_neighbors_init
                0x000000000020a208       0x1c obj_openmote-cc2538/uip-ds6-nbr.o
                0x000000000020a208                uip_ds6_neighbors_init
 .text.uip_ds6_nbr_add
                0x000000000020a224       0x64 obj_openmote-cc2538/uip-ds6-nbr.o
                0x000000000020a224                uip_ds6_nbr_add
 .text.uip_ds6_nbr_get_ll
                0x000000000020a288       0x10 obj_openmote-cc2538/uip-ds6-nbr.o
                0x000000000020a288                uip_ds6_nbr_get_ll
 .text.uip_ds6_nbr_lookup
                0x000000000020a298       0x38 obj_openmote-cc2538/uip-ds6-nbr.o
                0x000000000020a298                uip_ds6_nbr_lookup
 .text.uip_ds6_nbr_ll_lookup
                0x000000000020a2d0       0x10 obj_openmote-cc2538/uip-ds6-nbr.o
                0x000000000020a2d0                uip_ds6_nbr_ll_lookup
 .text.uip_ds6_link_neighbor_callback
                0x000000000020a2e0       0x34 obj_openmote-cc2538/uip-ds6-nbr.o
                0x000000000020a2e0                uip_ds6_link_neighbor_callback
 .text.uip_ds6_neighbor_periodic
                0x000000000020a314      0x118 obj_openmote-cc2538/uip-ds6-nbr.o
                0x000000000020a314                uip_ds6_neighbor_periodic
 .text.extract_lladdr_from_llao_aligned
                0x000000000020a42c       0x20 obj_openmote-cc2538/uip-nd6.o
 .text.na_input
                0x000000000020a44c      0x1b0 obj_openmote-cc2538/uip-nd6.o
 .text.ns_input
                0x000000000020a5fc      0x27c obj_openmote-cc2538/uip-nd6.o
 .text.uip_nd6_ns_output
                0x000000000020a878      0x15c obj_openmote-cc2538/uip-nd6.o
                0x000000000020a878                uip_nd6_ns_output
 .text.uip_nd6_init
                0x000000000020a9d4       0x1c obj_openmote-cc2538/uip-nd6.o
                0x000000000020a9d4                uip_nd6_init
 .text.clear_fragments
                0x000000000020a9f0       0x3c obj_openmote-cc2538/sicslowpan.o
 .text.sicslowpan_init
                0x000000000020aa2c       0x24 obj_openmote-cc2538/sicslowpan.o
                0x000000000020aa2c                sicslowpan_init
 .text.compress_addr_64
                0x000000000020aa50       0x90 obj_openmote-cc2538/sicslowpan.o
 .text.set_packet_attrs
                0x000000000020aae0       0x40 obj_openmote-cc2538/sicslowpan.o
 .text.addr_context_lookup_by_prefix
                0x000000000020ab20       0x28 obj_openmote-cc2538/sicslowpan.o
 .text.send_packet
                0x000000000020ab48       0x24 obj_openmote-cc2538/sicslowpan.o
 .text.packet_sent
                0x000000000020ab6c       0x28 obj_openmote-cc2538/sicslowpan.o
 .text.store_fragment
                0x000000000020ab94       0x64 obj_openmote-cc2538/sicslowpan.o
 .text.uncompress_addr
                0x000000000020abf8       0x94 obj_openmote-cc2538/sicslowpan.o
 .text.output   0x000000000020ac8c      0x6bc obj_openmote-cc2538/sicslowpan.o
 .text.add_fragment
                0x000000000020b348      0x148 obj_openmote-cc2538/sicslowpan.o
 .text.input    0x000000000020b490      0x588 obj_openmote-cc2538/sicslowpan.o
 .text.uip_udp_packet_send
                0x000000000020ba18       0x38 obj_openmote-cc2538/uip-udp-packet.o
                0x000000000020ba18                uip_udp_packet_send
 .text.start_periodic_tcp_timer
                0x000000000020ba50       0x1c obj_openmote-cc2538/tcpip.o
 .text.tcpip_output
                0x000000000020ba6c       0x10 obj_openmote-cc2538/tcpip.o
                0x000000000020ba6c                tcpip_output
 .text.tcpip_set_outputfunc
                0x000000000020ba7c        0xc obj_openmote-cc2538/tcpip.o
                0x000000000020ba7c                tcpip_set_outputfunc
 .text.udp_new  0x000000000020ba88       0x18 obj_openmote-cc2538/tcpip.o
                0x000000000020ba88                udp_new
 .text.tcpip_icmp6_call
                0x000000000020baa0       0x28 obj_openmote-cc2538/tcpip.o
                0x000000000020baa0                tcpip_icmp6_call
 .text.tcpip_input
                0x000000000020bac8       0x24 obj_openmote-cc2538/tcpip.o
                0x000000000020bac8                tcpip_input
 .text.tcpip_ipv6_output
                0x000000000020baec      0x128 obj_openmote-cc2538/tcpip.o
                0x000000000020baec                tcpip_ipv6_output
 .text.process_thread_tcpip_process
                0x000000000020bc14      0x1b4 obj_openmote-cc2538/tcpip.o
 .text.tcpip_poll_udp
                0x000000000020bdc8       0x10 obj_openmote-cc2538/tcpip.o
                0x000000000020bdc8                tcpip_poll_udp
 .text.tcpip_uipcall
                0x000000000020bdd8       0x68 obj_openmote-cc2538/tcpip.o
                0x000000000020bdd8                tcpip_uipcall
 .text.dns_name_isequal
                0x000000000020be40       0x94 obj_openmote-cc2538/resolv.o
 .text.mdns_write_announce_records
                0x000000000020bed4       0x94 obj_openmote-cc2538/resolv.o
 .text.mdns_prep_host_announce_packet
                0x000000000020bf68       0x78 obj_openmote-cc2538/resolv.o
 .text.start_name_collision_check
                0x000000000020bfe0       0x20 obj_openmote-cc2538/resolv.o
 .text.remove_trailing_dots
                0x000000000020c000       0x40 obj_openmote-cc2538/resolv.o
 .text.resolv_found
                0x000000000020c040       0xd8 obj_openmote-cc2538/resolv.o
 .text.resolv_set_hostname
                0x000000000020c118       0x44 obj_openmote-cc2538/resolv.o
                0x000000000020c118                resolv_set_hostname
 .text.process_thread_resolv_process
                0x000000000020c15c      0x610 obj_openmote-cc2538/resolv.o
 .text.resolv_query
                0x000000000020c76c      0x130 obj_openmote-cc2538/resolv.o
                0x000000000020c76c                resolv_query
 .text.process_thread_mdns_probe_process
                0x000000000020c89c       0xa8 obj_openmote-cc2538/resolv.o
 .text.uip_nameserver_get
                0x000000000020c944       0x10 obj_openmote-cc2538/uip-nameserver.o
                0x000000000020c944                uip_nameserver_get
 .text.uip_debug_ipaddr_print
                0x000000000020c954       0xac obj_openmote-cc2538/uip-debug.o
                0x000000000020c954                uip_debug_ipaddr_print
 .text.update_nbr
                0x000000000020ca00       0xe8 obj_openmote-cc2538/rpl-nbr-policy.o
 .text.handle_periodic_timer
                0x000000000020cae8       0x14 obj_openmote-cc2538/rpl-nbr-policy.o
 .text.find_removable_dis
                0x000000000020cafc       0x20 obj_openmote-cc2538/rpl-nbr-policy.o
                0x000000000020cafc                find_removable_dis
 .text.find_removable_dio
                0x000000000020cb1c       0x3c obj_openmote-cc2538/rpl-nbr-policy.o
                0x000000000020cb1c                find_removable_dio
 .text.find_removable_dao
                0x000000000020cb58       0x38 obj_openmote-cc2538/rpl-nbr-policy.o
                0x000000000020cb58                find_removable_dao
 .text.rpl_nbr_policy_find_removable
                0x000000000020cb90       0x28 obj_openmote-cc2538/rpl-nbr-policy.o
                0x000000000020cb90                rpl_nbr_policy_find_removable
 .text.new_dio_interval
                0x000000000020cbb8       0x5c obj_openmote-cc2538/rpl-timers.o
 .text.handle_periodic_timer
                0x000000000020cc14       0x4c obj_openmote-cc2538/rpl-timers.o
 .text.set_dao_lifetime_timer
                0x000000000020cc60       0x44 obj_openmote-cc2538/rpl-timers.o
 .text.handle_dio_timer
                0x000000000020cca4       0x80 obj_openmote-cc2538/rpl-timers.o
 .text.schedule_dao
                0x000000000020cd24       0x50 obj_openmote-cc2538/rpl-timers.o
 .text.handle_dao_timer
                0x000000000020cd74       0x58 obj_openmote-cc2538/rpl-timers.o
 .text.rpl_reset_periodic_timer
                0x000000000020cdcc       0x34 obj_openmote-cc2538/rpl-timers.o
                0x000000000020cdcc                rpl_reset_periodic_timer
 .text.rpl_schedule_unicast_dio_immediately
                0x000000000020ce00       0x14 obj_openmote-cc2538/rpl-timers.o
                0x000000000020ce00                rpl_schedule_unicast_dio_immediately
 .text.get_probing_target
                0x000000000020ce14       0xc4 obj_openmote-cc2538/rpl-timers.o
                0x000000000020ce14                get_probing_target
 .text.rpl_schedule_probing
                0x000000000020ced8       0x20 obj_openmote-cc2538/rpl-timers.o
                0x000000000020ced8                rpl_schedule_probing
 .text.update_hbh_header
                0x000000000020cef8       0xc8 obj_openmote-cc2538/rpl-ext-header.o
 .text.insert_hbh_header
                0x000000000020cfc0       0xa8 obj_openmote-cc2538/rpl-ext-header.o
 .text.rpl_verify_hbh_header
                0x000000000020d068      0x100 obj_openmote-cc2538/rpl-ext-header.o
                0x000000000020d068                rpl_verify_hbh_header
 .text.rpl_remove_header
                0x000000000020d168       0x78 obj_openmote-cc2538/rpl-ext-header.o
                0x000000000020d168                rpl_remove_header
 .text.rpl_update_header
                0x000000000020d1e0       0x6c obj_openmote-cc2538/rpl-ext-header.o
                0x000000000020d1e0                rpl_update_header
 .text.rpl_get_mode
                0x000000000020d24c        0xc obj_openmote-cc2538/rpl.o
                0x000000000020d24c                rpl_get_mode
 .text.rpl_purge_routes
                0x000000000020d258       0x6c obj_openmote-cc2538/rpl.o
                0x000000000020d258                rpl_purge_routes
 .text.rpl_link_neighbor_callback
                0x000000000020d2c4       0x54 obj_openmote-cc2538/rpl.o
                0x000000000020d2c4                rpl_link_neighbor_callback
 .text.rpl_ipv6_neighbor_callback
                0x000000000020d318       0x28 obj_openmote-cc2538/rpl.o
                0x000000000020d318                rpl_ipv6_neighbor_callback
 .text.rpl_purge_dags
                0x000000000020d340       0x58 obj_openmote-cc2538/rpl.o
                0x000000000020d340                rpl_purge_dags
 .text.rpl_init
                0x000000000020d398       0x4c obj_openmote-cc2538/rpl.o
                0x000000000020d398                rpl_init
 .text.dao_ack_input
                0x000000000020d3e4       0x14 obj_openmote-cc2538/rpl-icmp6.o
 .text.dio_input
                0x000000000020d3f8      0x24c obj_openmote-cc2538/rpl-icmp6.o
 .text.dao_input
                0x000000000020d644      0x290 obj_openmote-cc2538/rpl-icmp6.o
 .text.dis_output
                0x000000000020d8d4       0x54 obj_openmote-cc2538/rpl-icmp6.o
                0x000000000020d8d4                dis_output
 .text.dio_output
                0x000000000020d928      0x214 obj_openmote-cc2538/rpl-icmp6.o
                0x000000000020d928                dio_output
 .text.dis_input
                0x000000000020db3c       0x50 obj_openmote-cc2538/rpl-icmp6.o
 .text.dao_output_target
                0x000000000020db8c      0x100 obj_openmote-cc2538/rpl-icmp6.o
                0x000000000020db8c                dao_output_target
 .text.dao_output
                0x000000000020dc8c       0x94 obj_openmote-cc2538/rpl-icmp6.o
                0x000000000020dc8c                dao_output
 .text.rpl_icmp6_register_handlers
                0x000000000020dd20       0x30 obj_openmote-cc2538/rpl-icmp6.o
                0x000000000020dd20                rpl_icmp6_register_handlers
 .text.rpl_set_preferred_parent
                0x000000000020dd50       0x28 obj_openmote-cc2538/rpl-dag.o
 .text.set_ip_from_prefix
                0x000000000020dd78       0x2c obj_openmote-cc2538/rpl-dag.o
 .text.find_parent_any_dag_any_instance
                0x000000000020dda4       0x1c obj_openmote-cc2538/rpl-dag.o
 .text.rpl_dag_init
                0x000000000020ddc0       0x14 obj_openmote-cc2538/rpl-dag.o
                0x000000000020ddc0                rpl_dag_init
 .text.rpl_get_parent
                0x000000000020ddd4       0x10 obj_openmote-cc2538/rpl-dag.o
                0x000000000020ddd4                rpl_get_parent
 .text.rpl_get_parent_lladdr
                0x000000000020dde4       0x10 obj_openmote-cc2538/rpl-dag.o
                0x000000000020dde4                rpl_get_parent_lladdr
 .text.rpl_get_nbr
                0x000000000020ddf4       0x1c obj_openmote-cc2538/rpl-dag.o
                0x000000000020ddf4                rpl_get_nbr
 .text.best_parent
                0x000000000020de10       0x90 obj_openmote-cc2538/rpl-dag.o
 .text.rpl_alloc_instance
                0x000000000020dea0       0x34 obj_openmote-cc2538/rpl-dag.o
                0x000000000020dea0                rpl_alloc_instance
 .text.rpl_add_parent
                0x000000000020ded4       0x30 obj_openmote-cc2538/rpl-dag.o
                0x000000000020ded4                rpl_add_parent
 .text.rpl_remove_parent
                0x000000000020df04       0x1c obj_openmote-cc2538/rpl-dag.o
                0x000000000020df04                rpl_remove_parent
 .text.remove_parents.constprop.6
                0x000000000020df20       0x2c obj_openmote-cc2538/rpl-dag.o
 .text.rpl_get_dag
                0x000000000020df4c       0x54 obj_openmote-cc2538/rpl-dag.o
                0x000000000020df4c                rpl_get_dag
 .text.rpl_get_any_dag
                0x000000000020dfa0       0x18 obj_openmote-cc2538/rpl-dag.o
                0x000000000020dfa0                rpl_get_any_dag
 .text.rpl_get_instance
                0x000000000020dfb8       0x20 obj_openmote-cc2538/rpl-dag.o
                0x000000000020dfb8                rpl_get_instance
 .text.rpl_find_of
                0x000000000020dfd8       0x14 obj_openmote-cc2538/rpl-dag.o
                0x000000000020dfd8                rpl_find_of
 .text.rpl_join_instance
                0x000000000020dfec      0x13c obj_openmote-cc2538/rpl-dag.o
                0x000000000020dfec                rpl_join_instance
 .text.rpl_local_repair
                0x000000000020e128       0x78 obj_openmote-cc2538/rpl-dag.o
                0x000000000020e128                rpl_local_repair
 .text.rpl_recalculate_ranks
                0x000000000020e1a0       0x3c obj_openmote-cc2538/rpl-dag.o
                0x000000000020e1a0                rpl_recalculate_ranks
 .text._sbrk    0x000000000020e1dc       0x2c obj_openmote-cc2538/syscalls.o
                0x000000000020e1dc                _sbrk
 .text.queuebuf_init
                0x000000000020e208       0x1c obj_openmote-cc2538/queuebuf.o
                0x000000000020e208                queuebuf_init
 .text.queuebuf_numfree
                0x000000000020e224        0xc obj_openmote-cc2538/queuebuf.o
                0x000000000020e224                queuebuf_numfree
 .text.queuebuf_new_from_packetbuf
                0x000000000020e230       0x44 obj_openmote-cc2538/queuebuf.o
                0x000000000020e230                queuebuf_new_from_packetbuf
 .text.queuebuf_free
                0x000000000020e274       0x2c obj_openmote-cc2538/queuebuf.o
                0x000000000020e274                queuebuf_free
 .text.queuebuf_to_packetbuf
                0x000000000020e2a0       0x30 obj_openmote-cc2538/queuebuf.o
                0x000000000020e2a0                queuebuf_to_packetbuf
 .text.key_from_index
                0x000000000020e2d0       0x18 obj_openmote-cc2538/nbr-table.o
 .text.index_from_key
                0x000000000020e2e8       0x20 obj_openmote-cc2538/nbr-table.o
 .text.index_from_lladdr
                0x000000000020e308       0x40 obj_openmote-cc2538/nbr-table.o
 .text.nbr_get_bit.constprop.0
                0x000000000020e348       0x24 obj_openmote-cc2538/nbr-table.o
 .text.remove_key
                0x000000000020e36c       0x60 obj_openmote-cc2538/nbr-table.o
 .text.nbr_table_register
                0x000000000020e3cc       0x28 obj_openmote-cc2538/nbr-table.o
                0x000000000020e3cc                nbr_table_register
 .text.nbr_table_head
                0x000000000020e3f4       0x38 obj_openmote-cc2538/nbr-table.o
                0x000000000020e3f4                nbr_table_head
 .text.nbr_table_add_lladdr
                0x000000000020e42c       0xfc obj_openmote-cc2538/nbr-table.o
                0x000000000020e42c                nbr_table_add_lladdr
 .text.nbr_table_remove
                0x000000000020e528       0x2c obj_openmote-cc2538/nbr-table.o
                0x000000000020e528                nbr_table_remove
 .text.nbr_table_lock
                0x000000000020e554       0x10 obj_openmote-cc2538/nbr-table.o
                0x000000000020e554                nbr_table_lock
 .text.nbr_table_unlock
                0x000000000020e564       0x10 obj_openmote-cc2538/nbr-table.o
                0x000000000020e564                nbr_table_unlock
 .text.packetbuf_hdrreduce
                0x000000000020e574       0x28 obj_openmote-cc2538/packetbuf.o
                0x000000000020e574                packetbuf_hdrreduce
 .text.packetbuf_set_datalen
                0x000000000020e59c        0xc obj_openmote-cc2538/packetbuf.o
                0x000000000020e59c                packetbuf_set_datalen
 .text.packetbuf_hdrptr
                0x000000000020e5a8        0x8 obj_openmote-cc2538/packetbuf.o
                0x000000000020e5a8                packetbuf_hdrptr
 .text.packetbuf_datalen
                0x000000000020e5b0        0xc obj_openmote-cc2538/packetbuf.o
                0x000000000020e5b0                packetbuf_datalen
 .text.packetbuf_hdrlen
                0x000000000020e5bc       0x18 obj_openmote-cc2538/packetbuf.o
                0x000000000020e5bc                packetbuf_hdrlen
 .text.packetbuf_dataptr
                0x000000000020e5d4       0x10 obj_openmote-cc2538/packetbuf.o
                0x000000000020e5d4                packetbuf_dataptr
 .text.packetbuf_copyto
                0x000000000020e5e4       0x40 obj_openmote-cc2538/packetbuf.o
                0x000000000020e5e4                packetbuf_copyto
 .text.packetbuf_totlen
                0x000000000020e624       0x14 obj_openmote-cc2538/packetbuf.o
                0x000000000020e624                packetbuf_totlen
 .text.packetbuf_hdralloc
                0x000000000020e638       0x3c obj_openmote-cc2538/packetbuf.o
                0x000000000020e638                packetbuf_hdralloc
 .text.packetbuf_attr_clear
                0x000000000020e674       0x34 obj_openmote-cc2538/packetbuf.o
                0x000000000020e674                packetbuf_attr_clear
 .text.packetbuf_clear
                0x000000000020e6a8       0x20 obj_openmote-cc2538/packetbuf.o
                0x000000000020e6a8                packetbuf_clear
 .text.packetbuf_copyfrom
                0x000000000020e6c8       0x2c obj_openmote-cc2538/packetbuf.o
                0x000000000020e6c8                packetbuf_copyfrom
 .text.packetbuf_attr_copyto
                0x000000000020e6f4       0x34 obj_openmote-cc2538/packetbuf.o
                0x000000000020e6f4                packetbuf_attr_copyto
 .text.packetbuf_attr_copyfrom
                0x000000000020e728       0x34 obj_openmote-cc2538/packetbuf.o
                0x000000000020e728                packetbuf_attr_copyfrom
 .text.packetbuf_set_attr
                0x000000000020e75c       0x10 obj_openmote-cc2538/packetbuf.o
                0x000000000020e75c                packetbuf_set_attr
 .text.packetbuf_attr
                0x000000000020e76c        0xc obj_openmote-cc2538/packetbuf.o
                0x000000000020e76c                packetbuf_attr
 .text.packetbuf_set_addr
                0x000000000020e778       0x18 obj_openmote-cc2538/packetbuf.o
                0x000000000020e778                packetbuf_set_addr
 .text.packetbuf_addr
                0x000000000020e790       0x10 obj_openmote-cc2538/packetbuf.o
                0x000000000020e790                packetbuf_addr
 .text.packetbuf_holds_broadcast
                0x000000000020e7a0       0x10 obj_openmote-cc2538/packetbuf.o
                0x000000000020e7a0                packetbuf_holds_broadcast
 .text.netstack_init
                0x000000000020e7b0       0x38 obj_openmote-cc2538/netstack.o
                0x000000000020e7b0                netstack_init
 .text.periodic
                0x000000000020e7e8       0x2c obj_openmote-cc2538/link-stats.o
 .text.link_stats_from_lladdr
                0x000000000020e814        0xc obj_openmote-cc2538/link-stats.o
                0x000000000020e814                link_stats_from_lladdr
 .text.link_stats_packet_sent
                0x000000000020e820       0x78 obj_openmote-cc2538/link-stats.o
                0x000000000020e820                link_stats_packet_sent
 .text.link_stats_input_callback
                0x000000000020e898       0x4c obj_openmote-cc2538/link-stats.o
                0x000000000020e898                link_stats_input_callback
 .text.link_stats_init
                0x000000000020e8e4       0x28 obj_openmote-cc2538/link-stats.o
                0x000000000020e8e4                link_stats_init
 .text.mac_sequence_is_duplicate
                0x000000000020e90c       0x4c obj_openmote-cc2538/mac-sequence.o
                0x000000000020e90c                mac_sequence_is_duplicate
 .text.mac_sequence_register_seqno
                0x000000000020e958       0x68 obj_openmote-cc2538/mac-sequence.o
                0x000000000020e958                mac_sequence_register_seqno
 .text.create_frame.isra.0
                0x000000000020e9c0      0x134 obj_openmote-cc2538/framer-802154.o
 .text.input_packet
                0x000000000020eaf4        0xc obj_openmote-cc2538/csma.o
 .text.on       0x000000000020eb00        0xc obj_openmote-cc2538/csma.o
 .text.off      0x000000000020eb0c        0xc obj_openmote-cc2538/csma.o
 .text.channel_check_interval
                0x000000000020eb18       0x10 obj_openmote-cc2538/csma.o
 .text.transmit_packet_list
                0x000000000020eb28       0x30 obj_openmote-cc2538/csma.o
 .text.schedule_transmission
                0x000000000020eb58       0x4c obj_openmote-cc2538/csma.o
 .text.send_packet
                0x000000000020eba4      0x13c obj_openmote-cc2538/csma.o
 .text.init     0x000000000020ece0       0x24 obj_openmote-cc2538/csma.o
 .text.tx_done  0x000000000020ed04       0x84 obj_openmote-cc2538/csma.o
 .text.frame802154_get_pan_id
                0x000000000020ed88        0xc obj_openmote-cc2538/frame802154.o
                0x000000000020ed88                frame802154_get_pan_id
 .text.frame802154_parse
                0x000000000020ed94      0x12c obj_openmote-cc2538/frame802154.o
                0x000000000020ed94                frame802154_parse
 .text.init     0x000000000020eec0       0x40 obj_openmote-cc2538/contikimac.o
 .text.on       0x000000000020ef00       0x2c obj_openmote-cc2538/contikimac.o
 .text.off      0x000000000020ef2c       0x38 obj_openmote-cc2538/contikimac.o
 .text.recv_burst_off
                0x000000000020ef64       0x14 obj_openmote-cc2538/contikimac.o
 .text.powercycle_turn_radio_off
                0x000000000020ef78       0x1c obj_openmote-cc2538/contikimac.o
 .text.turn_off
                0x000000000020ef94       0x38 obj_openmote-cc2538/contikimac.o
 .text.turn_on  0x000000000020efcc       0x40 obj_openmote-cc2538/contikimac.o
 .text.schedule_powercycle_fixed
                0x000000000020f00c       0x38 obj_openmote-cc2538/contikimac.o
 .text.input_packet
                0x000000000020f044       0xa4 obj_openmote-cc2538/contikimac.o
 .text.send_packet.isra.8
                0x000000000020f0e8      0x204 obj_openmote-cc2538/contikimac.o
 .text.qsend_list
                0x000000000020f2ec       0xdc obj_openmote-cc2538/contikimac.o
 .text.powercycle_wrapper
                0x000000000020f3c8      0x1f4 obj_openmote-cc2538/contikimac.o
 .text.input    0x000000000020f5bc        0xc obj_openmote-cc2538/nullsec.o
 .text.send     0x000000000020f5c8       0x20 obj_openmote-cc2538/nullsec.o
 .text.get_psk_info
                0x000000000020f5e8       0x8c udp-server.co
 .text.send_to_peer
                0x000000000020f674       0x4c udp-server.co
 .text.dtls_complete
                0x000000000020f6c0       0x20 udp-server.co
 .text.cfs_prepare_data
                0x000000000020f6e0       0xa8 udp-server.co
                0x000000000020f6e0                cfs_prepare_data
 .text.read_from_peer
                0x000000000020f788       0xc8 udp-server.co
 .text.init_dtls
                0x000000000020f850       0x2c udp-server.co
                0x000000000020f850                init_dtls
 .text.process_thread_udp_server_process
                0x000000000020f87c      0x178 udp-server.co
 .text          0x000000000020f9f4       0x30 /usr/lib/gcc/arm-none-eabi/6.3.1/thumb/v7-m/libgcc.a(_aeabi_uldivmod.o)
                0x000000000020f9f4                __aeabi_uldivmod
 .text          0x000000000020fa24      0x2dc /usr/lib/gcc/arm-none-eabi/6.3.1/thumb/v7-m/libgcc.a(_udivmoddi4.o)
                0x000000000020fa24                __udivmoddi4
 .text          0x000000000020fd00        0x4 /usr/lib/gcc/arm-none-eabi/6.3.1/thumb/v7-m/libgcc.a(_dvmd_tls.o)
                0x000000000020fd00                __aeabi_ldiv0
                0x000000000020fd00                __aeabi_idiv0
 .text          0x000000000020fd04       0x20 /usr/lib/gcc/arm-none-eabi/6.3.1/../../../arm-none-eabi/lib/thumb/v7-m/libc.a(lib_a-malloc.o)
                0x000000000020fd04                malloc
                0x000000000020fd14                free
 .text          0x000000000020fd24      0x538 /usr/lib/gcc/arm-none-eabi/6.3.1/../../../arm-none-eabi/lib/thumb/v7-m/libc.a(lib_a-mallocr.o)
                0x000000000020fd24                _malloc_r
 .text          0x000000000021025c       0x60 /usr/lib/gcc/arm-none-eabi/6.3.1/../../../arm-none-eabi/lib/thumb/v7-m/libc.a(lib_a-memcmp.o)
                0x000000000021025c                memcmp
 .text          0x00000000002102bc       0xec /usr/lib/gcc/arm-none-eabi/6.3.1/../../../arm-none-eabi/lib/thumb/v7-m/libc.a(lib_a-memcpy.o)
                0x00000000002102bc                memcpy
 .text          0x00000000002103a8       0xc8 /usr/lib/gcc/arm-none-eabi/6.3.1/../../../arm-none-eabi/lib/thumb/v7-m/libc.a(lib_a-memmove.o)
                0x00000000002103a8                memmove
 .text          0x0000000000210470       0x9c /usr/lib/gcc/arm-none-eabi/6.3.1/../../../arm-none-eabi/lib/thumb/v7-m/libc.a(lib_a-memset.o)
                0x0000000000210470                memset
 .text          0x000000000021050c        0x8 /usr/lib/gcc/arm-none-eabi/6.3.1/../../../arm-none-eabi/lib/thumb/v7-m/libc.a(lib_a-mlock.o)
                0x000000000021050c                __malloc_lock
                0x0000000000210510                __malloc_unlock
 .text          0x0000000000210514       0x24 /usr/lib/gcc/arm-none-eabi/6.3.1/../../../arm-none-eabi/lib/thumb/v7-m/libc.a(lib_a-sbrkr.o)
                0x0000000000210514                _sbrk_r
 .text          0x0000000000210538       0x48 /usr/lib/gcc/arm-none-eabi/6.3.1/../../../arm-none-eabi/lib/thumb/v7-m/libc.a(lib_a-strcasecmp.o)
                0x0000000000210538                strcasecmp
 .text          0x0000000000210580      0x1bc /usr/lib/gcc/arm-none-eabi/6.3.1/../../../arm-none-eabi/lib/thumb/v7-m/libc.a(lib_a-strcmp.o)
                0x0000000000210580                strcmp
 .text          0x000000000021073c       0x5c /usr/lib/gcc/arm-none-eabi/6.3.1/../../../arm-none-eabi/lib/thumb/v7-m/libc.a(lib_a-strlen-stub.o)
                0x000000000021073c                strlen
 .text          0x0000000000210798       0x54 /usr/lib/gcc/arm-none-eabi/6.3.1/../../../arm-none-eabi/lib/thumb/v7-m/libc.a(lib_a-strncasecmp.o)
                0x0000000000210798                strncasecmp
 .text          0x00000000002107ec       0x5c /usr/lib/gcc/arm-none-eabi/6.3.1/../../../arm-none-eabi/lib/thumb/v7-m/libc.a(lib_a-strncat.o)
                0x00000000002107ec                strncat
 .text          0x0000000000210848       0x64 /usr/lib/gcc/arm-none-eabi/6.3.1/../../../arm-none-eabi/lib/thumb/v7-m/libc.a(lib_a-strncpy.o)
                0x0000000000210848                strncpy
 .text          0x00000000002108ac      0x26c /usr/lib/gcc/arm-none-eabi/6.3.1/../../../arm-none-eabi/lib/thumb/v7-m/libc.a(lib_a-freer.o)
                0x00000000002108ac                _malloc_trim_r
                0x000000000021094c                _free_r
 .text.default_handler
                0x0000000000210b18        0x2 obj_openmote-cc2538/startup-gcc.o
                0x0000000000210b18                default_handler
 .text.nmi_handler
                0x0000000000210b1a        0x6 obj_openmote-cc2538/startup-gcc.o
                0x0000000000210b1a                nmi_handler
 .text.dtls_int_to_uint48
                0x0000000000210b20       0x18 obj_openmote-cc2538/dtls.o
 .text.dtls_set_record_header
                0x0000000000210b38       0x4a obj_openmote-cc2538/dtls.o
 .text.dtls_prng
                0x0000000000210b82       0x3c obj_openmote-cc2538/dtls.o
 .text.dtls_security_params_next
                0x0000000000210bbe       0x20 obj_openmote-cc2538/dtls.o
 .text.dtls_send
                0x0000000000210bde       0x22 obj_openmote-cc2538/dtls.o
 .text.dtls_stop_retransmission.isra.16
                0x0000000000210c00       0x44 obj_openmote-cc2538/dtls.o
 .text.known_cipher.isra.7
                0x0000000000210c44       0x16 obj_openmote-cc2538/dtls.o
 .text.dtls_init
                0x0000000000210c5a       0x16 obj_openmote-cc2538/dtls.o
                0x0000000000210c5a                dtls_init
 .text.dtls_get_peer
                0x0000000000210c70       0x26 obj_openmote-cc2538/dtls.o
                0x0000000000210c70                dtls_get_peer
 .text.dtls_alert_send_from_err
                0x0000000000210c96       0x68 obj_openmote-cc2538/dtls.o
 .text.fdtls_set_record_header
                0x0000000000210cfe       0x56 obj_openmote-cc2538/dtls.o
                0x0000000000210cfe                fdtls_set_record_header
 .text.dtls_free_context
                0x0000000000210d54       0x24 obj_openmote-cc2538/dtls.o
                0x0000000000210d54                dtls_free_context
 .text.dtls_p_hash
                0x0000000000210d78      0x14a obj_openmote-cc2538/tinydtls-crypto.o
                0x0000000000210d78                dtls_p_hash
 .text.dtls_psk_pre_master_secret
                0x0000000000210ec2       0x44 obj_openmote-cc2538/tinydtls-crypto.o
                0x0000000000210ec2                dtls_psk_pre_master_secret
 .text.netq_head
                0x0000000000210f06        0x8 obj_openmote-cc2538/netq.o
                0x0000000000210f06                netq_head
 .text.netq_next
                0x0000000000210f0e        0x8 obj_openmote-cc2538/netq.o
                0x0000000000210f0e                netq_next
 .text.netq_remove
                0x0000000000210f16        0xa obj_openmote-cc2538/netq.o
                0x0000000000210f16                netq_remove
 .text.dtls_ticks
                0x0000000000210f20        0xc obj_openmote-cc2538/dtls_time.o
                0x0000000000210f20                dtls_ticks
 .text.fade     0x0000000000210f2c       0x58 obj_openmote-cc2538/contiki-main.o
 .text.board_init
                0x0000000000210f84        0x4 obj_openmote-cc2538/board.o
                0x0000000000210f84                board_init
 .text.clock_isr
                0x0000000000210f88        0x4 obj_openmote-cc2538/clock.o
                0x0000000000210f88                clock_isr
 .text.rtimer_arch_init
                0x0000000000210f8c        0x2 obj_openmote-cc2538/rtimer-arch.o
                0x0000000000210f8c                rtimer_arch_init
 .text.uart0_isr
                0x0000000000210f8e        0x6 obj_openmote-cc2538/uart.o
                0x0000000000210f8e                uart0_isr
 .text.uart1_isr
                0x0000000000210f94        0x6 obj_openmote-cc2538/uart.o
                0x0000000000210f94                uart1_isr
 .text.gpio_port_a_isr
                0x0000000000210f9a        0x6 obj_openmote-cc2538/gpio.o
                0x0000000000210f9a                gpio_port_a_isr
 .text.gpio_port_b_isr
                0x0000000000210fa0        0x6 obj_openmote-cc2538/gpio.o
                0x0000000000210fa0                gpio_port_b_isr
 .text.gpio_port_c_isr
                0x0000000000210fa6        0x6 obj_openmote-cc2538/gpio.o
                0x0000000000210fa6                gpio_port_c_isr
 .text.gpio_port_d_isr
                0x0000000000210fac        0x6 obj_openmote-cc2538/gpio.o
                0x0000000000210fac                gpio_port_d_isr
 .text.ccm_auth_crypt_get_result
                0x0000000000210fb2       0x44 obj_openmote-cc2538/ccm.o
                0x0000000000210fb2                ccm_auth_decrypt_get_result
 .text.ccm_auth_encrypt_start
                0x0000000000210ff6       0x34 obj_openmote-cc2538/ccm.o
                0x0000000000210ff6                ccm_auth_encrypt_start
 .text.ccm_auth_encrypt_get_result
                0x000000000021102a        0xc obj_openmote-cc2538/ccm.o
                0x000000000021102a                ccm_auth_encrypt_get_result
 .text.ccm_auth_decrypt_start
                0x0000000000211036       0x38 obj_openmote-cc2538/ccm.o
                0x0000000000211036                ccm_auth_decrypt_start
 .text.send     0x000000000021106e       0x12 obj_openmote-cc2538/cc2538-rf.o
 .text.putchar  0x0000000000211080       0x10 obj_openmote-cc2538/dbg.o
                0x0000000000211080                putchar
 .text.dbg_send_bytes
                0x0000000000211090       0x20 obj_openmote-cc2538/dbg.o
                0x0000000000211090                dbg_send_bytes
 .text.puts     0x00000000002110b0       0x20 obj_openmote-cc2538/dbg.o
                0x00000000002110b0                puts
 .text.configure
                0x00000000002110d0        0x4 obj_openmote-cc2538/cc2538-temp-sensor.o
 .text.status   0x00000000002110d4        0x4 obj_openmote-cc2538/cc2538-temp-sensor.o
 .text.value    0x00000000002110d8       0x34 obj_openmote-cc2538/cc2538-temp-sensor.o
 .text.read_header
                0x000000000021110c        0x8 obj_openmote-cc2538/cfs-coffee.o
 .text.file_end
                0x0000000000211114       0x50 obj_openmote-cc2538/cfs-coffee.o
 .text.write_header
                0x0000000000211164       0x10 obj_openmote-cc2538/cfs-coffee.o
 .text.next_file.isra.0
                0x0000000000211174       0x18 obj_openmote-cc2538/cfs-coffee.o
 .text.cfs_coffee_reserve
                0x000000000021118c       0x1a obj_openmote-cc2538/cfs-coffee.o
                0x000000000021118c                cfs_coffee_reserve
 .text.cfs_coffee_arch_erase
                0x00000000002111a6       0x1e obj_openmote-cc2538/cfs-coffee-arch.o
                0x00000000002111a6                cfs_coffee_arch_erase
 .text.cfs_coffee_arch_write
                0x00000000002111c4       0xd4 obj_openmote-cc2538/cfs-coffee-arch.o
                0x00000000002111c4                cfs_coffee_arch_write
 .text.cfs_coffee_arch_read
                0x0000000000211298       0x26 obj_openmote-cc2538/cfs-coffee-arch.o
                0x0000000000211298                cfs_coffee_arch_read
 .text.write_str
                0x00000000002112be       0x10 obj_openmote-cc2538/dbg-printf.o
 .text.buffer_str
                0x00000000002112ce       0x16 obj_openmote-cc2538/dbg-sprintf.o
 .text.autostart_start
                0x00000000002112e4       0x14 obj_openmote-cc2538/autostart.o
                0x00000000002112e4                autostart_start
 .text.stimer_set
                0x00000000002112f8        0xe obj_openmote-cc2538/stimer.o
                0x00000000002112f8                stimer_set
 .text.energest_init
                0x0000000000211306        0x2 obj_openmote-cc2538/energest.o
                0x0000000000211306                energest_init
 .text.etimer_set
                0x0000000000211308       0x12 obj_openmote-cc2538/etimer.o
                0x0000000000211308                etimer_set
 .text.etimer_reset
                0x000000000021131a       0x12 obj_openmote-cc2538/etimer.o
                0x000000000021131a                etimer_reset
 .text.etimer_restart
                0x000000000021132c       0x12 obj_openmote-cc2538/etimer.o
                0x000000000021132c                etimer_restart
 .text.etimer_expired
                0x000000000021133e        0xa obj_openmote-cc2538/etimer.o
                0x000000000021133e                etimer_expired
 .text.etimer_expiration_time
                0x0000000000211348        0x6 obj_openmote-cc2538/etimer.o
                0x0000000000211348                etimer_expiration_time
 .text.call_process
                0x000000000021134e        0xc obj_openmote-cc2538/process.o
 .text.rtimer_init
                0x000000000021135a        0x4 obj_openmote-cc2538/rtimer.o
                0x000000000021135a                rtimer_init
 .text.timer_set
                0x000000000021135e        0xe obj_openmote-cc2538/timer.o
                0x000000000021135e                timer_set
 .text.timer_reset
                0x000000000021136c        0xa obj_openmote-cc2538/timer.o
                0x000000000021136c                timer_reset
 .text.timer_restart
                0x0000000000211376        0xc obj_openmote-cc2538/timer.o
                0x0000000000211376                timer_restart
 .text.timer_expired
                0x0000000000211382       0x1c obj_openmote-cc2538/timer.o
                0x0000000000211382                timer_expired
 .text.list_init
                0x000000000021139e        0x6 obj_openmote-cc2538/list.o
                0x000000000021139e                list_init
 .text.list_head
                0x00000000002113a4        0x4 obj_openmote-cc2538/list.o
                0x00000000002113a4                list_head
 .text.list_tail
                0x00000000002113a8       0x10 obj_openmote-cc2538/list.o
                0x00000000002113a8                list_tail
 .text.list_pop
                0x00000000002113b8        0xc obj_openmote-cc2538/list.o
                0x00000000002113b8                list_pop
 .text.list_remove
                0x00000000002113c4       0x28 obj_openmote-cc2538/list.o
                0x00000000002113c4                list_remove
 .text.list_add
                0x00000000002113ec       0x1e obj_openmote-cc2538/list.o
                0x00000000002113ec                list_add
 .text.list_push
                0x000000000021140a       0x12 obj_openmote-cc2538/list.o
                0x000000000021140a                list_push
 .text.list_length
                0x000000000021141c        0xe obj_openmote-cc2538/list.o
                0x000000000021141c                list_length
 .text.list_insert
                0x000000000021142a       0x10 obj_openmote-cc2538/list.o
                0x000000000021142a                list_insert
 .text.list_item_next
                0x000000000021143a        0x6 obj_openmote-cc2538/list.o
                0x000000000021143a                list_item_next
 .text.memb_init
                0x0000000000211440       0x20 obj_openmote-cc2538/memb.o
                0x0000000000211440                memb_init
 .text.memb_alloc
                0x0000000000211460       0x28 obj_openmote-cc2538/memb.o
                0x0000000000211460                memb_alloc
 .text.memb_free
                0x0000000000211488       0x2c obj_openmote-cc2538/memb.o
                0x0000000000211488                memb_free
 .text.memb_inmemb
                0x00000000002114b4       0x1c obj_openmote-cc2538/memb.o
                0x00000000002114b4                memb_inmemb
 .text.memb_numfree
                0x00000000002114d0       0x1c obj_openmote-cc2538/memb.o
                0x00000000002114d0                memb_numfree
 .text.ringbuf_init
                0x00000000002114ec        0xe obj_openmote-cc2538/ringbuf.o
                0x00000000002114ec                ringbuf_init
 .text.ringbuf_put
                0x00000000002114fa       0x26 obj_openmote-cc2538/ringbuf.o
                0x00000000002114fa                ringbuf_put
 .text.ringbuf_get
                0x0000000000211520       0x20 obj_openmote-cc2538/ringbuf.o
                0x0000000000211520                ringbuf_get
 .text.uip_ds6_list_loop
                0x0000000000211540       0x48 obj_openmote-cc2538/uip-ds6.o
                0x0000000000211540                uip_ds6_list_loop
 .text.uip_ds6_maddr_rm
                0x0000000000211588        0x8 obj_openmote-cc2538/uip-ds6.o
                0x0000000000211588                uip_ds6_maddr_rm
 .text.uip_ds6_set_addr_iid
                0x0000000000211590       0x12 obj_openmote-cc2538/uip-ds6.o
                0x0000000000211590                uip_ds6_set_addr_iid
 .text.get_match_length
                0x00000000002115a2       0x36 obj_openmote-cc2538/uip-ds6.o
                0x00000000002115a2                get_match_length
 .text.uip_ds6_route_next
                0x00000000002115d8        0x8 obj_openmote-cc2538/uip-ds6-route.o
                0x00000000002115d8                uip_ds6_route_next
 .text.rm_routelist_callback
                0x00000000002115e0        0x4 obj_openmote-cc2538/uip-ds6-route.o
 .text.chksum   0x00000000002115e4       0x38 obj_openmote-cc2538/uip6.o
 .text.uip_icmp6chksum
                0x000000000021161c        0x6 obj_openmote-cc2538/uip6.o
                0x000000000021161c                uip_icmp6chksum
 .text.uip_tcpchksum
                0x0000000000211622        0x6 obj_openmote-cc2538/uip6.o
                0x0000000000211622                uip_tcpchksum
 .text.uip_udpchksum
                0x0000000000211628        0x6 obj_openmote-cc2538/uip6.o
                0x0000000000211628                uip_udpchksum
 .text.uip_htons
                0x000000000021162e        0x6 obj_openmote-cc2538/uip6.o
                0x000000000021162e                uip_htons
 .text.uip_ds6_nbr_ipaddr_from_lladdr
                0x0000000000211634        0x4 obj_openmote-cc2538/uip-ds6-nbr.o
                0x0000000000211634                uip_ds6_nbr_ipaddr_from_lladdr
 .text.uip_ds6_nbr_lladdr_from_ipaddr
                0x0000000000211638       0x12 obj_openmote-cc2538/uip-ds6-nbr.o
                0x0000000000211638                uip_ds6_nbr_lladdr_from_ipaddr
 .text.uip_ds6_nbr_refresh_reachable_state
                0x000000000021164a       0x22 obj_openmote-cc2538/uip-ds6-nbr.o
                0x000000000021164a                uip_ds6_nbr_refresh_reachable_state
 .text.uip_udp_packet_sendto
                0x000000000021166c       0x50 obj_openmote-cc2538/uip-udp-packet.o
                0x000000000021166c                uip_udp_packet_sendto
 .text.skip_name
                0x00000000002116bc       0x1a obj_openmote-cc2538/resolv.o
 .text.encode_name
                0x00000000002116d6       0x34 obj_openmote-cc2538/resolv.o
 .text.handle_unicast_dio_timer
                0x000000000021170a       0x1c obj_openmote-cc2538/rpl-timers.o
 .text.rpl_reset_dio_timer
                0x0000000000211726       0x1c obj_openmote-cc2538/rpl-timers.o
                0x0000000000211726                rpl_reset_dio_timer
 .text.rpl_schedule_dao
                0x0000000000211742        0x8 obj_openmote-cc2538/rpl-timers.o
                0x0000000000211742                rpl_schedule_dao
 .text.get_probing_delay
                0x000000000021174a       0x3a obj_openmote-cc2538/rpl-timers.o
                0x000000000021174a                get_probing_delay
 .text.handle_probing_timer
                0x0000000000211784       0x32 obj_openmote-cc2538/rpl-timers.o
 .text.rpl_remove_routes
                0x00000000002117b6       0x1e obj_openmote-cc2538/rpl.o
                0x00000000002117b6                rpl_remove_routes
 .text.rpl_remove_routes_by_nexthop
                0x00000000002117d4       0x30 obj_openmote-cc2538/rpl.o
                0x00000000002117d4                rpl_remove_routes_by_nexthop
 .text.rpl_add_route
                0x0000000000211804       0x36 obj_openmote-cc2538/rpl.o
                0x0000000000211804                rpl_add_route
 .text.reset    0x000000000021183a        0x2 obj_openmote-cc2538/rpl-mrhof.o
 .text.update_metric_container
                0x000000000021183c        0x6 obj_openmote-cc2538/rpl-mrhof.o
 .text.parent_link_metric
                0x0000000000211842       0x12 obj_openmote-cc2538/rpl-mrhof.o
 .text.parent_has_usable_link
                0x0000000000211854       0x12 obj_openmote-cc2538/rpl-mrhof.o
 .text.best_dag
                0x0000000000211866       0x2c obj_openmote-cc2538/rpl-mrhof.o
 .text.parent_path_cost
                0x0000000000211892       0x34 obj_openmote-cc2538/rpl-mrhof.o
 .text.parent_is_acceptable
                0x00000000002118c6       0x26 obj_openmote-cc2538/rpl-mrhof.o
 .text.rank_via_parent
                0x00000000002118ec       0x34 obj_openmote-cc2538/rpl-mrhof.o
 .text.best_parent
                0x0000000000211920       0x68 obj_openmote-cc2538/rpl-mrhof.o
 .text.get32    0x0000000000211988       0x18 obj_openmote-cc2538/rpl-icmp6.o
 .text.set32    0x00000000002119a0       0x12 obj_openmote-cc2538/rpl-icmp6.o
 .text.get16    0x00000000002119b2        0xc obj_openmote-cc2538/rpl-icmp6.o
 .text.set16    0x00000000002119be        0xa obj_openmote-cc2538/rpl-icmp6.o
 .text.rpl_icmp6_update_nbr_table
                0x00000000002119c8       0x2e obj_openmote-cc2538/rpl-icmp6.o
                0x00000000002119c8                rpl_icmp6_update_nbr_table
 .text.check_prefix
                0x00000000002119f6       0x58 obj_openmote-cc2538/rpl-dag.o
 .text.lollipop_greater_than
                0x0000000000211a4e       0x34 obj_openmote-cc2538/rpl-dag.o
 .text.rpl_rank_via_parent
                0x0000000000211a82       0x1a obj_openmote-cc2538/rpl-dag.o
                0x0000000000211a82                rpl_rank_via_parent
 .text.rpl_get_parent_ipaddr
                0x0000000000211a9c        0xe obj_openmote-cc2538/rpl-dag.o
                0x0000000000211a9c                rpl_get_parent_ipaddr
 .text.rpl_get_parent_link_stats
                0x0000000000211aaa        0xe obj_openmote-cc2538/rpl-dag.o
                0x0000000000211aaa                rpl_get_parent_link_stats
 .text.rpl_parent_is_fresh
                0x0000000000211ab8        0xe obj_openmote-cc2538/rpl-dag.o
                0x0000000000211ab8                rpl_parent_is_fresh
 .text.rpl_parent_is_reachable
                0x0000000000211ac6       0x4a obj_openmote-cc2538/rpl-dag.o
                0x0000000000211ac6                rpl_parent_is_reachable
 .text.rpl_set_prefix
                0x0000000000211b10       0x6c obj_openmote-cc2538/rpl-dag.o
                0x0000000000211b10                rpl_set_prefix
 .text.rpl_set_default_route
                0x0000000000211b7c       0x30 obj_openmote-cc2538/rpl-dag.o
                0x0000000000211b7c                rpl_set_default_route
 .text.rpl_find_parent
                0x0000000000211bac       0x16 obj_openmote-cc2538/rpl-dag.o
                0x0000000000211bac                rpl_find_parent
 .text.rpl_find_parent_any_dag
                0x0000000000211bc2       0x1e obj_openmote-cc2538/rpl-dag.o
                0x0000000000211bc2                rpl_find_parent_any_dag
 .text.rpl_select_parent
                0x0000000000211be0       0x4a obj_openmote-cc2538/rpl-dag.o
                0x0000000000211be0                rpl_select_parent
 .text.rpl_select_dag
                0x0000000000211c2a      0x158 obj_openmote-cc2538/rpl-dag.o
                0x0000000000211c2a                rpl_select_dag
 .text.rpl_nullify_parent
                0x0000000000211d82       0x54 obj_openmote-cc2538/rpl-dag.o
                0x0000000000211d82                rpl_nullify_parent
 .text.nbr_callback
                0x0000000000211dd6        0x4 obj_openmote-cc2538/rpl-dag.o
 .text.rpl_free_dag
                0x0000000000211dda       0x3a obj_openmote-cc2538/rpl-dag.o
                0x0000000000211dda                rpl_free_dag
 .text.rpl_move_parent
                0x0000000000211e14       0x58 obj_openmote-cc2538/rpl-dag.o
                0x0000000000211e14                rpl_move_parent
 .text.rpl_repair_root
                0x0000000000211e6c       0x48 obj_openmote-cc2538/rpl-dag.o
                0x0000000000211e6c                rpl_repair_root
 .text.rpl_alloc_dag
                0x0000000000211eb4       0x48 obj_openmote-cc2538/rpl-dag.o
                0x0000000000211eb4                rpl_alloc_dag
 .text.rpl_process_parent_event
                0x0000000000211efc       0x90 obj_openmote-cc2538/rpl-dag.o
                0x0000000000211efc                rpl_process_parent_event
 .text.rpl_add_dag
                0x0000000000211f8c      0x110 obj_openmote-cc2538/rpl-dag.o
                0x0000000000211f8c                rpl_add_dag
 .text.rpl_process_dio
                0x000000000021209c      0x31a obj_openmote-cc2538/rpl-dag.o
                0x000000000021209c                rpl_process_dio
 .text.svcall_handler
                0x00000000002123b6       0x1e obj_openmote-cc2538/mtarch.o
                0x00000000002123b6                svcall_handler
 .text.pendsv_handler
                0x00000000002123d4       0x18 obj_openmote-cc2538/mtarch.o
                0x00000000002123d4                pendsv_handler
 .text.queuebuf_update_attr_from_packetbuf
                0x00000000002123ec        0xc obj_openmote-cc2538/queuebuf.o
                0x00000000002123ec                queuebuf_update_attr_from_packetbuf
 .text.queuebuf_update_from_packetbuf
                0x00000000002123f8       0x1c obj_openmote-cc2538/queuebuf.o
                0x00000000002123f8                queuebuf_update_from_packetbuf
 .text.queuebuf_attr
                0x0000000000212414        0xc obj_openmote-cc2538/queuebuf.o
                0x0000000000212414                queuebuf_attr
 .text.item_from_index
                0x0000000000212420       0x14 obj_openmote-cc2538/nbr-table.o
 .text.index_from_item
                0x0000000000212434       0x16 obj_openmote-cc2538/nbr-table.o
 .text.nbr_set_bit
                0x000000000021244a       0x34 obj_openmote-cc2538/nbr-table.o
 .text.nbr_table_next
                0x000000000021247e       0x36 obj_openmote-cc2538/nbr-table.o
                0x000000000021247e                nbr_table_next
 .text.nbr_table_get_from_lladdr
                0x00000000002124b4       0x26 obj_openmote-cc2538/nbr-table.o
                0x00000000002124b4                nbr_table_get_from_lladdr
 .text.nbr_table_get_lladdr
                0x00000000002124da       0x10 obj_openmote-cc2538/nbr-table.o
                0x00000000002124da                nbr_table_get_lladdr
 .text.nbr_table_update_lladdr
                0x00000000002124ea       0x44 obj_openmote-cc2538/nbr-table.o
                0x00000000002124ea                nbr_table_update_lladdr
 .text.linkaddr_copy
                0x000000000021252e        0xa obj_openmote-cc2538/linkaddr.o
                0x000000000021252e                linkaddr_copy
 .text.linkaddr_cmp
                0x0000000000212538       0x10 obj_openmote-cc2538/linkaddr.o
                0x0000000000212538                linkaddr_cmp
 .text.link_stats_is_fresh
                0x0000000000212548       0x24 obj_openmote-cc2538/link-stats.o
                0x0000000000212548                link_stats_is_fresh
 .text.parse    0x000000000021256c       0x94 obj_openmote-cc2538/framer-802154.o
 .text.create   0x0000000000212600        0x6 obj_openmote-cc2538/framer-802154.o